command line args [--mode base] will not be used in RecBole
command line args [--mode base] will not be used in RecBole
/home/daryumin/iberdov/diplom/envs/mamba3/lib/python3.10/site-packages/recbole/data/dataset/dataset.py:648: FutureWarning: A value is trying to be set on a copy of a DataFrame or Series through chained assignment using an inplace method.
The behavior will change in pandas 3.0. This inplace method will never work because the intermediate object on which we are setting values always behaves as a copy.

For example, when doing 'df[col].method(value, inplace=True)', try using 'df.method({col: value}, inplace=True)' or df[col] = df[col].method(value) instead, to perform the operation inplace on the original object.


  feat[field].fillna(value=0, inplace=True)
/home/daryumin/iberdov/diplom/envs/mamba3/lib/python3.10/site-packages/recbole/data/dataset/dataset.py:650: FutureWarning: A value is trying to be set on a copy of a DataFrame or Series through chained assignment using an inplace method.
The behavior will change in pandas 3.0. This inplace method will never work because the intermediate object on which we are setting values always behaves as a copy.

For example, when doing 'df[col].method(value, inplace=True)', try using 'df.method({col: value}, inplace=True)' or df[col] = df[col].method(value) instead, to perform the operation inplace on the original object.


  feat[field].fillna(value=feat[field].mean(), inplace=True)
/home/daryumin/iberdov/diplom/envs/mamba3/lib/python3.10/site-packages/recbole/trainer/trainer.py:235: FutureWarning: `torch.cuda.amp.GradScaler(args...)` is deprecated. Please use `torch.amp.GradScaler('cuda', args...)` instead.
  scaler = amp.GradScaler(enabled=self.enable_scaler)
28 Sep 15:30    INFO  epoch 0 training [time: 135.01s, train loss: 3938.4815]
28 Sep 15:31    INFO  epoch 0 evaluating [time: 35.27s, valid_score: 0.042500]
28 Sep 15:31    INFO  valid result: 
hit@5 : 0.0486    hit@10 : 0.0768    hit@20 : 0.1168    hit@50 : 0.2087    ndcg@5 : 0.0335    ndcg@10 : 0.0425    ndcg@20 : 0.0526    ndcg@50 : 0.0706    recall@5 : 0.0486    recall@10 : 0.0768    recall@20 : 0.1168    recall@50 : 0.2087
/home/daryumin/iberdov/diplom/envs/mamba3/lib/python3.10/site-packages/recbole/trainer/trainer.py:235: FutureWarning: `torch.cuda.amp.GradScaler(args...)` is deprecated. Please use `torch.amp.GradScaler('cuda', args...)` instead.
  scaler = amp.GradScaler(enabled=self.enable_scaler)
28 Sep 15:31    INFO  epoch 1 training [time: 20.37s, train loss: 3522.5721]
28 Sep 15:31    INFO  epoch 1 evaluating [time: 0.45s, valid_score: 0.047500]
28 Sep 15:31    INFO  valid result: 
hit@5 : 0.0534    hit@10 : 0.0859    hit@20 : 0.14    hit@50 : 0.2506    ndcg@5 : 0.037    ndcg@10 : 0.0475    ndcg@20 : 0.0611    ndcg@50 : 0.0829    recall@5 : 0.0534    recall@10 : 0.0859    recall@20 : 0.14    recall@50 : 0.2506
28 Sep 15:31    INFO  epoch 2 training [time: 20.33s, train loss: 3415.1707]
28 Sep 15:31    INFO  epoch 2 evaluating [time: 0.45s, valid_score: 0.051900]
28 Sep 15:31    INFO  valid result: 
hit@5 : 0.0589    hit@10 : 0.0934    hit@20 : 0.1496    hit@50 : 0.2658    ndcg@5 : 0.0408    ndcg@10 : 0.0519    ndcg@20 : 0.066    ndcg@50 : 0.0889    recall@5 : 0.0589    recall@10 : 0.0934    recall@20 : 0.1496    recall@50 : 0.2658
28 Sep 15:32    INFO  epoch 3 training [time: 20.30s, train loss: 3358.4057]
28 Sep 15:32    INFO  epoch 3 evaluating [time: 0.46s, valid_score: 0.055200]
28 Sep 15:32    INFO  valid result: 
hit@5 : 0.0621    hit@10 : 0.1001    hit@20 : 0.1598    hit@50 : 0.281    ndcg@5 : 0.0431    ndcg@10 : 0.0552    ndcg@20 : 0.0702    ndcg@50 : 0.0941    recall@5 : 0.0621    recall@10 : 0.1001    recall@20 : 0.1598    recall@50 : 0.281
28 Sep 15:32    INFO  epoch 4 training [time: 20.33s, train loss: 3318.7470]
28 Sep 15:32    INFO  epoch 4 evaluating [time: 0.46s, valid_score: 0.056100]
28 Sep 15:32    INFO  valid result: 
hit@5 : 0.0632    hit@10 : 0.1005    hit@20 : 0.1618    hit@50 : 0.2901    ndcg@5 : 0.0441    ndcg@10 : 0.0561    ndcg@20 : 0.0715    ndcg@50 : 0.0968    recall@5 : 0.0632    recall@10 : 0.1005    recall@20 : 0.1618    recall@50 : 0.2901
28 Sep 15:32    INFO  epoch 5 training [time: 20.32s, train loss: 3293.0553]
28 Sep 15:32    INFO  epoch 5 evaluating [time: 0.44s, valid_score: 0.056900]
28 Sep 15:32    INFO  valid result: 
hit@5 : 0.0645    hit@10 : 0.1028    hit@20 : 0.1684    hit@50 : 0.2945    ndcg@5 : 0.0446    ndcg@10 : 0.0569    ndcg@20 : 0.0733    ndcg@50 : 0.0981    recall@5 : 0.0645    recall@10 : 0.1028    recall@20 : 0.1684    recall@50 : 0.2945
28 Sep 15:33    INFO  epoch 6 training [time: 20.34s, train loss: 3274.1933]
28 Sep 15:33    INFO  epoch 6 evaluating [time: 0.45s, valid_score: 0.057700]
28 Sep 15:33    INFO  valid result: 
hit@5 : 0.065    hit@10 : 0.1053    hit@20 : 0.168    hit@50 : 0.3005    ndcg@5 : 0.0448    ndcg@10 : 0.0577    ndcg@20 : 0.0735    ndcg@50 : 0.0996    recall@5 : 0.065    recall@10 : 0.1053    recall@20 : 0.168    recall@50 : 0.3005
28 Sep 15:33    INFO  epoch 7 training [time: 20.26s, train loss: 3259.1083]
28 Sep 15:33    INFO  epoch 7 evaluating [time: 0.46s, valid_score: 0.058000]
28 Sep 15:33    INFO  valid result: 
hit@5 : 0.0665    hit@10 : 0.1053    hit@20 : 0.1698    hit@50 : 0.3034    ndcg@5 : 0.0456    ndcg@10 : 0.058    ndcg@20 : 0.0742    ndcg@50 : 0.1005    recall@5 : 0.0665    recall@10 : 0.1053    recall@20 : 0.1698    recall@50 : 0.3034
28 Sep 15:33    INFO  epoch 8 training [time: 20.24s, train loss: 3246.4984]
28 Sep 15:33    INFO  epoch 8 evaluating [time: 0.45s, valid_score: 0.057500]
28 Sep 15:33    INFO  valid result: 
hit@5 : 0.0645    hit@10 : 0.1041    hit@20 : 0.1693    hit@50 : 0.3065    ndcg@5 : 0.0448    ndcg@10 : 0.0575    ndcg@20 : 0.0738    ndcg@50 : 0.1009    recall@5 : 0.0645    recall@10 : 0.1041    recall@20 : 0.1693    recall@50 : 0.3065
28 Sep 15:34    INFO  epoch 9 training [time: 20.22s, train loss: 3236.6392]
28 Sep 15:34    INFO  epoch 9 evaluating [time: 0.45s, valid_score: 0.057700]
28 Sep 15:34    INFO  valid result: 
hit@5 : 0.0643    hit@10 : 0.1053    hit@20 : 0.1716    hit@50 : 0.3099    ndcg@5 : 0.0446    ndcg@10 : 0.0577    ndcg@20 : 0.0743    ndcg@50 : 0.1016    recall@5 : 0.0643    recall@10 : 0.1053    recall@20 : 0.1716    recall@50 : 0.3099
28 Sep 15:34    INFO  epoch 10 training [time: 20.22s, train loss: 3227.9530]
28 Sep 15:34    INFO  epoch 10 evaluating [time: 0.44s, valid_score: 0.057000]
28 Sep 15:34    INFO  valid result: 
hit@5 : 0.0635    hit@10 : 0.1038    hit@20 : 0.1725    hit@50 : 0.3083    ndcg@5 : 0.0441    ndcg@10 : 0.057    ndcg@20 : 0.0743    ndcg@50 : 0.101    recall@5 : 0.0635    recall@10 : 0.1038    recall@20 : 0.1725    recall@50 : 0.3083
28 Sep 15:34    INFO  epoch 11 training [time: 20.23s, train loss: 3221.3235]
28 Sep 15:34    INFO  epoch 11 evaluating [time: 0.45s, valid_score: 0.059000]
28 Sep 15:34    INFO  valid result: 
hit@5 : 0.0658    hit@10 : 0.1074    hit@20 : 0.1744    hit@50 : 0.3116    ndcg@5 : 0.0456    ndcg@10 : 0.059    ndcg@20 : 0.0758    ndcg@50 : 0.1028    recall@5 : 0.0658    recall@10 : 0.1074    recall@20 : 0.1744    recall@50 : 0.3116
28 Sep 15:35    INFO  epoch 12 training [time: 20.22s, train loss: 3215.2176]
28 Sep 15:35    INFO  epoch 12 evaluating [time: 0.44s, valid_score: 0.058400]
28 Sep 15:35    INFO  valid result: 
hit@5 : 0.0653    hit@10 : 0.1072    hit@20 : 0.1732    hit@50 : 0.3087    ndcg@5 : 0.045    ndcg@10 : 0.0584    ndcg@20 : 0.0749    ndcg@50 : 0.1016    recall@5 : 0.0653    recall@10 : 0.1072    recall@20 : 0.1732    recall@50 : 0.3087
28 Sep 15:35    INFO  epoch 13 training [time: 20.22s, train loss: 3209.2781]
28 Sep 15:35    INFO  epoch 13 evaluating [time: 0.44s, valid_score: 0.058100]
28 Sep 15:35    INFO  valid result: 
hit@5 : 0.0653    hit@10 : 0.1061    hit@20 : 0.1727    hit@50 : 0.3121    ndcg@5 : 0.045    ndcg@10 : 0.0581    ndcg@20 : 0.0748    ndcg@50 : 0.1023    recall@5 : 0.0653    recall@10 : 0.1061    recall@20 : 0.1727    recall@50 : 0.3121
28 Sep 15:36    INFO  epoch 14 training [time: 20.22s, train loss: 3204.4464]
28 Sep 15:36    INFO  epoch 14 evaluating [time: 0.44s, valid_score: 0.057700]
28 Sep 15:36    INFO  valid result: 
hit@5 : 0.0638    hit@10 : 0.1054    hit@20 : 0.1735    hit@50 : 0.3115    ndcg@5 : 0.0444    ndcg@10 : 0.0577    ndcg@20 : 0.0747    ndcg@50 : 0.102    recall@5 : 0.0638    recall@10 : 0.1054    recall@20 : 0.1735    recall@50 : 0.3115
28 Sep 15:36    INFO  epoch 15 training [time: 20.23s, train loss: 3199.9255]
28 Sep 15:36    INFO  epoch 15 evaluating [time: 0.44s, valid_score: 0.058200]
28 Sep 15:36    INFO  valid result: 
hit@5 : 0.0663    hit@10 : 0.1063    hit@20 : 0.175    hit@50 : 0.3127    ndcg@5 : 0.0454    ndcg@10 : 0.0582    ndcg@20 : 0.0754    ndcg@50 : 0.1026    recall@5 : 0.0663    recall@10 : 0.1063    recall@20 : 0.175    recall@50 : 0.3127
28 Sep 15:36    INFO  epoch 16 training [time: 20.25s, train loss: 3195.8565]
28 Sep 15:36    INFO  epoch 16 evaluating [time: 0.46s, valid_score: 0.058000]
28 Sep 15:36    INFO  valid result: 
hit@5 : 0.0637    hit@10 : 0.106    hit@20 : 0.1752    hit@50 : 0.3165    ndcg@5 : 0.0445    ndcg@10 : 0.058    ndcg@20 : 0.0754    ndcg@50 : 0.1032    recall@5 : 0.0637    recall@10 : 0.106    recall@20 : 0.1752    recall@50 : 0.3165
28 Sep 15:37    INFO  epoch 17 training [time: 20.25s, train loss: 3191.6187]
28 Sep 15:37    INFO  epoch 17 evaluating [time: 0.46s, valid_score: 0.057300]
28 Sep 15:37    INFO  valid result: 
hit@5 : 0.0636    hit@10 : 0.1067    hit@20 : 0.1753    hit@50 : 0.3147    ndcg@5 : 0.0435    ndcg@10 : 0.0573    ndcg@20 : 0.0745    ndcg@50 : 0.102    recall@5 : 0.0636    recall@10 : 0.1067    recall@20 : 0.1753    recall@50 : 0.3147
28 Sep 15:37    INFO  epoch 18 training [time: 20.22s, train loss: 3188.0927]
28 Sep 15:37    INFO  epoch 18 evaluating [time: 0.45s, valid_score: 0.057100]
28 Sep 15:37    INFO  valid result: 
hit@5 : 0.0648    hit@10 : 0.1043    hit@20 : 0.175    hit@50 : 0.3154    ndcg@5 : 0.0444    ndcg@10 : 0.0571    ndcg@20 : 0.0748    ndcg@50 : 0.1025    recall@5 : 0.0648    recall@10 : 0.1043    recall@20 : 0.175    recall@50 : 0.3154
28 Sep 15:37    INFO  epoch 19 training [time: 20.22s, train loss: 3184.6636]
28 Sep 15:37    INFO  epoch 19 evaluating [time: 0.45s, valid_score: 0.057400]
28 Sep 15:37    INFO  valid result: 
hit@5 : 0.0631    hit@10 : 0.1055    hit@20 : 0.1777    hit@50 : 0.316    ndcg@5 : 0.0438    ndcg@10 : 0.0574    ndcg@20 : 0.0756    ndcg@50 : 0.1028    recall@5 : 0.0631    recall@10 : 0.1055    recall@20 : 0.1777    recall@50 : 0.316
28 Sep 15:38    INFO  epoch 20 training [time: 20.22s, train loss: 3182.0277]
28 Sep 15:38    INFO  epoch 20 evaluating [time: 0.46s, valid_score: 0.057800]
28 Sep 15:38    INFO  valid result: 
hit@5 : 0.0646    hit@10 : 0.1068    hit@20 : 0.1746    hit@50 : 0.3182    ndcg@5 : 0.0443    ndcg@10 : 0.0578    ndcg@20 : 0.0748    ndcg@50 : 0.1031    recall@5 : 0.0646    recall@10 : 0.1068    recall@20 : 0.1746    recall@50 : 0.3182
28 Sep 15:38    INFO  epoch 21 training [time: 20.21s, train loss: 3179.4096]
28 Sep 15:38    INFO  epoch 21 evaluating [time: 0.46s, valid_score: 0.057700]
28 Sep 15:38    INFO  valid result: 
hit@5 : 0.065    hit@10 : 0.1054    hit@20 : 0.1746    hit@50 : 0.3163    ndcg@5 : 0.0448    ndcg@10 : 0.0577    ndcg@20 : 0.075    ndcg@50 : 0.103    recall@5 : 0.065    recall@10 : 0.1054    recall@20 : 0.1746    recall@50 : 0.3163
28 Sep 15:38    INFO  epoch 22 training [time: 20.22s, train loss: 3176.8596]
28 Sep 15:38    INFO  epoch 22 evaluating [time: 0.46s, valid_score: 0.058200]
28 Sep 15:38    INFO  valid result: 
hit@5 : 0.0647    hit@10 : 0.1064    hit@20 : 0.1758    hit@50 : 0.3201    ndcg@5 : 0.0449    ndcg@10 : 0.0582    ndcg@20 : 0.0757    ndcg@50 : 0.1042    recall@5 : 0.0647    recall@10 : 0.1064    recall@20 : 0.1758    recall@50 : 0.3201
28 Sep 15:38    INFO  Finished training, best eval result in epoch 11
