Thu 01 Oct 2026 21:23:38 INFO  epoch 0 training [time: 31.02s, train loss: 3903.3344]
Thu 01 Oct 2026 21:23:39 INFO  epoch 0 evaluating [time: 0.86s, valid_score: 0.042900]
Thu 01 Oct 2026 21:23:39 INFO  valid result: 
hit@5 : 0.0471    hit@10 : 0.0769    hit@20 : 0.121    hit@50 : 0.2194    ndcg@5 : 0.0333    ndcg@10 : 0.0429    ndcg@20 : 0.0539    ndcg@50 : 0.0733    recall@5 : 0.0471    recall@10 : 0.0769    recall@20 : 0.121    recall@50 : 0.2194
Thu 01 Oct 2026 21:24:01 INFO  epoch 1 training [time: 21.40s, train loss: 3498.4330]
Thu 01 Oct 2026 21:24:01 INFO  epoch 1 evaluating [time: 0.47s, valid_score: 0.050000]
Thu 01 Oct 2026 21:24:01 INFO  valid result: 
hit@5 : 0.057    hit@10 : 0.0901    hit@20 : 0.1422    hit@50 : 0.2551    ndcg@5 : 0.0394    ndcg@10 : 0.05    ndcg@20 : 0.0631    ndcg@50 : 0.0854    recall@5 : 0.057    recall@10 : 0.0901    recall@20 : 0.1422    recall@50 : 0.2551
Thu 01 Oct 2026 21:24:23 INFO  epoch 2 training [time: 21.40s, train loss: 3393.2428]
Thu 01 Oct 2026 21:24:23 INFO  epoch 2 evaluating [time: 0.47s, valid_score: 0.054600]
Thu 01 Oct 2026 21:24:23 INFO  valid result: 
hit@5 : 0.0628    hit@10 : 0.0992    hit@20 : 0.1573    hit@50 : 0.2771    ndcg@5 : 0.043    ndcg@10 : 0.0546    ndcg@20 : 0.0692    ndcg@50 : 0.0928    recall@5 : 0.0628    recall@10 : 0.0992    recall@20 : 0.1573    recall@50 : 0.2771
Thu 01 Oct 2026 21:24:45 INFO  epoch 3 training [time: 21.40s, train loss: 3339.2900]
Thu 01 Oct 2026 21:24:45 INFO  epoch 3 evaluating [time: 0.45s, valid_score: 0.057500]
Thu 01 Oct 2026 21:24:45 INFO  valid result: 
hit@5 : 0.0659    hit@10 : 0.1043    hit@20 : 0.165    hit@50 : 0.2908    ndcg@5 : 0.0452    ndcg@10 : 0.0575    ndcg@20 : 0.0727    ndcg@50 : 0.0975    recall@5 : 0.0659    recall@10 : 0.1043    recall@20 : 0.165    recall@50 : 0.2908
Thu 01 Oct 2026 21:25:07 INFO  epoch 4 training [time: 21.39s, train loss: 3301.8251]
Thu 01 Oct 2026 21:25:07 INFO  epoch 4 evaluating [time: 0.48s, valid_score: 0.057800]
Thu 01 Oct 2026 21:25:07 INFO  valid result: 
hit@5 : 0.0652    hit@10 : 0.1057    hit@20 : 0.1707    hit@50 : 0.3052    ndcg@5 : 0.0448    ndcg@10 : 0.0578    ndcg@20 : 0.0741    ndcg@50 : 0.1006    recall@5 : 0.0652    recall@10 : 0.1057    recall@20 : 0.1707    recall@50 : 0.3052
Thu 01 Oct 2026 21:25:28 INFO  epoch 5 training [time: 21.39s, train loss: 3275.6010]
Thu 01 Oct 2026 21:25:29 INFO  epoch 5 evaluating [time: 0.45s, valid_score: 0.057300]
Thu 01 Oct 2026 21:25:29 INFO  valid result: 
hit@5 : 0.0635    hit@10 : 0.1055    hit@20 : 0.1708    hit@50 : 0.306    ndcg@5 : 0.0439    ndcg@10 : 0.0573    ndcg@20 : 0.0737    ndcg@50 : 0.1003    recall@5 : 0.0635    recall@10 : 0.1055    recall@20 : 0.1708    recall@50 : 0.306
Thu 01 Oct 2026 21:25:50 INFO  epoch 6 training [time: 21.40s, train loss: 3257.0033]
Thu 01 Oct 2026 21:25:51 INFO  epoch 6 evaluating [time: 0.45s, valid_score: 0.059100]
Thu 01 Oct 2026 21:25:51 INFO  valid result: 
hit@5 : 0.0652    hit@10 : 0.1071    hit@20 : 0.1729    hit@50 : 0.309    ndcg@5 : 0.0457    ndcg@10 : 0.0591    ndcg@20 : 0.0756    ndcg@50 : 0.1025    recall@5 : 0.0652    recall@10 : 0.1071    recall@20 : 0.1729    recall@50 : 0.309
Thu 01 Oct 2026 21:26:12 INFO  epoch 7 training [time: 21.39s, train loss: 3241.6287]
Thu 01 Oct 2026 21:26:13 INFO  epoch 7 evaluating [time: 0.47s, valid_score: 0.058000]
Thu 01 Oct 2026 21:26:13 INFO  valid result: 
hit@5 : 0.0644    hit@10 : 0.1058    hit@20 : 0.1731    hit@50 : 0.3125    ndcg@5 : 0.0447    ndcg@10 : 0.058    ndcg@20 : 0.0749    ndcg@50 : 0.1024    recall@5 : 0.0644    recall@10 : 0.1058    recall@20 : 0.1731    recall@50 : 0.3125
Thu 01 Oct 2026 21:26:34 INFO  epoch 8 training [time: 21.39s, train loss: 3230.0259]
Thu 01 Oct 2026 21:26:34 INFO  epoch 8 evaluating [time: 0.46s, valid_score: 0.059700]
Thu 01 Oct 2026 21:26:34 INFO  valid result: 
hit@5 : 0.0663    hit@10 : 0.1099    hit@20 : 0.1764    hit@50 : 0.3176    ndcg@5 : 0.0458    ndcg@10 : 0.0597    ndcg@20 : 0.0764    ndcg@50 : 0.1042    recall@5 : 0.0663    recall@10 : 0.1099    recall@20 : 0.1764    recall@50 : 0.3176
Thu 01 Oct 2026 21:26:56 INFO  epoch 9 training [time: 21.39s, train loss: 3220.2973]
Thu 01 Oct 2026 21:26:57 INFO  epoch 9 evaluating [time: 0.61s, valid_score: 0.060200]
Thu 01 Oct 2026 21:26:57 INFO  valid result: 
hit@5 : 0.0681    hit@10 : 0.1122    hit@20 : 0.1804    hit@50 : 0.3183    ndcg@5 : 0.046    ndcg@10 : 0.0602    ndcg@20 : 0.0773    ndcg@50 : 0.1044    recall@5 : 0.0681    recall@10 : 0.1122    recall@20 : 0.1804    recall@50 : 0.3183
Thu 01 Oct 2026 21:27:18 INFO  epoch 10 training [time: 21.40s, train loss: 3212.9497]
Thu 01 Oct 2026 21:27:19 INFO  epoch 10 evaluating [time: 0.46s, valid_score: 0.060000]
Thu 01 Oct 2026 21:27:19 INFO  valid result: 
hit@5 : 0.0667    hit@10 : 0.1111    hit@20 : 0.1791    hit@50 : 0.3184    ndcg@5 : 0.0459    ndcg@10 : 0.06    ndcg@20 : 0.0771    ndcg@50 : 0.1045    recall@5 : 0.0667    recall@10 : 0.1111    recall@20 : 0.1791    recall@50 : 0.3184
Thu 01 Oct 2026 21:27:40 INFO  epoch 11 training [time: 21.40s, train loss: 3205.2152]
Thu 01 Oct 2026 21:27:40 INFO  epoch 11 evaluating [time: 0.46s, valid_score: 0.059900]
Thu 01 Oct 2026 21:27:40 INFO  valid result: 
hit@5 : 0.0671    hit@10 : 0.1118    hit@20 : 0.1794    hit@50 : 0.3209    ndcg@5 : 0.0456    ndcg@10 : 0.0599    ndcg@20 : 0.0768    ndcg@50 : 0.1047    recall@5 : 0.0671    recall@10 : 0.1118    recall@20 : 0.1794    recall@50 : 0.3209
Thu 01 Oct 2026 21:28:02 INFO  epoch 12 training [time: 21.40s, train loss: 3199.7887]
Thu 01 Oct 2026 21:28:02 INFO  epoch 12 evaluating [time: 0.47s, valid_score: 0.059800]
Thu 01 Oct 2026 21:28:02 INFO  valid result: 
hit@5 : 0.0671    hit@10 : 0.1111    hit@20 : 0.1798    hit@50 : 0.3254    ndcg@5 : 0.0456    ndcg@10 : 0.0598    ndcg@20 : 0.077    ndcg@50 : 0.1057    recall@5 : 0.0671    recall@10 : 0.1111    recall@20 : 0.1798    recall@50 : 0.3254
Thu 01 Oct 2026 21:28:24 INFO  epoch 13 training [time: 21.41s, train loss: 3194.9163]
Thu 01 Oct 2026 21:28:24 INFO  epoch 13 evaluating [time: 0.47s, valid_score: 0.059200]
Thu 01 Oct 2026 21:28:24 INFO  valid result: 
hit@5 : 0.0656    hit@10 : 0.109    hit@20 : 0.1798    hit@50 : 0.3242    ndcg@5 : 0.0453    ndcg@10 : 0.0592    ndcg@20 : 0.0769    ndcg@50 : 0.1054    recall@5 : 0.0656    recall@10 : 0.109    recall@20 : 0.1798    recall@50 : 0.3242
Thu 01 Oct 2026 21:28:46 INFO  epoch 14 training [time: 21.39s, train loss: 3189.4430]
Thu 01 Oct 2026 21:28:46 INFO  epoch 14 evaluating [time: 0.49s, valid_score: 0.060400]
Thu 01 Oct 2026 21:28:46 INFO  valid result: 
hit@5 : 0.0665    hit@10 : 0.1125    hit@20 : 0.1805    hit@50 : 0.324    ndcg@5 : 0.0457    ndcg@10 : 0.0604    ndcg@20 : 0.0775    ndcg@50 : 0.1057    recall@5 : 0.0665    recall@10 : 0.1125    recall@20 : 0.1805    recall@50 : 0.324
Thu 01 Oct 2026 21:29:07 INFO  epoch 15 training [time: 21.39s, train loss: 3184.8272]
Thu 01 Oct 2026 21:29:08 INFO  epoch 15 evaluating [time: 0.47s, valid_score: 0.060700]
Thu 01 Oct 2026 21:29:08 INFO  valid result: 
hit@5 : 0.0677    hit@10 : 0.112    hit@20 : 0.1817    hit@50 : 0.3266    ndcg@5 : 0.0466    ndcg@10 : 0.0607    ndcg@20 : 0.0782    ndcg@50 : 0.1068    recall@5 : 0.0677    recall@10 : 0.112    recall@20 : 0.1817    recall@50 : 0.3266
Thu 01 Oct 2026 21:29:30 INFO  epoch 16 training [time: 21.39s, train loss: 3180.3980]
Thu 01 Oct 2026 21:29:31 INFO  epoch 16 evaluating [time: 0.47s, valid_score: 0.060800]
Thu 01 Oct 2026 21:29:31 INFO  valid result: 
hit@5 : 0.0689    hit@10 : 0.1127    hit@20 : 0.1847    hit@50 : 0.328    ndcg@5 : 0.0468    ndcg@10 : 0.0608    ndcg@20 : 0.0788    ndcg@50 : 0.1071    recall@5 : 0.0689    recall@10 : 0.1127    recall@20 : 0.1847    recall@50 : 0.328
Thu 01 Oct 2026 21:29:52 INFO  epoch 17 training [time: 21.40s, train loss: 3176.7933]
Thu 01 Oct 2026 21:29:53 INFO  epoch 17 evaluating [time: 0.47s, valid_score: 0.060500]
Thu 01 Oct 2026 21:29:53 INFO  valid result: 
hit@5 : 0.0672    hit@10 : 0.1127    hit@20 : 0.1848    hit@50 : 0.3283    ndcg@5 : 0.0459    ndcg@10 : 0.0605    ndcg@20 : 0.0785    ndcg@50 : 0.1068    recall@5 : 0.0672    recall@10 : 0.1127    recall@20 : 0.1848    recall@50 : 0.3283
Thu 01 Oct 2026 21:30:14 INFO  epoch 18 training [time: 21.40s, train loss: 3173.3128]
Thu 01 Oct 2026 21:30:15 INFO  epoch 18 evaluating [time: 0.47s, valid_score: 0.060400]
Thu 01 Oct 2026 21:30:15 INFO  valid result: 
hit@5 : 0.0681    hit@10 : 0.1131    hit@20 : 0.1844    hit@50 : 0.3304    ndcg@5 : 0.046    ndcg@10 : 0.0604    ndcg@20 : 0.0783    ndcg@50 : 0.1071    recall@5 : 0.0681    recall@10 : 0.1131    recall@20 : 0.1844    recall@50 : 0.3304
Thu 01 Oct 2026 21:30:36 INFO  epoch 19 training [time: 21.40s, train loss: 3169.6365]
Thu 01 Oct 2026 21:30:36 INFO  epoch 19 evaluating [time: 0.48s, valid_score: 0.060500]
Thu 01 Oct 2026 21:30:36 INFO  valid result: 
hit@5 : 0.0674    hit@10 : 0.112    hit@20 : 0.1845    hit@50 : 0.3303    ndcg@5 : 0.0462    ndcg@10 : 0.0605    ndcg@20 : 0.0787    ndcg@50 : 0.1074    recall@5 : 0.0674    recall@10 : 0.112    recall@20 : 0.1845    recall@50 : 0.3303
Thu 01 Oct 2026 21:30:58 INFO  epoch 20 training [time: 21.40s, train loss: 3167.1302]
Thu 01 Oct 2026 21:30:58 INFO  epoch 20 evaluating [time: 0.47s, valid_score: 0.061100]
Thu 01 Oct 2026 21:30:58 INFO  valid result: 
hit@5 : 0.0694    hit@10 : 0.1131    hit@20 : 0.1855    hit@50 : 0.3315    ndcg@5 : 0.0471    ndcg@10 : 0.0611    ndcg@20 : 0.0792    ndcg@50 : 0.108    recall@5 : 0.0694    recall@10 : 0.1131    recall@20 : 0.1855    recall@50 : 0.3315
Thu 01 Oct 2026 21:31:21 INFO  epoch 21 training [time: 21.39s, train loss: 3164.2091]
Thu 01 Oct 2026 21:31:22 INFO  epoch 21 evaluating [time: 1.00s, valid_score: 0.061800]
Thu 01 Oct 2026 21:31:22 INFO  valid result: 
hit@5 : 0.07    hit@10 : 0.1148    hit@20 : 0.1822    hit@50 : 0.3297    ndcg@5 : 0.0475    ndcg@10 : 0.0618    ndcg@20 : 0.0787    ndcg@50 : 0.1078    recall@5 : 0.07    recall@10 : 0.1148    recall@20 : 0.1822    recall@50 : 0.3297
Thu 01 Oct 2026 21:31:43 INFO  epoch 22 training [time: 21.40s, train loss: 3161.4361]
Thu 01 Oct 2026 21:31:44 INFO  epoch 22 evaluating [time: 0.48s, valid_score: 0.061400]
Thu 01 Oct 2026 21:31:44 INFO  valid result: 
hit@5 : 0.0683    hit@10 : 0.1141    hit@20 : 0.1867    hit@50 : 0.3301    ndcg@5 : 0.0467    ndcg@10 : 0.0614    ndcg@20 : 0.0795    ndcg@50 : 0.1078    recall@5 : 0.0683    recall@10 : 0.1141    recall@20 : 0.1867    recall@50 : 0.3301
Thu 01 Oct 2026 21:32:05 INFO  epoch 23 training [time: 21.39s, train loss: 3159.2987]
Thu 01 Oct 2026 21:32:05 INFO  epoch 23 evaluating [time: 0.47s, valid_score: 0.061500]
Thu 01 Oct 2026 21:32:05 INFO  valid result: 
hit@5 : 0.0678    hit@10 : 0.1146    hit@20 : 0.1866    hit@50 : 0.3341    ndcg@5 : 0.0464    ndcg@10 : 0.0615    ndcg@20 : 0.0795    ndcg@50 : 0.1086    recall@5 : 0.0678    recall@10 : 0.1146    recall@20 : 0.1866    recall@50 : 0.3341
Thu 01 Oct 2026 21:32:27 INFO  epoch 24 training [time: 21.41s, train loss: 3156.6194]
Thu 01 Oct 2026 21:32:27 INFO  epoch 24 evaluating [time: 0.47s, valid_score: 0.061500]
Thu 01 Oct 2026 21:32:27 INFO  valid result: 
hit@5 : 0.0678    hit@10 : 0.1145    hit@20 : 0.1869    hit@50 : 0.3342    ndcg@5 : 0.0465    ndcg@10 : 0.0615    ndcg@20 : 0.0797    ndcg@50 : 0.1088    recall@5 : 0.0678    recall@10 : 0.1145    recall@20 : 0.1869    recall@50 : 0.3342
Thu 01 Oct 2026 21:32:49 INFO  epoch 25 training [time: 21.42s, train loss: 3154.5071]
Thu 01 Oct 2026 21:32:49 INFO  epoch 25 evaluating [time: 0.48s, valid_score: 0.060200]
Thu 01 Oct 2026 21:32:49 INFO  valid result: 
hit@5 : 0.0681    hit@10 : 0.1109    hit@20 : 0.1851    hit@50 : 0.3332    ndcg@5 : 0.0465    ndcg@10 : 0.0602    ndcg@20 : 0.0789    ndcg@50 : 0.1081    recall@5 : 0.0681    recall@10 : 0.1109    recall@20 : 0.1851    recall@50 : 0.3332
Thu 01 Oct 2026 21:33:11 INFO  epoch 26 training [time: 21.39s, train loss: 3152.7594]
Thu 01 Oct 2026 21:33:11 INFO  epoch 26 evaluating [time: 0.48s, valid_score: 0.061100]
Thu 01 Oct 2026 21:33:11 INFO  valid result: 
hit@5 : 0.0679    hit@10 : 0.1141    hit@20 : 0.1839    hit@50 : 0.3327    ndcg@5 : 0.0463    ndcg@10 : 0.0611    ndcg@20 : 0.0785    ndcg@50 : 0.1079    recall@5 : 0.0679    recall@10 : 0.1141    recall@20 : 0.1839    recall@50 : 0.3327
Thu 01 Oct 2026 21:33:32 INFO  epoch 27 training [time: 21.39s, train loss: 3150.8064]
Thu 01 Oct 2026 21:33:33 INFO  epoch 27 evaluating [time: 0.48s, valid_score: 0.061500]
Thu 01 Oct 2026 21:33:33 INFO  valid result: 
hit@5 : 0.0699    hit@10 : 0.1148    hit@20 : 0.1878    hit@50 : 0.3317    ndcg@5 : 0.0472    ndcg@10 : 0.0615    ndcg@20 : 0.0799    ndcg@50 : 0.1082    recall@5 : 0.0699    recall@10 : 0.1148    recall@20 : 0.1878    recall@50 : 0.3317
Thu 01 Oct 2026 21:33:54 INFO  epoch 28 training [time: 21.39s, train loss: 3148.9251]
Thu 01 Oct 2026 21:33:55 INFO  epoch 28 evaluating [time: 0.48s, valid_score: 0.061300]
Thu 01 Oct 2026 21:33:55 INFO  valid result: 
hit@5 : 0.0685    hit@10 : 0.1141    hit@20 : 0.1873    hit@50 : 0.334    ndcg@5 : 0.0468    ndcg@10 : 0.0613    ndcg@20 : 0.0796    ndcg@50 : 0.1085    recall@5 : 0.0685    recall@10 : 0.1141    recall@20 : 0.1873    recall@50 : 0.334
Thu 01 Oct 2026 21:34:16 INFO  epoch 29 training [time: 21.41s, train loss: 3147.1117]
Thu 01 Oct 2026 21:34:17 INFO  epoch 29 evaluating [time: 0.49s, valid_score: 0.062800]
Thu 01 Oct 2026 21:34:17 INFO  valid result: 
hit@5 : 0.0699    hit@10 : 0.1168    hit@20 : 0.1899    hit@50 : 0.3369    ndcg@5 : 0.0478    ndcg@10 : 0.0628    ndcg@20 : 0.0812    ndcg@50 : 0.1102    recall@5 : 0.0699    recall@10 : 0.1168    recall@20 : 0.1899    recall@50 : 0.3369
Thu 01 Oct 2026 21:34:38 INFO  epoch 30 training [time: 21.40s, train loss: 3145.7097]
Thu 01 Oct 2026 21:34:39 INFO  epoch 30 evaluating [time: 0.49s, valid_score: 0.062100]
Thu 01 Oct 2026 21:34:39 INFO  valid result: 
hit@5 : 0.0696    hit@10 : 0.1154    hit@20 : 0.188    hit@50 : 0.3352    ndcg@5 : 0.0475    ndcg@10 : 0.0621    ndcg@20 : 0.0803    ndcg@50 : 0.1093    recall@5 : 0.0696    recall@10 : 0.1154    recall@20 : 0.188    recall@50 : 0.3352
Thu 01 Oct 2026 21:35:00 INFO  epoch 31 training [time: 21.40s, train loss: 3143.8140]
Thu 01 Oct 2026 21:35:01 INFO  epoch 31 evaluating [time: 0.49s, valid_score: 0.061500]
Thu 01 Oct 2026 21:35:01 INFO  valid result: 
hit@5 : 0.0692    hit@10 : 0.1139    hit@20 : 0.1874    hit@50 : 0.3339    ndcg@5 : 0.0472    ndcg@10 : 0.0615    ndcg@20 : 0.08    ndcg@50 : 0.109    recall@5 : 0.0692    recall@10 : 0.1139    recall@20 : 0.1874    recall@50 : 0.3339
Thu 01 Oct 2026 21:35:22 INFO  epoch 32 training [time: 21.39s, train loss: 3142.4420]
Thu 01 Oct 2026 21:35:22 INFO  epoch 32 evaluating [time: 0.49s, valid_score: 0.061300]
Thu 01 Oct 2026 21:35:22 INFO  valid result: 
hit@5 : 0.0676    hit@10 : 0.1147    hit@20 : 0.1875    hit@50 : 0.3359    ndcg@5 : 0.0463    ndcg@10 : 0.0613    ndcg@20 : 0.0795    ndcg@50 : 0.1089    recall@5 : 0.0676    recall@10 : 0.1147    recall@20 : 0.1875    recall@50 : 0.3359
Thu 01 Oct 2026 21:35:44 INFO  epoch 33 training [time: 21.40s, train loss: 3140.5649]
Thu 01 Oct 2026 21:35:44 INFO  epoch 33 evaluating [time: 0.48s, valid_score: 0.062100]
Thu 01 Oct 2026 21:35:44 INFO  valid result: 
hit@5 : 0.0697    hit@10 : 0.1156    hit@20 : 0.1885    hit@50 : 0.3356    ndcg@5 : 0.0474    ndcg@10 : 0.0621    ndcg@20 : 0.0804    ndcg@50 : 0.1094    recall@5 : 0.0697    recall@10 : 0.1156    recall@20 : 0.1885    recall@50 : 0.3356
Thu 01 Oct 2026 21:36:06 INFO  epoch 34 training [time: 21.40s, train loss: 3139.3823]
Thu 01 Oct 2026 21:36:06 INFO  epoch 34 evaluating [time: 0.48s, valid_score: 0.061600]
Thu 01 Oct 2026 21:36:06 INFO  valid result: 
hit@5 : 0.0706    hit@10 : 0.1144    hit@20 : 0.1892    hit@50 : 0.335    ndcg@5 : 0.0476    ndcg@10 : 0.0616    ndcg@20 : 0.0804    ndcg@50 : 0.1092    recall@5 : 0.0706    recall@10 : 0.1144    recall@20 : 0.1892    recall@50 : 0.335
Thu 01 Oct 2026 21:36:28 INFO  epoch 35 training [time: 21.41s, train loss: 3138.2308]
Thu 01 Oct 2026 21:36:28 INFO  epoch 35 evaluating [time: 0.54s, valid_score: 0.062300]
Thu 01 Oct 2026 21:36:28 INFO  valid result: 
hit@5 : 0.0701    hit@10 : 0.1169    hit@20 : 0.1897    hit@50 : 0.3359    ndcg@5 : 0.0472    ndcg@10 : 0.0623    ndcg@20 : 0.0805    ndcg@50 : 0.1093    recall@5 : 0.0701    recall@10 : 0.1169    recall@20 : 0.1897    recall@50 : 0.3359
Thu 01 Oct 2026 21:36:50 INFO  epoch 36 training [time: 21.41s, train loss: 3137.5553]
Thu 01 Oct 2026 21:36:50 INFO  epoch 36 evaluating [time: 0.48s, valid_score: 0.062600]
Thu 01 Oct 2026 21:36:50 INFO  valid result: 
hit@5 : 0.0709    hit@10 : 0.1165    hit@20 : 0.1898    hit@50 : 0.3392    ndcg@5 : 0.048    ndcg@10 : 0.0626    ndcg@20 : 0.081    ndcg@50 : 0.1105    recall@5 : 0.0709    recall@10 : 0.1165    recall@20 : 0.1898    recall@50 : 0.3392
Thu 01 Oct 2026 21:37:11 INFO  epoch 37 training [time: 21.42s, train loss: 3135.6371]
Thu 01 Oct 2026 21:37:12 INFO  epoch 37 evaluating [time: 0.49s, valid_score: 0.063000]
Thu 01 Oct 2026 21:37:12 INFO  valid result: 
hit@5 : 0.0701    hit@10 : 0.1175    hit@20 : 0.1909    hit@50 : 0.3372    ndcg@5 : 0.0478    ndcg@10 : 0.063    ndcg@20 : 0.0814    ndcg@50 : 0.1103    recall@5 : 0.0701    recall@10 : 0.1175    recall@20 : 0.1909    recall@50 : 0.3372
Thu 01 Oct 2026 21:37:33 INFO  epoch 38 training [time: 21.40s, train loss: 3134.9380]
Thu 01 Oct 2026 21:37:34 INFO  epoch 38 evaluating [time: 0.49s, valid_score: 0.062700]
Thu 01 Oct 2026 21:37:34 INFO  valid result: 
hit@5 : 0.0707    hit@10 : 0.1165    hit@20 : 0.1881    hit@50 : 0.3375    ndcg@5 : 0.048    ndcg@10 : 0.0627    ndcg@20 : 0.0807    ndcg@50 : 0.1102    recall@5 : 0.0707    recall@10 : 0.1165    recall@20 : 0.1881    recall@50 : 0.3375
Thu 01 Oct 2026 21:37:55 INFO  epoch 39 training [time: 21.40s, train loss: 3133.6300]
Thu 01 Oct 2026 21:37:56 INFO  epoch 39 evaluating [time: 0.51s, valid_score: 0.061700]
Thu 01 Oct 2026 21:37:56 INFO  valid result: 
hit@5 : 0.0699    hit@10 : 0.1145    hit@20 : 0.1873    hit@50 : 0.3356    ndcg@5 : 0.0474    ndcg@10 : 0.0617    ndcg@20 : 0.08    ndcg@50 : 0.1093    recall@5 : 0.0699    recall@10 : 0.1145    recall@20 : 0.1873    recall@50 : 0.3356
Thu 01 Oct 2026 21:38:17 INFO  epoch 40 training [time: 21.39s, train loss: 3132.4956]
Thu 01 Oct 2026 21:38:18 INFO  epoch 40 evaluating [time: 0.49s, valid_score: 0.061900]
Thu 01 Oct 2026 21:38:18 INFO  valid result: 
hit@5 : 0.0701    hit@10 : 0.1155    hit@20 : 0.1893    hit@50 : 0.3354    ndcg@5 : 0.0473    ndcg@10 : 0.0619    ndcg@20 : 0.0804    ndcg@50 : 0.1093    recall@5 : 0.0701    recall@10 : 0.1155    recall@20 : 0.1893    recall@50 : 0.3354
Thu 01 Oct 2026 21:38:39 INFO  epoch 41 training [time: 21.41s, train loss: 3131.3535]
Thu 01 Oct 2026 21:38:40 INFO  epoch 41 evaluating [time: 0.50s, valid_score: 0.061200]
Thu 01 Oct 2026 21:38:40 INFO  valid result: 
hit@5 : 0.0688    hit@10 : 0.1143    hit@20 : 0.1888    hit@50 : 0.3369    ndcg@5 : 0.0467    ndcg@10 : 0.0612    ndcg@20 : 0.0799    ndcg@50 : 0.1092    recall@5 : 0.0688    recall@10 : 0.1143    recall@20 : 0.1888    recall@50 : 0.3369
Thu 01 Oct 2026 21:39:01 INFO  epoch 42 training [time: 21.41s, train loss: 3130.4592]
Thu 01 Oct 2026 21:39:02 INFO  epoch 42 evaluating [time: 0.49s, valid_score: 0.061700]
Thu 01 Oct 2026 21:39:02 INFO  valid result: 
hit@5 : 0.0681    hit@10 : 0.1166    hit@20 : 0.1896    hit@50 : 0.3361    ndcg@5 : 0.0463    ndcg@10 : 0.0617    ndcg@20 : 0.08    ndcg@50 : 0.1089    recall@5 : 0.0681    recall@10 : 0.1166    recall@20 : 0.1896    recall@50 : 0.3361
Thu 01 Oct 2026 21:39:23 INFO  epoch 43 training [time: 21.41s, train loss: 3129.5144]
Thu 01 Oct 2026 21:39:23 INFO  epoch 43 evaluating [time: 0.49s, valid_score: 0.061400]
Thu 01 Oct 2026 21:39:23 INFO  valid result: 
hit@5 : 0.0689    hit@10 : 0.1141    hit@20 : 0.1865    hit@50 : 0.3351    ndcg@5 : 0.047    ndcg@10 : 0.0614    ndcg@20 : 0.0796    ndcg@50 : 0.109    recall@5 : 0.0689    recall@10 : 0.1141    recall@20 : 0.1865    recall@50 : 0.3351
Thu 01 Oct 2026 21:39:45 INFO  epoch 44 training [time: 21.42s, train loss: 3128.5288]
Thu 01 Oct 2026 21:39:45 INFO  epoch 44 evaluating [time: 0.50s, valid_score: 0.062100]
Thu 01 Oct 2026 21:39:45 INFO  valid result: 
hit@5 : 0.0711    hit@10 : 0.1152    hit@20 : 0.1903    hit@50 : 0.3375    ndcg@5 : 0.048    ndcg@10 : 0.0621    ndcg@20 : 0.081    ndcg@50 : 0.11    recall@5 : 0.0711    recall@10 : 0.1152    recall@20 : 0.1903    recall@50 : 0.3375
Thu 01 Oct 2026 21:40:07 INFO  epoch 45 training [time: 21.41s, train loss: 3127.4266]
Thu 01 Oct 2026 21:40:07 INFO  epoch 45 evaluating [time: 0.49s, valid_score: 0.062200]
Thu 01 Oct 2026 21:40:07 INFO  valid result: 
hit@5 : 0.0683    hit@10 : 0.1158    hit@20 : 0.1922    hit@50 : 0.3371    ndcg@5 : 0.047    ndcg@10 : 0.0622    ndcg@20 : 0.0814    ndcg@50 : 0.11    recall@5 : 0.0683    recall@10 : 0.1158    recall@20 : 0.1922    recall@50 : 0.3371
Thu 01 Oct 2026 21:40:29 INFO  epoch 46 training [time: 21.40s, train loss: 3126.7560]
Thu 01 Oct 2026 21:40:29 INFO  epoch 46 evaluating [time: 0.50s, valid_score: 0.062400]
Thu 01 Oct 2026 21:40:29 INFO  valid result: 
hit@5 : 0.0681    hit@10 : 0.1164    hit@20 : 0.1919    hit@50 : 0.336    ndcg@5 : 0.047    ndcg@10 : 0.0624    ndcg@20 : 0.0814    ndcg@50 : 0.1098    recall@5 : 0.0681    recall@10 : 0.1164    recall@20 : 0.1919    recall@50 : 0.336
Thu 01 Oct 2026 21:40:51 INFO  epoch 47 training [time: 21.41s, train loss: 3125.4378]
Thu 01 Oct 2026 21:40:51 INFO  epoch 47 evaluating [time: 0.51s, valid_score: 0.061800]
Thu 01 Oct 2026 21:40:51 INFO  valid result: 
hit@5 : 0.067    hit@10 : 0.1156    hit@20 : 0.1893    hit@50 : 0.3365    ndcg@5 : 0.0462    ndcg@10 : 0.0618    ndcg@20 : 0.0803    ndcg@50 : 0.1093    recall@5 : 0.067    recall@10 : 0.1156    recall@20 : 0.1893    recall@50 : 0.3365
Thu 01 Oct 2026 21:41:12 INFO  epoch 48 training [time: 21.42s, train loss: 3124.6105]
Thu 01 Oct 2026 21:41:13 INFO  epoch 48 evaluating [time: 0.50s, valid_score: 0.062700]
Thu 01 Oct 2026 21:41:13 INFO  valid result: 
hit@5 : 0.069    hit@10 : 0.1172    hit@20 : 0.1903    hit@50 : 0.3376    ndcg@5 : 0.0473    ndcg@10 : 0.0627    ndcg@20 : 0.081    ndcg@50 : 0.1101    recall@5 : 0.069    recall@10 : 0.1172    recall@20 : 0.1903    recall@50 : 0.3376
Thu 01 Oct 2026 21:41:13 INFO  Finished training, best eval result in epoch 37
