command line args [--mode base --seed 2027] will not be used in RecBole
command line args [--mode base --seed 2027] will not be used in RecBole
/home/daryumin/iberdov/diplom/envs/mamba3/lib/python3.10/site-packages/recbole/data/dataset/dataset.py:648: FutureWarning: A value is trying to be set on a copy of a DataFrame or Series through chained assignment using an inplace method.
The behavior will change in pandas 3.0. This inplace method will never work because the intermediate object on which we are setting values always behaves as a copy.

For example, when doing 'df[col].method(value, inplace=True)', try using 'df.method({col: value}, inplace=True)' or df[col] = df[col].method(value) instead, to perform the operation inplace on the original object.


  feat[field].fillna(value=0, inplace=True)
/home/daryumin/iberdov/diplom/envs/mamba3/lib/python3.10/site-packages/recbole/data/dataset/dataset.py:650: FutureWarning: A value is trying to be set on a copy of a DataFrame or Series through chained assignment using an inplace method.
The behavior will change in pandas 3.0. This inplace method will never work because the intermediate object on which we are setting values always behaves as a copy.

For example, when doing 'df[col].method(value, inplace=True)', try using 'df.method({col: value}, inplace=True)' or df[col] = df[col].method(value) instead, to perform the operation inplace on the original object.


  feat[field].fillna(value=feat[field].mean(), inplace=True)
/home/daryumin/iberdov/diplom/envs/mamba3/lib/python3.10/site-packages/recbole/trainer/trainer.py:235: FutureWarning: `torch.cuda.amp.GradScaler(args...)` is deprecated. Please use `torch.amp.GradScaler('cuda', args...)` instead.
  scaler = amp.GradScaler(enabled=self.enable_scaler)
28 Sep 17:32    INFO  epoch 0 training [time: 304.65s, train loss: 3913.8499]
28 Sep 17:33    INFO  epoch 0 evaluating [time: 37.10s, valid_score: 0.042500]
28 Sep 17:33    INFO  valid result: 
hit@5 : 0.0482    hit@10 : 0.0751    hit@20 : 0.1206    hit@50 : 0.2169    ndcg@5 : 0.0339    ndcg@10 : 0.0425    ndcg@20 : 0.0539    ndcg@50 : 0.0729    recall@5 : 0.0482    recall@10 : 0.0751    recall@20 : 0.1206    recall@50 : 0.2169
/home/daryumin/iberdov/diplom/envs/mamba3/lib/python3.10/site-packages/recbole/trainer/trainer.py:235: FutureWarning: `torch.cuda.amp.GradScaler(args...)` is deprecated. Please use `torch.amp.GradScaler('cuda', args...)` instead.
  scaler = amp.GradScaler(enabled=self.enable_scaler)
28 Sep 17:33    INFO  epoch 1 training [time: 20.32s, train loss: 3506.2156]
28 Sep 17:33    INFO  epoch 1 evaluating [time: 0.45s, valid_score: 0.049400]
28 Sep 17:33    INFO  valid result: 
hit@5 : 0.0557    hit@10 : 0.0893    hit@20 : 0.1429    hit@50 : 0.2548    ndcg@5 : 0.0387    ndcg@10 : 0.0494    ndcg@20 : 0.0629    ndcg@50 : 0.0849    recall@5 : 0.0557    recall@10 : 0.0893    recall@20 : 0.1429    recall@50 : 0.2548
28 Sep 17:33    INFO  epoch 2 training [time: 20.27s, train loss: 3402.7322]
28 Sep 17:33    INFO  epoch 2 evaluating [time: 0.45s, valid_score: 0.053900]
28 Sep 17:33    INFO  valid result: 
hit@5 : 0.0603    hit@10 : 0.0968    hit@20 : 0.1528    hit@50 : 0.2742    ndcg@5 : 0.0423    ndcg@10 : 0.0539    ndcg@20 : 0.0679    ndcg@50 : 0.0919    recall@5 : 0.0603    recall@10 : 0.0968    recall@20 : 0.1528    recall@50 : 0.2742
28 Sep 17:34    INFO  epoch 3 training [time: 20.25s, train loss: 3350.0001]
28 Sep 17:34    INFO  epoch 3 evaluating [time: 0.44s, valid_score: 0.054800]
28 Sep 17:34    INFO  valid result: 
hit@5 : 0.0609    hit@10 : 0.0984    hit@20 : 0.158    hit@50 : 0.2827    ndcg@5 : 0.0428    ndcg@10 : 0.0548    ndcg@20 : 0.0698    ndcg@50 : 0.0944    recall@5 : 0.0609    recall@10 : 0.0984    recall@20 : 0.158    recall@50 : 0.2827
28 Sep 17:34    INFO  epoch 4 training [time: 20.26s, train loss: 3314.5731]
28 Sep 17:34    INFO  epoch 4 evaluating [time: 0.45s, valid_score: 0.055600]
28 Sep 17:34    INFO  valid result: 
hit@5 : 0.0623    hit@10 : 0.1003    hit@20 : 0.1621    hit@50 : 0.2914    ndcg@5 : 0.0434    ndcg@10 : 0.0556    ndcg@20 : 0.0711    ndcg@50 : 0.0966    recall@5 : 0.0623    recall@10 : 0.1003    recall@20 : 0.1621    recall@50 : 0.2914
28 Sep 17:34    INFO  epoch 5 training [time: 20.25s, train loss: 3288.3840]
28 Sep 17:34    INFO  epoch 5 evaluating [time: 0.54s, valid_score: 0.055400]
28 Sep 17:34    INFO  valid result: 
hit@5 : 0.0626    hit@10 : 0.1    hit@20 : 0.1638    hit@50 : 0.2945    ndcg@5 : 0.0435    ndcg@10 : 0.0554    ndcg@20 : 0.0714    ndcg@50 : 0.0972    recall@5 : 0.0626    recall@10 : 0.1    recall@20 : 0.1638    recall@50 : 0.2945
28 Sep 17:35    INFO  epoch 6 training [time: 20.26s, train loss: 3269.2825]
28 Sep 17:35    INFO  epoch 6 evaluating [time: 0.45s, valid_score: 0.057400]
28 Sep 17:35    INFO  valid result: 
hit@5 : 0.0635    hit@10 : 0.104    hit@20 : 0.1663    hit@50 : 0.2992    ndcg@5 : 0.0444    ndcg@10 : 0.0574    ndcg@20 : 0.073    ndcg@50 : 0.0993    recall@5 : 0.0635    recall@10 : 0.104    recall@20 : 0.1663    recall@50 : 0.2992
28 Sep 17:35    INFO  epoch 7 training [time: 20.25s, train loss: 3254.7766]
28 Sep 17:35    INFO  epoch 7 evaluating [time: 0.47s, valid_score: 0.056000]
28 Sep 17:35    INFO  valid result: 
hit@5 : 0.0625    hit@10 : 0.1028    hit@20 : 0.1685    hit@50 : 0.303    ndcg@5 : 0.0431    ndcg@10 : 0.056    ndcg@20 : 0.0726    ndcg@50 : 0.099    recall@5 : 0.0625    recall@10 : 0.1028    recall@20 : 0.1685    recall@50 : 0.303
28 Sep 17:35    INFO  epoch 8 training [time: 20.23s, train loss: 3243.2449]
28 Sep 17:35    INFO  epoch 8 evaluating [time: 0.45s, valid_score: 0.057100]
28 Sep 17:35    INFO  valid result: 
hit@5 : 0.0648    hit@10 : 0.1044    hit@20 : 0.1698    hit@50 : 0.3063    ndcg@5 : 0.0445    ndcg@10 : 0.0571    ndcg@20 : 0.0736    ndcg@50 : 0.1005    recall@5 : 0.0648    recall@10 : 0.1044    recall@20 : 0.1698    recall@50 : 0.3063
28 Sep 17:36    INFO  epoch 9 training [time: 20.23s, train loss: 3233.7468]
28 Sep 17:36    INFO  epoch 9 evaluating [time: 0.46s, valid_score: 0.057000]
28 Sep 17:36    INFO  valid result: 
hit@5 : 0.0638    hit@10 : 0.1046    hit@20 : 0.17    hit@50 : 0.3054    ndcg@5 : 0.044    ndcg@10 : 0.057    ndcg@20 : 0.0734    ndcg@50 : 0.1001    recall@5 : 0.0638    recall@10 : 0.1046    recall@20 : 0.17    recall@50 : 0.3054
28 Sep 17:36    INFO  epoch 10 training [time: 20.24s, train loss: 3225.7345]
28 Sep 17:36    INFO  epoch 10 evaluating [time: 0.47s, valid_score: 0.057600]
28 Sep 17:36    INFO  valid result: 
hit@5 : 0.065    hit@10 : 0.1051    hit@20 : 0.1714    hit@50 : 0.3089    ndcg@5 : 0.0447    ndcg@10 : 0.0576    ndcg@20 : 0.0742    ndcg@50 : 0.1013    recall@5 : 0.065    recall@10 : 0.1051    recall@20 : 0.1714    recall@50 : 0.3089
28 Sep 17:36    INFO  epoch 11 training [time: 20.24s, train loss: 3218.7301]
28 Sep 17:36    INFO  epoch 11 evaluating [time: 0.49s, valid_score: 0.056400]
28 Sep 17:36    INFO  valid result: 
hit@5 : 0.0632    hit@10 : 0.1031    hit@20 : 0.1734    hit@50 : 0.3087    ndcg@5 : 0.0436    ndcg@10 : 0.0564    ndcg@20 : 0.074    ndcg@50 : 0.1007    recall@5 : 0.0632    recall@10 : 0.1031    recall@20 : 0.1734    recall@50 : 0.3087
28 Sep 17:37    INFO  epoch 12 training [time: 20.23s, train loss: 3212.8874]
28 Sep 17:37    INFO  epoch 12 evaluating [time: 0.47s, valid_score: 0.056900]
28 Sep 17:37    INFO  valid result: 
hit@5 : 0.0633    hit@10 : 0.104    hit@20 : 0.1698    hit@50 : 0.3083    ndcg@5 : 0.0439    ndcg@10 : 0.0569    ndcg@20 : 0.0735    ndcg@50 : 0.1008    recall@5 : 0.0633    recall@10 : 0.104    recall@20 : 0.1698    recall@50 : 0.3083
28 Sep 17:37    INFO  epoch 13 training [time: 20.24s, train loss: 3207.2003]
28 Sep 17:37    INFO  epoch 13 evaluating [time: 0.45s, valid_score: 0.056900]
28 Sep 17:37    INFO  valid result: 
hit@5 : 0.0634    hit@10 : 0.1045    hit@20 : 0.1703    hit@50 : 0.3092    ndcg@5 : 0.0437    ndcg@10 : 0.0569    ndcg@20 : 0.0733    ndcg@50 : 0.1008    recall@5 : 0.0634    recall@10 : 0.1045    recall@20 : 0.1703    recall@50 : 0.3092
28 Sep 17:37    INFO  epoch 14 training [time: 20.25s, train loss: 3202.4996]
28 Sep 17:37    INFO  epoch 14 evaluating [time: 0.45s, valid_score: 0.057700]
28 Sep 17:37    INFO  valid result: 
hit@5 : 0.065    hit@10 : 0.1048    hit@20 : 0.1718    hit@50 : 0.3106    ndcg@5 : 0.045    ndcg@10 : 0.0577    ndcg@20 : 0.0745    ndcg@50 : 0.1019    recall@5 : 0.065    recall@10 : 0.1048    recall@20 : 0.1718    recall@50 : 0.3106
28 Sep 17:38    INFO  epoch 15 training [time: 20.24s, train loss: 3198.3603]
28 Sep 17:38    INFO  epoch 15 evaluating [time: 0.44s, valid_score: 0.058000]
28 Sep 17:38    INFO  valid result: 
hit@5 : 0.0652    hit@10 : 0.1063    hit@20 : 0.1743    hit@50 : 0.3108    ndcg@5 : 0.0448    ndcg@10 : 0.058    ndcg@20 : 0.0751    ndcg@50 : 0.102    recall@5 : 0.0652    recall@10 : 0.1063    recall@20 : 0.1743    recall@50 : 0.3108
28 Sep 17:38    INFO  epoch 16 training [time: 20.24s, train loss: 3194.6791]
28 Sep 17:38    INFO  epoch 16 evaluating [time: 0.44s, valid_score: 0.057500]
28 Sep 17:38    INFO  valid result: 
hit@5 : 0.065    hit@10 : 0.1063    hit@20 : 0.1764    hit@50 : 0.3161    ndcg@5 : 0.0443    ndcg@10 : 0.0575    ndcg@20 : 0.0751    ndcg@50 : 0.1027    recall@5 : 0.065    recall@10 : 0.1063    recall@20 : 0.1764    recall@50 : 0.3161
28 Sep 17:38    INFO  epoch 17 training [time: 20.25s, train loss: 3191.0744]
28 Sep 17:38    INFO  epoch 17 evaluating [time: 0.46s, valid_score: 0.057500]
28 Sep 17:38    INFO  valid result: 
hit@5 : 0.0646    hit@10 : 0.1055    hit@20 : 0.1748    hit@50 : 0.3133    ndcg@5 : 0.0444    ndcg@10 : 0.0575    ndcg@20 : 0.0749    ndcg@50 : 0.1023    recall@5 : 0.0646    recall@10 : 0.1055    recall@20 : 0.1748    recall@50 : 0.3133
28 Sep 17:39    INFO  epoch 18 training [time: 20.23s, train loss: 3187.9227]
28 Sep 17:39    INFO  epoch 18 evaluating [time: 0.47s, valid_score: 0.058000]
28 Sep 17:39    INFO  valid result: 
hit@5 : 0.0646    hit@10 : 0.107    hit@20 : 0.1738    hit@50 : 0.3165    ndcg@5 : 0.0445    ndcg@10 : 0.058    ndcg@20 : 0.0748    ndcg@50 : 0.1029    recall@5 : 0.0646    recall@10 : 0.107    recall@20 : 0.1738    recall@50 : 0.3165
28 Sep 17:39    INFO  epoch 19 training [time: 20.24s, train loss: 3185.0562]
28 Sep 17:39    INFO  epoch 19 evaluating [time: 0.47s, valid_score: 0.057500]
28 Sep 17:39    INFO  valid result: 
hit@5 : 0.0648    hit@10 : 0.1057    hit@20 : 0.1771    hit@50 : 0.3172    ndcg@5 : 0.0445    ndcg@10 : 0.0575    ndcg@20 : 0.0753    ndcg@50 : 0.103    recall@5 : 0.0648    recall@10 : 0.1057    recall@20 : 0.1771    recall@50 : 0.3172
28 Sep 17:40    INFO  epoch 20 training [time: 20.24s, train loss: 3182.4269]
28 Sep 17:40    INFO  epoch 20 evaluating [time: 0.46s, valid_score: 0.057300]
28 Sep 17:40    INFO  valid result: 
hit@5 : 0.0641    hit@10 : 0.106    hit@20 : 0.1738    hit@50 : 0.3124    ndcg@5 : 0.0439    ndcg@10 : 0.0573    ndcg@20 : 0.0743    ndcg@50 : 0.1017    recall@5 : 0.0641    recall@10 : 0.106    recall@20 : 0.1738    recall@50 : 0.3124
28 Sep 17:40    INFO  epoch 21 training [time: 20.24s, train loss: 3179.7600]
28 Sep 17:40    INFO  epoch 21 evaluating [time: 0.46s, valid_score: 0.057700]
28 Sep 17:40    INFO  valid result: 
hit@5 : 0.0645    hit@10 : 0.1065    hit@20 : 0.1764    hit@50 : 0.3183    ndcg@5 : 0.0443    ndcg@10 : 0.0577    ndcg@20 : 0.0752    ndcg@50 : 0.1032    recall@5 : 0.0645    recall@10 : 0.1065    recall@20 : 0.1764    recall@50 : 0.3183
28 Sep 17:40    INFO  epoch 22 training [time: 20.24s, train loss: 3176.6546]
28 Sep 17:40    INFO  epoch 22 evaluating [time: 0.46s, valid_score: 0.057300]
28 Sep 17:40    INFO  valid result: 
hit@5 : 0.0642    hit@10 : 0.1054    hit@20 : 0.1745    hit@50 : 0.3166    ndcg@5 : 0.0441    ndcg@10 : 0.0573    ndcg@20 : 0.0747    ndcg@50 : 0.1027    recall@5 : 0.0642    recall@10 : 0.1054    recall@20 : 0.1745    recall@50 : 0.3166
28 Sep 17:41    INFO  epoch 23 training [time: 20.24s, train loss: 3174.9971]
28 Sep 17:41    INFO  epoch 23 evaluating [time: 0.47s, valid_score: 0.057600]
28 Sep 17:41    INFO  valid result: 
hit@5 : 0.0646    hit@10 : 0.1045    hit@20 : 0.1756    hit@50 : 0.3144    ndcg@5 : 0.0448    ndcg@10 : 0.0576    ndcg@20 : 0.0755    ndcg@50 : 0.1029    recall@5 : 0.0646    recall@10 : 0.1045    recall@20 : 0.1756    recall@50 : 0.3144
28 Sep 17:41    INFO  epoch 24 training [time: 20.23s, train loss: 3172.6451]
28 Sep 17:41    INFO  epoch 24 evaluating [time: 0.46s, valid_score: 0.057300]
28 Sep 17:41    INFO  valid result: 
hit@5 : 0.0618    hit@10 : 0.1066    hit@20 : 0.1766    hit@50 : 0.3163    ndcg@5 : 0.043    ndcg@10 : 0.0573    ndcg@20 : 0.0749    ndcg@50 : 0.1025    recall@5 : 0.0618    recall@10 : 0.1066    recall@20 : 0.1766    recall@50 : 0.3163
28 Sep 17:41    INFO  epoch 25 training [time: 20.24s, train loss: 3170.3968]
28 Sep 17:41    INFO  epoch 25 evaluating [time: 0.48s, valid_score: 0.058100]
28 Sep 17:41    INFO  valid result: 
hit@5 : 0.0642    hit@10 : 0.1081    hit@20 : 0.177    hit@50 : 0.3177    ndcg@5 : 0.0441    ndcg@10 : 0.0581    ndcg@20 : 0.0754    ndcg@50 : 0.1032    recall@5 : 0.0642    recall@10 : 0.1081    recall@20 : 0.177    recall@50 : 0.3177
28 Sep 17:42    INFO  epoch 26 training [time: 20.25s, train loss: 3168.6926]
28 Sep 17:42    INFO  epoch 26 evaluating [time: 0.45s, valid_score: 0.057600]
28 Sep 17:42    INFO  valid result: 
hit@5 : 0.0634    hit@10 : 0.106    hit@20 : 0.1759    hit@50 : 0.3179    ndcg@5 : 0.0439    ndcg@10 : 0.0576    ndcg@20 : 0.0751    ndcg@50 : 0.1031    recall@5 : 0.0634    recall@10 : 0.106    recall@20 : 0.1759    recall@50 : 0.3179
28 Sep 17:42    INFO  epoch 27 training [time: 20.24s, train loss: 3166.7033]
28 Sep 17:42    INFO  epoch 27 evaluating [time: 0.46s, valid_score: 0.058000]
28 Sep 17:42    INFO  valid result: 
hit@5 : 0.0661    hit@10 : 0.1069    hit@20 : 0.1764    hit@50 : 0.3197    ndcg@5 : 0.0449    ndcg@10 : 0.058    ndcg@20 : 0.0754    ndcg@50 : 0.1037    recall@5 : 0.0661    recall@10 : 0.1069    recall@20 : 0.1764    recall@50 : 0.3197
28 Sep 17:42    INFO  epoch 28 training [time: 20.24s, train loss: 3165.1483]
28 Sep 17:42    INFO  epoch 28 evaluating [time: 0.46s, valid_score: 0.058900]
28 Sep 17:42    INFO  valid result: 
hit@5 : 0.0667    hit@10 : 0.108    hit@20 : 0.1789    hit@50 : 0.3216    ndcg@5 : 0.0457    ndcg@10 : 0.0589    ndcg@20 : 0.0767    ndcg@50 : 0.1049    recall@5 : 0.0667    recall@10 : 0.108    recall@20 : 0.1789    recall@50 : 0.3216
28 Sep 17:43    INFO  epoch 29 training [time: 20.25s, train loss: 3162.9382]
28 Sep 17:43    INFO  epoch 29 evaluating [time: 0.46s, valid_score: 0.057800]
28 Sep 17:43    INFO  valid result: 
hit@5 : 0.0646    hit@10 : 0.1067    hit@20 : 0.1766    hit@50 : 0.3203    ndcg@5 : 0.0444    ndcg@10 : 0.0578    ndcg@20 : 0.0753    ndcg@50 : 0.1037    recall@5 : 0.0646    recall@10 : 0.1067    recall@20 : 0.1766    recall@50 : 0.3203
28 Sep 17:43    INFO  epoch 30 training [time: 20.24s, train loss: 3161.8765]
28 Sep 17:43    INFO  epoch 30 evaluating [time: 0.46s, valid_score: 0.059000]
28 Sep 17:43    INFO  valid result: 
hit@5 : 0.0661    hit@10 : 0.1082    hit@20 : 0.1773    hit@50 : 0.3211    ndcg@5 : 0.0455    ndcg@10 : 0.059    ndcg@20 : 0.0764    ndcg@50 : 0.1048    recall@5 : 0.0661    recall@10 : 0.1082    recall@20 : 0.1773    recall@50 : 0.3211
28 Sep 17:43    INFO  epoch 31 training [time: 20.25s, train loss: 3160.6857]
28 Sep 17:43    INFO  epoch 31 evaluating [time: 0.47s, valid_score: 0.057800]
28 Sep 17:43    INFO  valid result: 
hit@5 : 0.0656    hit@10 : 0.1054    hit@20 : 0.177    hit@50 : 0.3178    ndcg@5 : 0.0451    ndcg@10 : 0.0578    ndcg@20 : 0.0758    ndcg@50 : 0.1036    recall@5 : 0.0656    recall@10 : 0.1054    recall@20 : 0.177    recall@50 : 0.3178
28 Sep 17:44    INFO  epoch 32 training [time: 20.24s, train loss: 3158.3803]
28 Sep 17:44    INFO  epoch 32 evaluating [time: 0.47s, valid_score: 0.059400]
28 Sep 17:44    INFO  valid result: 
hit@5 : 0.0667    hit@10 : 0.1086    hit@20 : 0.1768    hit@50 : 0.3208    ndcg@5 : 0.046    ndcg@10 : 0.0594    ndcg@20 : 0.0765    ndcg@50 : 0.105    recall@5 : 0.0667    recall@10 : 0.1086    recall@20 : 0.1768    recall@50 : 0.3208
28 Sep 17:44    INFO  epoch 33 training [time: 20.25s, train loss: 3157.3690]
28 Sep 17:44    INFO  epoch 33 evaluating [time: 0.46s, valid_score: 0.057900]
28 Sep 17:44    INFO  valid result: 
hit@5 : 0.0656    hit@10 : 0.1066    hit@20 : 0.1794    hit@50 : 0.3196    ndcg@5 : 0.0449    ndcg@10 : 0.0579    ndcg@20 : 0.0762    ndcg@50 : 0.1038    recall@5 : 0.0656    recall@10 : 0.1066    recall@20 : 0.1794    recall@50 : 0.3196
28 Sep 17:44    INFO  epoch 34 training [time: 20.24s, train loss: 3156.0327]
28 Sep 17:44    INFO  epoch 34 evaluating [time: 0.47s, valid_score: 0.057800]
28 Sep 17:44    INFO  valid result: 
hit@5 : 0.065    hit@10 : 0.1069    hit@20 : 0.1774    hit@50 : 0.318    ndcg@5 : 0.0444    ndcg@10 : 0.0578    ndcg@20 : 0.0754    ndcg@50 : 0.1031    recall@5 : 0.065    recall@10 : 0.1069    recall@20 : 0.1774    recall@50 : 0.318
28 Sep 17:45    INFO  epoch 35 training [time: 20.25s, train loss: 3154.8286]
28 Sep 17:45    INFO  epoch 35 evaluating [time: 0.45s, valid_score: 0.058300]
28 Sep 17:45    INFO  valid result: 
hit@5 : 0.0661    hit@10 : 0.1075    hit@20 : 0.1779    hit@50 : 0.32    ndcg@5 : 0.045    ndcg@10 : 0.0583    ndcg@20 : 0.0759    ndcg@50 : 0.1039    recall@5 : 0.0661    recall@10 : 0.1075    recall@20 : 0.1779    recall@50 : 0.32
28 Sep 17:45    INFO  epoch 36 training [time: 20.25s, train loss: 3154.0861]
28 Sep 17:45    INFO  epoch 36 evaluating [time: 0.46s, valid_score: 0.058600]
28 Sep 17:45    INFO  valid result: 
hit@5 : 0.0648    hit@10 : 0.1079    hit@20 : 0.1778    hit@50 : 0.3236    ndcg@5 : 0.0448    ndcg@10 : 0.0586    ndcg@20 : 0.0761    ndcg@50 : 0.1049    recall@5 : 0.0648    recall@10 : 0.1079    recall@20 : 0.1778    recall@50 : 0.3236
28 Sep 17:45    INFO  epoch 37 training [time: 20.24s, train loss: 3152.4204]
28 Sep 17:45    INFO  epoch 37 evaluating [time: 0.47s, valid_score: 0.058600]
28 Sep 17:45    INFO  valid result: 
hit@5 : 0.0662    hit@10 : 0.1082    hit@20 : 0.1787    hit@50 : 0.321    ndcg@5 : 0.0452    ndcg@10 : 0.0586    ndcg@20 : 0.0763    ndcg@50 : 0.1044    recall@5 : 0.0662    recall@10 : 0.1082    recall@20 : 0.1787    recall@50 : 0.321
28 Sep 17:46    INFO  epoch 38 training [time: 20.23s, train loss: 3151.2797]
28 Sep 17:46    INFO  epoch 38 evaluating [time: 0.48s, valid_score: 0.058100]
28 Sep 17:46    INFO  valid result: 
hit@5 : 0.0646    hit@10 : 0.1075    hit@20 : 0.1796    hit@50 : 0.321    ndcg@5 : 0.0444    ndcg@10 : 0.0581    ndcg@20 : 0.0762    ndcg@50 : 0.104    recall@5 : 0.0646    recall@10 : 0.1075    recall@20 : 0.1796    recall@50 : 0.321
28 Sep 17:46    INFO  epoch 39 training [time: 20.24s, train loss: 3150.3636]
28 Sep 17:46    INFO  epoch 39 evaluating [time: 0.45s, valid_score: 0.058200]
28 Sep 17:46    INFO  valid result: 
hit@5 : 0.0651    hit@10 : 0.1081    hit@20 : 0.1793    hit@50 : 0.3222    ndcg@5 : 0.0445    ndcg@10 : 0.0582    ndcg@20 : 0.0761    ndcg@50 : 0.1043    recall@5 : 0.0651    recall@10 : 0.1081    recall@20 : 0.1793    recall@50 : 0.3222
28 Sep 17:46    INFO  epoch 40 training [time: 20.25s, train loss: 3149.0140]
28 Sep 17:46    INFO  epoch 40 evaluating [time: 0.46s, valid_score: 0.058700]
28 Sep 17:46    INFO  valid result: 
hit@5 : 0.0654    hit@10 : 0.1093    hit@20 : 0.1782    hit@50 : 0.3219    ndcg@5 : 0.0447    ndcg@10 : 0.0587    ndcg@20 : 0.076    ndcg@50 : 0.1044    recall@5 : 0.0654    recall@10 : 0.1093    recall@20 : 0.1782    recall@50 : 0.3219
28 Sep 17:47    INFO  epoch 41 training [time: 20.24s, train loss: 3148.0222]
28 Sep 17:47    INFO  epoch 41 evaluating [time: 0.46s, valid_score: 0.059000]
28 Sep 17:47    INFO  valid result: 
hit@5 : 0.0652    hit@10 : 0.1099    hit@20 : 0.1794    hit@50 : 0.323    ndcg@5 : 0.0447    ndcg@10 : 0.059    ndcg@20 : 0.0764    ndcg@50 : 0.1047    recall@5 : 0.0652    recall@10 : 0.1099    recall@20 : 0.1794    recall@50 : 0.323
28 Sep 17:47    INFO  epoch 42 training [time: 20.24s, train loss: 3146.7728]
28 Sep 17:47    INFO  epoch 42 evaluating [time: 0.47s, valid_score: 0.058200]
28 Sep 17:47    INFO  valid result: 
hit@5 : 0.0655    hit@10 : 0.1068    hit@20 : 0.1776    hit@50 : 0.3219    ndcg@5 : 0.045    ndcg@10 : 0.0582    ndcg@20 : 0.0759    ndcg@50 : 0.1044    recall@5 : 0.0655    recall@10 : 0.1068    recall@20 : 0.1776    recall@50 : 0.3219
28 Sep 17:47    INFO  epoch 43 training [time: 20.23s, train loss: 3145.5794]
28 Sep 17:47    INFO  epoch 43 evaluating [time: 0.46s, valid_score: 0.058400]
28 Sep 17:47    INFO  valid result: 
hit@5 : 0.0646    hit@10 : 0.1075    hit@20 : 0.1779    hit@50 : 0.3209    ndcg@5 : 0.0446    ndcg@10 : 0.0584    ndcg@20 : 0.076    ndcg@50 : 0.1043    recall@5 : 0.0646    recall@10 : 0.1075    recall@20 : 0.1779    recall@50 : 0.3209
28 Sep 17:47    INFO  Finished training, best eval result in epoch 32
