2026-09-28 05:14:56  [TileLang:tilelang.jit.kernel:INFO]: TileLang begins to compile kernel `mamba_mimo_fwd_kernel` with `out_idx=[]`
2026-09-28 05:15:18  [TileLang:tilelang.jit.kernel:INFO]: TileLang completes to compile kernel `mamba_mimo_fwd_kernel`
2026-09-28 05:15:21  [TileLang:tilelang.jit.kernel:INFO]: TileLang begins to compile kernel `mamba_mimo_bwd_fwd_kernel` with `out_idx=[]`
2026-09-28 05:15:44  [TileLang:tilelang.jit.kernel:INFO]: TileLang completes to compile kernel `mamba_mimo_bwd_fwd_kernel`
2026-09-28 05:15:47  [TileLang:tilelang.jit.kernel:INFO]: TileLang begins to compile kernel `mamba_mimo_bwd_bwd_kernel` with `out_idx=[]`
2026-09-28 05:16:47  [TileLang:tilelang.jit.kernel:INFO]: TileLang completes to compile kernel `mamba_mimo_bwd_bwd_kernel`
2026-09-28 05:17:03  [TileLang:tilelang.jit.kernel:INFO]: TileLang begins to compile kernel `mamba_mimo_fwd_kernel` with `out_idx=[]`
2026-09-28 05:17:18  [TileLang:tilelang.jit.kernel:INFO]: TileLang completes to compile kernel `mamba_mimo_fwd_kernel`
2026-09-28 05:17:20  [TileLang:tilelang.jit.kernel:INFO]: TileLang begins to compile kernel `mamba_mimo_bwd_fwd_kernel` with `out_idx=[]`
2026-09-28 05:17:43  [TileLang:tilelang.jit.kernel:INFO]: TileLang completes to compile kernel `mamba_mimo_bwd_fwd_kernel`
2026-09-28 05:17:45  [TileLang:tilelang.jit.kernel:INFO]: TileLang begins to compile kernel `mamba_mimo_bwd_bwd_kernel` with `out_idx=[]`
2026-09-28 05:18:45  [TileLang:tilelang.jit.kernel:INFO]: TileLang completes to compile kernel `mamba_mimo_bwd_bwd_kernel`
2026-09-28 05:18:51  [TileLang:tilelang.jit.kernel:INFO]: TileLang begins to compile kernel `mamba_mimo_fwd_kernel` with `out_idx=[]`
2026-09-28 05:19:06  [TileLang:tilelang.jit.kernel:INFO]: TileLang completes to compile kernel `mamba_mimo_fwd_kernel`
2026-09-28 05:19:08  [TileLang:tilelang.jit.kernel:INFO]: TileLang begins to compile kernel `mamba_mimo_bwd_fwd_kernel` with `out_idx=[]`
2026-09-28 05:19:31  [TileLang:tilelang.jit.kernel:INFO]: TileLang completes to compile kernel `mamba_mimo_bwd_fwd_kernel`
2026-09-28 05:19:34  [TileLang:tilelang.jit.kernel:INFO]: TileLang begins to compile kernel `mamba_mimo_bwd_bwd_kernel` with `out_idx=[]`
2026-09-28 05:20:34  [TileLang:tilelang.jit.kernel:INFO]: TileLang completes to compile kernel `mamba_mimo_bwd_bwd_kernel`
2026-09-28 05:20:38  [TileLang:tilelang.jit.kernel:INFO]: TileLang begins to compile kernel `mamba_mimo_fwd_kernel` with `out_idx=[]`
2026-09-28 05:20:52  [TileLang:tilelang.jit.kernel:INFO]: TileLang completes to compile kernel `mamba_mimo_fwd_kernel`
2026-09-28 05:20:54  [TileLang:tilelang.jit.kernel:INFO]: TileLang begins to compile kernel `mamba_mimo_bwd_fwd_kernel` with `out_idx=[]`
2026-09-28 05:21:17  [TileLang:tilelang.jit.kernel:INFO]: TileLang completes to compile kernel `mamba_mimo_bwd_fwd_kernel`
2026-09-28 05:21:20  [TileLang:tilelang.jit.kernel:INFO]: TileLang begins to compile kernel `mamba_mimo_bwd_bwd_kernel` with `out_idx=[]`
2026-09-28 05:22:18  [TileLang:tilelang.jit.kernel:INFO]: TileLang completes to compile kernel `mamba_mimo_bwd_bwd_kernel`
2026-09-28 05:22:22  [TileLang:tilelang.jit.kernel:INFO]: TileLang begins to compile kernel `mamba_mimo_fwd_kernel` with `out_idx=[]`
2026-09-28 05:22:37  [TileLang:tilelang.jit.kernel:INFO]: TileLang completes to compile kernel `mamba_mimo_fwd_kernel`
2026-09-28 05:22:39  [TileLang:tilelang.jit.kernel:INFO]: TileLang begins to compile kernel `mamba_mimo_bwd_fwd_kernel` with `out_idx=[]`
2026-09-28 05:23:03  [TileLang:tilelang.jit.kernel:INFO]: TileLang completes to compile kernel `mamba_mimo_bwd_fwd_kernel`
2026-09-28 05:23:05  [TileLang:tilelang.jit.kernel:INFO]: TileLang begins to compile kernel `mamba_mimo_bwd_bwd_kernel` with `out_idx=[]`
2026-09-28 05:24:07  [TileLang:tilelang.jit.kernel:INFO]: TileLang completes to compile kernel `mamba_mimo_bwd_bwd_kernel`
2026-09-28 05:24:14  [TileLang:tilelang.jit.kernel:INFO]: TileLang begins to compile kernel `mamba_mimo_fwd_kernel` with `out_idx=[]`
2026-09-28 05:24:29  [TileLang:tilelang.jit.kernel:INFO]: TileLang completes to compile kernel `mamba_mimo_fwd_kernel`
2026-09-28 05:24:32  [TileLang:tilelang.jit.kernel:INFO]: TileLang begins to compile kernel `mamba_mimo_bwd_fwd_kernel` with `out_idx=[]`
2026-09-28 05:24:55  [TileLang:tilelang.jit.kernel:INFO]: TileLang completes to compile kernel `mamba_mimo_bwd_fwd_kernel`
2026-09-28 05:24:57  [TileLang:tilelang.jit.kernel:INFO]: TileLang begins to compile kernel `mamba_mimo_bwd_bwd_kernel` with `out_idx=[]`
2026-09-28 05:25:58  [TileLang:tilelang.jit.kernel:INFO]: TileLang completes to compile kernel `mamba_mimo_bwd_bwd_kernel`
2026-09-28 05:26:04  [TileLang:tilelang.jit.kernel:INFO]: TileLang begins to compile kernel `mamba_mimo_fwd_kernel` with `out_idx=[]`
2026-09-28 05:26:18  [TileLang:tilelang.jit.kernel:INFO]: TileLang completes to compile kernel `mamba_mimo_fwd_kernel`
2026-09-28 05:26:20  [TileLang:tilelang.jit.kernel:INFO]: TileLang begins to compile kernel `mamba_mimo_bwd_fwd_kernel` with `out_idx=[]`
2026-09-28 05:26:43  [TileLang:tilelang.jit.kernel:INFO]: TileLang completes to compile kernel `mamba_mimo_bwd_fwd_kernel`
2026-09-28 05:26:45  [TileLang:tilelang.jit.kernel:INFO]: TileLang begins to compile kernel `mamba_mimo_bwd_bwd_kernel` with `out_idx=[]`
2026-09-28 05:27:46  [TileLang:tilelang.jit.kernel:INFO]: TileLang completes to compile kernel `mamba_mimo_bwd_bwd_kernel`
