command line args [--resume --mode dual --seed 2028] will not be used in RecBole
/home/daryumin/iberdov/diplom/envs/mamba3/lib/python3.10/site-packages/recbole/data/dataset/dataset.py:648: FutureWarning: A value is trying to be set on a copy of a DataFrame or Series through chained assignment using an inplace method.
The behavior will change in pandas 3.0. This inplace method will never work because the intermediate object on which we are setting values always behaves as a copy.

For example, when doing 'df[col].method(value, inplace=True)', try using 'df.method({col: value}, inplace=True)' or df[col] = df[col].method(value) instead, to perform the operation inplace on the original object.


  feat[field].fillna(value=0, inplace=True)
/home/daryumin/iberdov/diplom/envs/mamba3/lib/python3.10/site-packages/recbole/data/dataset/dataset.py:650: FutureWarning: A value is trying to be set on a copy of a DataFrame or Series through chained assignment using an inplace method.
The behavior will change in pandas 3.0. This inplace method will never work because the intermediate object on which we are setting values always behaves as a copy.

For example, when doing 'df[col].method(value, inplace=True)', try using 'df.method({col: value}, inplace=True)' or df[col] = df[col].method(value) instead, to perform the operation inplace on the original object.


  feat[field].fillna(value=feat[field].mean(), inplace=True)
/home/daryumin/iberdov/diplom/envs/mamba3/lib/python3.10/site-packages/recbole/trainer/trainer.py:235: FutureWarning: `torch.cuda.amp.GradScaler(args...)` is deprecated. Please use `torch.amp.GradScaler('cuda', args...)` instead.
  scaler = amp.GradScaler(enabled=self.enable_scaler)
27 Sep 14:55    INFO  epoch 0 training [time: 314.17s, train loss: 3934.7617]
27 Sep 14:55    INFO  epoch 0 evaluating [time: 0.47s, valid_score: 0.038700]
27 Sep 14:55    INFO  valid result: 
hit@5 : 0.0447    hit@10 : 0.073    hit@20 : 0.1194    hit@50 : 0.2204    ndcg@5 : 0.0296    ndcg@10 : 0.0387    ndcg@20 : 0.0503    ndcg@50 : 0.0702    recall@5 : 0.0447    recall@10 : 0.073    recall@20 : 0.1194    recall@50 : 0.2204
/home/daryumin/iberdov/diplom/envs/mamba3/lib/python3.10/site-packages/recbole/trainer/trainer.py:235: FutureWarning: `torch.cuda.amp.GradScaler(args...)` is deprecated. Please use `torch.amp.GradScaler('cuda', args...)` instead.
  scaler = amp.GradScaler(enabled=self.enable_scaler)
27 Sep 14:55    INFO  epoch 1 training [time: 12.37s, train loss: 3521.9587]
27 Sep 14:55    INFO  epoch 1 evaluating [time: 0.46s, valid_score: 0.048900]
27 Sep 14:55    INFO  valid result: 
hit@5 : 0.0558    hit@10 : 0.0887    hit@20 : 0.1407    hit@50 : 0.2518    ndcg@5 : 0.0384    ndcg@10 : 0.0489    ndcg@20 : 0.062    ndcg@50 : 0.0838    recall@5 : 0.0558    recall@10 : 0.0887    recall@20 : 0.1407    recall@50 : 0.2518
27 Sep 14:55    INFO  epoch 2 training [time: 12.35s, train loss: 3410.1606]
27 Sep 14:55    INFO  epoch 2 evaluating [time: 0.46s, valid_score: 0.053600]
27 Sep 14:55    INFO  valid result: 
hit@5 : 0.0595    hit@10 : 0.0987    hit@20 : 0.1562    hit@50 : 0.275    ndcg@5 : 0.0411    ndcg@10 : 0.0536    ndcg@20 : 0.068    ndcg@50 : 0.0914    recall@5 : 0.0595    recall@10 : 0.0987    recall@20 : 0.1562    recall@50 : 0.275
27 Sep 14:55    INFO  epoch 3 training [time: 12.35s, train loss: 3354.2250]
27 Sep 14:55    INFO  epoch 3 evaluating [time: 0.44s, valid_score: 0.056100]
27 Sep 14:55    INFO  valid result: 
hit@5 : 0.0632    hit@10 : 0.1015    hit@20 : 0.1631    hit@50 : 0.2855    ndcg@5 : 0.0437    ndcg@10 : 0.0561    ndcg@20 : 0.0715    ndcg@50 : 0.0956    recall@5 : 0.0632    recall@10 : 0.1015    recall@20 : 0.1631    recall@50 : 0.2855
27 Sep 14:56    INFO  epoch 4 training [time: 12.36s, train loss: 3314.4173]
27 Sep 14:56    INFO  epoch 4 evaluating [time: 0.45s, valid_score: 0.058800]
27 Sep 14:56    INFO  valid result: 
hit@5 : 0.0668    hit@10 : 0.1059    hit@20 : 0.1696    hit@50 : 0.2994    ndcg@5 : 0.0462    ndcg@10 : 0.0588    ndcg@20 : 0.0747    ndcg@50 : 0.1003    recall@5 : 0.0668    recall@10 : 0.1059    recall@20 : 0.1696    recall@50 : 0.2994
27 Sep 14:56    INFO  epoch 5 training [time: 12.46s, train loss: 3285.1320]
27 Sep 14:56    INFO  epoch 5 evaluating [time: 0.45s, valid_score: 0.058400]
27 Sep 14:56    INFO  valid result: 
hit@5 : 0.0664    hit@10 : 0.1067    hit@20 : 0.1708    hit@50 : 0.3024    ndcg@5 : 0.0455    ndcg@10 : 0.0584    ndcg@20 : 0.0745    ndcg@50 : 0.1004    recall@5 : 0.0664    recall@10 : 0.1067    recall@20 : 0.1708    recall@50 : 0.3024
27 Sep 14:56    INFO  epoch 6 training [time: 12.33s, train loss: 3263.8709]
27 Sep 14:56    INFO  epoch 6 evaluating [time: 0.45s, valid_score: 0.059200]
27 Sep 14:56    INFO  valid result: 
hit@5 : 0.0664    hit@10 : 0.1079    hit@20 : 0.1746    hit@50 : 0.3061    ndcg@5 : 0.0459    ndcg@10 : 0.0592    ndcg@20 : 0.0759    ndcg@50 : 0.1019    recall@5 : 0.0664    recall@10 : 0.1079    recall@20 : 0.1746    recall@50 : 0.3061
27 Sep 14:56    INFO  epoch 7 training [time: 12.44s, train loss: 3247.2089]
27 Sep 14:56    INFO  epoch 7 evaluating [time: 0.43s, valid_score: 0.059300]
27 Sep 14:56    INFO  valid result: 
hit@5 : 0.0658    hit@10 : 0.1088    hit@20 : 0.1738    hit@50 : 0.3104    ndcg@5 : 0.0455    ndcg@10 : 0.0593    ndcg@20 : 0.0756    ndcg@50 : 0.1026    recall@5 : 0.0658    recall@10 : 0.1088    recall@20 : 0.1738    recall@50 : 0.3104
27 Sep 14:57    INFO  epoch 8 training [time: 12.37s, train loss: 3234.5899]
27 Sep 14:57    INFO  epoch 8 evaluating [time: 0.45s, valid_score: 0.060500]
27 Sep 14:57    INFO  valid result: 
hit@5 : 0.0683    hit@10 : 0.1111    hit@20 : 0.1791    hit@50 : 0.316    ndcg@5 : 0.0468    ndcg@10 : 0.0605    ndcg@20 : 0.0776    ndcg@50 : 0.1046    recall@5 : 0.0683    recall@10 : 0.1111    recall@20 : 0.1791    recall@50 : 0.316
27 Sep 14:57    INFO  epoch 9 training [time: 12.35s, train loss: 3223.9189]
27 Sep 14:57    INFO  epoch 9 evaluating [time: 0.43s, valid_score: 0.061200]
27 Sep 14:57    INFO  valid result: 
hit@5 : 0.0688    hit@10 : 0.1117    hit@20 : 0.1802    hit@50 : 0.3161    ndcg@5 : 0.0474    ndcg@10 : 0.0612    ndcg@20 : 0.0783    ndcg@50 : 0.1051    recall@5 : 0.0688    recall@10 : 0.1117    recall@20 : 0.1802    recall@50 : 0.3161
27 Sep 14:57    INFO  epoch 10 training [time: 12.35s, train loss: 3215.0907]
27 Sep 14:57    INFO  epoch 10 evaluating [time: 0.45s, valid_score: 0.060200]
27 Sep 14:57    INFO  valid result: 
hit@5 : 0.0675    hit@10 : 0.1106    hit@20 : 0.1798    hit@50 : 0.3169    ndcg@5 : 0.0465    ndcg@10 : 0.0602    ndcg@20 : 0.0777    ndcg@50 : 0.1047    recall@5 : 0.0675    recall@10 : 0.1106    recall@20 : 0.1798    recall@50 : 0.3169
27 Sep 14:57    INFO  epoch 11 training [time: 12.39s, train loss: 3207.8267]
27 Sep 14:57    INFO  epoch 11 evaluating [time: 0.45s, valid_score: 0.060900]
27 Sep 14:57    INFO  valid result: 
hit@5 : 0.0684    hit@10 : 0.1116    hit@20 : 0.1794    hit@50 : 0.3181    ndcg@5 : 0.0471    ndcg@10 : 0.0609    ndcg@20 : 0.078    ndcg@50 : 0.1053    recall@5 : 0.0684    recall@10 : 0.1116    recall@20 : 0.1794    recall@50 : 0.3181
27 Sep 14:57    INFO  epoch 12 training [time: 12.65s, train loss: 3200.7905]
27 Sep 14:57    INFO  epoch 12 evaluating [time: 0.44s, valid_score: 0.061000]
27 Sep 14:57    INFO  valid result: 
hit@5 : 0.0672    hit@10 : 0.1121    hit@20 : 0.1815    hit@50 : 0.3219    ndcg@5 : 0.0466    ndcg@10 : 0.061    ndcg@20 : 0.0784    ndcg@50 : 0.106    recall@5 : 0.0672    recall@10 : 0.1121    recall@20 : 0.1815    recall@50 : 0.3219
27 Sep 14:58    INFO  epoch 13 training [time: 12.36s, train loss: 3195.5813]
27 Sep 14:58    INFO  epoch 13 evaluating [time: 0.43s, valid_score: 0.059500]
27 Sep 14:58    INFO  valid result: 
hit@5 : 0.0647    hit@10 : 0.109    hit@20 : 0.1807    hit@50 : 0.3211    ndcg@5 : 0.0453    ndcg@10 : 0.0595    ndcg@20 : 0.0775    ndcg@50 : 0.1051    recall@5 : 0.0647    recall@10 : 0.109    recall@20 : 0.1807    recall@50 : 0.3211
27 Sep 14:58    INFO  epoch 14 training [time: 12.35s, train loss: 3190.2293]
27 Sep 14:58    INFO  epoch 14 evaluating [time: 0.44s, valid_score: 0.061000]
27 Sep 14:58    INFO  valid result: 
hit@5 : 0.0684    hit@10 : 0.1119    hit@20 : 0.1802    hit@50 : 0.323    ndcg@5 : 0.0471    ndcg@10 : 0.061    ndcg@20 : 0.0782    ndcg@50 : 0.1064    recall@5 : 0.0684    recall@10 : 0.1119    recall@20 : 0.1802    recall@50 : 0.323
27 Sep 14:58    INFO  epoch 15 training [time: 12.35s, train loss: 3185.9833]
27 Sep 14:58    INFO  epoch 15 evaluating [time: 0.44s, valid_score: 0.061200]
27 Sep 14:58    INFO  valid result: 
hit@5 : 0.0688    hit@10 : 0.1121    hit@20 : 0.1839    hit@50 : 0.3242    ndcg@5 : 0.0474    ndcg@10 : 0.0612    ndcg@20 : 0.0792    ndcg@50 : 0.1069    recall@5 : 0.0688    recall@10 : 0.1121    recall@20 : 0.1839    recall@50 : 0.3242
27 Sep 14:58    INFO  epoch 16 training [time: 12.36s, train loss: 3181.7993]
27 Sep 14:58    INFO  epoch 16 evaluating [time: 0.45s, valid_score: 0.061200]
27 Sep 14:58    INFO  valid result: 
hit@5 : 0.0686    hit@10 : 0.1124    hit@20 : 0.1819    hit@50 : 0.3247    ndcg@5 : 0.0472    ndcg@10 : 0.0612    ndcg@20 : 0.0786    ndcg@50 : 0.1068    recall@5 : 0.0686    recall@10 : 0.1124    recall@20 : 0.1819    recall@50 : 0.3247
27 Sep 14:58    INFO  epoch 17 training [time: 12.36s, train loss: 3177.8640]
27 Sep 14:58    INFO  epoch 17 evaluating [time: 0.45s, valid_score: 0.061600]
27 Sep 14:58    INFO  valid result: 
hit@5 : 0.0692    hit@10 : 0.1135    hit@20 : 0.1839    hit@50 : 0.326    ndcg@5 : 0.0474    ndcg@10 : 0.0616    ndcg@20 : 0.0793    ndcg@50 : 0.1073    recall@5 : 0.0692    recall@10 : 0.1135    recall@20 : 0.1839    recall@50 : 0.326
27 Sep 14:59    INFO  epoch 18 training [time: 12.40s, train loss: 3174.2973]
27 Sep 14:59    INFO  epoch 18 evaluating [time: 0.48s, valid_score: 0.061100]
27 Sep 14:59    INFO  valid result: 
hit@5 : 0.0686    hit@10 : 0.1125    hit@20 : 0.1825    hit@50 : 0.3282    ndcg@5 : 0.047    ndcg@10 : 0.0611    ndcg@20 : 0.0786    ndcg@50 : 0.1074    recall@5 : 0.0686    recall@10 : 0.1125    recall@20 : 0.1825    recall@50 : 0.3282
27 Sep 14:59    INFO  epoch 19 training [time: 12.41s, train loss: 3171.4998]
27 Sep 14:59    INFO  epoch 19 evaluating [time: 0.46s, valid_score: 0.061800]
27 Sep 14:59    INFO  valid result: 
hit@5 : 0.07    hit@10 : 0.1128    hit@20 : 0.1827    hit@50 : 0.328    ndcg@5 : 0.0482    ndcg@10 : 0.0618    ndcg@20 : 0.0794    ndcg@50 : 0.108    recall@5 : 0.07    recall@10 : 0.1128    recall@20 : 0.1827    recall@50 : 0.328
27 Sep 14:59    INFO  epoch 20 training [time: 12.42s, train loss: 3168.1045]
27 Sep 14:59    INFO  epoch 20 evaluating [time: 0.45s, valid_score: 0.061700]
27 Sep 14:59    INFO  valid result: 
hit@5 : 0.0693    hit@10 : 0.1131    hit@20 : 0.1843    hit@50 : 0.33    ndcg@5 : 0.0477    ndcg@10 : 0.0617    ndcg@20 : 0.0796    ndcg@50 : 0.1083    recall@5 : 0.0693    recall@10 : 0.1131    recall@20 : 0.1843    recall@50 : 0.33
27 Sep 14:59    INFO  epoch 21 training [time: 12.43s, train loss: 3165.9518]
27 Sep 14:59    INFO  epoch 21 evaluating [time: 0.47s, valid_score: 0.061500]
27 Sep 14:59    INFO  valid result: 
hit@5 : 0.0683    hit@10 : 0.1128    hit@20 : 0.1818    hit@50 : 0.3264    ndcg@5 : 0.0473    ndcg@10 : 0.0615    ndcg@20 : 0.0788    ndcg@50 : 0.1073    recall@5 : 0.0683    recall@10 : 0.1128    recall@20 : 0.1818    recall@50 : 0.3264
27 Sep 15:00    INFO  epoch 22 training [time: 12.47s, train loss: 3163.6401]
27 Sep 15:00    INFO  epoch 22 evaluating [time: 0.46s, valid_score: 0.061700]
27 Sep 15:00    INFO  valid result: 
hit@5 : 0.0684    hit@10 : 0.1137    hit@20 : 0.1832    hit@50 : 0.3256    ndcg@5 : 0.0472    ndcg@10 : 0.0617    ndcg@20 : 0.0791    ndcg@50 : 0.1072    recall@5 : 0.0684    recall@10 : 0.1137    recall@20 : 0.1832    recall@50 : 0.3256
27 Sep 15:00    INFO  epoch 23 training [time: 12.39s, train loss: 3161.3446]
27 Sep 15:00    INFO  epoch 23 evaluating [time: 0.44s, valid_score: 0.061700]
27 Sep 15:00    INFO  valid result: 
hit@5 : 0.0681    hit@10 : 0.114    hit@20 : 0.1834    hit@50 : 0.3303    ndcg@5 : 0.047    ndcg@10 : 0.0617    ndcg@20 : 0.0791    ndcg@50 : 0.1081    recall@5 : 0.0681    recall@10 : 0.114    recall@20 : 0.1834    recall@50 : 0.3303
27 Sep 15:00    INFO  epoch 24 training [time: 12.36s, train loss: 3158.7291]
27 Sep 15:00    INFO  epoch 24 evaluating [time: 0.44s, valid_score: 0.061000]
27 Sep 15:00    INFO  valid result: 
hit@5 : 0.0689    hit@10 : 0.1119    hit@20 : 0.1858    hit@50 : 0.3293    ndcg@5 : 0.0473    ndcg@10 : 0.061    ndcg@20 : 0.0796    ndcg@50 : 0.1079    recall@5 : 0.0689    recall@10 : 0.1119    recall@20 : 0.1858    recall@50 : 0.3293
27 Sep 15:00    INFO  epoch 25 training [time: 12.33s, train loss: 3156.3442]
27 Sep 15:00    INFO  epoch 25 evaluating [time: 0.44s, valid_score: 0.060000]
27 Sep 15:00    INFO  valid result: 
hit@5 : 0.068    hit@10 : 0.1095    hit@20 : 0.1823    hit@50 : 0.3286    ndcg@5 : 0.0467    ndcg@10 : 0.06    ndcg@20 : 0.0783    ndcg@50 : 0.1072    recall@5 : 0.068    recall@10 : 0.1095    recall@20 : 0.1823    recall@50 : 0.3286
27 Sep 15:00    INFO  epoch 26 training [time: 12.35s, train loss: 3154.7403]
27 Sep 15:00    INFO  epoch 26 evaluating [time: 0.44s, valid_score: 0.061000]
27 Sep 15:00    INFO  valid result: 
hit@5 : 0.068    hit@10 : 0.113    hit@20 : 0.1841    hit@50 : 0.33    ndcg@5 : 0.0466    ndcg@10 : 0.061    ndcg@20 : 0.0788    ndcg@50 : 0.1076    recall@5 : 0.068    recall@10 : 0.113    recall@20 : 0.1841    recall@50 : 0.33
27 Sep 15:01    INFO  epoch 27 training [time: 12.34s, train loss: 3153.1254]
27 Sep 15:01    INFO  epoch 27 evaluating [time: 0.44s, valid_score: 0.061900]
27 Sep 15:01    INFO  valid result: 
hit@5 : 0.07    hit@10 : 0.1145    hit@20 : 0.1859    hit@50 : 0.3272    ndcg@5 : 0.0476    ndcg@10 : 0.0619    ndcg@20 : 0.0798    ndcg@50 : 0.1077    recall@5 : 0.07    recall@10 : 0.1145    recall@20 : 0.1859    recall@50 : 0.3272
27 Sep 15:01    INFO  epoch 28 training [time: 12.34s, train loss: 3151.1200]
27 Sep 15:01    INFO  epoch 28 evaluating [time: 0.46s, valid_score: 0.061000]
27 Sep 15:01    INFO  valid result: 
hit@5 : 0.0687    hit@10 : 0.1131    hit@20 : 0.1853    hit@50 : 0.3266    ndcg@5 : 0.0468    ndcg@10 : 0.061    ndcg@20 : 0.0791    ndcg@50 : 0.107    recall@5 : 0.0687    recall@10 : 0.1131    recall@20 : 0.1853    recall@50 : 0.3266
27 Sep 15:01    INFO  epoch 29 training [time: 12.35s, train loss: 3149.5208]
27 Sep 15:01    INFO  epoch 29 evaluating [time: 0.45s, valid_score: 0.062700]
27 Sep 15:01    INFO  valid result: 
hit@5 : 0.0707    hit@10 : 0.1153    hit@20 : 0.1903    hit@50 : 0.3319    ndcg@5 : 0.0484    ndcg@10 : 0.0627    ndcg@20 : 0.0814    ndcg@50 : 0.1094    recall@5 : 0.0707    recall@10 : 0.1153    recall@20 : 0.1903    recall@50 : 0.3319
27 Sep 15:01    INFO  epoch 30 training [time: 12.33s, train loss: 3148.0906]
27 Sep 15:01    INFO  epoch 30 evaluating [time: 0.46s, valid_score: 0.061300]
27 Sep 15:01    INFO  valid result: 
hit@5 : 0.069    hit@10 : 0.1126    hit@20 : 0.186    hit@50 : 0.3311    ndcg@5 : 0.0474    ndcg@10 : 0.0613    ndcg@20 : 0.0797    ndcg@50 : 0.1084    recall@5 : 0.069    recall@10 : 0.1126    recall@20 : 0.186    recall@50 : 0.3311
27 Sep 15:01    INFO  epoch 31 training [time: 12.33s, train loss: 3146.1405]
27 Sep 15:01    INFO  epoch 31 evaluating [time: 0.44s, valid_score: 0.061500]
27 Sep 15:01    INFO  valid result: 
hit@5 : 0.0681    hit@10 : 0.1139    hit@20 : 0.1862    hit@50 : 0.3305    ndcg@5 : 0.0468    ndcg@10 : 0.0615    ndcg@20 : 0.0797    ndcg@50 : 0.1081    recall@5 : 0.0681    recall@10 : 0.1139    recall@20 : 0.1862    recall@50 : 0.3305
27 Sep 15:02    INFO  epoch 32 training [time: 12.33s, train loss: 3144.7906]
27 Sep 15:02    INFO  epoch 32 evaluating [time: 0.45s, valid_score: 0.061600]
27 Sep 15:02    INFO  valid result: 
hit@5 : 0.0683    hit@10 : 0.1147    hit@20 : 0.1856    hit@50 : 0.3311    ndcg@5 : 0.0468    ndcg@10 : 0.0616    ndcg@20 : 0.0794    ndcg@50 : 0.1081    recall@5 : 0.0683    recall@10 : 0.1147    recall@20 : 0.1856    recall@50 : 0.3311
27 Sep 15:02    INFO  epoch 33 training [time: 12.33s, train loss: 3143.7510]
27 Sep 15:02    INFO  epoch 33 evaluating [time: 0.46s, valid_score: 0.062400]
27 Sep 15:02    INFO  valid result: 
hit@5 : 0.0698    hit@10 : 0.1149    hit@20 : 0.1877    hit@50 : 0.3307    ndcg@5 : 0.048    ndcg@10 : 0.0624    ndcg@20 : 0.0807    ndcg@50 : 0.1089    recall@5 : 0.0698    recall@10 : 0.1149    recall@20 : 0.1877    recall@50 : 0.3307
27 Sep 15:02    INFO  epoch 34 training [time: 12.33s, train loss: 3142.2545]
27 Sep 15:02    INFO  epoch 34 evaluating [time: 0.47s, valid_score: 0.061700]
27 Sep 15:02    INFO  valid result: 
hit@5 : 0.0685    hit@10 : 0.1143    hit@20 : 0.1875    hit@50 : 0.3317    ndcg@5 : 0.047    ndcg@10 : 0.0617    ndcg@20 : 0.0801    ndcg@50 : 0.1085    recall@5 : 0.0685    recall@10 : 0.1143    recall@20 : 0.1875    recall@50 : 0.3317
27 Sep 15:02    INFO  epoch 35 training [time: 12.33s, train loss: 3140.6783]
27 Sep 15:02    INFO  epoch 35 evaluating [time: 0.44s, valid_score: 0.062400]
27 Sep 15:02    INFO  valid result: 
hit@5 : 0.0712    hit@10 : 0.1153    hit@20 : 0.1856    hit@50 : 0.3326    ndcg@5 : 0.0483    ndcg@10 : 0.0624    ndcg@20 : 0.08    ndcg@50 : 0.1091    recall@5 : 0.0712    recall@10 : 0.1153    recall@20 : 0.1856    recall@50 : 0.3326
27 Sep 15:03    INFO  epoch 36 training [time: 12.32s, train loss: 3140.0449]
27 Sep 15:03    INFO  epoch 36 evaluating [time: 0.45s, valid_score: 0.062100]
27 Sep 15:03    INFO  valid result: 
hit@5 : 0.0705    hit@10 : 0.1151    hit@20 : 0.1886    hit@50 : 0.3336    ndcg@5 : 0.0479    ndcg@10 : 0.0621    ndcg@20 : 0.0806    ndcg@50 : 0.1092    recall@5 : 0.0705    recall@10 : 0.1151    recall@20 : 0.1886    recall@50 : 0.3336
27 Sep 15:03    INFO  epoch 37 training [time: 12.32s, train loss: 3138.6340]
27 Sep 15:03    INFO  epoch 37 evaluating [time: 0.45s, valid_score: 0.061400]
27 Sep 15:03    INFO  valid result: 
hit@5 : 0.0686    hit@10 : 0.1141    hit@20 : 0.1866    hit@50 : 0.3312    ndcg@5 : 0.0468    ndcg@10 : 0.0614    ndcg@20 : 0.0796    ndcg@50 : 0.1082    recall@5 : 0.0686    recall@10 : 0.1141    recall@20 : 0.1866    recall@50 : 0.3312
27 Sep 15:03    INFO  epoch 38 training [time: 12.32s, train loss: 3137.5692]
27 Sep 15:03    INFO  epoch 38 evaluating [time: 0.46s, valid_score: 0.062300]
27 Sep 15:03    INFO  valid result: 
hit@5 : 0.0714    hit@10 : 0.1149    hit@20 : 0.1869    hit@50 : 0.331    ndcg@5 : 0.0484    ndcg@10 : 0.0623    ndcg@20 : 0.0804    ndcg@50 : 0.1089    recall@5 : 0.0714    recall@10 : 0.1149    recall@20 : 0.1869    recall@50 : 0.331
27 Sep 15:03    INFO  epoch 39 training [time: 12.32s, train loss: 3135.5156]
27 Sep 15:03    INFO  epoch 39 evaluating [time: 0.47s, valid_score: 0.061700]
27 Sep 15:03    INFO  valid result: 
hit@5 : 0.0699    hit@10 : 0.1135    hit@20 : 0.1873    hit@50 : 0.3326    ndcg@5 : 0.0478    ndcg@10 : 0.0617    ndcg@20 : 0.0802    ndcg@50 : 0.1089    recall@5 : 0.0699    recall@10 : 0.1135    recall@20 : 0.1873    recall@50 : 0.3326
27 Sep 15:03    INFO  epoch 40 training [time: 12.32s, train loss: 3135.3079]
27 Sep 15:03    INFO  epoch 40 evaluating [time: 0.44s, valid_score: 0.062100]
27 Sep 15:03    INFO  valid result: 
hit@5 : 0.0702    hit@10 : 0.1154    hit@20 : 0.1886    hit@50 : 0.3336    ndcg@5 : 0.0476    ndcg@10 : 0.0621    ndcg@20 : 0.0805    ndcg@50 : 0.1091    recall@5 : 0.0702    recall@10 : 0.1154    recall@20 : 0.1886    recall@50 : 0.3336
27 Sep 15:03    INFO  Finished training, best eval result in epoch 29
