command line args [--resume --mode triple --seed 2029] will not be used in RecBole
/home/daryumin/iberdov/diplom/envs/mamba3/lib/python3.10/site-packages/recbole/data/dataset/dataset.py:648: FutureWarning: A value is trying to be set on a copy of a DataFrame or Series through chained assignment using an inplace method.
The behavior will change in pandas 3.0. This inplace method will never work because the intermediate object on which we are setting values always behaves as a copy.

For example, when doing 'df[col].method(value, inplace=True)', try using 'df.method({col: value}, inplace=True)' or df[col] = df[col].method(value) instead, to perform the operation inplace on the original object.


  feat[field].fillna(value=0, inplace=True)
/home/daryumin/iberdov/diplom/envs/mamba3/lib/python3.10/site-packages/recbole/data/dataset/dataset.py:650: FutureWarning: A value is trying to be set on a copy of a DataFrame or Series through chained assignment using an inplace method.
The behavior will change in pandas 3.0. This inplace method will never work because the intermediate object on which we are setting values always behaves as a copy.

For example, when doing 'df[col].method(value, inplace=True)', try using 'df.method({col: value}, inplace=True)' or df[col] = df[col].method(value) instead, to perform the operation inplace on the original object.


  feat[field].fillna(value=feat[field].mean(), inplace=True)
/home/daryumin/iberdov/diplom/envs/mamba3/lib/python3.10/site-packages/recbole/trainer/trainer.py:235: FutureWarning: `torch.cuda.amp.GradScaler(args...)` is deprecated. Please use `torch.amp.GradScaler('cuda', args...)` instead.
  scaler = amp.GradScaler(enabled=self.enable_scaler)
27 Sep 15:42    INFO  epoch 0 training [time: 307.09s, train loss: 3878.7420]
27 Sep 15:42    INFO  epoch 0 evaluating [time: 0.48s, valid_score: 0.044100]
27 Sep 15:42    INFO  valid result: 
hit@5 : 0.0496    hit@10 : 0.0793    hit@20 : 0.125    hit@50 : 0.2253    ndcg@5 : 0.0346    ndcg@10 : 0.0441    ndcg@20 : 0.0556    ndcg@50 : 0.0754    recall@5 : 0.0496    recall@10 : 0.0793    recall@20 : 0.125    recall@50 : 0.2253
/home/daryumin/iberdov/diplom/envs/mamba3/lib/python3.10/site-packages/recbole/trainer/trainer.py:235: FutureWarning: `torch.cuda.amp.GradScaler(args...)` is deprecated. Please use `torch.amp.GradScaler('cuda', args...)` instead.
  scaler = amp.GradScaler(enabled=self.enable_scaler)
27 Sep 15:42    INFO  epoch 1 training [time: 12.80s, train loss: 3497.4528]
27 Sep 15:42    INFO  epoch 1 evaluating [time: 0.44s, valid_score: 0.051100]
27 Sep 15:42    INFO  valid result: 
hit@5 : 0.057    hit@10 : 0.0919    hit@20 : 0.1443    hit@50 : 0.2563    ndcg@5 : 0.0399    ndcg@10 : 0.0511    ndcg@20 : 0.0642    ndcg@50 : 0.0863    recall@5 : 0.057    recall@10 : 0.0919    recall@20 : 0.1443    recall@50 : 0.2563
27 Sep 15:43    INFO  epoch 2 training [time: 17.93s, train loss: 3402.2063]
27 Sep 15:43    INFO  epoch 2 evaluating [time: 0.74s, valid_score: 0.055000]
27 Sep 15:43    INFO  valid result: 
hit@5 : 0.0614    hit@10 : 0.0985    hit@20 : 0.1559    hit@50 : 0.2753    ndcg@5 : 0.0431    ndcg@10 : 0.055    ndcg@20 : 0.0694    ndcg@50 : 0.0929    recall@5 : 0.0614    recall@10 : 0.0985    recall@20 : 0.1559    recall@50 : 0.2753
27 Sep 15:43    INFO  epoch 3 training [time: 15.24s, train loss: 3350.1478]
27 Sep 15:43    INFO  epoch 3 evaluating [time: 0.47s, valid_score: 0.057600]
27 Sep 15:43    INFO  valid result: 
hit@5 : 0.0653    hit@10 : 0.1037    hit@20 : 0.1619    hit@50 : 0.291    ndcg@5 : 0.0454    ndcg@10 : 0.0576    ndcg@20 : 0.0723    ndcg@50 : 0.0977    recall@5 : 0.0653    recall@10 : 0.1037    recall@20 : 0.1619    recall@50 : 0.291
27 Sep 15:43    INFO  epoch 4 training [time: 12.74s, train loss: 3311.3319]
27 Sep 15:43    INFO  epoch 4 evaluating [time: 0.47s, valid_score: 0.057900]
27 Sep 15:43    INFO  valid result: 
hit@5 : 0.0662    hit@10 : 0.1036    hit@20 : 0.1673    hit@50 : 0.2979    ndcg@5 : 0.0459    ndcg@10 : 0.0579    ndcg@20 : 0.0738    ndcg@50 : 0.0996    recall@5 : 0.0662    recall@10 : 0.1036    recall@20 : 0.1673    recall@50 : 0.2979
27 Sep 15:43    INFO  epoch 5 training [time: 12.76s, train loss: 3283.4771]
27 Sep 15:43    INFO  epoch 5 evaluating [time: 0.44s, valid_score: 0.059300]
27 Sep 15:43    INFO  valid result: 
hit@5 : 0.0657    hit@10 : 0.1082    hit@20 : 0.1729    hit@50 : 0.3061    ndcg@5 : 0.0457    ndcg@10 : 0.0593    ndcg@20 : 0.0755    ndcg@50 : 0.1018    recall@5 : 0.0657    recall@10 : 0.1082    recall@20 : 0.1729    recall@50 : 0.3061
27 Sep 15:44    INFO  epoch 6 training [time: 12.72s, train loss: 3262.7262]
27 Sep 15:44    INFO  epoch 6 evaluating [time: 0.43s, valid_score: 0.059900]
27 Sep 15:44    INFO  valid result: 
hit@5 : 0.0664    hit@10 : 0.1094    hit@20 : 0.175    hit@50 : 0.31    ndcg@5 : 0.0461    ndcg@10 : 0.0599    ndcg@20 : 0.0763    ndcg@50 : 0.103    recall@5 : 0.0664    recall@10 : 0.1094    recall@20 : 0.175    recall@50 : 0.31
27 Sep 15:44    INFO  epoch 7 training [time: 12.75s, train loss: 3246.7543]
27 Sep 15:44    INFO  epoch 7 evaluating [time: 0.44s, valid_score: 0.059900]
27 Sep 15:44    INFO  valid result: 
hit@5 : 0.0689    hit@10 : 0.1086    hit@20 : 0.1757    hit@50 : 0.315    ndcg@5 : 0.0472    ndcg@10 : 0.0599    ndcg@20 : 0.0768    ndcg@50 : 0.1043    recall@5 : 0.0689    recall@10 : 0.1086    recall@20 : 0.1757    recall@50 : 0.315
27 Sep 15:44    INFO  epoch 8 training [time: 12.74s, train loss: 3234.1369]
27 Sep 15:44    INFO  epoch 8 evaluating [time: 0.45s, valid_score: 0.060200]
27 Sep 15:44    INFO  valid result: 
hit@5 : 0.067    hit@10 : 0.1097    hit@20 : 0.1783    hit@50 : 0.3173    ndcg@5 : 0.0464    ndcg@10 : 0.0602    ndcg@20 : 0.0774    ndcg@50 : 0.1047    recall@5 : 0.067    recall@10 : 0.1097    recall@20 : 0.1783    recall@50 : 0.3173
27 Sep 15:44    INFO  epoch 9 training [time: 12.74s, train loss: 3223.7100]
27 Sep 15:44    INFO  epoch 9 evaluating [time: 0.45s, valid_score: 0.060300]
27 Sep 15:44    INFO  valid result: 
hit@5 : 0.0682    hit@10 : 0.1087    hit@20 : 0.1774    hit@50 : 0.315    ndcg@5 : 0.0472    ndcg@10 : 0.0603    ndcg@20 : 0.0774    ndcg@50 : 0.1046    recall@5 : 0.0682    recall@10 : 0.1087    recall@20 : 0.1774    recall@50 : 0.315
27 Sep 15:44    INFO  epoch 10 training [time: 12.73s, train loss: 3215.3160]
27 Sep 15:44    INFO  epoch 10 evaluating [time: 0.45s, valid_score: 0.060300]
27 Sep 15:44    INFO  valid result: 
hit@5 : 0.0683    hit@10 : 0.1106    hit@20 : 0.1779    hit@50 : 0.3187    ndcg@5 : 0.0467    ndcg@10 : 0.0603    ndcg@20 : 0.0773    ndcg@50 : 0.105    recall@5 : 0.0683    recall@10 : 0.1106    recall@20 : 0.1779    recall@50 : 0.3187
27 Sep 15:45    INFO  epoch 11 training [time: 12.71s, train loss: 3208.5067]
27 Sep 15:45    INFO  epoch 11 evaluating [time: 0.45s, valid_score: 0.060900]
27 Sep 15:45    INFO  valid result: 
hit@5 : 0.0687    hit@10 : 0.1115    hit@20 : 0.1811    hit@50 : 0.3225    ndcg@5 : 0.0471    ndcg@10 : 0.0609    ndcg@20 : 0.0783    ndcg@50 : 0.1062    recall@5 : 0.0687    recall@10 : 0.1115    recall@20 : 0.1811    recall@50 : 0.3225
27 Sep 15:45    INFO  epoch 12 training [time: 12.70s, train loss: 3201.5196]
27 Sep 15:45    INFO  epoch 12 evaluating [time: 0.46s, valid_score: 0.060800]
27 Sep 15:45    INFO  valid result: 
hit@5 : 0.0703    hit@10 : 0.1112    hit@20 : 0.1807    hit@50 : 0.3236    ndcg@5 : 0.0477    ndcg@10 : 0.0608    ndcg@20 : 0.0782    ndcg@50 : 0.1064    recall@5 : 0.0703    recall@10 : 0.1112    recall@20 : 0.1807    recall@50 : 0.3236
27 Sep 15:45    INFO  epoch 13 training [time: 12.73s, train loss: 3196.1436]
27 Sep 15:45    INFO  epoch 13 evaluating [time: 0.45s, valid_score: 0.061000]
27 Sep 15:45    INFO  valid result: 
hit@5 : 0.0693    hit@10 : 0.1129    hit@20 : 0.1805    hit@50 : 0.3248    ndcg@5 : 0.047    ndcg@10 : 0.061    ndcg@20 : 0.0779    ndcg@50 : 0.1064    recall@5 : 0.0693    recall@10 : 0.1129    recall@20 : 0.1805    recall@50 : 0.3248
27 Sep 15:45    INFO  epoch 14 training [time: 12.71s, train loss: 3190.4770]
27 Sep 15:45    INFO  epoch 14 evaluating [time: 0.44s, valid_score: 0.061500]
27 Sep 15:45    INFO  valid result: 
hit@5 : 0.0697    hit@10 : 0.1136    hit@20 : 0.184    hit@50 : 0.3247    ndcg@5 : 0.0475    ndcg@10 : 0.0615    ndcg@20 : 0.0791    ndcg@50 : 0.1069    recall@5 : 0.0697    recall@10 : 0.1136    recall@20 : 0.184    recall@50 : 0.3247
27 Sep 15:46    INFO  epoch 15 training [time: 12.70s, train loss: 3185.8097]
27 Sep 15:46    INFO  epoch 15 evaluating [time: 0.45s, valid_score: 0.061900]
27 Sep 15:46    INFO  valid result: 
hit@5 : 0.0695    hit@10 : 0.1129    hit@20 : 0.1828    hit@50 : 0.3268    ndcg@5 : 0.0479    ndcg@10 : 0.0619    ndcg@20 : 0.0795    ndcg@50 : 0.1079    recall@5 : 0.0695    recall@10 : 0.1129    recall@20 : 0.1828    recall@50 : 0.3268
27 Sep 15:46    INFO  epoch 16 training [time: 12.70s, train loss: 3181.9199]
27 Sep 15:46    INFO  epoch 16 evaluating [time: 0.45s, valid_score: 0.062100]
27 Sep 15:46    INFO  valid result: 
hit@5 : 0.0705    hit@10 : 0.1152    hit@20 : 0.1843    hit@50 : 0.3279    ndcg@5 : 0.0478    ndcg@10 : 0.0621    ndcg@20 : 0.0794    ndcg@50 : 0.1078    recall@5 : 0.0705    recall@10 : 0.1152    recall@20 : 0.1843    recall@50 : 0.3279
27 Sep 15:46    INFO  epoch 17 training [time: 12.70s, train loss: 3178.4241]
27 Sep 15:46    INFO  epoch 17 evaluating [time: 0.45s, valid_score: 0.061200]
27 Sep 15:46    INFO  valid result: 
hit@5 : 0.0693    hit@10 : 0.114    hit@20 : 0.1844    hit@50 : 0.3281    ndcg@5 : 0.047    ndcg@10 : 0.0612    ndcg@20 : 0.0789    ndcg@50 : 0.1072    recall@5 : 0.0693    recall@10 : 0.114    recall@20 : 0.1844    recall@50 : 0.3281
27 Sep 15:46    INFO  epoch 18 training [time: 12.71s, train loss: 3174.4697]
27 Sep 15:46    INFO  epoch 18 evaluating [time: 0.45s, valid_score: 0.062500]
27 Sep 15:46    INFO  valid result: 
hit@5 : 0.0699    hit@10 : 0.1151    hit@20 : 0.1835    hit@50 : 0.3308    ndcg@5 : 0.0481    ndcg@10 : 0.0625    ndcg@20 : 0.0797    ndcg@50 : 0.1087    recall@5 : 0.0699    recall@10 : 0.1151    recall@20 : 0.1835    recall@50 : 0.3308
27 Sep 15:46    INFO  epoch 19 training [time: 12.74s, train loss: 3172.0005]
27 Sep 15:46    INFO  epoch 19 evaluating [time: 0.45s, valid_score: 0.061600]
27 Sep 15:46    INFO  valid result: 
hit@5 : 0.0702    hit@10 : 0.1131    hit@20 : 0.184    hit@50 : 0.3299    ndcg@5 : 0.0478    ndcg@10 : 0.0616    ndcg@20 : 0.0793    ndcg@50 : 0.1082    recall@5 : 0.0702    recall@10 : 0.1131    recall@20 : 0.184    recall@50 : 0.3299
27 Sep 15:47    INFO  epoch 20 training [time: 12.72s, train loss: 3169.0963]
27 Sep 15:47    INFO  epoch 20 evaluating [time: 0.45s, valid_score: 0.060900]
27 Sep 15:47    INFO  valid result: 
hit@5 : 0.069    hit@10 : 0.1126    hit@20 : 0.1848    hit@50 : 0.3292    ndcg@5 : 0.0469    ndcg@10 : 0.0609    ndcg@20 : 0.079    ndcg@50 : 0.1075    recall@5 : 0.069    recall@10 : 0.1126    recall@20 : 0.1848    recall@50 : 0.3292
27 Sep 15:47    INFO  epoch 21 training [time: 12.74s, train loss: 3166.7586]
27 Sep 15:47    INFO  epoch 21 evaluating [time: 0.47s, valid_score: 0.061500]
27 Sep 15:47    INFO  valid result: 
hit@5 : 0.0697    hit@10 : 0.1134    hit@20 : 0.1845    hit@50 : 0.3301    ndcg@5 : 0.0475    ndcg@10 : 0.0615    ndcg@20 : 0.0794    ndcg@50 : 0.1081    recall@5 : 0.0697    recall@10 : 0.1134    recall@20 : 0.1845    recall@50 : 0.3301
27 Sep 15:47    INFO  epoch 22 training [time: 12.72s, train loss: 3164.4073]
27 Sep 15:47    INFO  epoch 22 evaluating [time: 0.46s, valid_score: 0.062000]
27 Sep 15:47    INFO  valid result: 
hit@5 : 0.069    hit@10 : 0.1156    hit@20 : 0.1886    hit@50 : 0.3318    ndcg@5 : 0.0471    ndcg@10 : 0.062    ndcg@20 : 0.0803    ndcg@50 : 0.1085    recall@5 : 0.069    recall@10 : 0.1156    recall@20 : 0.1886    recall@50 : 0.3318
27 Sep 15:47    INFO  epoch 23 training [time: 12.75s, train loss: 3161.9398]
27 Sep 15:47    INFO  epoch 23 evaluating [time: 0.46s, valid_score: 0.061200]
27 Sep 15:47    INFO  valid result: 
hit@5 : 0.0694    hit@10 : 0.1126    hit@20 : 0.1849    hit@50 : 0.3292    ndcg@5 : 0.0474    ndcg@10 : 0.0612    ndcg@20 : 0.0794    ndcg@50 : 0.108    recall@5 : 0.0694    recall@10 : 0.1126    recall@20 : 0.1849    recall@50 : 0.3292
27 Sep 15:48    INFO  epoch 24 training [time: 12.72s, train loss: 3160.3044]
27 Sep 15:48    INFO  epoch 24 evaluating [time: 0.44s, valid_score: 0.062000]
27 Sep 15:48    INFO  valid result: 
hit@5 : 0.0683    hit@10 : 0.1153    hit@20 : 0.1864    hit@50 : 0.3324    ndcg@5 : 0.047    ndcg@10 : 0.062    ndcg@20 : 0.0799    ndcg@50 : 0.1087    recall@5 : 0.0683    recall@10 : 0.1153    recall@20 : 0.1864    recall@50 : 0.3324
27 Sep 15:48    INFO  epoch 25 training [time: 14.17s, train loss: 3158.1342]
27 Sep 15:48    INFO  epoch 25 evaluating [time: 0.46s, valid_score: 0.062500]
27 Sep 15:48    INFO  valid result: 
hit@5 : 0.0721    hit@10 : 0.1154    hit@20 : 0.1894    hit@50 : 0.3359    ndcg@5 : 0.0487    ndcg@10 : 0.0625    ndcg@20 : 0.0811    ndcg@50 : 0.11    recall@5 : 0.0721    recall@10 : 0.1154    recall@20 : 0.1894    recall@50 : 0.3359
27 Sep 15:48    INFO  epoch 26 training [time: 12.71s, train loss: 3156.4587]
27 Sep 15:48    INFO  epoch 26 evaluating [time: 0.47s, valid_score: 0.062400]
27 Sep 15:48    INFO  valid result: 
hit@5 : 0.0694    hit@10 : 0.1167    hit@20 : 0.1855    hit@50 : 0.3349    ndcg@5 : 0.0472    ndcg@10 : 0.0624    ndcg@20 : 0.0796    ndcg@50 : 0.1091    recall@5 : 0.0694    recall@10 : 0.1167    recall@20 : 0.1855    recall@50 : 0.3349
27 Sep 15:48    INFO  epoch 27 training [time: 12.73s, train loss: 3154.8681]
27 Sep 15:48    INFO  epoch 27 evaluating [time: 0.47s, valid_score: 0.061600]
27 Sep 15:48    INFO  valid result: 
hit@5 : 0.0696    hit@10 : 0.1142    hit@20 : 0.1895    hit@50 : 0.3335    ndcg@5 : 0.0473    ndcg@10 : 0.0616    ndcg@20 : 0.0805    ndcg@50 : 0.1089    recall@5 : 0.0696    recall@10 : 0.1142    recall@20 : 0.1895    recall@50 : 0.3335
27 Sep 15:48    INFO  epoch 28 training [time: 12.72s, train loss: 3152.6096]
27 Sep 15:48    INFO  epoch 28 evaluating [time: 0.45s, valid_score: 0.062200]
27 Sep 15:48    INFO  valid result: 
hit@5 : 0.0694    hit@10 : 0.1157    hit@20 : 0.188    hit@50 : 0.3319    ndcg@5 : 0.0474    ndcg@10 : 0.0622    ndcg@20 : 0.0804    ndcg@50 : 0.1087    recall@5 : 0.0694    recall@10 : 0.1157    recall@20 : 0.188    recall@50 : 0.3319
27 Sep 15:49    INFO  epoch 29 training [time: 12.72s, train loss: 3151.3466]
27 Sep 15:49    INFO  epoch 29 evaluating [time: 0.47s, valid_score: 0.062100]
27 Sep 15:49    INFO  valid result: 
hit@5 : 0.0699    hit@10 : 0.1157    hit@20 : 0.1871    hit@50 : 0.335    ndcg@5 : 0.0474    ndcg@10 : 0.0621    ndcg@20 : 0.08    ndcg@50 : 0.1092    recall@5 : 0.0699    recall@10 : 0.1157    recall@20 : 0.1871    recall@50 : 0.335
27 Sep 15:49    INFO  epoch 30 training [time: 12.71s, train loss: 3149.7478]
27 Sep 15:49    INFO  epoch 30 evaluating [time: 0.46s, valid_score: 0.061400]
27 Sep 15:49    INFO  valid result: 
hit@5 : 0.0694    hit@10 : 0.1134    hit@20 : 0.187    hit@50 : 0.3334    ndcg@5 : 0.0473    ndcg@10 : 0.0614    ndcg@20 : 0.0799    ndcg@50 : 0.1088    recall@5 : 0.0694    recall@10 : 0.1134    recall@20 : 0.187    recall@50 : 0.3334
27 Sep 15:49    INFO  epoch 31 training [time: 12.73s, train loss: 3148.1328]
27 Sep 15:49    INFO  epoch 31 evaluating [time: 0.47s, valid_score: 0.061600]
27 Sep 15:49    INFO  valid result: 
hit@5 : 0.0693    hit@10 : 0.1154    hit@20 : 0.1893    hit@50 : 0.3362    ndcg@5 : 0.0468    ndcg@10 : 0.0616    ndcg@20 : 0.0802    ndcg@50 : 0.1091    recall@5 : 0.0693    recall@10 : 0.1154    recall@20 : 0.1893    recall@50 : 0.3362
27 Sep 15:49    INFO  epoch 32 training [time: 14.37s, train loss: 3147.1020]
27 Sep 15:49    INFO  epoch 32 evaluating [time: 0.46s, valid_score: 0.062700]
27 Sep 15:49    INFO  valid result: 
hit@5 : 0.0703    hit@10 : 0.116    hit@20 : 0.1885    hit@50 : 0.3355    ndcg@5 : 0.0481    ndcg@10 : 0.0627    ndcg@20 : 0.0809    ndcg@50 : 0.1099    recall@5 : 0.0703    recall@10 : 0.116    recall@20 : 0.1885    recall@50 : 0.3355
27 Sep 15:50    INFO  epoch 33 training [time: 12.76s, train loss: 3145.6422]
27 Sep 15:50    INFO  epoch 33 evaluating [time: 0.47s, valid_score: 0.062800]
27 Sep 15:50    INFO  valid result: 
hit@5 : 0.0712    hit@10 : 0.1161    hit@20 : 0.1883    hit@50 : 0.3343    ndcg@5 : 0.0484    ndcg@10 : 0.0628    ndcg@20 : 0.0809    ndcg@50 : 0.1097    recall@5 : 0.0712    recall@10 : 0.1161    recall@20 : 0.1883    recall@50 : 0.3343
27 Sep 15:50    INFO  epoch 34 training [time: 12.73s, train loss: 3144.3631]
27 Sep 15:50    INFO  epoch 34 evaluating [time: 0.45s, valid_score: 0.062200]
27 Sep 15:50    INFO  valid result: 
hit@5 : 0.0691    hit@10 : 0.1164    hit@20 : 0.1856    hit@50 : 0.3333    ndcg@5 : 0.047    ndcg@10 : 0.0622    ndcg@20 : 0.0795    ndcg@50 : 0.1087    recall@5 : 0.0691    recall@10 : 0.1164    recall@20 : 0.1856    recall@50 : 0.3333
27 Sep 15:50    INFO  epoch 35 training [time: 12.75s, train loss: 3142.8850]
27 Sep 15:50    INFO  epoch 35 evaluating [time: 0.46s, valid_score: 0.061900]
27 Sep 15:50    INFO  valid result: 
hit@5 : 0.0696    hit@10 : 0.1152    hit@20 : 0.1871    hit@50 : 0.3335    ndcg@5 : 0.0473    ndcg@10 : 0.0619    ndcg@20 : 0.0801    ndcg@50 : 0.1089    recall@5 : 0.0696    recall@10 : 0.1152    recall@20 : 0.1871    recall@50 : 0.3335
27 Sep 15:50    INFO  epoch 36 training [time: 12.73s, train loss: 3142.2222]
27 Sep 15:50    INFO  epoch 36 evaluating [time: 0.46s, valid_score: 0.062600]
27 Sep 15:50    INFO  valid result: 
hit@5 : 0.0704    hit@10 : 0.1158    hit@20 : 0.1894    hit@50 : 0.3354    ndcg@5 : 0.048    ndcg@10 : 0.0626    ndcg@20 : 0.081    ndcg@50 : 0.1098    recall@5 : 0.0704    recall@10 : 0.1158    recall@20 : 0.1894    recall@50 : 0.3354
27 Sep 15:50    INFO  epoch 37 training [time: 12.76s, train loss: 3141.0007]
27 Sep 15:50    INFO  epoch 37 evaluating [time: 0.49s, valid_score: 0.062100]
27 Sep 15:50    INFO  valid result: 
hit@5 : 0.0711    hit@10 : 0.1153    hit@20 : 0.1876    hit@50 : 0.3356    ndcg@5 : 0.048    ndcg@10 : 0.0621    ndcg@20 : 0.0803    ndcg@50 : 0.1095    recall@5 : 0.0711    recall@10 : 0.1153    recall@20 : 0.1876    recall@50 : 0.3356
27 Sep 15:51    INFO  epoch 38 training [time: 12.73s, train loss: 3140.3411]
27 Sep 15:51    INFO  epoch 38 evaluating [time: 0.46s, valid_score: 0.062800]
27 Sep 15:51    INFO  valid result: 
hit@5 : 0.0714    hit@10 : 0.1158    hit@20 : 0.1913    hit@50 : 0.3359    ndcg@5 : 0.0486    ndcg@10 : 0.0628    ndcg@20 : 0.0817    ndcg@50 : 0.1102    recall@5 : 0.0714    recall@10 : 0.1158    recall@20 : 0.1913    recall@50 : 0.3359
27 Sep 15:51    INFO  epoch 39 training [time: 12.73s, train loss: 3138.7655]
27 Sep 15:51    INFO  epoch 39 evaluating [time: 0.46s, valid_score: 0.062200]
27 Sep 15:51    INFO  valid result: 
hit@5 : 0.0696    hit@10 : 0.1157    hit@20 : 0.187    hit@50 : 0.3358    ndcg@5 : 0.0474    ndcg@10 : 0.0622    ndcg@20 : 0.0801    ndcg@50 : 0.1094    recall@5 : 0.0696    recall@10 : 0.1157    recall@20 : 0.187    recall@50 : 0.3358
27 Sep 15:51    INFO  epoch 40 training [time: 12.72s, train loss: 3137.8222]
27 Sep 15:51    INFO  epoch 40 evaluating [time: 0.45s, valid_score: 0.062400]
27 Sep 15:51    INFO  valid result: 
hit@5 : 0.0697    hit@10 : 0.116    hit@20 : 0.1882    hit@50 : 0.3349    ndcg@5 : 0.0476    ndcg@10 : 0.0624    ndcg@20 : 0.0805    ndcg@50 : 0.1094    recall@5 : 0.0697    recall@10 : 0.116    recall@20 : 0.1882    recall@50 : 0.3349
27 Sep 15:51    INFO  epoch 41 training [time: 12.79s, train loss: 3137.3475]
27 Sep 15:51    INFO  epoch 41 evaluating [time: 0.45s, valid_score: 0.062000]
27 Sep 15:51    INFO  valid result: 
hit@5 : 0.0706    hit@10 : 0.1149    hit@20 : 0.1898    hit@50 : 0.3352    ndcg@5 : 0.0478    ndcg@10 : 0.062    ndcg@20 : 0.0809    ndcg@50 : 0.1095    recall@5 : 0.0706    recall@10 : 0.1149    recall@20 : 0.1898    recall@50 : 0.3352
27 Sep 15:52    INFO  epoch 42 training [time: 12.70s, train loss: 3135.8620]
27 Sep 15:52    INFO  epoch 42 evaluating [time: 0.46s, valid_score: 0.062800]
27 Sep 15:52    INFO  valid result: 
hit@5 : 0.0695    hit@10 : 0.1165    hit@20 : 0.1881    hit@50 : 0.3363    ndcg@5 : 0.0477    ndcg@10 : 0.0628    ndcg@20 : 0.0808    ndcg@50 : 0.11    recall@5 : 0.0695    recall@10 : 0.1165    recall@20 : 0.1881    recall@50 : 0.3363
27 Sep 15:52    INFO  epoch 43 training [time: 12.72s, train loss: 3134.8486]
27 Sep 15:52    INFO  epoch 43 evaluating [time: 0.45s, valid_score: 0.062300]
27 Sep 15:52    INFO  valid result: 
hit@5 : 0.0701    hit@10 : 0.1159    hit@20 : 0.1873    hit@50 : 0.3356    ndcg@5 : 0.0476    ndcg@10 : 0.0623    ndcg@20 : 0.0802    ndcg@50 : 0.1094    recall@5 : 0.0701    recall@10 : 0.1159    recall@20 : 0.1873    recall@50 : 0.3356
27 Sep 15:52    INFO  epoch 44 training [time: 12.70s, train loss: 3134.2321]
27 Sep 15:52    INFO  epoch 44 evaluating [time: 0.46s, valid_score: 0.062000]
27 Sep 15:52    INFO  valid result: 
hit@5 : 0.0694    hit@10 : 0.1164    hit@20 : 0.1898    hit@50 : 0.3364    ndcg@5 : 0.047    ndcg@10 : 0.062    ndcg@20 : 0.0804    ndcg@50 : 0.1093    recall@5 : 0.0694    recall@10 : 0.1164    recall@20 : 0.1898    recall@50 : 0.3364
27 Sep 15:52    INFO  epoch 45 training [time: 12.74s, train loss: 3133.3599]
27 Sep 15:52    INFO  epoch 45 evaluating [time: 0.45s, valid_score: 0.062500]
27 Sep 15:52    INFO  valid result: 
hit@5 : 0.0701    hit@10 : 0.116    hit@20 : 0.1884    hit@50 : 0.336    ndcg@5 : 0.0478    ndcg@10 : 0.0625    ndcg@20 : 0.0806    ndcg@50 : 0.1098    recall@5 : 0.0701    recall@10 : 0.116    recall@20 : 0.1884    recall@50 : 0.336
27 Sep 15:52    INFO  epoch 46 training [time: 12.76s, train loss: 3132.3783]
27 Sep 15:52    INFO  epoch 46 evaluating [time: 0.45s, valid_score: 0.062100]
27 Sep 15:52    INFO  valid result: 
hit@5 : 0.0705    hit@10 : 0.1155    hit@20 : 0.1901    hit@50 : 0.3373    ndcg@5 : 0.0477    ndcg@10 : 0.0621    ndcg@20 : 0.0809    ndcg@50 : 0.1099    recall@5 : 0.0705    recall@10 : 0.1155    recall@20 : 0.1901    recall@50 : 0.3373
27 Sep 15:53    INFO  epoch 47 training [time: 12.70s, train loss: 3131.9361]
27 Sep 15:53    INFO  epoch 47 evaluating [time: 0.46s, valid_score: 0.062600]
27 Sep 15:53    INFO  valid result: 
hit@5 : 0.0705    hit@10 : 0.1171    hit@20 : 0.1916    hit@50 : 0.3369    ndcg@5 : 0.0476    ndcg@10 : 0.0626    ndcg@20 : 0.0812    ndcg@50 : 0.1099    recall@5 : 0.0705    recall@10 : 0.1171    recall@20 : 0.1916    recall@50 : 0.3369
27 Sep 15:53    INFO  epoch 48 training [time: 12.72s, train loss: 3130.8625]
27 Sep 15:53    INFO  epoch 48 evaluating [time: 0.49s, valid_score: 0.061800]
27 Sep 15:53    INFO  valid result: 
hit@5 : 0.0688    hit@10 : 0.1154    hit@20 : 0.1887    hit@50 : 0.3344    ndcg@5 : 0.0469    ndcg@10 : 0.0618    ndcg@20 : 0.0802    ndcg@50 : 0.109    recall@5 : 0.0688    recall@10 : 0.1154    recall@20 : 0.1887    recall@50 : 0.3344
27 Sep 15:53    INFO  epoch 49 training [time: 12.71s, train loss: 3130.2637]
27 Sep 15:53    INFO  epoch 49 evaluating [time: 0.47s, valid_score: 0.062000]
27 Sep 15:53    INFO  valid result: 
hit@5 : 0.0698    hit@10 : 0.1144    hit@20 : 0.1892    hit@50 : 0.3376    ndcg@5 : 0.0477    ndcg@10 : 0.062    ndcg@20 : 0.0808    ndcg@50 : 0.1101    recall@5 : 0.0698    recall@10 : 0.1144    recall@20 : 0.1892    recall@50 : 0.3376
27 Sep 15:53    INFO  epoch 50 training [time: 12.71s, train loss: 3129.2911]
27 Sep 15:53    INFO  epoch 50 evaluating [time: 0.46s, valid_score: 0.062900]
27 Sep 15:53    INFO  valid result: 
hit@5 : 0.0705    hit@10 : 0.1168    hit@20 : 0.1892    hit@50 : 0.3395    ndcg@5 : 0.048    ndcg@10 : 0.0629    ndcg@20 : 0.081    ndcg@50 : 0.1107    recall@5 : 0.0705    recall@10 : 0.1168    recall@20 : 0.1892    recall@50 : 0.3395
27 Sep 15:54    INFO  epoch 51 training [time: 12.71s, train loss: 3128.7983]
27 Sep 15:54    INFO  epoch 51 evaluating [time: 0.46s, valid_score: 0.062200]
27 Sep 15:54    INFO  valid result: 
hit@5 : 0.0697    hit@10 : 0.1159    hit@20 : 0.1879    hit@50 : 0.3373    ndcg@5 : 0.0474    ndcg@10 : 0.0622    ndcg@20 : 0.0803    ndcg@50 : 0.1097    recall@5 : 0.0697    recall@10 : 0.1159    recall@20 : 0.1879    recall@50 : 0.3373
27 Sep 15:54    INFO  epoch 52 training [time: 12.71s, train loss: 3128.1454]
27 Sep 15:54    INFO  epoch 52 evaluating [time: 0.45s, valid_score: 0.062000]
27 Sep 15:54    INFO  valid result: 
hit@5 : 0.0692    hit@10 : 0.1166    hit@20 : 0.1898    hit@50 : 0.3366    ndcg@5 : 0.0468    ndcg@10 : 0.062    ndcg@20 : 0.0804    ndcg@50 : 0.1093    recall@5 : 0.0692    recall@10 : 0.1166    recall@20 : 0.1898    recall@50 : 0.3366
27 Sep 15:54    INFO  epoch 53 training [time: 12.71s, train loss: 3127.6445]
27 Sep 15:54    INFO  epoch 53 evaluating [time: 0.46s, valid_score: 0.062100]
27 Sep 15:54    INFO  valid result: 
hit@5 : 0.0705    hit@10 : 0.1155    hit@20 : 0.189    hit@50 : 0.3375    ndcg@5 : 0.0477    ndcg@10 : 0.0621    ndcg@20 : 0.0806    ndcg@50 : 0.1099    recall@5 : 0.0705    recall@10 : 0.1155    recall@20 : 0.189    recall@50 : 0.3375
27 Sep 15:54    INFO  epoch 54 training [time: 12.72s, train loss: 3126.7512]
27 Sep 15:54    INFO  epoch 54 evaluating [time: 0.44s, valid_score: 0.062700]
27 Sep 15:54    INFO  valid result: 
hit@5 : 0.0707    hit@10 : 0.1167    hit@20 : 0.1909    hit@50 : 0.3384    ndcg@5 : 0.048    ndcg@10 : 0.0627    ndcg@20 : 0.0813    ndcg@50 : 0.1104    recall@5 : 0.0707    recall@10 : 0.1167    recall@20 : 0.1909    recall@50 : 0.3384
27 Sep 15:54    INFO  epoch 55 training [time: 12.71s, train loss: 3126.4022]
27 Sep 15:54    INFO  epoch 55 evaluating [time: 0.48s, valid_score: 0.062500]
27 Sep 15:54    INFO  valid result: 
hit@5 : 0.0699    hit@10 : 0.1167    hit@20 : 0.1881    hit@50 : 0.3376    ndcg@5 : 0.0475    ndcg@10 : 0.0625    ndcg@20 : 0.0804    ndcg@50 : 0.1099    recall@5 : 0.0699    recall@10 : 0.1167    recall@20 : 0.1881    recall@50 : 0.3376
27 Sep 15:55    INFO  epoch 56 training [time: 12.71s, train loss: 3125.4169]
27 Sep 15:55    INFO  epoch 56 evaluating [time: 0.47s, valid_score: 0.062600]
27 Sep 15:55    INFO  valid result: 
hit@5 : 0.0705    hit@10 : 0.1163    hit@20 : 0.189    hit@50 : 0.3376    ndcg@5 : 0.0479    ndcg@10 : 0.0626    ndcg@20 : 0.0809    ndcg@50 : 0.1102    recall@5 : 0.0705    recall@10 : 0.1163    recall@20 : 0.189    recall@50 : 0.3376
27 Sep 15:55    INFO  epoch 57 training [time: 12.71s, train loss: 3124.7435]
27 Sep 15:55    INFO  epoch 57 evaluating [time: 0.47s, valid_score: 0.062300]
27 Sep 15:55    INFO  valid result: 
hit@5 : 0.0714    hit@10 : 0.1154    hit@20 : 0.19    hit@50 : 0.3379    ndcg@5 : 0.0482    ndcg@10 : 0.0623    ndcg@20 : 0.081    ndcg@50 : 0.1102    recall@5 : 0.0714    recall@10 : 0.1154    recall@20 : 0.19    recall@50 : 0.3379
27 Sep 15:55    INFO  epoch 58 training [time: 12.70s, train loss: 3123.9344]
27 Sep 15:55    INFO  epoch 58 evaluating [time: 0.47s, valid_score: 0.063000]
27 Sep 15:55    INFO  valid result: 
hit@5 : 0.0704    hit@10 : 0.1167    hit@20 : 0.1919    hit@50 : 0.3402    ndcg@5 : 0.0482    ndcg@10 : 0.063    ndcg@20 : 0.0819    ndcg@50 : 0.1111    recall@5 : 0.0704    recall@10 : 0.1167    recall@20 : 0.1919    recall@50 : 0.3402
27 Sep 15:55    INFO  epoch 59 training [time: 12.75s, train loss: 3123.7416]
27 Sep 15:55    INFO  epoch 59 evaluating [time: 0.46s, valid_score: 0.061300]
27 Sep 15:55    INFO  valid result: 
hit@5 : 0.0688    hit@10 : 0.1136    hit@20 : 0.1901    hit@50 : 0.3374    ndcg@5 : 0.0469    ndcg@10 : 0.0613    ndcg@20 : 0.0805    ndcg@50 : 0.1095    recall@5 : 0.0688    recall@10 : 0.1136    recall@20 : 0.1901    recall@50 : 0.3374
27 Sep 15:56    INFO  epoch 60 training [time: 12.70s, train loss: 3123.3615]
27 Sep 15:56    INFO  epoch 60 evaluating [time: 0.47s, valid_score: 0.063300]
27 Sep 15:56    INFO  valid result: 
hit@5 : 0.0704    hit@10 : 0.1171    hit@20 : 0.1946    hit@50 : 0.3409    ndcg@5 : 0.0483    ndcg@10 : 0.0633    ndcg@20 : 0.0827    ndcg@50 : 0.1115    recall@5 : 0.0704    recall@10 : 0.1171    recall@20 : 0.1946    recall@50 : 0.3409
27 Sep 15:56    INFO  epoch 61 training [time: 12.71s, train loss: 3122.4692]
27 Sep 15:56    INFO  epoch 61 evaluating [time: 0.45s, valid_score: 0.063500]
27 Sep 15:56    INFO  valid result: 
hit@5 : 0.0722    hit@10 : 0.1186    hit@20 : 0.191    hit@50 : 0.3374    ndcg@5 : 0.0487    ndcg@10 : 0.0635    ndcg@20 : 0.0816    ndcg@50 : 0.1106    recall@5 : 0.0722    recall@10 : 0.1186    recall@20 : 0.191    recall@50 : 0.3374
27 Sep 15:56    INFO  epoch 62 training [time: 12.72s, train loss: 3121.8860]
27 Sep 15:56    INFO  epoch 62 evaluating [time: 0.48s, valid_score: 0.062200]
27 Sep 15:56    INFO  valid result: 
hit@5 : 0.0706    hit@10 : 0.1169    hit@20 : 0.1906    hit@50 : 0.3394    ndcg@5 : 0.0474    ndcg@10 : 0.0622    ndcg@20 : 0.0807    ndcg@50 : 0.1101    recall@5 : 0.0706    recall@10 : 0.1169    recall@20 : 0.1906    recall@50 : 0.3394
27 Sep 15:56    INFO  epoch 63 training [time: 12.70s, train loss: 3121.2257]
27 Sep 15:56    INFO  epoch 63 evaluating [time: 0.48s, valid_score: 0.062700]
27 Sep 15:56    INFO  valid result: 
hit@5 : 0.0708    hit@10 : 0.1155    hit@20 : 0.1908    hit@50 : 0.3386    ndcg@5 : 0.0484    ndcg@10 : 0.0627    ndcg@20 : 0.0815    ndcg@50 : 0.1107    recall@5 : 0.0708    recall@10 : 0.1155    recall@20 : 0.1908    recall@50 : 0.3386
27 Sep 15:56    INFO  epoch 64 training [time: 12.70s, train loss: 3120.6641]
27 Sep 15:56    INFO  epoch 64 evaluating [time: 0.46s, valid_score: 0.062900]
27 Sep 15:56    INFO  valid result: 
hit@5 : 0.0714    hit@10 : 0.1167    hit@20 : 0.1919    hit@50 : 0.3393    ndcg@5 : 0.0484    ndcg@10 : 0.0629    ndcg@20 : 0.0818    ndcg@50 : 0.1109    recall@5 : 0.0714    recall@10 : 0.1167    recall@20 : 0.1919    recall@50 : 0.3393
27 Sep 15:57    INFO  epoch 65 training [time: 12.72s, train loss: 3120.2631]
27 Sep 15:57    INFO  epoch 65 evaluating [time: 0.46s, valid_score: 0.062400]
27 Sep 15:57    INFO  valid result: 
hit@5 : 0.0707    hit@10 : 0.1159    hit@20 : 0.1892    hit@50 : 0.3381    ndcg@5 : 0.0478    ndcg@10 : 0.0624    ndcg@20 : 0.0807    ndcg@50 : 0.1102    recall@5 : 0.0707    recall@10 : 0.1159    recall@20 : 0.1892    recall@50 : 0.3381
27 Sep 15:57    INFO  epoch 66 training [time: 12.71s, train loss: 3119.2800]
27 Sep 15:57    INFO  epoch 66 evaluating [time: 0.47s, valid_score: 0.061700]
27 Sep 15:57    INFO  valid result: 
hit@5 : 0.0708    hit@10 : 0.1144    hit@20 : 0.1892    hit@50 : 0.3372    ndcg@5 : 0.0477    ndcg@10 : 0.0617    ndcg@20 : 0.0805    ndcg@50 : 0.1097    recall@5 : 0.0708    recall@10 : 0.1144    recall@20 : 0.1892    recall@50 : 0.3372
27 Sep 15:57    INFO  epoch 67 training [time: 12.73s, train loss: 3119.6595]
27 Sep 15:57    INFO  epoch 67 evaluating [time: 0.46s, valid_score: 0.062800]
27 Sep 15:57    INFO  valid result: 
hit@5 : 0.0699    hit@10 : 0.118    hit@20 : 0.1906    hit@50 : 0.3388    ndcg@5 : 0.0474    ndcg@10 : 0.0628    ndcg@20 : 0.081    ndcg@50 : 0.1103    recall@5 : 0.0699    recall@10 : 0.118    recall@20 : 0.1906    recall@50 : 0.3388
27 Sep 15:57    INFO  epoch 68 training [time: 12.71s, train loss: 3118.7563]
27 Sep 15:57    INFO  epoch 68 evaluating [time: 0.46s, valid_score: 0.062200]
27 Sep 15:57    INFO  valid result: 
hit@5 : 0.0708    hit@10 : 0.1149    hit@20 : 0.1919    hit@50 : 0.3386    ndcg@5 : 0.0481    ndcg@10 : 0.0622    ndcg@20 : 0.0816    ndcg@50 : 0.1105    recall@5 : 0.0708    recall@10 : 0.1149    recall@20 : 0.1919    recall@50 : 0.3386
27 Sep 15:58    INFO  epoch 69 training [time: 12.72s, train loss: 3117.9705]
27 Sep 15:58    INFO  epoch 69 evaluating [time: 0.45s, valid_score: 0.063000]
27 Sep 15:58    INFO  valid result: 
hit@5 : 0.0708    hit@10 : 0.1172    hit@20 : 0.1909    hit@50 : 0.3429    ndcg@5 : 0.0481    ndcg@10 : 0.063    ndcg@20 : 0.0815    ndcg@50 : 0.1115    recall@5 : 0.0708    recall@10 : 0.1172    recall@20 : 0.1909    recall@50 : 0.3429
27 Sep 15:58    INFO  epoch 70 training [time: 12.73s, train loss: 3117.7630]
27 Sep 15:58    INFO  epoch 70 evaluating [time: 0.48s, valid_score: 0.062700]
27 Sep 15:58    INFO  valid result: 
hit@5 : 0.0706    hit@10 : 0.1177    hit@20 : 0.1917    hit@50 : 0.3409    ndcg@5 : 0.0476    ndcg@10 : 0.0627    ndcg@20 : 0.0812    ndcg@50 : 0.1107    recall@5 : 0.0706    recall@10 : 0.1177    recall@20 : 0.1917    recall@50 : 0.3409
27 Sep 15:58    INFO  epoch 71 training [time: 12.74s, train loss: 3117.4159]
27 Sep 15:58    INFO  epoch 71 evaluating [time: 0.48s, valid_score: 0.063000]
27 Sep 15:58    INFO  valid result: 
hit@5 : 0.0719    hit@10 : 0.1172    hit@20 : 0.1924    hit@50 : 0.3386    ndcg@5 : 0.0485    ndcg@10 : 0.063    ndcg@20 : 0.0819    ndcg@50 : 0.1108    recall@5 : 0.0719    recall@10 : 0.1172    recall@20 : 0.1924    recall@50 : 0.3386
27 Sep 15:58    INFO  epoch 72 training [time: 12.71s, train loss: 3116.6575]
27 Sep 15:58    INFO  epoch 72 evaluating [time: 0.48s, valid_score: 0.062500]
27 Sep 15:58    INFO  valid result: 
hit@5 : 0.0707    hit@10 : 0.1167    hit@20 : 0.1931    hit@50 : 0.3398    ndcg@5 : 0.0478    ndcg@10 : 0.0625    ndcg@20 : 0.0817    ndcg@50 : 0.1106    recall@5 : 0.0707    recall@10 : 0.1167    recall@20 : 0.1931    recall@50 : 0.3398
27 Sep 15:58    INFO  Finished training, best eval result in epoch 61
