2026-09-28 15:09:48  [TileLang:tilelang.jit.kernel:INFO]: TileLang begins to compile kernel `mamba_mimo_fwd_kernel` with `out_idx=[]`
2026-09-28 15:10:09  [TileLang:tilelang.jit.kernel:INFO]: TileLang completes to compile kernel `mamba_mimo_fwd_kernel`
2026-09-28 15:10:13  [TileLang:tilelang.jit.kernel:INFO]: TileLang begins to compile kernel `mamba_mimo_bwd_fwd_kernel` with `out_idx=[]`
2026-09-28 15:10:35  [TileLang:tilelang.jit.kernel:INFO]: TileLang completes to compile kernel `mamba_mimo_bwd_fwd_kernel`
2026-09-28 15:10:38  [TileLang:tilelang.jit.kernel:INFO]: TileLang begins to compile kernel `mamba_mimo_bwd_bwd_kernel` with `out_idx=[]`
2026-09-28 15:11:39  [TileLang:tilelang.jit.kernel:INFO]: TileLang completes to compile kernel `mamba_mimo_bwd_bwd_kernel`
2026-09-28 15:11:55  [TileLang:tilelang.jit.kernel:INFO]: TileLang begins to compile kernel `mamba_mimo_fwd_kernel` with `out_idx=[]`
2026-09-28 15:12:09  [TileLang:tilelang.jit.kernel:INFO]: TileLang completes to compile kernel `mamba_mimo_fwd_kernel`
2026-09-28 15:12:11  [TileLang:tilelang.jit.kernel:INFO]: TileLang begins to compile kernel `mamba_mimo_bwd_fwd_kernel` with `out_idx=[]`
2026-09-28 15:12:34  [TileLang:tilelang.jit.kernel:INFO]: TileLang completes to compile kernel `mamba_mimo_bwd_fwd_kernel`
2026-09-28 15:12:37  [TileLang:tilelang.jit.kernel:INFO]: TileLang begins to compile kernel `mamba_mimo_bwd_bwd_kernel` with `out_idx=[]`
2026-09-28 15:13:35  [TileLang:tilelang.jit.kernel:INFO]: TileLang completes to compile kernel `mamba_mimo_bwd_bwd_kernel`
2026-09-28 15:13:40  [TileLang:tilelang.jit.kernel:INFO]: TileLang begins to compile kernel `mamba_mimo_fwd_kernel` with `out_idx=[]`
2026-09-28 15:13:55  [TileLang:tilelang.jit.kernel:INFO]: TileLang completes to compile kernel `mamba_mimo_fwd_kernel`
2026-09-28 15:13:57  [TileLang:tilelang.jit.kernel:INFO]: TileLang begins to compile kernel `mamba_mimo_bwd_fwd_kernel` with `out_idx=[]`
2026-09-28 15:14:19  [TileLang:tilelang.jit.kernel:INFO]: TileLang completes to compile kernel `mamba_mimo_bwd_fwd_kernel`
2026-09-28 15:14:22  [TileLang:tilelang.jit.kernel:INFO]: TileLang begins to compile kernel `mamba_mimo_bwd_bwd_kernel` with `out_idx=[]`
2026-09-28 15:15:23  [TileLang:tilelang.jit.kernel:INFO]: TileLang completes to compile kernel `mamba_mimo_bwd_bwd_kernel`
2026-09-28 15:15:27  [TileLang:tilelang.jit.kernel:INFO]: TileLang begins to compile kernel `mamba_mimo_fwd_kernel` with `out_idx=[]`
2026-09-28 15:15:42  [TileLang:tilelang.jit.kernel:INFO]: TileLang completes to compile kernel `mamba_mimo_fwd_kernel`
2026-09-28 15:15:44  [TileLang:tilelang.jit.kernel:INFO]: TileLang begins to compile kernel `mamba_mimo_bwd_fwd_kernel` with `out_idx=[]`
2026-09-28 15:16:06  [TileLang:tilelang.jit.kernel:INFO]: TileLang completes to compile kernel `mamba_mimo_bwd_fwd_kernel`
2026-09-28 15:16:09  [TileLang:tilelang.jit.kernel:INFO]: TileLang begins to compile kernel `mamba_mimo_bwd_bwd_kernel` with `out_idx=[]`
2026-09-28 15:17:09  [TileLang:tilelang.jit.kernel:INFO]: TileLang completes to compile kernel `mamba_mimo_bwd_bwd_kernel`
2026-09-28 15:17:14  [TileLang:tilelang.jit.kernel:INFO]: TileLang begins to compile kernel `mamba_mimo_fwd_kernel` with `out_idx=[]`
2026-09-28 15:17:29  [TileLang:tilelang.jit.kernel:INFO]: TileLang completes to compile kernel `mamba_mimo_fwd_kernel`
2026-09-28 15:17:31  [TileLang:tilelang.jit.kernel:INFO]: TileLang begins to compile kernel `mamba_mimo_bwd_fwd_kernel` with `out_idx=[]`
2026-09-28 15:17:53  [TileLang:tilelang.jit.kernel:INFO]: TileLang completes to compile kernel `mamba_mimo_bwd_fwd_kernel`
2026-09-28 15:17:56  [TileLang:tilelang.jit.kernel:INFO]: TileLang begins to compile kernel `mamba_mimo_bwd_bwd_kernel` with `out_idx=[]`
2026-09-28 15:18:56  [TileLang:tilelang.jit.kernel:INFO]: TileLang completes to compile kernel `mamba_mimo_bwd_bwd_kernel`
2026-09-28 15:19:05  [TileLang:tilelang.jit.kernel:INFO]: TileLang begins to compile kernel `mamba_mimo_fwd_kernel` with `out_idx=[]`
2026-09-28 15:19:20  [TileLang:tilelang.jit.kernel:INFO]: TileLang completes to compile kernel `mamba_mimo_fwd_kernel`
2026-09-28 15:19:23  [TileLang:tilelang.jit.kernel:INFO]: TileLang begins to compile kernel `mamba_mimo_bwd_fwd_kernel` with `out_idx=[]`
2026-09-28 15:19:46  [TileLang:tilelang.jit.kernel:INFO]: TileLang completes to compile kernel `mamba_mimo_bwd_fwd_kernel`
2026-09-28 15:19:49  [TileLang:tilelang.jit.kernel:INFO]: TileLang begins to compile kernel `mamba_mimo_bwd_bwd_kernel` with `out_idx=[]`
2026-09-28 15:20:49  [TileLang:tilelang.jit.kernel:INFO]: TileLang completes to compile kernel `mamba_mimo_bwd_bwd_kernel`
2026-09-28 15:20:55  [TileLang:tilelang.jit.kernel:INFO]: TileLang begins to compile kernel `mamba_mimo_fwd_kernel` with `out_idx=[]`
2026-09-28 15:21:09  [TileLang:tilelang.jit.kernel:INFO]: TileLang completes to compile kernel `mamba_mimo_fwd_kernel`
2026-09-28 15:21:11  [TileLang:tilelang.jit.kernel:INFO]: TileLang begins to compile kernel `mamba_mimo_bwd_fwd_kernel` with `out_idx=[]`
2026-09-28 15:21:34  [TileLang:tilelang.jit.kernel:INFO]: TileLang completes to compile kernel `mamba_mimo_bwd_fwd_kernel`
2026-09-28 15:21:36  [TileLang:tilelang.jit.kernel:INFO]: TileLang begins to compile kernel `mamba_mimo_bwd_bwd_kernel` with `out_idx=[]`
2026-09-28 15:22:37  [TileLang:tilelang.jit.kernel:INFO]: TileLang completes to compile kernel `mamba_mimo_bwd_bwd_kernel`
2026-09-28 15:23:26  [TileLang:tilelang.jit.kernel:INFO]: TileLang begins to compile kernel `mamba_mimo_fwd_kernel` with `out_idx=[]`
2026-09-28 15:23:41  [TileLang:tilelang.jit.kernel:INFO]: TileLang completes to compile kernel `mamba_mimo_fwd_kernel`
2026-09-28 15:23:43  [TileLang:tilelang.jit.kernel:INFO]: TileLang begins to compile kernel `mamba_mimo_bwd_fwd_kernel` with `out_idx=[]`
2026-09-28 15:24:05  [TileLang:tilelang.jit.kernel:INFO]: TileLang completes to compile kernel `mamba_mimo_bwd_fwd_kernel`
2026-09-28 15:24:08  [TileLang:tilelang.jit.kernel:INFO]: TileLang begins to compile kernel `mamba_mimo_bwd_bwd_kernel` with `out_idx=[]`
2026-09-28 15:25:07  [TileLang:tilelang.jit.kernel:INFO]: TileLang completes to compile kernel `mamba_mimo_bwd_bwd_kernel`
