command line args [--mode triple --seed 2028] will not be used in RecBole
command line args [--mode triple --seed 2028] will not be used in RecBole
/home/daryumin/iberdov/diplom/envs/mamba3/lib/python3.10/site-packages/recbole/data/dataset/dataset.py:648: FutureWarning: A value is trying to be set on a copy of a DataFrame or Series through chained assignment using an inplace method.
The behavior will change in pandas 3.0. This inplace method will never work because the intermediate object on which we are setting values always behaves as a copy.

For example, when doing 'df[col].method(value, inplace=True)', try using 'df.method({col: value}, inplace=True)' or df[col] = df[col].method(value) instead, to perform the operation inplace on the original object.


  feat[field].fillna(value=0, inplace=True)
/home/daryumin/iberdov/diplom/envs/mamba3/lib/python3.10/site-packages/recbole/data/dataset/dataset.py:650: FutureWarning: A value is trying to be set on a copy of a DataFrame or Series through chained assignment using an inplace method.
The behavior will change in pandas 3.0. This inplace method will never work because the intermediate object on which we are setting values always behaves as a copy.

For example, when doing 'df[col].method(value, inplace=True)', try using 'df.method({col: value}, inplace=True)' or df[col] = df[col].method(value) instead, to perform the operation inplace on the original object.


  feat[field].fillna(value=feat[field].mean(), inplace=True)
/home/daryumin/iberdov/diplom/envs/mamba3/lib/python3.10/site-packages/recbole/trainer/trainer.py:235: FutureWarning: `torch.cuda.amp.GradScaler(args...)` is deprecated. Please use `torch.amp.GradScaler('cuda', args...)` instead.
  scaler = amp.GradScaler(enabled=self.enable_scaler)
28 Sep 18:59    INFO  epoch 0 training [time: 30.47s, train loss: 3901.6638]
28 Sep 18:59    INFO  epoch 0 evaluating [time: 1.07s, valid_score: 0.043200]
28 Sep 18:59    INFO  valid result: 
hit@5 : 0.0488    hit@10 : 0.0778    hit@20 : 0.1223    hit@50 : 0.2205    ndcg@5 : 0.034    ndcg@10 : 0.0432    ndcg@20 : 0.0544    ndcg@50 : 0.0737    recall@5 : 0.0488    recall@10 : 0.0778    recall@20 : 0.1223    recall@50 : 0.2205
/home/daryumin/iberdov/diplom/envs/mamba3/lib/python3.10/site-packages/recbole/trainer/trainer.py:235: FutureWarning: `torch.cuda.amp.GradScaler(args...)` is deprecated. Please use `torch.amp.GradScaler('cuda', args...)` instead.
  scaler = amp.GradScaler(enabled=self.enable_scaler)
28 Sep 19:00    INFO  epoch 1 training [time: 21.32s, train loss: 3496.3109]
28 Sep 19:00    INFO  epoch 1 evaluating [time: 0.47s, valid_score: 0.050000]
28 Sep 19:00    INFO  valid result: 
hit@5 : 0.0567    hit@10 : 0.0904    hit@20 : 0.1422    hit@50 : 0.2574    ndcg@5 : 0.0392    ndcg@10 : 0.05    ndcg@20 : 0.063    ndcg@50 : 0.0856    recall@5 : 0.0567    recall@10 : 0.0904    recall@20 : 0.1422    recall@50 : 0.2574
28 Sep 19:00    INFO  epoch 2 training [time: 21.28s, train loss: 3391.2420]
28 Sep 19:00    INFO  epoch 2 evaluating [time: 0.46s, valid_score: 0.054500]
28 Sep 19:00    INFO  valid result: 
hit@5 : 0.0612    hit@10 : 0.0994    hit@20 : 0.1579    hit@50 : 0.277    ndcg@5 : 0.0422    ndcg@10 : 0.0545    ndcg@20 : 0.0692    ndcg@50 : 0.0927    recall@5 : 0.0612    recall@10 : 0.0994    recall@20 : 0.1579    recall@50 : 0.277
28 Sep 19:00    INFO  epoch 3 training [time: 21.31s, train loss: 3338.8160]
28 Sep 19:00    INFO  epoch 3 evaluating [time: 0.46s, valid_score: 0.057100]
28 Sep 19:00    INFO  valid result: 
hit@5 : 0.066    hit@10 : 0.1026    hit@20 : 0.1643    hit@50 : 0.2895    ndcg@5 : 0.0453    ndcg@10 : 0.0571    ndcg@20 : 0.0725    ndcg@50 : 0.0972    recall@5 : 0.066    recall@10 : 0.1026    recall@20 : 0.1643    recall@50 : 0.2895
28 Sep 19:01    INFO  epoch 4 training [time: 21.30s, train loss: 3301.8583]
28 Sep 19:01    INFO  epoch 4 evaluating [time: 0.47s, valid_score: 0.057900]
28 Sep 19:01    INFO  valid result: 
hit@5 : 0.0666    hit@10 : 0.1051    hit@20 : 0.1701    hit@50 : 0.3036    ndcg@5 : 0.0456    ndcg@10 : 0.0579    ndcg@20 : 0.0742    ndcg@50 : 0.1006    recall@5 : 0.0666    recall@10 : 0.1051    recall@20 : 0.1701    recall@50 : 0.3036
28 Sep 19:01    INFO  epoch 5 training [time: 21.29s, train loss: 3275.1322]
28 Sep 19:01    INFO  epoch 5 evaluating [time: 0.47s, valid_score: 0.057300]
28 Sep 19:01    INFO  valid result: 
hit@5 : 0.0652    hit@10 : 0.104    hit@20 : 0.1697    hit@50 : 0.3052    ndcg@5 : 0.0449    ndcg@10 : 0.0573    ndcg@20 : 0.0738    ndcg@50 : 0.1005    recall@5 : 0.0652    recall@10 : 0.104    recall@20 : 0.1697    recall@50 : 0.3052
28 Sep 19:02    INFO  epoch 6 training [time: 21.45s, train loss: 3255.4472]
28 Sep 19:02    INFO  epoch 6 evaluating [time: 0.51s, valid_score: 0.059200]
28 Sep 19:02    INFO  valid result: 
hit@5 : 0.0665    hit@10 : 0.1071    hit@20 : 0.173    hit@50 : 0.3111    ndcg@5 : 0.0462    ndcg@10 : 0.0592    ndcg@20 : 0.0758    ndcg@50 : 0.103    recall@5 : 0.0665    recall@10 : 0.1071    recall@20 : 0.173    recall@50 : 0.3111
28 Sep 19:02    INFO  epoch 7 training [time: 21.58s, train loss: 3240.1273]
28 Sep 19:02    INFO  epoch 7 evaluating [time: 0.50s, valid_score: 0.058600]
28 Sep 19:02    INFO  valid result: 
hit@5 : 0.065    hit@10 : 0.1076    hit@20 : 0.1733    hit@50 : 0.3125    ndcg@5 : 0.045    ndcg@10 : 0.0586    ndcg@20 : 0.0751    ndcg@50 : 0.1025    recall@5 : 0.065    recall@10 : 0.1076    recall@20 : 0.1733    recall@50 : 0.3125
28 Sep 19:02    INFO  epoch 8 training [time: 21.58s, train loss: 3228.7074]
28 Sep 19:02    INFO  epoch 8 evaluating [time: 0.50s, valid_score: 0.060200]
28 Sep 19:02    INFO  valid result: 
hit@5 : 0.0671    hit@10 : 0.1111    hit@20 : 0.1776    hit@50 : 0.3178    ndcg@5 : 0.0461    ndcg@10 : 0.0602    ndcg@20 : 0.0769    ndcg@50 : 0.1045    recall@5 : 0.0671    recall@10 : 0.1111    recall@20 : 0.1776    recall@50 : 0.3178
28 Sep 19:03    INFO  epoch 9 training [time: 21.56s, train loss: 3219.0769]
28 Sep 19:03    INFO  epoch 9 evaluating [time: 0.54s, valid_score: 0.060100]
28 Sep 19:03    INFO  valid result: 
hit@5 : 0.068    hit@10 : 0.111    hit@20 : 0.1805    hit@50 : 0.3199    ndcg@5 : 0.0463    ndcg@10 : 0.0601    ndcg@20 : 0.0777    ndcg@50 : 0.1051    recall@5 : 0.068    recall@10 : 0.111    recall@20 : 0.1805    recall@50 : 0.3199
28 Sep 19:03    INFO  epoch 10 training [time: 21.57s, train loss: 3211.2223]
28 Sep 19:03    INFO  epoch 10 evaluating [time: 0.51s, valid_score: 0.060200]
28 Sep 19:03    INFO  valid result: 
hit@5 : 0.0675    hit@10 : 0.1099    hit@20 : 0.178    hit@50 : 0.3184    ndcg@5 : 0.0465    ndcg@10 : 0.0602    ndcg@20 : 0.0774    ndcg@50 : 0.1051    recall@5 : 0.0675    recall@10 : 0.1099    recall@20 : 0.178    recall@50 : 0.3184
28 Sep 19:03    INFO  epoch 11 training [time: 21.59s, train loss: 3203.7514]
28 Sep 19:03    INFO  epoch 11 evaluating [time: 0.70s, valid_score: 0.060100]
28 Sep 19:03    INFO  valid result: 
hit@5 : 0.067    hit@10 : 0.1111    hit@20 : 0.1782    hit@50 : 0.3225    ndcg@5 : 0.046    ndcg@10 : 0.0601    ndcg@20 : 0.077    ndcg@50 : 0.1055    recall@5 : 0.067    recall@10 : 0.1111    recall@20 : 0.1782    recall@50 : 0.3225
28 Sep 19:04    INFO  epoch 12 training [time: 21.54s, train loss: 3197.9781]
28 Sep 19:04    INFO  epoch 12 evaluating [time: 0.50s, valid_score: 0.060200]
28 Sep 19:04    INFO  valid result: 
hit@5 : 0.0686    hit@10 : 0.111    hit@20 : 0.1822    hit@50 : 0.3235    ndcg@5 : 0.0466    ndcg@10 : 0.0602    ndcg@20 : 0.0781    ndcg@50 : 0.106    recall@5 : 0.0686    recall@10 : 0.111    recall@20 : 0.1822    recall@50 : 0.3235
28 Sep 19:04    INFO  epoch 13 training [time: 21.51s, train loss: 3193.0724]
28 Sep 19:04    INFO  epoch 13 evaluating [time: 0.50s, valid_score: 0.059800]
28 Sep 19:04    INFO  valid result: 
hit@5 : 0.0675    hit@10 : 0.11    hit@20 : 0.1798    hit@50 : 0.3249    ndcg@5 : 0.0462    ndcg@10 : 0.0598    ndcg@20 : 0.0773    ndcg@50 : 0.1059    recall@5 : 0.0675    recall@10 : 0.11    recall@20 : 0.1798    recall@50 : 0.3249
28 Sep 19:05    INFO  epoch 14 training [time: 21.53s, train loss: 3187.8136]
28 Sep 19:05    INFO  epoch 14 evaluating [time: 0.54s, valid_score: 0.061400]
28 Sep 19:05    INFO  valid result: 
hit@5 : 0.0671    hit@10 : 0.1141    hit@20 : 0.182    hit@50 : 0.3275    ndcg@5 : 0.0464    ndcg@10 : 0.0614    ndcg@20 : 0.0784    ndcg@50 : 0.107    recall@5 : 0.0671    recall@10 : 0.1141    recall@20 : 0.182    recall@50 : 0.3275
28 Sep 19:05    INFO  epoch 15 training [time: 21.59s, train loss: 3182.7684]
28 Sep 19:05    INFO  epoch 15 evaluating [time: 0.69s, valid_score: 0.060500]
28 Sep 19:05    INFO  valid result: 
hit@5 : 0.0674    hit@10 : 0.111    hit@20 : 0.1842    hit@50 : 0.3257    ndcg@5 : 0.0465    ndcg@10 : 0.0605    ndcg@20 : 0.0788    ndcg@50 : 0.1068    recall@5 : 0.0674    recall@10 : 0.111    recall@20 : 0.1842    recall@50 : 0.3257
28 Sep 19:05    INFO  epoch 16 training [time: 21.55s, train loss: 3178.5190]
28 Sep 19:05    INFO  epoch 16 evaluating [time: 0.50s, valid_score: 0.060600]
28 Sep 19:05    INFO  valid result: 
hit@5 : 0.0688    hit@10 : 0.1115    hit@20 : 0.1835    hit@50 : 0.3303    ndcg@5 : 0.047    ndcg@10 : 0.0606    ndcg@20 : 0.0787    ndcg@50 : 0.1076    recall@5 : 0.0688    recall@10 : 0.1115    recall@20 : 0.1835    recall@50 : 0.3303
28 Sep 19:06    INFO  epoch 17 training [time: 21.49s, train loss: 3174.6861]
28 Sep 19:06    INFO  epoch 17 evaluating [time: 0.51s, valid_score: 0.060400]
28 Sep 19:06    INFO  valid result: 
hit@5 : 0.0664    hit@10 : 0.1119    hit@20 : 0.1842    hit@50 : 0.3281    ndcg@5 : 0.0458    ndcg@10 : 0.0604    ndcg@20 : 0.0785    ndcg@50 : 0.107    recall@5 : 0.0664    recall@10 : 0.1119    recall@20 : 0.1842    recall@50 : 0.3281
28 Sep 19:06    INFO  epoch 18 training [time: 21.52s, train loss: 3170.7869]
28 Sep 19:06    INFO  epoch 18 evaluating [time: 0.52s, valid_score: 0.060900]
28 Sep 19:06    INFO  valid result: 
hit@5 : 0.0691    hit@10 : 0.1132    hit@20 : 0.1868    hit@50 : 0.3326    ndcg@5 : 0.0467    ndcg@10 : 0.0609    ndcg@20 : 0.0793    ndcg@50 : 0.108    recall@5 : 0.0691    recall@10 : 0.1132    recall@20 : 0.1868    recall@50 : 0.3326
28 Sep 19:06    INFO  epoch 19 training [time: 21.44s, train loss: 3167.4064]
28 Sep 19:06    INFO  epoch 19 evaluating [time: 0.49s, valid_score: 0.061000]
28 Sep 19:06    INFO  valid result: 
hit@5 : 0.0687    hit@10 : 0.1124    hit@20 : 0.1855    hit@50 : 0.3323    ndcg@5 : 0.047    ndcg@10 : 0.061    ndcg@20 : 0.0793    ndcg@50 : 0.1082    recall@5 : 0.0687    recall@10 : 0.1124    recall@20 : 0.1855    recall@50 : 0.3323
28 Sep 19:07    INFO  epoch 20 training [time: 21.36s, train loss: 3164.4335]
28 Sep 19:07    INFO  epoch 20 evaluating [time: 0.50s, valid_score: 0.061200]
28 Sep 19:07    INFO  valid result: 
hit@5 : 0.07    hit@10 : 0.1128    hit@20 : 0.1878    hit@50 : 0.3325    ndcg@5 : 0.0475    ndcg@10 : 0.0612    ndcg@20 : 0.08    ndcg@50 : 0.1085    recall@5 : 0.07    recall@10 : 0.1128    recall@20 : 0.1878    recall@50 : 0.3325
28 Sep 19:07    INFO  epoch 21 training [time: 21.35s, train loss: 3161.5772]
28 Sep 19:07    INFO  epoch 21 evaluating [time: 0.50s, valid_score: 0.060700]
28 Sep 19:07    INFO  valid result: 
hit@5 : 0.0688    hit@10 : 0.1115    hit@20 : 0.1836    hit@50 : 0.3303    ndcg@5 : 0.047    ndcg@10 : 0.0607    ndcg@20 : 0.0788    ndcg@50 : 0.1077    recall@5 : 0.0688    recall@10 : 0.1115    recall@20 : 0.1836    recall@50 : 0.3303
28 Sep 19:07    INFO  epoch 22 training [time: 21.34s, train loss: 3158.6716]
28 Sep 19:07    INFO  epoch 22 evaluating [time: 0.50s, valid_score: 0.060600]
28 Sep 19:07    INFO  valid result: 
hit@5 : 0.0688    hit@10 : 0.1129    hit@20 : 0.1837    hit@50 : 0.3307    ndcg@5 : 0.0465    ndcg@10 : 0.0606    ndcg@20 : 0.0784    ndcg@50 : 0.1074    recall@5 : 0.0688    recall@10 : 0.1129    recall@20 : 0.1837    recall@50 : 0.3307
28 Sep 19:08    INFO  epoch 23 training [time: 21.37s, train loss: 3156.0999]
28 Sep 19:08    INFO  epoch 23 evaluating [time: 0.50s, valid_score: 0.061000]
28 Sep 19:08    INFO  valid result: 
hit@5 : 0.068    hit@10 : 0.1129    hit@20 : 0.1858    hit@50 : 0.3352    ndcg@5 : 0.0466    ndcg@10 : 0.061    ndcg@20 : 0.0793    ndcg@50 : 0.1088    recall@5 : 0.068    recall@10 : 0.1129    recall@20 : 0.1858    recall@50 : 0.3352
28 Sep 19:08    INFO  epoch 24 training [time: 21.34s, train loss: 3153.5105]
28 Sep 19:08    INFO  epoch 24 evaluating [time: 0.50s, valid_score: 0.061500]
28 Sep 19:08    INFO  valid result: 
hit@5 : 0.0688    hit@10 : 0.1139    hit@20 : 0.1876    hit@50 : 0.3364    ndcg@5 : 0.047    ndcg@10 : 0.0615    ndcg@20 : 0.08    ndcg@50 : 0.1094    recall@5 : 0.0688    recall@10 : 0.1139    recall@20 : 0.1876    recall@50 : 0.3364
28 Sep 19:09    INFO  epoch 25 training [time: 21.34s, train loss: 3151.5471]
28 Sep 19:09    INFO  epoch 25 evaluating [time: 0.50s, valid_score: 0.060600]
28 Sep 19:09    INFO  valid result: 
hit@5 : 0.0686    hit@10 : 0.1123    hit@20 : 0.1848    hit@50 : 0.3326    ndcg@5 : 0.0466    ndcg@10 : 0.0606    ndcg@20 : 0.0788    ndcg@50 : 0.108    recall@5 : 0.0686    recall@10 : 0.1123    recall@20 : 0.1848    recall@50 : 0.3326
28 Sep 19:09    INFO  epoch 26 training [time: 21.33s, train loss: 3149.5648]
28 Sep 19:09    INFO  epoch 26 evaluating [time: 0.49s, valid_score: 0.061700]
28 Sep 19:09    INFO  valid result: 
hit@5 : 0.0691    hit@10 : 0.114    hit@20 : 0.1853    hit@50 : 0.3348    ndcg@5 : 0.0473    ndcg@10 : 0.0617    ndcg@20 : 0.0796    ndcg@50 : 0.1091    recall@5 : 0.0691    recall@10 : 0.114    recall@20 : 0.1853    recall@50 : 0.3348
28 Sep 19:09    INFO  epoch 27 training [time: 21.34s, train loss: 3147.9179]
28 Sep 19:09    INFO  epoch 27 evaluating [time: 0.50s, valid_score: 0.062000]
28 Sep 19:09    INFO  valid result: 
hit@5 : 0.0699    hit@10 : 0.1153    hit@20 : 0.1893    hit@50 : 0.3346    ndcg@5 : 0.0475    ndcg@10 : 0.062    ndcg@20 : 0.0805    ndcg@50 : 0.1092    recall@5 : 0.0699    recall@10 : 0.1153    recall@20 : 0.1893    recall@50 : 0.3346
28 Sep 19:10    INFO  epoch 28 training [time: 21.37s, train loss: 3146.1456]
28 Sep 19:10    INFO  epoch 28 evaluating [time: 0.51s, valid_score: 0.060500]
28 Sep 19:10    INFO  valid result: 
hit@5 : 0.0693    hit@10 : 0.1111    hit@20 : 0.1885    hit@50 : 0.3331    ndcg@5 : 0.047    ndcg@10 : 0.0605    ndcg@20 : 0.0799    ndcg@50 : 0.1085    recall@5 : 0.0693    recall@10 : 0.1111    recall@20 : 0.1885    recall@50 : 0.3331
28 Sep 19:10    INFO  epoch 29 training [time: 21.35s, train loss: 3144.0902]
28 Sep 19:10    INFO  epoch 29 evaluating [time: 0.50s, valid_score: 0.062700]
28 Sep 19:10    INFO  valid result: 
hit@5 : 0.0703    hit@10 : 0.1163    hit@20 : 0.1904    hit@50 : 0.3395    ndcg@5 : 0.0479    ndcg@10 : 0.0627    ndcg@20 : 0.0813    ndcg@50 : 0.1108    recall@5 : 0.0703    recall@10 : 0.1163    recall@20 : 0.1904    recall@50 : 0.3395
28 Sep 19:10    INFO  epoch 30 training [time: 21.32s, train loss: 3142.2364]
28 Sep 19:10    INFO  epoch 30 evaluating [time: 0.51s, valid_score: 0.061700]
28 Sep 19:10    INFO  valid result: 
hit@5 : 0.0693    hit@10 : 0.114    hit@20 : 0.1894    hit@50 : 0.3363    ndcg@5 : 0.0474    ndcg@10 : 0.0617    ndcg@20 : 0.0806    ndcg@50 : 0.1095    recall@5 : 0.0693    recall@10 : 0.114    recall@20 : 0.1894    recall@50 : 0.3363
28 Sep 19:11    INFO  epoch 31 training [time: 21.32s, train loss: 3140.8006]
28 Sep 19:11    INFO  epoch 31 evaluating [time: 0.48s, valid_score: 0.061700]
28 Sep 19:11    INFO  valid result: 
hit@5 : 0.0692    hit@10 : 0.1154    hit@20 : 0.1874    hit@50 : 0.3373    ndcg@5 : 0.047    ndcg@10 : 0.0617    ndcg@20 : 0.0798    ndcg@50 : 0.1095    recall@5 : 0.0692    recall@10 : 0.1154    recall@20 : 0.1874    recall@50 : 0.3373
28 Sep 19:11    INFO  epoch 32 training [time: 21.33s, train loss: 3139.3446]
28 Sep 19:11    INFO  epoch 32 evaluating [time: 0.53s, valid_score: 0.061500]
28 Sep 19:11    INFO  valid result: 
hit@5 : 0.0681    hit@10 : 0.1149    hit@20 : 0.1867    hit@50 : 0.3372    ndcg@5 : 0.0465    ndcg@10 : 0.0615    ndcg@20 : 0.0795    ndcg@50 : 0.1092    recall@5 : 0.0681    recall@10 : 0.1149    recall@20 : 0.1867    recall@50 : 0.3372
28 Sep 19:11    INFO  epoch 33 training [time: 21.33s, train loss: 3137.8742]
28 Sep 19:11    INFO  epoch 33 evaluating [time: 0.49s, valid_score: 0.062700]
28 Sep 19:11    INFO  valid result: 
hit@5 : 0.0706    hit@10 : 0.1162    hit@20 : 0.189    hit@50 : 0.3375    ndcg@5 : 0.048    ndcg@10 : 0.0627    ndcg@20 : 0.0809    ndcg@50 : 0.1102    recall@5 : 0.0706    recall@10 : 0.1162    recall@20 : 0.189    recall@50 : 0.3375
28 Sep 19:12    INFO  epoch 34 training [time: 21.34s, train loss: 3136.3616]
28 Sep 19:12    INFO  epoch 34 evaluating [time: 0.51s, valid_score: 0.061500]
28 Sep 19:12    INFO  valid result: 
hit@5 : 0.0688    hit@10 : 0.1144    hit@20 : 0.1876    hit@50 : 0.3377    ndcg@5 : 0.047    ndcg@10 : 0.0615    ndcg@20 : 0.0799    ndcg@50 : 0.1096    recall@5 : 0.0688    recall@10 : 0.1144    recall@20 : 0.1876    recall@50 : 0.3377
28 Sep 19:12    INFO  epoch 35 training [time: 21.33s, train loss: 3135.0257]
28 Sep 19:12    INFO  epoch 35 evaluating [time: 0.49s, valid_score: 0.062200]
28 Sep 19:12    INFO  valid result: 
hit@5 : 0.0698    hit@10 : 0.1161    hit@20 : 0.1894    hit@50 : 0.3366    ndcg@5 : 0.0474    ndcg@10 : 0.0622    ndcg@20 : 0.0806    ndcg@50 : 0.1097    recall@5 : 0.0698    recall@10 : 0.1161    recall@20 : 0.1894    recall@50 : 0.3366
28 Sep 19:13    INFO  epoch 36 training [time: 21.34s, train loss: 3134.2233]
28 Sep 19:13    INFO  epoch 36 evaluating [time: 0.50s, valid_score: 0.062600]
28 Sep 19:13    INFO  valid result: 
hit@5 : 0.0707    hit@10 : 0.1172    hit@20 : 0.1903    hit@50 : 0.3384    ndcg@5 : 0.0477    ndcg@10 : 0.0626    ndcg@20 : 0.0809    ndcg@50 : 0.1102    recall@5 : 0.0707    recall@10 : 0.1172    recall@20 : 0.1903    recall@50 : 0.3384
28 Sep 19:13    INFO  epoch 37 training [time: 21.35s, train loss: 3132.4043]
28 Sep 19:13    INFO  epoch 37 evaluating [time: 0.50s, valid_score: 0.062100]
28 Sep 19:13    INFO  valid result: 
hit@5 : 0.0701    hit@10 : 0.1154    hit@20 : 0.1905    hit@50 : 0.3363    ndcg@5 : 0.0476    ndcg@10 : 0.0621    ndcg@20 : 0.081    ndcg@50 : 0.1097    recall@5 : 0.0701    recall@10 : 0.1154    recall@20 : 0.1905    recall@50 : 0.3363
28 Sep 19:13    INFO  epoch 38 training [time: 21.70s, train loss: 3131.3981]
28 Sep 19:13    INFO  epoch 38 evaluating [time: 0.50s, valid_score: 0.063100]
28 Sep 19:13    INFO  valid result: 
hit@5 : 0.0719    hit@10 : 0.1169    hit@20 : 0.1896    hit@50 : 0.338    ndcg@5 : 0.0487    ndcg@10 : 0.0631    ndcg@20 : 0.0814    ndcg@50 : 0.1107    recall@5 : 0.0719    recall@10 : 0.1169    recall@20 : 0.1896    recall@50 : 0.338
28 Sep 19:14    INFO  epoch 39 training [time: 21.44s, train loss: 3130.4687]
28 Sep 19:14    INFO  epoch 39 evaluating [time: 0.48s, valid_score: 0.061500]
28 Sep 19:14    INFO  valid result: 
hit@5 : 0.069    hit@10 : 0.1131    hit@20 : 0.1889    hit@50 : 0.3375    ndcg@5 : 0.0474    ndcg@10 : 0.0615    ndcg@20 : 0.0805    ndcg@50 : 0.1098    recall@5 : 0.069    recall@10 : 0.1131    recall@20 : 0.1889    recall@50 : 0.3375
28 Sep 19:14    INFO  epoch 40 training [time: 21.44s, train loss: 3129.2075]
28 Sep 19:14    INFO  epoch 40 evaluating [time: 0.49s, valid_score: 0.062600]
28 Sep 19:14    INFO  valid result: 
hit@5 : 0.0704    hit@10 : 0.1165    hit@20 : 0.1883    hit@50 : 0.3372    ndcg@5 : 0.0478    ndcg@10 : 0.0626    ndcg@20 : 0.0806    ndcg@50 : 0.1101    recall@5 : 0.0704    recall@10 : 0.1165    recall@20 : 0.1883    recall@50 : 0.3372
28 Sep 19:14    INFO  epoch 41 training [time: 21.47s, train loss: 3128.2254]
28 Sep 19:14    INFO  epoch 41 evaluating [time: 0.51s, valid_score: 0.061600]
28 Sep 19:14    INFO  valid result: 
hit@5 : 0.0696    hit@10 : 0.1145    hit@20 : 0.1896    hit@50 : 0.3391    ndcg@5 : 0.0472    ndcg@10 : 0.0616    ndcg@20 : 0.0804    ndcg@50 : 0.1099    recall@5 : 0.0696    recall@10 : 0.1145    recall@20 : 0.1896    recall@50 : 0.3391
28 Sep 19:15    INFO  epoch 42 training [time: 21.44s, train loss: 3126.8776]
28 Sep 19:15    INFO  epoch 42 evaluating [time: 0.54s, valid_score: 0.061900]
28 Sep 19:15    INFO  valid result: 
hit@5 : 0.0704    hit@10 : 0.1154    hit@20 : 0.1895    hit@50 : 0.3384    ndcg@5 : 0.0475    ndcg@10 : 0.0619    ndcg@20 : 0.0805    ndcg@50 : 0.1098    recall@5 : 0.0704    recall@10 : 0.1154    recall@20 : 0.1895    recall@50 : 0.3384
28 Sep 19:15    INFO  epoch 43 training [time: 21.36s, train loss: 3126.1370]
28 Sep 19:15    INFO  epoch 43 evaluating [time: 0.51s, valid_score: 0.062200]
28 Sep 19:15    INFO  valid result: 
hit@5 : 0.0703    hit@10 : 0.1159    hit@20 : 0.1875    hit@50 : 0.3372    ndcg@5 : 0.0477    ndcg@10 : 0.0622    ndcg@20 : 0.0802    ndcg@50 : 0.1097    recall@5 : 0.0703    recall@10 : 0.1159    recall@20 : 0.1875    recall@50 : 0.3372
28 Sep 19:15    INFO  epoch 44 training [time: 21.48s, train loss: 3124.8298]
28 Sep 19:16    INFO  epoch 44 evaluating [time: 0.50s, valid_score: 0.062300]
28 Sep 19:16    INFO  valid result: 
hit@5 : 0.0701    hit@10 : 0.1152    hit@20 : 0.1898    hit@50 : 0.3351    ndcg@5 : 0.0478    ndcg@10 : 0.0623    ndcg@20 : 0.081    ndcg@50 : 0.1097    recall@5 : 0.0701    recall@10 : 0.1152    recall@20 : 0.1898    recall@50 : 0.3351
28 Sep 19:16    INFO  epoch 45 training [time: 21.33s, train loss: 3124.0461]
28 Sep 19:16    INFO  epoch 45 evaluating [time: 0.51s, valid_score: 0.062100]
28 Sep 19:16    INFO  valid result: 
hit@5 : 0.0691    hit@10 : 0.1151    hit@20 : 0.1898    hit@50 : 0.34    ndcg@5 : 0.0474    ndcg@10 : 0.0621    ndcg@20 : 0.0809    ndcg@50 : 0.1105    recall@5 : 0.0691    recall@10 : 0.1151    recall@20 : 0.1898    recall@50 : 0.34
28 Sep 19:16    INFO  epoch 46 training [time: 21.33s, train loss: 3122.9102]
28 Sep 19:16    INFO  epoch 46 evaluating [time: 0.50s, valid_score: 0.062300]
28 Sep 19:16    INFO  valid result: 
hit@5 : 0.0706    hit@10 : 0.1152    hit@20 : 0.1899    hit@50 : 0.3371    ndcg@5 : 0.048    ndcg@10 : 0.0623    ndcg@20 : 0.081    ndcg@50 : 0.1101    recall@5 : 0.0706    recall@10 : 0.1152    recall@20 : 0.1899    recall@50 : 0.3371
28 Sep 19:17    INFO  epoch 47 training [time: 21.32s, train loss: 3122.2513]
28 Sep 19:17    INFO  epoch 47 evaluating [time: 0.50s, valid_score: 0.062100]
28 Sep 19:17    INFO  valid result: 
hit@5 : 0.0699    hit@10 : 0.1152    hit@20 : 0.187    hit@50 : 0.3378    ndcg@5 : 0.0476    ndcg@10 : 0.0621    ndcg@20 : 0.0801    ndcg@50 : 0.11    recall@5 : 0.0699    recall@10 : 0.1152    recall@20 : 0.187    recall@50 : 0.3378
28 Sep 19:17    INFO  epoch 48 training [time: 21.34s, train loss: 3120.6342]
28 Sep 19:17    INFO  epoch 48 evaluating [time: 0.50s, valid_score: 0.062800]
28 Sep 19:17    INFO  valid result: 
hit@5 : 0.0699    hit@10 : 0.1161    hit@20 : 0.1904    hit@50 : 0.3399    ndcg@5 : 0.0479    ndcg@10 : 0.0628    ndcg@20 : 0.0815    ndcg@50 : 0.1109    recall@5 : 0.0699    recall@10 : 0.1161    recall@20 : 0.1904    recall@50 : 0.3399
28 Sep 19:17    INFO  epoch 49 training [time: 21.31s, train loss: 3120.1352]
28 Sep 19:17    INFO  epoch 49 evaluating [time: 0.48s, valid_score: 0.062000]
28 Sep 19:17    INFO  valid result: 
hit@5 : 0.0706    hit@10 : 0.1157    hit@20 : 0.1877    hit@50 : 0.3374    ndcg@5 : 0.0476    ndcg@10 : 0.062    ndcg@20 : 0.0801    ndcg@50 : 0.1097    recall@5 : 0.0706    recall@10 : 0.1157    recall@20 : 0.1877    recall@50 : 0.3374
28 Sep 19:17    INFO  Finished training, best eval result in epoch 38
