command line args [--resume --mode dual --seed 2029] will not be used in RecBole
/home/daryumin/iberdov/diplom/envs/mamba3/lib/python3.10/site-packages/recbole/data/dataset/dataset.py:648: FutureWarning: A value is trying to be set on a copy of a DataFrame or Series through chained assignment using an inplace method.
The behavior will change in pandas 3.0. This inplace method will never work because the intermediate object on which we are setting values always behaves as a copy.

For example, when doing 'df[col].method(value, inplace=True)', try using 'df.method({col: value}, inplace=True)' or df[col] = df[col].method(value) instead, to perform the operation inplace on the original object.


  feat[field].fillna(value=0, inplace=True)
/home/daryumin/iberdov/diplom/envs/mamba3/lib/python3.10/site-packages/recbole/data/dataset/dataset.py:650: FutureWarning: A value is trying to be set on a copy of a DataFrame or Series through chained assignment using an inplace method.
The behavior will change in pandas 3.0. This inplace method will never work because the intermediate object on which we are setting values always behaves as a copy.

For example, when doing 'df[col].method(value, inplace=True)', try using 'df.method({col: value}, inplace=True)' or df[col] = df[col].method(value) instead, to perform the operation inplace on the original object.


  feat[field].fillna(value=feat[field].mean(), inplace=True)
/home/daryumin/iberdov/diplom/envs/mamba3/lib/python3.10/site-packages/recbole/trainer/trainer.py:235: FutureWarning: `torch.cuda.amp.GradScaler(args...)` is deprecated. Please use `torch.amp.GradScaler('cuda', args...)` instead.
  scaler = amp.GradScaler(enabled=self.enable_scaler)
27 Sep 15:24    INFO  epoch 0 training [time: 302.51s, train loss: 3878.3273]
27 Sep 15:24    INFO  epoch 0 evaluating [time: 0.49s, valid_score: 0.044600]
27 Sep 15:24    INFO  valid result: 
hit@5 : 0.0495    hit@10 : 0.0802    hit@20 : 0.1261    hit@50 : 0.225    ndcg@5 : 0.0348    ndcg@10 : 0.0446    ndcg@20 : 0.0561    ndcg@50 : 0.0755    recall@5 : 0.0495    recall@10 : 0.0802    recall@20 : 0.1261    recall@50 : 0.225
/home/daryumin/iberdov/diplom/envs/mamba3/lib/python3.10/site-packages/recbole/trainer/trainer.py:235: FutureWarning: `torch.cuda.amp.GradScaler(args...)` is deprecated. Please use `torch.amp.GradScaler('cuda', args...)` instead.
  scaler = amp.GradScaler(enabled=self.enable_scaler)
27 Sep 15:24    INFO  epoch 1 training [time: 12.44s, train loss: 3497.4217]
27 Sep 15:24    INFO  epoch 1 evaluating [time: 0.44s, valid_score: 0.050900]
27 Sep 15:24    INFO  valid result: 
hit@5 : 0.0574    hit@10 : 0.0914    hit@20 : 0.1449    hit@50 : 0.2566    ndcg@5 : 0.0399    ndcg@10 : 0.0509    ndcg@20 : 0.0643    ndcg@50 : 0.0863    recall@5 : 0.0574    recall@10 : 0.0914    recall@20 : 0.1449    recall@50 : 0.2566
27 Sep 15:24    INFO  epoch 2 training [time: 12.37s, train loss: 3402.6011]
27 Sep 15:24    INFO  epoch 2 evaluating [time: 0.45s, valid_score: 0.055000]
27 Sep 15:24    INFO  valid result: 
hit@5 : 0.0616    hit@10 : 0.0986    hit@20 : 0.1559    hit@50 : 0.2745    ndcg@5 : 0.0431    ndcg@10 : 0.055    ndcg@20 : 0.0694    ndcg@50 : 0.0927    recall@5 : 0.0616    recall@10 : 0.0986    recall@20 : 0.1559    recall@50 : 0.2745
27 Sep 15:25    INFO  epoch 3 training [time: 12.34s, train loss: 3351.2901]
27 Sep 15:25    INFO  epoch 3 evaluating [time: 0.43s, valid_score: 0.056500]
27 Sep 15:25    INFO  valid result: 
hit@5 : 0.0637    hit@10 : 0.1017    hit@20 : 0.1602    hit@50 : 0.2903    ndcg@5 : 0.0442    ndcg@10 : 0.0565    ndcg@20 : 0.0712    ndcg@50 : 0.0968    recall@5 : 0.0637    recall@10 : 0.1017    recall@20 : 0.1602    recall@50 : 0.2903
27 Sep 15:25    INFO  epoch 4 training [time: 12.35s, train loss: 3313.4529]
27 Sep 15:25    INFO  epoch 4 evaluating [time: 0.45s, valid_score: 0.057900]
27 Sep 15:25    INFO  valid result: 
hit@5 : 0.0657    hit@10 : 0.1041    hit@20 : 0.1673    hit@50 : 0.2958    ndcg@5 : 0.0456    ndcg@10 : 0.0579    ndcg@20 : 0.0738    ndcg@50 : 0.0991    recall@5 : 0.0657    recall@10 : 0.1041    recall@20 : 0.1673    recall@50 : 0.2958
27 Sep 15:25    INFO  epoch 5 training [time: 12.34s, train loss: 3284.8409]
27 Sep 15:25    INFO  epoch 5 evaluating [time: 0.45s, valid_score: 0.059300]
27 Sep 15:25    INFO  valid result: 
hit@5 : 0.065    hit@10 : 0.1091    hit@20 : 0.173    hit@50 : 0.3045    ndcg@5 : 0.0452    ndcg@10 : 0.0593    ndcg@20 : 0.0753    ndcg@50 : 0.1012    recall@5 : 0.065    recall@10 : 0.1091    recall@20 : 0.173    recall@50 : 0.3045
27 Sep 15:25    INFO  epoch 6 training [time: 12.30s, train loss: 3263.4024]
27 Sep 15:25    INFO  epoch 6 evaluating [time: 0.43s, valid_score: 0.059500]
27 Sep 15:25    INFO  valid result: 
hit@5 : 0.0662    hit@10 : 0.1085    hit@20 : 0.1758    hit@50 : 0.3096    ndcg@5 : 0.046    ndcg@10 : 0.0595    ndcg@20 : 0.0763    ndcg@50 : 0.1027    recall@5 : 0.0662    recall@10 : 0.1085    recall@20 : 0.1758    recall@50 : 0.3096
27 Sep 15:25    INFO  epoch 7 training [time: 12.28s, train loss: 3247.6093]
27 Sep 15:26    INFO  epoch 7 evaluating [time: 0.44s, valid_score: 0.059700]
27 Sep 15:26    INFO  valid result: 
hit@5 : 0.0676    hit@10 : 0.1093    hit@20 : 0.1756    hit@50 : 0.3143    ndcg@5 : 0.0463    ndcg@10 : 0.0597    ndcg@20 : 0.0762    ndcg@50 : 0.1036    recall@5 : 0.0676    recall@10 : 0.1093    recall@20 : 0.1756    recall@50 : 0.3143
27 Sep 15:26    INFO  epoch 8 training [time: 12.28s, train loss: 3235.1469]
27 Sep 15:26    INFO  epoch 8 evaluating [time: 0.46s, valid_score: 0.059300]
27 Sep 15:26    INFO  valid result: 
hit@5 : 0.066    hit@10 : 0.1091    hit@20 : 0.1767    hit@50 : 0.3148    ndcg@5 : 0.0455    ndcg@10 : 0.0593    ndcg@20 : 0.0763    ndcg@50 : 0.1035    recall@5 : 0.066    recall@10 : 0.1091    recall@20 : 0.1767    recall@50 : 0.3148
27 Sep 15:26    INFO  epoch 9 training [time: 12.28s, train loss: 3225.0984]
27 Sep 15:26    INFO  epoch 9 evaluating [time: 0.46s, valid_score: 0.059300]
27 Sep 15:26    INFO  valid result: 
hit@5 : 0.0655    hit@10 : 0.1083    hit@20 : 0.1743    hit@50 : 0.3162    ndcg@5 : 0.0455    ndcg@10 : 0.0593    ndcg@20 : 0.0759    ndcg@50 : 0.1038    recall@5 : 0.0655    recall@10 : 0.1083    recall@20 : 0.1743    recall@50 : 0.3162
27 Sep 15:26    INFO  epoch 10 training [time: 12.29s, train loss: 3217.1893]
27 Sep 15:26    INFO  epoch 10 evaluating [time: 0.45s, valid_score: 0.060000]
27 Sep 15:26    INFO  valid result: 
hit@5 : 0.0695    hit@10 : 0.1105    hit@20 : 0.1773    hit@50 : 0.3151    ndcg@5 : 0.0469    ndcg@10 : 0.06    ndcg@20 : 0.0767    ndcg@50 : 0.1039    recall@5 : 0.0695    recall@10 : 0.1105    recall@20 : 0.1773    recall@50 : 0.3151
27 Sep 15:26    INFO  epoch 11 training [time: 12.28s, train loss: 3210.2002]
27 Sep 15:26    INFO  epoch 11 evaluating [time: 0.45s, valid_score: 0.060000]
27 Sep 15:26    INFO  valid result: 
hit@5 : 0.0682    hit@10 : 0.1113    hit@20 : 0.1791    hit@50 : 0.3217    ndcg@5 : 0.0463    ndcg@10 : 0.06    ndcg@20 : 0.077    ndcg@50 : 0.1051    recall@5 : 0.0682    recall@10 : 0.1113    recall@20 : 0.1791    recall@50 : 0.3217
27 Sep 15:27    INFO  epoch 12 training [time: 12.28s, train loss: 3203.2400]
27 Sep 15:27    INFO  epoch 12 evaluating [time: 0.43s, valid_score: 0.060600]
27 Sep 15:27    INFO  valid result: 
hit@5 : 0.0687    hit@10 : 0.111    hit@20 : 0.1807    hit@50 : 0.32    ndcg@5 : 0.047    ndcg@10 : 0.0606    ndcg@20 : 0.078    ndcg@50 : 0.1055    recall@5 : 0.0687    recall@10 : 0.111    recall@20 : 0.1807    recall@50 : 0.32
27 Sep 15:27    INFO  epoch 13 training [time: 12.29s, train loss: 3197.9575]
27 Sep 15:27    INFO  epoch 13 evaluating [time: 0.46s, valid_score: 0.060100]
27 Sep 15:27    INFO  valid result: 
hit@5 : 0.0687    hit@10 : 0.1111    hit@20 : 0.1822    hit@50 : 0.3223    ndcg@5 : 0.0466    ndcg@10 : 0.0601    ndcg@20 : 0.078    ndcg@50 : 0.1057    recall@5 : 0.0687    recall@10 : 0.1111    recall@20 : 0.1822    recall@50 : 0.3223
27 Sep 15:27    INFO  epoch 14 training [time: 12.28s, train loss: 3192.3748]
27 Sep 15:27    INFO  epoch 14 evaluating [time: 0.44s, valid_score: 0.060600]
27 Sep 15:27    INFO  valid result: 
hit@5 : 0.0687    hit@10 : 0.1117    hit@20 : 0.184    hit@50 : 0.322    ndcg@5 : 0.0469    ndcg@10 : 0.0606    ndcg@20 : 0.0787    ndcg@50 : 0.1059    recall@5 : 0.0687    recall@10 : 0.1117    recall@20 : 0.184    recall@50 : 0.322
27 Sep 15:27    INFO  epoch 15 training [time: 12.27s, train loss: 3187.6565]
27 Sep 15:27    INFO  epoch 15 evaluating [time: 0.45s, valid_score: 0.061200]
27 Sep 15:27    INFO  valid result: 
hit@5 : 0.0684    hit@10 : 0.113    hit@20 : 0.1825    hit@50 : 0.3249    ndcg@5 : 0.0469    ndcg@10 : 0.0612    ndcg@20 : 0.0786    ndcg@50 : 0.1068    recall@5 : 0.0684    recall@10 : 0.113    recall@20 : 0.1825    recall@50 : 0.3249
27 Sep 15:27    INFO  epoch 16 training [time: 12.27s, train loss: 3183.7889]
27 Sep 15:27    INFO  epoch 16 evaluating [time: 0.44s, valid_score: 0.061500]
27 Sep 15:27    INFO  valid result: 
hit@5 : 0.069    hit@10 : 0.1151    hit@20 : 0.1848    hit@50 : 0.3262    ndcg@5 : 0.0467    ndcg@10 : 0.0615    ndcg@20 : 0.0789    ndcg@50 : 0.1068    recall@5 : 0.069    recall@10 : 0.1151    recall@20 : 0.1848    recall@50 : 0.3262
27 Sep 15:28    INFO  epoch 17 training [time: 12.27s, train loss: 3180.2821]
27 Sep 15:28    INFO  epoch 17 evaluating [time: 0.45s, valid_score: 0.060200]
27 Sep 15:28    INFO  valid result: 
hit@5 : 0.0674    hit@10 : 0.1116    hit@20 : 0.1839    hit@50 : 0.3262    ndcg@5 : 0.0461    ndcg@10 : 0.0602    ndcg@20 : 0.0784    ndcg@50 : 0.1064    recall@5 : 0.0674    recall@10 : 0.1116    recall@20 : 0.1839    recall@50 : 0.3262
27 Sep 15:28    INFO  epoch 18 training [time: 12.30s, train loss: 3176.0539]
27 Sep 15:28    INFO  epoch 18 evaluating [time: 0.45s, valid_score: 0.061500]
27 Sep 15:28    INFO  valid result: 
hit@5 : 0.069    hit@10 : 0.1131    hit@20 : 0.1836    hit@50 : 0.3285    ndcg@5 : 0.0474    ndcg@10 : 0.0615    ndcg@20 : 0.0792    ndcg@50 : 0.1078    recall@5 : 0.069    recall@10 : 0.1131    recall@20 : 0.1836    recall@50 : 0.3285
27 Sep 15:28    INFO  epoch 19 training [time: 12.32s, train loss: 3173.6842]
27 Sep 15:28    INFO  epoch 19 evaluating [time: 0.44s, valid_score: 0.061500]
27 Sep 15:28    INFO  valid result: 
hit@5 : 0.0696    hit@10 : 0.1125    hit@20 : 0.1838    hit@50 : 0.3282    ndcg@5 : 0.0478    ndcg@10 : 0.0615    ndcg@20 : 0.0794    ndcg@50 : 0.1079    recall@5 : 0.0696    recall@10 : 0.1125    recall@20 : 0.1838    recall@50 : 0.3282
27 Sep 15:28    INFO  epoch 20 training [time: 12.33s, train loss: 3170.8324]
27 Sep 15:28    INFO  epoch 20 evaluating [time: 0.46s, valid_score: 0.060400]
27 Sep 15:28    INFO  valid result: 
hit@5 : 0.0683    hit@10 : 0.1122    hit@20 : 0.1822    hit@50 : 0.3283    ndcg@5 : 0.0464    ndcg@10 : 0.0604    ndcg@20 : 0.078    ndcg@50 : 0.1069    recall@5 : 0.0683    recall@10 : 0.1122    recall@20 : 0.1822    recall@50 : 0.3283
27 Sep 15:28    INFO  epoch 21 training [time: 12.35s, train loss: 3168.1991]
27 Sep 15:28    INFO  epoch 21 evaluating [time: 0.45s, valid_score: 0.061500]
27 Sep 15:28    INFO  valid result: 
hit@5 : 0.0693    hit@10 : 0.1139    hit@20 : 0.184    hit@50 : 0.3301    ndcg@5 : 0.0473    ndcg@10 : 0.0615    ndcg@20 : 0.0791    ndcg@50 : 0.1079    recall@5 : 0.0693    recall@10 : 0.1139    recall@20 : 0.184    recall@50 : 0.3301
27 Sep 15:29    INFO  epoch 22 training [time: 12.36s, train loss: 3166.1478]
27 Sep 15:29    INFO  epoch 22 evaluating [time: 0.44s, valid_score: 0.061900]
27 Sep 15:29    INFO  valid result: 
hit@5 : 0.0701    hit@10 : 0.1148    hit@20 : 0.1868    hit@50 : 0.329    ndcg@5 : 0.0475    ndcg@10 : 0.0619    ndcg@20 : 0.0799    ndcg@50 : 0.108    recall@5 : 0.0701    recall@10 : 0.1148    recall@20 : 0.1868    recall@50 : 0.329
27 Sep 15:29    INFO  epoch 23 training [time: 12.36s, train loss: 3163.4642]
27 Sep 15:29    INFO  epoch 23 evaluating [time: 0.43s, valid_score: 0.061300]
27 Sep 15:29    INFO  valid result: 
hit@5 : 0.0689    hit@10 : 0.1131    hit@20 : 0.1848    hit@50 : 0.3281    ndcg@5 : 0.0472    ndcg@10 : 0.0613    ndcg@20 : 0.0793    ndcg@50 : 0.1076    recall@5 : 0.0689    recall@10 : 0.1131    recall@20 : 0.1848    recall@50 : 0.3281
27 Sep 15:29    INFO  epoch 24 training [time: 12.26s, train loss: 3161.9163]
27 Sep 15:29    INFO  epoch 24 evaluating [time: 0.45s, valid_score: 0.061600]
27 Sep 15:29    INFO  valid result: 
hit@5 : 0.069    hit@10 : 0.1146    hit@20 : 0.1851    hit@50 : 0.3303    ndcg@5 : 0.047    ndcg@10 : 0.0616    ndcg@20 : 0.0793    ndcg@50 : 0.1079    recall@5 : 0.069    recall@10 : 0.1146    recall@20 : 0.1851    recall@50 : 0.3303
27 Sep 15:29    INFO  epoch 25 training [time: 12.27s, train loss: 3159.6399]
27 Sep 15:29    INFO  epoch 25 evaluating [time: 0.43s, valid_score: 0.061700]
27 Sep 15:29    INFO  valid result: 
hit@5 : 0.0706    hit@10 : 0.1136    hit@20 : 0.187    hit@50 : 0.3333    ndcg@5 : 0.048    ndcg@10 : 0.0617    ndcg@20 : 0.0802    ndcg@50 : 0.1091    recall@5 : 0.0706    recall@10 : 0.1136    recall@20 : 0.187    recall@50 : 0.3333
27 Sep 15:30    INFO  epoch 26 training [time: 12.28s, train loss: 3157.6167]
27 Sep 15:30    INFO  epoch 26 evaluating [time: 0.45s, valid_score: 0.061400]
27 Sep 15:30    INFO  valid result: 
hit@5 : 0.07    hit@10 : 0.1141    hit@20 : 0.1843    hit@50 : 0.3315    ndcg@5 : 0.0472    ndcg@10 : 0.0614    ndcg@20 : 0.079    ndcg@50 : 0.108    recall@5 : 0.07    recall@10 : 0.1141    recall@20 : 0.1843    recall@50 : 0.3315
27 Sep 15:30    INFO  epoch 27 training [time: 12.27s, train loss: 3156.1977]
27 Sep 15:30    INFO  epoch 27 evaluating [time: 0.45s, valid_score: 0.061300]
27 Sep 15:30    INFO  valid result: 
hit@5 : 0.0687    hit@10 : 0.1139    hit@20 : 0.1865    hit@50 : 0.3329    ndcg@5 : 0.0467    ndcg@10 : 0.0613    ndcg@20 : 0.0794    ndcg@50 : 0.1083    recall@5 : 0.0687    recall@10 : 0.1139    recall@20 : 0.1865    recall@50 : 0.3329
27 Sep 15:30    INFO  epoch 28 training [time: 12.27s, train loss: 3154.0826]
27 Sep 15:30    INFO  epoch 28 evaluating [time: 0.47s, valid_score: 0.061900]
27 Sep 15:30    INFO  valid result: 
hit@5 : 0.0703    hit@10 : 0.1149    hit@20 : 0.1866    hit@50 : 0.3289    ndcg@5 : 0.0476    ndcg@10 : 0.0619    ndcg@20 : 0.0799    ndcg@50 : 0.108    recall@5 : 0.0703    recall@10 : 0.1149    recall@20 : 0.1866    recall@50 : 0.3289
27 Sep 15:30    INFO  epoch 29 training [time: 12.25s, train loss: 3153.3706]
27 Sep 15:30    INFO  epoch 29 evaluating [time: 0.46s, valid_score: 0.062000]
27 Sep 15:30    INFO  valid result: 
hit@5 : 0.0702    hit@10 : 0.1151    hit@20 : 0.1855    hit@50 : 0.3346    ndcg@5 : 0.0477    ndcg@10 : 0.062    ndcg@20 : 0.0797    ndcg@50 : 0.1092    recall@5 : 0.0702    recall@10 : 0.1151    recall@20 : 0.1855    recall@50 : 0.3346
27 Sep 15:30    INFO  epoch 30 training [time: 12.26s, train loss: 3151.5921]
27 Sep 15:30    INFO  epoch 30 evaluating [time: 0.45s, valid_score: 0.060900]
27 Sep 15:30    INFO  valid result: 
hit@5 : 0.0677    hit@10 : 0.1139    hit@20 : 0.1843    hit@50 : 0.3286    ndcg@5 : 0.0462    ndcg@10 : 0.0609    ndcg@20 : 0.0786    ndcg@50 : 0.1071    recall@5 : 0.0677    recall@10 : 0.1139    recall@20 : 0.1843    recall@50 : 0.3286
27 Sep 15:31    INFO  epoch 31 training [time: 12.52s, train loss: 3149.9471]
27 Sep 15:31    INFO  epoch 31 evaluating [time: 0.44s, valid_score: 0.060900]
27 Sep 15:31    INFO  valid result: 
hit@5 : 0.069    hit@10 : 0.1138    hit@20 : 0.1873    hit@50 : 0.3339    ndcg@5 : 0.0465    ndcg@10 : 0.0609    ndcg@20 : 0.0793    ndcg@50 : 0.1081    recall@5 : 0.069    recall@10 : 0.1138    recall@20 : 0.1873    recall@50 : 0.3339
27 Sep 15:31    INFO  epoch 32 training [time: 12.32s, train loss: 3149.0114]
27 Sep 15:31    INFO  epoch 32 evaluating [time: 0.45s, valid_score: 0.061900]
27 Sep 15:31    INFO  valid result: 
hit@5 : 0.0706    hit@10 : 0.1152    hit@20 : 0.1858    hit@50 : 0.3314    ndcg@5 : 0.0476    ndcg@10 : 0.0619    ndcg@20 : 0.0796    ndcg@50 : 0.1084    recall@5 : 0.0706    recall@10 : 0.1152    recall@20 : 0.1858    recall@50 : 0.3314
27 Sep 15:31    INFO  epoch 33 training [time: 12.32s, train loss: 3147.5916]
27 Sep 15:31    INFO  epoch 33 evaluating [time: 0.46s, valid_score: 0.061700]
27 Sep 15:31    INFO  valid result: 
hit@5 : 0.0701    hit@10 : 0.1143    hit@20 : 0.1863    hit@50 : 0.3338    ndcg@5 : 0.0476    ndcg@10 : 0.0617    ndcg@20 : 0.0798    ndcg@50 : 0.1089    recall@5 : 0.0701    recall@10 : 0.1143    recall@20 : 0.1863    recall@50 : 0.3338
27 Sep 15:31    INFO  epoch 34 training [time: 12.32s, train loss: 3146.2185]
27 Sep 15:31    INFO  epoch 34 evaluating [time: 0.44s, valid_score: 0.061700]
27 Sep 15:31    INFO  valid result: 
hit@5 : 0.07    hit@10 : 0.1149    hit@20 : 0.1881    hit@50 : 0.3332    ndcg@5 : 0.0473    ndcg@10 : 0.0617    ndcg@20 : 0.08    ndcg@50 : 0.1086    recall@5 : 0.07    recall@10 : 0.1149    recall@20 : 0.1881    recall@50 : 0.3332
27 Sep 15:31    INFO  epoch 35 training [time: 12.34s, train loss: 3145.2476]
27 Sep 15:31    INFO  epoch 35 evaluating [time: 0.45s, valid_score: 0.061700]
27 Sep 15:31    INFO  valid result: 
hit@5 : 0.0688    hit@10 : 0.1152    hit@20 : 0.1855    hit@50 : 0.3335    ndcg@5 : 0.0469    ndcg@10 : 0.0617    ndcg@20 : 0.0794    ndcg@50 : 0.1086    recall@5 : 0.0688    recall@10 : 0.1152    recall@20 : 0.1855    recall@50 : 0.3335
27 Sep 15:32    INFO  epoch 36 training [time: 12.37s, train loss: 3144.1465]
27 Sep 15:32    INFO  epoch 36 evaluating [time: 0.48s, valid_score: 0.062300]
27 Sep 15:32    INFO  valid result: 
hit@5 : 0.0698    hit@10 : 0.1158    hit@20 : 0.1868    hit@50 : 0.333    ndcg@5 : 0.0476    ndcg@10 : 0.0623    ndcg@20 : 0.0801    ndcg@50 : 0.109    recall@5 : 0.0698    recall@10 : 0.1158    recall@20 : 0.1868    recall@50 : 0.333
27 Sep 15:32    INFO  epoch 37 training [time: 12.31s, train loss: 3143.1643]
27 Sep 15:32    INFO  epoch 37 evaluating [time: 0.45s, valid_score: 0.061700]
27 Sep 15:32    INFO  valid result: 
hit@5 : 0.0697    hit@10 : 0.1148    hit@20 : 0.1862    hit@50 : 0.3346    ndcg@5 : 0.0473    ndcg@10 : 0.0617    ndcg@20 : 0.0796    ndcg@50 : 0.1089    recall@5 : 0.0697    recall@10 : 0.1148    recall@20 : 0.1862    recall@50 : 0.3346
27 Sep 15:32    INFO  epoch 38 training [time: 12.32s, train loss: 3142.0440]
27 Sep 15:32    INFO  epoch 38 evaluating [time: 0.45s, valid_score: 0.061700]
27 Sep 15:32    INFO  valid result: 
hit@5 : 0.0706    hit@10 : 0.1147    hit@20 : 0.1878    hit@50 : 0.3359    ndcg@5 : 0.0475    ndcg@10 : 0.0617    ndcg@20 : 0.08    ndcg@50 : 0.1093    recall@5 : 0.0706    recall@10 : 0.1147    recall@20 : 0.1878    recall@50 : 0.3359
27 Sep 15:32    INFO  epoch 39 training [time: 12.32s, train loss: 3140.9414]
27 Sep 15:32    INFO  epoch 39 evaluating [time: 0.44s, valid_score: 0.061400]
27 Sep 15:32    INFO  valid result: 
hit@5 : 0.0678    hit@10 : 0.114    hit@20 : 0.1854    hit@50 : 0.3328    ndcg@5 : 0.0465    ndcg@10 : 0.0614    ndcg@20 : 0.0793    ndcg@50 : 0.1084    recall@5 : 0.0678    recall@10 : 0.114    recall@20 : 0.1854    recall@50 : 0.3328
27 Sep 15:33    INFO  epoch 40 training [time: 12.33s, train loss: 3139.7343]
27 Sep 15:33    INFO  epoch 40 evaluating [time: 0.47s, valid_score: 0.061900]
27 Sep 15:33    INFO  valid result: 
hit@5 : 0.0688    hit@10 : 0.1157    hit@20 : 0.1881    hit@50 : 0.3333    ndcg@5 : 0.0469    ndcg@10 : 0.0619    ndcg@20 : 0.08    ndcg@50 : 0.1087    recall@5 : 0.0688    recall@10 : 0.1157    recall@20 : 0.1881    recall@50 : 0.3333
27 Sep 15:33    INFO  epoch 41 training [time: 12.32s, train loss: 3139.5373]
27 Sep 15:33    INFO  epoch 41 evaluating [time: 0.45s, valid_score: 0.061900]
27 Sep 15:33    INFO  valid result: 
hit@5 : 0.0703    hit@10 : 0.1141    hit@20 : 0.1888    hit@50 : 0.3326    ndcg@5 : 0.0479    ndcg@10 : 0.0619    ndcg@20 : 0.0807    ndcg@50 : 0.109    recall@5 : 0.0703    recall@10 : 0.1141    recall@20 : 0.1888    recall@50 : 0.3326
27 Sep 15:33    INFO  epoch 42 training [time: 12.32s, train loss: 3137.8408]
27 Sep 15:33    INFO  epoch 42 evaluating [time: 0.48s, valid_score: 0.062300]
27 Sep 15:33    INFO  valid result: 
hit@5 : 0.0701    hit@10 : 0.1164    hit@20 : 0.1859    hit@50 : 0.333    ndcg@5 : 0.0475    ndcg@10 : 0.0623    ndcg@20 : 0.0797    ndcg@50 : 0.1088    recall@5 : 0.0701    recall@10 : 0.1164    recall@20 : 0.1859    recall@50 : 0.333
27 Sep 15:33    INFO  epoch 43 training [time: 12.32s, train loss: 3137.1391]
27 Sep 15:33    INFO  epoch 43 evaluating [time: 0.46s, valid_score: 0.061800]
27 Sep 15:33    INFO  valid result: 
hit@5 : 0.0698    hit@10 : 0.1138    hit@20 : 0.1863    hit@50 : 0.3349    ndcg@5 : 0.0477    ndcg@10 : 0.0618    ndcg@20 : 0.08    ndcg@50 : 0.1093    recall@5 : 0.0698    recall@10 : 0.1138    recall@20 : 0.1863    recall@50 : 0.3349
27 Sep 15:33    INFO  epoch 44 training [time: 12.33s, train loss: 3136.1422]
27 Sep 15:33    INFO  epoch 44 evaluating [time: 0.46s, valid_score: 0.061600]
27 Sep 15:33    INFO  valid result: 
hit@5 : 0.0685    hit@10 : 0.1148    hit@20 : 0.1885    hit@50 : 0.3346    ndcg@5 : 0.0467    ndcg@10 : 0.0616    ndcg@20 : 0.0801    ndcg@50 : 0.109    recall@5 : 0.0685    recall@10 : 0.1148    recall@20 : 0.1885    recall@50 : 0.3346
27 Sep 15:34    INFO  epoch 45 training [time: 12.31s, train loss: 3135.3537]
27 Sep 15:34    INFO  epoch 45 evaluating [time: 0.45s, valid_score: 0.062300]
27 Sep 15:34    INFO  valid result: 
hit@5 : 0.0702    hit@10 : 0.1156    hit@20 : 0.1881    hit@50 : 0.3348    ndcg@5 : 0.0478    ndcg@10 : 0.0623    ndcg@20 : 0.0805    ndcg@50 : 0.1094    recall@5 : 0.0702    recall@10 : 0.1156    recall@20 : 0.1881    recall@50 : 0.3348
27 Sep 15:34    INFO  epoch 46 training [time: 12.32s, train loss: 3134.4524]
27 Sep 15:34    INFO  epoch 46 evaluating [time: 0.46s, valid_score: 0.062500]
27 Sep 15:34    INFO  valid result: 
hit@5 : 0.0701    hit@10 : 0.1165    hit@20 : 0.1877    hit@50 : 0.3354    ndcg@5 : 0.0476    ndcg@10 : 0.0625    ndcg@20 : 0.0803    ndcg@50 : 0.1095    recall@5 : 0.0701    recall@10 : 0.1165    recall@20 : 0.1877    recall@50 : 0.3354
27 Sep 15:34    INFO  epoch 47 training [time: 12.33s, train loss: 3134.1579]
27 Sep 15:34    INFO  epoch 47 evaluating [time: 0.46s, valid_score: 0.062400]
27 Sep 15:34    INFO  valid result: 
hit@5 : 0.069    hit@10 : 0.1157    hit@20 : 0.1869    hit@50 : 0.3365    ndcg@5 : 0.0474    ndcg@10 : 0.0624    ndcg@20 : 0.0802    ndcg@50 : 0.1098    recall@5 : 0.069    recall@10 : 0.1157    recall@20 : 0.1869    recall@50 : 0.3365
27 Sep 15:34    INFO  epoch 48 training [time: 12.33s, train loss: 3132.5920]
27 Sep 15:34    INFO  epoch 48 evaluating [time: 0.47s, valid_score: 0.061400]
27 Sep 15:34    INFO  valid result: 
hit@5 : 0.0685    hit@10 : 0.1141    hit@20 : 0.1875    hit@50 : 0.3348    ndcg@5 : 0.0468    ndcg@10 : 0.0614    ndcg@20 : 0.0798    ndcg@50 : 0.1089    recall@5 : 0.0685    recall@10 : 0.1141    recall@20 : 0.1875    recall@50 : 0.3348
27 Sep 15:34    INFO  epoch 49 training [time: 12.33s, train loss: 3132.3334]
27 Sep 15:34    INFO  epoch 49 evaluating [time: 0.47s, valid_score: 0.061800]
27 Sep 15:34    INFO  valid result: 
hit@5 : 0.0688    hit@10 : 0.1147    hit@20 : 0.1887    hit@50 : 0.3349    ndcg@5 : 0.0471    ndcg@10 : 0.0618    ndcg@20 : 0.0803    ndcg@50 : 0.1092    recall@5 : 0.0688    recall@10 : 0.1147    recall@20 : 0.1887    recall@50 : 0.3349
27 Sep 15:35    INFO  epoch 50 training [time: 12.32s, train loss: 3131.7049]
27 Sep 15:35    INFO  epoch 50 evaluating [time: 0.45s, valid_score: 0.062000]
27 Sep 15:35    INFO  valid result: 
hit@5 : 0.0694    hit@10 : 0.1151    hit@20 : 0.1879    hit@50 : 0.3385    ndcg@5 : 0.0474    ndcg@10 : 0.062    ndcg@20 : 0.0803    ndcg@50 : 0.11    recall@5 : 0.0694    recall@10 : 0.1151    recall@20 : 0.1879    recall@50 : 0.3385
27 Sep 15:35    INFO  epoch 51 training [time: 12.32s, train loss: 3130.8880]
27 Sep 15:35    INFO  epoch 51 evaluating [time: 0.44s, valid_score: 0.061300]
27 Sep 15:35    INFO  valid result: 
hit@5 : 0.0697    hit@10 : 0.1134    hit@20 : 0.1876    hit@50 : 0.333    ndcg@5 : 0.0473    ndcg@10 : 0.0613    ndcg@20 : 0.08    ndcg@50 : 0.1087    recall@5 : 0.0697    recall@10 : 0.1134    recall@20 : 0.1876    recall@50 : 0.333
27 Sep 15:35    INFO  epoch 52 training [time: 12.33s, train loss: 3130.3647]
27 Sep 15:35    INFO  epoch 52 evaluating [time: 0.45s, valid_score: 0.061100]
27 Sep 15:35    INFO  valid result: 
hit@5 : 0.0684    hit@10 : 0.1149    hit@20 : 0.1878    hit@50 : 0.334    ndcg@5 : 0.0463    ndcg@10 : 0.0611    ndcg@20 : 0.0794    ndcg@50 : 0.1082    recall@5 : 0.0684    recall@10 : 0.1149    recall@20 : 0.1878    recall@50 : 0.334
27 Sep 15:35    INFO  epoch 53 training [time: 12.32s, train loss: 3129.4467]
27 Sep 15:35    INFO  epoch 53 evaluating [time: 0.48s, valid_score: 0.061700]
27 Sep 15:35    INFO  valid result: 
hit@5 : 0.0694    hit@10 : 0.1154    hit@20 : 0.1886    hit@50 : 0.3357    ndcg@5 : 0.0469    ndcg@10 : 0.0617    ndcg@20 : 0.0801    ndcg@50 : 0.1091    recall@5 : 0.0694    recall@10 : 0.1154    recall@20 : 0.1886    recall@50 : 0.3357
27 Sep 15:36    INFO  epoch 54 training [time: 12.32s, train loss: 3128.6274]
27 Sep 15:36    INFO  epoch 54 evaluating [time: 0.46s, valid_score: 0.062100]
27 Sep 15:36    INFO  valid result: 
hit@5 : 0.0699    hit@10 : 0.1157    hit@20 : 0.1891    hit@50 : 0.3381    ndcg@5 : 0.0475    ndcg@10 : 0.0621    ndcg@20 : 0.0806    ndcg@50 : 0.1099    recall@5 : 0.0699    recall@10 : 0.1157    recall@20 : 0.1891    recall@50 : 0.3381
27 Sep 15:36    INFO  epoch 55 training [time: 12.32s, train loss: 3128.3054]
27 Sep 15:36    INFO  epoch 55 evaluating [time: 0.45s, valid_score: 0.061800]
27 Sep 15:36    INFO  valid result: 
hit@5 : 0.0701    hit@10 : 0.1146    hit@20 : 0.1882    hit@50 : 0.3346    ndcg@5 : 0.0476    ndcg@10 : 0.0618    ndcg@20 : 0.0803    ndcg@50 : 0.1093    recall@5 : 0.0701    recall@10 : 0.1146    recall@20 : 0.1882    recall@50 : 0.3346
27 Sep 15:36    INFO  epoch 56 training [time: 12.32s, train loss: 3127.4906]
27 Sep 15:36    INFO  epoch 56 evaluating [time: 0.48s, valid_score: 0.062200]
27 Sep 15:36    INFO  valid result: 
hit@5 : 0.0705    hit@10 : 0.115    hit@20 : 0.1889    hit@50 : 0.3361    ndcg@5 : 0.0479    ndcg@10 : 0.0622    ndcg@20 : 0.0808    ndcg@50 : 0.1098    recall@5 : 0.0705    recall@10 : 0.115    recall@20 : 0.1889    recall@50 : 0.3361
27 Sep 15:36    INFO  epoch 57 training [time: 12.31s, train loss: 3126.6995]
27 Sep 15:36    INFO  epoch 57 evaluating [time: 0.46s, valid_score: 0.062400]
27 Sep 15:36    INFO  valid result: 
hit@5 : 0.0706    hit@10 : 0.1167    hit@20 : 0.1882    hit@50 : 0.3377    ndcg@5 : 0.0476    ndcg@10 : 0.0624    ndcg@20 : 0.0803    ndcg@50 : 0.1099    recall@5 : 0.0706    recall@10 : 0.1167    recall@20 : 0.1882    recall@50 : 0.3377
27 Sep 15:36    INFO  Finished training, best eval result in epoch 46
