command line args [--variant relative_phase --seed 2026] will not be used in RecBole
command line args [--variant relative_phase --seed 2026] will not be used in RecBole
/home/daryumin/iberdov/diplom/envs/mamba3/lib/python3.10/site-packages/recbole/data/dataset/dataset.py:648: FutureWarning: A value is trying to be set on a copy of a DataFrame or Series through chained assignment using an inplace method.
The behavior will change in pandas 3.0. This inplace method will never work because the intermediate object on which we are setting values always behaves as a copy.

For example, when doing 'df[col].method(value, inplace=True)', try using 'df.method({col: value}, inplace=True)' or df[col] = df[col].method(value) instead, to perform the operation inplace on the original object.


  feat[field].fillna(value=0, inplace=True)
/home/daryumin/iberdov/diplom/envs/mamba3/lib/python3.10/site-packages/recbole/data/dataset/dataset.py:650: FutureWarning: A value is trying to be set on a copy of a DataFrame or Series through chained assignment using an inplace method.
The behavior will change in pandas 3.0. This inplace method will never work because the intermediate object on which we are setting values always behaves as a copy.

For example, when doing 'df[col].method(value, inplace=True)', try using 'df.method({col: value}, inplace=True)' or df[col] = df[col].method(value) instead, to perform the operation inplace on the original object.


  feat[field].fillna(value=feat[field].mean(), inplace=True)
/home/daryumin/iberdov/diplom/envs/mamba3/lib/python3.10/site-packages/recbole/trainer/trainer.py:235: FutureWarning: `torch.cuda.amp.GradScaler(args...)` is deprecated. Please use `torch.amp.GradScaler('cuda', args...)` instead.
  scaler = amp.GradScaler(enabled=self.enable_scaler)
04 Oct 11:34    INFO  epoch 0 training [time: 33.86s, train loss: 3923.7346]
04 Oct 11:34    INFO  epoch 0 evaluating [time: 1.51s, valid_score: 0.043300]
04 Oct 11:34    INFO  valid result: 
hit@5 : 0.0486    hit@10 : 0.0777    hit@20 : 0.1194    hit@50 : 0.2143    ndcg@5 : 0.0339    ndcg@10 : 0.0433    ndcg@20 : 0.0538    ndcg@50 : 0.0725    recall@5 : 0.0486    recall@10 : 0.0777    recall@20 : 0.1194    recall@50 : 0.2143
/home/daryumin/iberdov/diplom/envs/mamba3/lib/python3.10/site-packages/recbole/trainer/trainer.py:235: FutureWarning: `torch.cuda.amp.GradScaler(args...)` is deprecated. Please use `torch.amp.GradScaler('cuda', args...)` instead.
  scaler = amp.GradScaler(enabled=self.enable_scaler)
04 Oct 11:35    INFO  epoch 1 training [time: 24.17s, train loss: 3509.2328]
04 Oct 11:35    INFO  epoch 1 evaluating [time: 0.66s, valid_score: 0.049900]
04 Oct 11:35    INFO  valid result: 
hit@5 : 0.0557    hit@10 : 0.0905    hit@20 : 0.1441    hit@50 : 0.2577    ndcg@5 : 0.0388    ndcg@10 : 0.0499    ndcg@20 : 0.0634    ndcg@50 : 0.0857    recall@5 : 0.0557    recall@10 : 0.0905    recall@20 : 0.1441    recall@50 : 0.2577
04 Oct 11:35    INFO  epoch 2 training [time: 24.15s, train loss: 3400.0640]
04 Oct 11:35    INFO  epoch 2 evaluating [time: 0.79s, valid_score: 0.053800]
04 Oct 11:35    INFO  valid result: 
hit@5 : 0.061    hit@10 : 0.0965    hit@20 : 0.1557    hit@50 : 0.2737    ndcg@5 : 0.0425    ndcg@10 : 0.0538    ndcg@20 : 0.0687    ndcg@50 : 0.0919    recall@5 : 0.061    recall@10 : 0.0965    recall@20 : 0.1557    recall@50 : 0.2737
04 Oct 11:36    INFO  epoch 3 training [time: 24.14s, train loss: 3343.1855]
04 Oct 11:36    INFO  epoch 3 evaluating [time: 0.75s, valid_score: 0.056300]
04 Oct 11:36    INFO  valid result: 
hit@5 : 0.064    hit@10 : 0.1024    hit@20 : 0.161    hit@50 : 0.2879    ndcg@5 : 0.044    ndcg@10 : 0.0563    ndcg@20 : 0.071    ndcg@50 : 0.096    recall@5 : 0.064    recall@10 : 0.1024    recall@20 : 0.161    recall@50 : 0.2879
04 Oct 11:36    INFO  epoch 4 training [time: 24.13s, train loss: 3305.2586]
04 Oct 11:36    INFO  epoch 4 evaluating [time: 0.78s, valid_score: 0.058700]
04 Oct 11:36    INFO  valid result: 
hit@5 : 0.0653    hit@10 : 0.1063    hit@20 : 0.1669    hit@50 : 0.2962    ndcg@5 : 0.0456    ndcg@10 : 0.0587    ndcg@20 : 0.0739    ndcg@50 : 0.0994    recall@5 : 0.0653    recall@10 : 0.1063    recall@20 : 0.1669    recall@50 : 0.2962
04 Oct 11:36    INFO  epoch 5 training [time: 24.13s, train loss: 3280.4554]
04 Oct 11:36    INFO  epoch 5 evaluating [time: 0.86s, valid_score: 0.058300]
04 Oct 11:36    INFO  valid result: 
hit@5 : 0.0659    hit@10 : 0.1057    hit@20 : 0.1714    hit@50 : 0.3046    ndcg@5 : 0.0456    ndcg@10 : 0.0583    ndcg@20 : 0.0748    ndcg@50 : 0.1011    recall@5 : 0.0659    recall@10 : 0.1057    recall@20 : 0.1714    recall@50 : 0.3046
04 Oct 11:37    INFO  epoch 6 training [time: 24.13s, train loss: 3261.3397]
04 Oct 11:37    INFO  epoch 6 evaluating [time: 0.85s, valid_score: 0.059400]
04 Oct 11:37    INFO  valid result: 
hit@5 : 0.0662    hit@10 : 0.1089    hit@20 : 0.1741    hit@50 : 0.3088    ndcg@5 : 0.0457    ndcg@10 : 0.0594    ndcg@20 : 0.0757    ndcg@50 : 0.1023    recall@5 : 0.0662    recall@10 : 0.1089    recall@20 : 0.1741    recall@50 : 0.3088
04 Oct 11:37    INFO  epoch 7 training [time: 24.14s, train loss: 3245.9179]
04 Oct 11:37    INFO  epoch 7 evaluating [time: 0.86s, valid_score: 0.060600]
04 Oct 11:37    INFO  valid result: 
hit@5 : 0.0701    hit@10 : 0.1106    hit@20 : 0.1751    hit@50 : 0.3126    ndcg@5 : 0.0477    ndcg@10 : 0.0606    ndcg@20 : 0.0768    ndcg@50 : 0.1039    recall@5 : 0.0701    recall@10 : 0.1106    recall@20 : 0.1751    recall@50 : 0.3126
04 Oct 11:38    INFO  epoch 8 training [time: 24.14s, train loss: 3233.2730]
04 Oct 11:38    INFO  epoch 8 evaluating [time: 0.94s, valid_score: 0.059100]
04 Oct 11:38    INFO  valid result: 
hit@5 : 0.0667    hit@10 : 0.1078    hit@20 : 0.1754    hit@50 : 0.3184    ndcg@5 : 0.0459    ndcg@10 : 0.0591    ndcg@20 : 0.0761    ndcg@50 : 0.1043    recall@5 : 0.0667    recall@10 : 0.1078    recall@20 : 0.1754    recall@50 : 0.3184
04 Oct 11:38    INFO  epoch 9 training [time: 24.14s, train loss: 3224.0265]
04 Oct 11:38    INFO  epoch 9 evaluating [time: 0.95s, valid_score: 0.060300]
04 Oct 11:38    INFO  valid result: 
hit@5 : 0.0678    hit@10 : 0.1104    hit@20 : 0.1772    hit@50 : 0.319    ndcg@5 : 0.0467    ndcg@10 : 0.0603    ndcg@20 : 0.077    ndcg@50 : 0.1051    recall@5 : 0.0678    recall@10 : 0.1104    recall@20 : 0.1772    recall@50 : 0.319
04 Oct 11:39    INFO  epoch 10 training [time: 24.14s, train loss: 3215.2194]
04 Oct 11:39    INFO  epoch 10 evaluating [time: 1.01s, valid_score: 0.059600]
04 Oct 11:39    INFO  valid result: 
hit@5 : 0.0668    hit@10 : 0.1091    hit@20 : 0.1792    hit@50 : 0.3202    ndcg@5 : 0.0461    ndcg@10 : 0.0596    ndcg@20 : 0.0771    ndcg@50 : 0.1049    recall@5 : 0.0668    recall@10 : 0.1091    recall@20 : 0.1792    recall@50 : 0.3202
04 Oct 11:39    INFO  epoch 11 training [time: 24.14s, train loss: 3208.4018]
04 Oct 11:39    INFO  epoch 11 evaluating [time: 1.01s, valid_score: 0.061600]
04 Oct 11:39    INFO  valid result: 
hit@5 : 0.0689    hit@10 : 0.1124    hit@20 : 0.1796    hit@50 : 0.3236    ndcg@5 : 0.0476    ndcg@10 : 0.0616    ndcg@20 : 0.0784    ndcg@50 : 0.1069    recall@5 : 0.0689    recall@10 : 0.1124    recall@20 : 0.1796    recall@50 : 0.3236
04 Oct 11:39    INFO  epoch 12 training [time: 24.13s, train loss: 3202.1539]
04 Oct 11:39    INFO  epoch 12 evaluating [time: 1.06s, valid_score: 0.059700]
04 Oct 11:39    INFO  valid result: 
hit@5 : 0.0682    hit@10 : 0.1086    hit@20 : 0.1784    hit@50 : 0.3225    ndcg@5 : 0.0467    ndcg@10 : 0.0597    ndcg@20 : 0.0772    ndcg@50 : 0.1056    recall@5 : 0.0682    recall@10 : 0.1086    recall@20 : 0.1784    recall@50 : 0.3225
04 Oct 11:40    INFO  epoch 13 training [time: 24.14s, train loss: 3197.0978]
04 Oct 11:40    INFO  epoch 13 evaluating [time: 1.11s, valid_score: 0.060700]
04 Oct 11:40    INFO  valid result: 
hit@5 : 0.0681    hit@10 : 0.1123    hit@20 : 0.1802    hit@50 : 0.324    ndcg@5 : 0.0466    ndcg@10 : 0.0607    ndcg@20 : 0.0777    ndcg@50 : 0.1061    recall@5 : 0.0681    recall@10 : 0.1123    recall@20 : 0.1802    recall@50 : 0.324
04 Oct 11:40    INFO  epoch 14 training [time: 24.13s, train loss: 3191.6120]
04 Oct 11:40    INFO  epoch 14 evaluating [time: 1.16s, valid_score: 0.060400]
04 Oct 11:40    INFO  valid result: 
hit@5 : 0.0678    hit@10 : 0.1108    hit@20 : 0.182    hit@50 : 0.3237    ndcg@5 : 0.0466    ndcg@10 : 0.0604    ndcg@20 : 0.0783    ndcg@50 : 0.1062    recall@5 : 0.0678    recall@10 : 0.1108    recall@20 : 0.182    recall@50 : 0.3237
04 Oct 11:41    INFO  epoch 15 training [time: 24.13s, train loss: 3187.1078]
04 Oct 11:41    INFO  epoch 15 evaluating [time: 1.65s, valid_score: 0.061100]
04 Oct 11:41    INFO  valid result: 
hit@5 : 0.069    hit@10 : 0.1119    hit@20 : 0.1824    hit@50 : 0.326    ndcg@5 : 0.0473    ndcg@10 : 0.0611    ndcg@20 : 0.0787    ndcg@50 : 0.1071    recall@5 : 0.069    recall@10 : 0.1119    recall@20 : 0.1824    recall@50 : 0.326
04 Oct 11:41    INFO  epoch 16 training [time: 24.13s, train loss: 3183.1870]
04 Oct 11:41    INFO  epoch 16 evaluating [time: 1.20s, valid_score: 0.061400]
04 Oct 11:41    INFO  valid result: 
hit@5 : 0.0682    hit@10 : 0.1131    hit@20 : 0.1826    hit@50 : 0.3262    ndcg@5 : 0.0471    ndcg@10 : 0.0614    ndcg@20 : 0.0788    ndcg@50 : 0.1072    recall@5 : 0.0682    recall@10 : 0.1131    recall@20 : 0.1826    recall@50 : 0.3262
04 Oct 11:41    INFO  epoch 17 training [time: 24.14s, train loss: 3178.9044]
04 Oct 11:41    INFO  epoch 17 evaluating [time: 1.24s, valid_score: 0.060100]
04 Oct 11:41    INFO  valid result: 
hit@5 : 0.068    hit@10 : 0.1114    hit@20 : 0.1808    hit@50 : 0.3268    ndcg@5 : 0.0462    ndcg@10 : 0.0601    ndcg@20 : 0.0775    ndcg@50 : 0.1063    recall@5 : 0.068    recall@10 : 0.1114    recall@20 : 0.1808    recall@50 : 0.3268
04 Oct 11:42    INFO  epoch 18 training [time: 24.13s, train loss: 3176.0186]
04 Oct 11:42    INFO  epoch 18 evaluating [time: 1.29s, valid_score: 0.059800]
04 Oct 11:42    INFO  valid result: 
hit@5 : 0.0691    hit@10 : 0.1095    hit@20 : 0.1806    hit@50 : 0.3276    ndcg@5 : 0.0469    ndcg@10 : 0.0598    ndcg@20 : 0.0777    ndcg@50 : 0.1067    recall@5 : 0.0691    recall@10 : 0.1095    recall@20 : 0.1806    recall@50 : 0.3276
04 Oct 11:42    INFO  epoch 19 training [time: 24.13s, train loss: 3172.4068]
04 Oct 11:42    INFO  epoch 19 evaluating [time: 1.33s, valid_score: 0.061100]
04 Oct 11:42    INFO  valid result: 
hit@5 : 0.0687    hit@10 : 0.1121    hit@20 : 0.1841    hit@50 : 0.3268    ndcg@5 : 0.0472    ndcg@10 : 0.0611    ndcg@20 : 0.0792    ndcg@50 : 0.1074    recall@5 : 0.0687    recall@10 : 0.1121    recall@20 : 0.1841    recall@50 : 0.3268
04 Oct 11:43    INFO  epoch 20 training [time: 24.13s, train loss: 3169.6156]
04 Oct 11:43    INFO  epoch 20 evaluating [time: 1.40s, valid_score: 0.060900]
04 Oct 11:43    INFO  valid result: 
hit@5 : 0.0689    hit@10 : 0.1117    hit@20 : 0.1828    hit@50 : 0.3289    ndcg@5 : 0.0472    ndcg@10 : 0.0609    ndcg@20 : 0.0787    ndcg@50 : 0.1075    recall@5 : 0.0689    recall@10 : 0.1117    recall@20 : 0.1828    recall@50 : 0.3289
04 Oct 11:43    INFO  epoch 21 training [time: 24.14s, train loss: 3166.6411]
04 Oct 11:43    INFO  epoch 21 evaluating [time: 1.41s, valid_score: 0.061100]
04 Oct 11:43    INFO  valid result: 
hit@5 : 0.0668    hit@10 : 0.114    hit@20 : 0.1826    hit@50 : 0.3316    ndcg@5 : 0.0459    ndcg@10 : 0.0611    ndcg@20 : 0.0783    ndcg@50 : 0.1077    recall@5 : 0.0668    recall@10 : 0.114    recall@20 : 0.1826    recall@50 : 0.3316
04 Oct 11:44    INFO  epoch 22 training [time: 24.13s, train loss: 3164.2378]
04 Oct 11:44    INFO  epoch 22 evaluating [time: 1.44s, valid_score: 0.061300]
04 Oct 11:44    INFO  valid result: 
hit@5 : 0.0688    hit@10 : 0.1129    hit@20 : 0.1849    hit@50 : 0.3305    ndcg@5 : 0.0472    ndcg@10 : 0.0613    ndcg@20 : 0.0793    ndcg@50 : 0.1081    recall@5 : 0.0688    recall@10 : 0.1129    recall@20 : 0.1849    recall@50 : 0.3305
04 Oct 11:44    INFO  Finished training, best eval result in epoch 11
