2026-09-26 17:36:40  [TileLang:tilelang.jit.kernel:INFO]: TileLang begins to compile kernel `mamba_mimo_fwd_kernel` with `out_idx=[]`
2026-09-26 17:36:58  [TileLang:tilelang.jit.kernel:INFO]: TileLang completes to compile kernel `mamba_mimo_fwd_kernel`
2026-09-26 17:37:01  [TileLang:tilelang.jit.kernel:INFO]: TileLang begins to compile kernel `mamba_mimo_bwd_fwd_kernel` with `out_idx=[]`
2026-09-26 17:37:24  [TileLang:tilelang.jit.kernel:INFO]: TileLang completes to compile kernel `mamba_mimo_bwd_fwd_kernel`
2026-09-26 17:37:27  [TileLang:tilelang.jit.kernel:INFO]: TileLang begins to compile kernel `mamba_mimo_bwd_bwd_kernel` with `out_idx=[]`
2026-09-26 17:38:29  [TileLang:tilelang.jit.kernel:INFO]: TileLang completes to compile kernel `mamba_mimo_bwd_bwd_kernel`
{"case_id": "MIMO/upstream/official_support_L16", "status": "PASS"}
2026-09-26 17:38:41  [TileLang:tilelang.jit.kernel:INFO]: TileLang begins to compile kernel `mamba_mimo_fwd_kernel` with `out_idx=[]`
2026-09-26 17:38:56  [TileLang:tilelang.jit.kernel:INFO]: TileLang completes to compile kernel `mamba_mimo_fwd_kernel`
2026-09-26 17:38:58  [TileLang:tilelang.jit.kernel:INFO]: TileLang begins to compile kernel `mamba_mimo_bwd_fwd_kernel` with `out_idx=[]`
2026-09-26 17:39:22  [TileLang:tilelang.jit.kernel:INFO]: TileLang completes to compile kernel `mamba_mimo_bwd_fwd_kernel`
2026-09-26 17:39:25  [TileLang:tilelang.jit.kernel:INFO]: TileLang begins to compile kernel `mamba_mimo_bwd_bwd_kernel` with `out_idx=[]`
2026-09-26 17:40:27  [TileLang:tilelang.jit.kernel:INFO]: TileLang completes to compile kernel `mamba_mimo_bwd_bwd_kernel`
{"case_id": "MIMO/upstream/official_support_L17", "status": "PASS"}
2026-09-26 17:40:31  [TileLang:tilelang.jit.kernel:INFO]: TileLang begins to compile kernel `mamba_mimo_fwd_kernel` with `out_idx=[]`
2026-09-26 17:40:46  [TileLang:tilelang.jit.kernel:INFO]: TileLang completes to compile kernel `mamba_mimo_fwd_kernel`
2026-09-26 17:40:48  [TileLang:tilelang.jit.kernel:INFO]: TileLang begins to compile kernel `mamba_mimo_bwd_fwd_kernel` with `out_idx=[]`
2026-09-26 17:41:13  [TileLang:tilelang.jit.kernel:INFO]: TileLang completes to compile kernel `mamba_mimo_bwd_fwd_kernel`
2026-09-26 17:41:16  [TileLang:tilelang.jit.kernel:INFO]: TileLang begins to compile kernel `mamba_mimo_bwd_bwd_kernel` with `out_idx=[]`
2026-09-26 17:42:18  [TileLang:tilelang.jit.kernel:INFO]: TileLang completes to compile kernel `mamba_mimo_bwd_bwd_kernel`
{"case_id": "MIMO/upstream/official_support_L50", "status": "PASS"}
{"case_id": "MIMO/upstream/forensics_L15_triple_original", "status": "PASS"}
{"case_id": "MIMO/upstream/forensics_L50_tied_original", "status": "PASS"}
2026-09-26 17:42:24  [TileLang:tilelang.jit.kernel:INFO]: TileLang begins to compile kernel `mamba_mimo_fwd_kernel` with `out_idx=[]`
2026-09-26 17:42:39  [TileLang:tilelang.jit.kernel:INFO]: TileLang completes to compile kernel `mamba_mimo_fwd_kernel`
2026-09-26 17:42:41  [TileLang:tilelang.jit.kernel:INFO]: TileLang begins to compile kernel `mamba_mimo_bwd_fwd_kernel` with `out_idx=[]`
2026-09-26 17:43:05  [TileLang:tilelang.jit.kernel:INFO]: TileLang completes to compile kernel `mamba_mimo_bwd_fwd_kernel`
2026-09-26 17:43:07  [TileLang:tilelang.jit.kernel:INFO]: TileLang begins to compile kernel `mamba_mimo_bwd_bwd_kernel` with `out_idx=[]`
2026-09-26 17:44:09  [TileLang:tilelang.jit.kernel:INFO]: TileLang completes to compile kernel `mamba_mimo_bwd_bwd_kernel`
{"case_id": "MIMO/upstream/forensics_L7_tied_D_only", "status": "PASS"}
2026-09-26 17:44:14  [TileLang:tilelang.jit.kernel:INFO]: TileLang begins to compile kernel `mamba_mimo_fwd_kernel` with `out_idx=[]`
2026-09-26 17:44:30  [TileLang:tilelang.jit.kernel:INFO]: TileLang completes to compile kernel `mamba_mimo_fwd_kernel`
2026-09-26 17:44:32  [TileLang:tilelang.jit.kernel:INFO]: TileLang begins to compile kernel `mamba_mimo_bwd_fwd_kernel` with `out_idx=[]`
2026-09-26 17:44:55  [TileLang:tilelang.jit.kernel:INFO]: TileLang completes to compile kernel `mamba_mimo_bwd_fwd_kernel`
2026-09-26 17:44:58  [TileLang:tilelang.jit.kernel:INFO]: TileLang begins to compile kernel `mamba_mimo_bwd_bwd_kernel` with `out_idx=[]`
2026-09-26 17:46:01  [TileLang:tilelang.jit.kernel:INFO]: TileLang completes to compile kernel `mamba_mimo_bwd_bwd_kernel`
{"case_id": "MIMO/upstream/causal_base_L17_P7_x1", "status": "PASS"}
{"case_id": "MIMO/upstream/causal_base_L17_P7_x16", "status": "PASS"}
{"case_id": "MIMO/upstream/causal_dual_L17_P7_x1", "status": "PASS"}
{"case_id": "MIMO/upstream/causal_dual_L17_P7_x16", "status": "PASS"}
{"case_id": "MIMO/upstream/causal_triple_L17_P7_x1", "status": "PASS"}
{"case_id": "MIMO/upstream/causal_triple_L17_P7_x16", "status": "PASS"}
