{"case_id": "SISO/upstream/trace_smoke", "status": "PASS"}
{"case_id": "SISO/upstream/drift_dual_train_L50", "status": "PASS"}
{"case_id": "SISO/upstream/drift_base_eval_L64", "status": "PASS"}
{"case_id": "SISO/upstream/A_eval_L50", "status": "PASS"}
{"case_id": "SISO/upstream/A_eval_L64", "status": "PASS"}
{"case_id": "SISO/upstream/A_train_L50", "status": "PASS"}
{"case_id": "SISO/upstream/A_train_L64", "status": "PASS"}
{"case_id": "SISO/upstream/B_eval_L50", "status": "PASS"}
{"case_id": "SISO/upstream/B_eval_L64", "status": "PASS"}
{"case_id": "SISO/upstream/B_train_L50", "status": "PASS"}
{"case_id": "SISO/upstream/B_train_L64", "status": "PASS"}
{"case_id": "SISO/upstream/C_leaf_gradient_sum", "status": "PASS"}
{"case_id": "SISO/upstream/C_tied_calibrator_recovery", "status": "PASS"}
{"case_id": "SISO/upstream/reference_calibration_official_tied_L7", "status": "PASS"}
{"case_id": "SISO/upstream/D_three_path_L7", "status": "PASS"}
{"case_id": "SISO/upstream/E_causality_padding", "status": "FAIL"}
{"case_id": "SISO/upstream/F_official_full_sequence_L1", "status": "PASS"}
{"case_id": "SISO/upstream/F_reference_calibration_official_tied_L1", "status": "PASS"}
{"case_id": "SISO/upstream/F_D_three_path_L1", "status": "PASS"}
{"case_id": "SISO/upstream/F_official_full_sequence_L50", "status": "PASS"}
{"case_id": "SISO/upstream/F_reference_calibration_official_tied_L50", "status": "PASS"}
{"case_id": "SISO/upstream/F_D_three_path_L50", "status": "PASS"}
{"case_id": "SISO/upstream/F_official_full_sequence_L63", "status": "PASS"}
{"case_id": "SISO/upstream/F_reference_calibration_official_tied_L63", "status": "PASS"}
{"case_id": "SISO/upstream/F_D_three_path_L63", "status": "PASS"}
{"case_id": "SISO/upstream/F_official_full_sequence_L64", "status": "PASS"}
{"case_id": "SISO/upstream/F_reference_calibration_official_tied_L64", "status": "PASS"}
{"case_id": "SISO/upstream/F_D_three_path_L64", "status": "PASS"}
{"case_id": "SISO/upstream/F_official_full_sequence_L65", "status": "PASS"}
{"case_id": "SISO/upstream/F_reference_calibration_official_tied_L65", "status": "PASS"}
{"case_id": "SISO/upstream/F_D_three_path_L65", "status": "PASS"}
{"case_id": "SISO/upstream/F_official_full_sequence_L97", "status": "PASS"}
{"case_id": "SISO/upstream/F_reference_calibration_official_tied_L97", "status": "PASS"}
{"case_id": "SISO/upstream/F_D_three_path_L97", "status": "PASS"}
{"case_id": "SISO/upstream/H_state_dict_roundtrip", "status": "PASS"}
{"case_id": "SISO/upstream/causal_base_L17_P7_x1", "status": "PASS"}
{"case_id": "SISO/upstream/causal_base_L17_P7_x16", "status": "PASS"}
{"case_id": "SISO/upstream/causal_base_L65_P31_x1", "status": "PASS"}
{"case_id": "SISO/upstream/causal_base_L65_P31_x16", "status": "PASS"}
{"case_id": "SISO/upstream/causal_base_L97_P65_x1", "status": "PASS"}
{"case_id": "SISO/upstream/causal_base_L97_P65_x16", "status": "PASS"}
{"case_id": "SISO/upstream/causal_dual_L17_P7_x1", "status": "PASS"}
{"case_id": "SISO/upstream/causal_dual_L17_P7_x16", "status": "PASS"}
{"case_id": "SISO/upstream/causal_dual_L65_P31_x1", "status": "PASS"}
{"case_id": "SISO/upstream/causal_dual_L65_P31_x16", "status": "PASS"}
{"case_id": "SISO/upstream/causal_dual_L97_P65_x1", "status": "PASS"}
{"case_id": "SISO/upstream/causal_dual_L97_P65_x16", "status": "PASS"}
{"case_id": "SISO/upstream/causal_triple_L17_P7_x1", "status": "PASS"}
{"case_id": "SISO/upstream/causal_triple_L17_P7_x16", "status": "PASS"}
{"case_id": "SISO/upstream/causal_triple_L65_P31_x1", "status": "PASS"}
{"case_id": "SISO/upstream/causal_triple_L65_P31_x16", "status": "PASS"}
{"case_id": "SISO/upstream/causal_triple_L97_P65_x1", "status": "PASS"}
{"case_id": "SISO/upstream/causal_triple_L97_P65_x16", "status": "PASS"}
