command line args [--mode dual --seed 2027] will not be used in RecBole
/home/daryumin/iberdov/diplom/envs/mamba3/lib/python3.10/site-packages/recbole/data/dataset/dataset.py:648: FutureWarning: A value is trying to be set on a copy of a DataFrame or Series through chained assignment using an inplace method.
The behavior will change in pandas 3.0. This inplace method will never work because the intermediate object on which we are setting values always behaves as a copy.

For example, when doing 'df[col].method(value, inplace=True)', try using 'df.method({col: value}, inplace=True)' or df[col] = df[col].method(value) instead, to perform the operation inplace on the original object.


  feat[field].fillna(value=0, inplace=True)
/home/daryumin/iberdov/diplom/envs/mamba3/lib/python3.10/site-packages/recbole/data/dataset/dataset.py:650: FutureWarning: A value is trying to be set on a copy of a DataFrame or Series through chained assignment using an inplace method.
The behavior will change in pandas 3.0. This inplace method will never work because the intermediate object on which we are setting values always behaves as a copy.

For example, when doing 'df[col].method(value, inplace=True)', try using 'df.method({col: value}, inplace=True)' or df[col] = df[col].method(value) instead, to perform the operation inplace on the original object.


  feat[field].fillna(value=feat[field].mean(), inplace=True)
/home/daryumin/iberdov/diplom/envs/mamba3/lib/python3.10/site-packages/recbole/trainer/trainer.py:235: FutureWarning: `torch.cuda.amp.GradScaler(args...)` is deprecated. Please use `torch.amp.GradScaler('cuda', args...)` instead.
  scaler = amp.GradScaler(enabled=self.enable_scaler)
27 Sep 11:22    INFO  epoch 0 training [time: 279.52s, train loss: 3901.6481]
27 Sep 11:22    INFO  epoch 0 evaluating [time: 3.21s, valid_score: 0.042000]
27 Sep 11:22    INFO  valid result: 
hit@5 : 0.0468    hit@10 : 0.0757    hit@20 : 0.1204    hit@50 : 0.2182    ndcg@5 : 0.0328    ndcg@10 : 0.042    ndcg@20 : 0.0532    ndcg@50 : 0.0725    recall@5 : 0.0468    recall@10 : 0.0757    recall@20 : 0.1204    recall@50 : 0.2182
/home/daryumin/iberdov/diplom/envs/mamba3/lib/python3.10/site-packages/recbole/trainer/trainer.py:235: FutureWarning: `torch.cuda.amp.GradScaler(args...)` is deprecated. Please use `torch.amp.GradScaler('cuda', args...)` instead.
  scaler = amp.GradScaler(enabled=self.enable_scaler)
27 Sep 11:22    INFO  epoch 1 training [time: 12.42s, train loss: 3504.3232]
27 Sep 11:22    INFO  epoch 1 evaluating [time: 0.40s, valid_score: 0.048200]
27 Sep 11:22    INFO  valid result: 
hit@5 : 0.0544    hit@10 : 0.0868    hit@20 : 0.1405    hit@50 : 0.2539    ndcg@5 : 0.0378    ndcg@10 : 0.0482    ndcg@20 : 0.0617    ndcg@50 : 0.084    recall@5 : 0.0544    recall@10 : 0.0868    recall@20 : 0.1405    recall@50 : 0.2539
27 Sep 11:22    INFO  epoch 2 training [time: 12.39s, train loss: 3410.7405]
27 Sep 11:22    INFO  epoch 2 evaluating [time: 0.41s, valid_score: 0.052300]
27 Sep 11:22    INFO  valid result: 
hit@5 : 0.0587    hit@10 : 0.0956    hit@20 : 0.1505    hit@50 : 0.2708    ndcg@5 : 0.0405    ndcg@10 : 0.0523    ndcg@20 : 0.0661    ndcg@50 : 0.0898    recall@5 : 0.0587    recall@10 : 0.0956    recall@20 : 0.1505    recall@50 : 0.2708
27 Sep 11:22    INFO  epoch 3 training [time: 12.36s, train loss: 3360.2042]
27 Sep 11:22    INFO  epoch 3 evaluating [time: 0.40s, valid_score: 0.054200]
27 Sep 11:22    INFO  valid result: 
hit@5 : 0.0604    hit@10 : 0.0981    hit@20 : 0.156    hit@50 : 0.2814    ndcg@5 : 0.0421    ndcg@10 : 0.0542    ndcg@20 : 0.0688    ndcg@50 : 0.0935    recall@5 : 0.0604    recall@10 : 0.0981    recall@20 : 0.156    recall@50 : 0.2814
27 Sep 11:22    INFO  epoch 4 training [time: 12.38s, train loss: 3321.7086]
27 Sep 11:22    INFO  epoch 4 evaluating [time: 0.41s, valid_score: 0.055800]
27 Sep 11:22    INFO  valid result: 
hit@5 : 0.0628    hit@10 : 0.1013    hit@20 : 0.1631    hit@50 : 0.2933    ndcg@5 : 0.0435    ndcg@10 : 0.0558    ndcg@20 : 0.0713    ndcg@50 : 0.097    recall@5 : 0.0628    recall@10 : 0.1013    recall@20 : 0.1631    recall@50 : 0.2933
27 Sep 11:23    INFO  epoch 5 training [time: 12.38s, train loss: 3291.8506]
27 Sep 11:23    INFO  epoch 5 evaluating [time: 0.41s, valid_score: 0.056700]
27 Sep 11:23    INFO  valid result: 
hit@5 : 0.0636    hit@10 : 0.1033    hit@20 : 0.1671    hit@50 : 0.2975    ndcg@5 : 0.0439    ndcg@10 : 0.0567    ndcg@20 : 0.0727    ndcg@50 : 0.0983    recall@5 : 0.0636    recall@10 : 0.1033    recall@20 : 0.1671    recall@50 : 0.2975
27 Sep 11:23    INFO  epoch 6 training [time: 12.38s, train loss: 3268.8760]
27 Sep 11:23    INFO  epoch 6 evaluating [time: 0.47s, valid_score: 0.058000]
27 Sep 11:23    INFO  valid result: 
hit@5 : 0.0651    hit@10 : 0.1062    hit@20 : 0.1711    hit@50 : 0.3059    ndcg@5 : 0.0449    ndcg@10 : 0.058    ndcg@20 : 0.0743    ndcg@50 : 0.1009    recall@5 : 0.0651    recall@10 : 0.1062    recall@20 : 0.1711    recall@50 : 0.3059
27 Sep 11:23    INFO  epoch 7 training [time: 12.36s, train loss: 3251.3952]
27 Sep 11:23    INFO  epoch 7 evaluating [time: 0.41s, valid_score: 0.057300]
27 Sep 11:23    INFO  valid result: 
hit@5 : 0.0652    hit@10 : 0.1056    hit@20 : 0.1724    hit@50 : 0.3076    ndcg@5 : 0.0443    ndcg@10 : 0.0573    ndcg@20 : 0.0741    ndcg@50 : 0.1007    recall@5 : 0.0652    recall@10 : 0.1056    recall@20 : 0.1724    recall@50 : 0.3076
27 Sep 11:23    INFO  epoch 8 training [time: 12.36s, train loss: 3237.6419]
27 Sep 11:23    INFO  epoch 8 evaluating [time: 0.46s, valid_score: 0.059600]
27 Sep 11:23    INFO  valid result: 
hit@5 : 0.0668    hit@10 : 0.1093    hit@20 : 0.1746    hit@50 : 0.3128    ndcg@5 : 0.0459    ndcg@10 : 0.0596    ndcg@20 : 0.0759    ndcg@50 : 0.1033    recall@5 : 0.0668    recall@10 : 0.1093    recall@20 : 0.1746    recall@50 : 0.3128
27 Sep 11:24    INFO  epoch 9 training [time: 12.36s, train loss: 3226.2618]
27 Sep 11:24    INFO  epoch 9 evaluating [time: 0.48s, valid_score: 0.059600]
27 Sep 11:24    INFO  valid result: 
hit@5 : 0.0671    hit@10 : 0.1101    hit@20 : 0.1771    hit@50 : 0.3151    ndcg@5 : 0.0459    ndcg@10 : 0.0596    ndcg@20 : 0.0764    ndcg@50 : 0.1036    recall@5 : 0.0671    recall@10 : 0.1101    recall@20 : 0.1771    recall@50 : 0.3151
27 Sep 11:24    INFO  epoch 10 training [time: 12.37s, train loss: 3217.6794]
27 Sep 11:24    INFO  epoch 10 evaluating [time: 0.40s, valid_score: 0.060200]
27 Sep 11:24    INFO  valid result: 
hit@5 : 0.0688    hit@10 : 0.1096    hit@20 : 0.1776    hit@50 : 0.3167    ndcg@5 : 0.0472    ndcg@10 : 0.0602    ndcg@20 : 0.0773    ndcg@50 : 0.1047    recall@5 : 0.0688    recall@10 : 0.1096    recall@20 : 0.1776    recall@50 : 0.3167
27 Sep 11:24    INFO  epoch 11 training [time: 12.38s, train loss: 3209.4460]
27 Sep 11:24    INFO  epoch 11 evaluating [time: 0.40s, valid_score: 0.060400]
27 Sep 11:24    INFO  valid result: 
hit@5 : 0.0675    hit@10 : 0.111    hit@20 : 0.1805    hit@50 : 0.3217    ndcg@5 : 0.0464    ndcg@10 : 0.0604    ndcg@20 : 0.0778    ndcg@50 : 0.1056    recall@5 : 0.0675    recall@10 : 0.111    recall@20 : 0.1805    recall@50 : 0.3217
27 Sep 11:24    INFO  epoch 12 training [time: 12.38s, train loss: 3202.8163]
27 Sep 11:24    INFO  epoch 12 evaluating [time: 0.41s, valid_score: 0.060200]
27 Sep 11:24    INFO  valid result: 
hit@5 : 0.0679    hit@10 : 0.1117    hit@20 : 0.1804    hit@50 : 0.3202    ndcg@5 : 0.0462    ndcg@10 : 0.0602    ndcg@20 : 0.0774    ndcg@50 : 0.105    recall@5 : 0.0679    recall@10 : 0.1117    recall@20 : 0.1804    recall@50 : 0.3202
27 Sep 11:24    INFO  epoch 13 training [time: 12.38s, train loss: 3196.8242]
27 Sep 11:24    INFO  epoch 13 evaluating [time: 0.44s, valid_score: 0.059700]
27 Sep 11:24    INFO  valid result: 
hit@5 : 0.0674    hit@10 : 0.1093    hit@20 : 0.1799    hit@50 : 0.3233    ndcg@5 : 0.0464    ndcg@10 : 0.0597    ndcg@20 : 0.0774    ndcg@50 : 0.1057    recall@5 : 0.0674    recall@10 : 0.1093    recall@20 : 0.1799    recall@50 : 0.3233
27 Sep 11:25    INFO  epoch 14 training [time: 12.37s, train loss: 3191.4590]
27 Sep 11:25    INFO  epoch 14 evaluating [time: 0.42s, valid_score: 0.061000]
27 Sep 11:25    INFO  valid result: 
hit@5 : 0.0688    hit@10 : 0.1111    hit@20 : 0.1793    hit@50 : 0.3225    ndcg@5 : 0.0475    ndcg@10 : 0.061    ndcg@20 : 0.0781    ndcg@50 : 0.1064    recall@5 : 0.0688    recall@10 : 0.1111    recall@20 : 0.1793    recall@50 : 0.3225
27 Sep 11:25    INFO  epoch 15 training [time: 12.37s, train loss: 3186.5901]
27 Sep 11:25    INFO  epoch 15 evaluating [time: 0.41s, valid_score: 0.060500]
27 Sep 11:25    INFO  valid result: 
hit@5 : 0.0682    hit@10 : 0.1104    hit@20 : 0.1822    hit@50 : 0.3223    ndcg@5 : 0.0469    ndcg@10 : 0.0605    ndcg@20 : 0.0785    ndcg@50 : 0.1061    recall@5 : 0.0682    recall@10 : 0.1104    recall@20 : 0.1822    recall@50 : 0.3223
27 Sep 11:25    INFO  epoch 16 training [time: 12.37s, train loss: 3182.8041]
27 Sep 11:25    INFO  epoch 16 evaluating [time: 0.41s, valid_score: 0.060900]
27 Sep 11:25    INFO  valid result: 
hit@5 : 0.0697    hit@10 : 0.112    hit@20 : 0.1822    hit@50 : 0.3275    ndcg@5 : 0.0474    ndcg@10 : 0.0609    ndcg@20 : 0.0786    ndcg@50 : 0.1073    recall@5 : 0.0697    recall@10 : 0.112    recall@20 : 0.1822    recall@50 : 0.3275
27 Sep 11:25    INFO  epoch 17 training [time: 12.37s, train loss: 3178.2007]
27 Sep 11:25    INFO  epoch 17 evaluating [time: 0.40s, valid_score: 0.060700]
27 Sep 11:25    INFO  valid result: 
hit@5 : 0.0691    hit@10 : 0.1113    hit@20 : 0.1844    hit@50 : 0.3268    ndcg@5 : 0.0472    ndcg@10 : 0.0607    ndcg@20 : 0.0791    ndcg@50 : 0.1072    recall@5 : 0.0691    recall@10 : 0.1113    recall@20 : 0.1844    recall@50 : 0.3268
27 Sep 11:25    INFO  epoch 18 training [time: 12.37s, train loss: 3175.2871]
27 Sep 11:25    INFO  epoch 18 evaluating [time: 0.41s, valid_score: 0.060400]
27 Sep 11:25    INFO  valid result: 
hit@5 : 0.0684    hit@10 : 0.112    hit@20 : 0.1859    hit@50 : 0.3263    ndcg@5 : 0.0464    ndcg@10 : 0.0604    ndcg@20 : 0.0789    ndcg@50 : 0.1066    recall@5 : 0.0684    recall@10 : 0.112    recall@20 : 0.1859    recall@50 : 0.3263
27 Sep 11:26    INFO  epoch 19 training [time: 12.37s, train loss: 3171.4825]
27 Sep 11:26    INFO  epoch 19 evaluating [time: 0.41s, valid_score: 0.060900]
27 Sep 11:26    INFO  valid result: 
hit@5 : 0.0688    hit@10 : 0.1127    hit@20 : 0.1835    hit@50 : 0.3279    ndcg@5 : 0.0468    ndcg@10 : 0.0609    ndcg@20 : 0.0787    ndcg@50 : 0.1072    recall@5 : 0.0688    recall@10 : 0.1127    recall@20 : 0.1835    recall@50 : 0.3279
27 Sep 11:26    INFO  epoch 20 training [time: 12.37s, train loss: 3169.1475]
27 Sep 11:26    INFO  epoch 20 evaluating [time: 0.40s, valid_score: 0.061100]
27 Sep 11:26    INFO  valid result: 
hit@5 : 0.0686    hit@10 : 0.1125    hit@20 : 0.1848    hit@50 : 0.3295    ndcg@5 : 0.0471    ndcg@10 : 0.0611    ndcg@20 : 0.0793    ndcg@50 : 0.1078    recall@5 : 0.0686    recall@10 : 0.1125    recall@20 : 0.1848    recall@50 : 0.3295
27 Sep 11:26    INFO  epoch 21 training [time: 12.40s, train loss: 3165.8763]
27 Sep 11:26    INFO  epoch 21 evaluating [time: 0.41s, valid_score: 0.061300]
27 Sep 11:26    INFO  valid result: 
hit@5 : 0.0686    hit@10 : 0.1136    hit@20 : 0.1858    hit@50 : 0.3319    ndcg@5 : 0.0468    ndcg@10 : 0.0613    ndcg@20 : 0.0794    ndcg@50 : 0.1083    recall@5 : 0.0686    recall@10 : 0.1136    recall@20 : 0.1858    recall@50 : 0.3319
27 Sep 11:26    INFO  epoch 22 training [time: 12.42s, train loss: 3162.8634]
27 Sep 11:26    INFO  epoch 22 evaluating [time: 0.40s, valid_score: 0.061200]
27 Sep 11:26    INFO  valid result: 
hit@5 : 0.0683    hit@10 : 0.1126    hit@20 : 0.1854    hit@50 : 0.3316    ndcg@5 : 0.047    ndcg@10 : 0.0612    ndcg@20 : 0.0795    ndcg@50 : 0.1083    recall@5 : 0.0683    recall@10 : 0.1126    recall@20 : 0.1854    recall@50 : 0.3316
27 Sep 11:27    INFO  epoch 23 training [time: 12.40s, train loss: 3161.2163]
27 Sep 11:27    INFO  epoch 23 evaluating [time: 0.40s, valid_score: 0.061000]
27 Sep 11:27    INFO  valid result: 
hit@5 : 0.0689    hit@10 : 0.1116    hit@20 : 0.1855    hit@50 : 0.3316    ndcg@5 : 0.0473    ndcg@10 : 0.061    ndcg@20 : 0.0795    ndcg@50 : 0.1083    recall@5 : 0.0689    recall@10 : 0.1116    recall@20 : 0.1855    recall@50 : 0.3316
27 Sep 11:27    INFO  epoch 24 training [time: 12.40s, train loss: 3158.2965]
27 Sep 11:27    INFO  epoch 24 evaluating [time: 0.42s, valid_score: 0.060600]
27 Sep 11:27    INFO  valid result: 
hit@5 : 0.0672    hit@10 : 0.1126    hit@20 : 0.1848    hit@50 : 0.3321    ndcg@5 : 0.046    ndcg@10 : 0.0606    ndcg@20 : 0.0787    ndcg@50 : 0.1078    recall@5 : 0.0672    recall@10 : 0.1126    recall@20 : 0.1848    recall@50 : 0.3321
27 Sep 11:27    INFO  epoch 25 training [time: 12.39s, train loss: 3156.8622]
27 Sep 11:27    INFO  epoch 25 evaluating [time: 0.41s, valid_score: 0.061400]
27 Sep 11:27    INFO  valid result: 
hit@5 : 0.0686    hit@10 : 0.1146    hit@20 : 0.1861    hit@50 : 0.332    ndcg@5 : 0.0467    ndcg@10 : 0.0614    ndcg@20 : 0.0794    ndcg@50 : 0.1081    recall@5 : 0.0686    recall@10 : 0.1146    recall@20 : 0.1861    recall@50 : 0.332
27 Sep 11:27    INFO  epoch 26 training [time: 12.39s, train loss: 3155.1769]
27 Sep 11:27    INFO  epoch 26 evaluating [time: 0.41s, valid_score: 0.061300]
27 Sep 11:27    INFO  valid result: 
hit@5 : 0.0681    hit@10 : 0.1136    hit@20 : 0.184    hit@50 : 0.3311    ndcg@5 : 0.0467    ndcg@10 : 0.0613    ndcg@20 : 0.0789    ndcg@50 : 0.108    recall@5 : 0.0681    recall@10 : 0.1136    recall@20 : 0.184    recall@50 : 0.3311
27 Sep 11:27    INFO  epoch 27 training [time: 12.41s, train loss: 3152.8250]
27 Sep 11:27    INFO  epoch 27 evaluating [time: 0.42s, valid_score: 0.061400]
27 Sep 11:27    INFO  valid result: 
hit@5 : 0.0691    hit@10 : 0.1137    hit@20 : 0.1839    hit@50 : 0.3329    ndcg@5 : 0.0471    ndcg@10 : 0.0614    ndcg@20 : 0.079    ndcg@50 : 0.1084    recall@5 : 0.0691    recall@10 : 0.1137    recall@20 : 0.1839    recall@50 : 0.3329
27 Sep 11:28    INFO  epoch 28 training [time: 12.40s, train loss: 3151.2377]
27 Sep 11:28    INFO  epoch 28 evaluating [time: 0.42s, valid_score: 0.061900]
27 Sep 11:28    INFO  valid result: 
hit@5 : 0.0686    hit@10 : 0.1147    hit@20 : 0.1865    hit@50 : 0.3349    ndcg@5 : 0.0471    ndcg@10 : 0.0619    ndcg@20 : 0.0799    ndcg@50 : 0.1092    recall@5 : 0.0686    recall@10 : 0.1147    recall@20 : 0.1865    recall@50 : 0.3349
27 Sep 11:28    INFO  epoch 29 training [time: 12.40s, train loss: 3150.0443]
27 Sep 11:28    INFO  epoch 29 evaluating [time: 0.43s, valid_score: 0.061100]
27 Sep 11:28    INFO  valid result: 
hit@5 : 0.069    hit@10 : 0.114    hit@20 : 0.1862    hit@50 : 0.3341    ndcg@5 : 0.0466    ndcg@10 : 0.0611    ndcg@20 : 0.0792    ndcg@50 : 0.1084    recall@5 : 0.069    recall@10 : 0.114    recall@20 : 0.1862    recall@50 : 0.3341
27 Sep 11:28    INFO  epoch 30 training [time: 12.40s, train loss: 3148.4425]
27 Sep 11:28    INFO  epoch 30 evaluating [time: 0.41s, valid_score: 0.061200]
27 Sep 11:28    INFO  valid result: 
hit@5 : 0.0679    hit@10 : 0.1131    hit@20 : 0.1846    hit@50 : 0.3324    ndcg@5 : 0.0467    ndcg@10 : 0.0612    ndcg@20 : 0.0792    ndcg@50 : 0.1084    recall@5 : 0.0679    recall@10 : 0.1131    recall@20 : 0.1846    recall@50 : 0.3324
27 Sep 11:28    INFO  epoch 31 training [time: 12.40s, train loss: 3146.9379]
27 Sep 11:28    INFO  epoch 31 evaluating [time: 0.44s, valid_score: 0.061300]
27 Sep 11:28    INFO  valid result: 
hit@5 : 0.0691    hit@10 : 0.1128    hit@20 : 0.185    hit@50 : 0.3344    ndcg@5 : 0.0473    ndcg@10 : 0.0613    ndcg@20 : 0.0794    ndcg@50 : 0.1088    recall@5 : 0.0691    recall@10 : 0.1128    recall@20 : 0.185    recall@50 : 0.3344
27 Sep 11:28    INFO  epoch 32 training [time: 12.44s, train loss: 3145.2668]
27 Sep 11:28    INFO  epoch 32 evaluating [time: 0.41s, valid_score: 0.061800]
27 Sep 11:28    INFO  valid result: 
hit@5 : 0.0694    hit@10 : 0.1134    hit@20 : 0.1838    hit@50 : 0.3333    ndcg@5 : 0.0477    ndcg@10 : 0.0618    ndcg@20 : 0.0795    ndcg@50 : 0.109    recall@5 : 0.0694    recall@10 : 0.1134    recall@20 : 0.1838    recall@50 : 0.3333
27 Sep 11:29    INFO  epoch 33 training [time: 12.41s, train loss: 3143.6356]
27 Sep 11:29    INFO  epoch 33 evaluating [time: 0.45s, valid_score: 0.062200]
27 Sep 11:29    INFO  valid result: 
hit@5 : 0.0702    hit@10 : 0.1147    hit@20 : 0.1881    hit@50 : 0.3357    ndcg@5 : 0.0479    ndcg@10 : 0.0622    ndcg@20 : 0.0806    ndcg@50 : 0.1098    recall@5 : 0.0702    recall@10 : 0.1147    recall@20 : 0.1881    recall@50 : 0.3357
27 Sep 11:29    INFO  epoch 34 training [time: 12.43s, train loss: 3143.0373]
27 Sep 11:29    INFO  epoch 34 evaluating [time: 0.43s, valid_score: 0.061300]
27 Sep 11:29    INFO  valid result: 
hit@5 : 0.0693    hit@10 : 0.1138    hit@20 : 0.186    hit@50 : 0.3338    ndcg@5 : 0.0471    ndcg@10 : 0.0613    ndcg@20 : 0.0794    ndcg@50 : 0.1086    recall@5 : 0.0693    recall@10 : 0.1138    recall@20 : 0.186    recall@50 : 0.3338
27 Sep 11:29    INFO  epoch 35 training [time: 12.40s, train loss: 3141.7462]
27 Sep 11:29    INFO  epoch 35 evaluating [time: 0.41s, valid_score: 0.061700]
27 Sep 11:29    INFO  valid result: 
hit@5 : 0.0704    hit@10 : 0.1131    hit@20 : 0.1876    hit@50 : 0.3351    ndcg@5 : 0.048    ndcg@10 : 0.0617    ndcg@20 : 0.0803    ndcg@50 : 0.1094    recall@5 : 0.0704    recall@10 : 0.1131    recall@20 : 0.1876    recall@50 : 0.3351
27 Sep 11:29    INFO  epoch 36 training [time: 12.38s, train loss: 3140.7057]
27 Sep 11:29    INFO  epoch 36 evaluating [time: 0.41s, valid_score: 0.061100]
27 Sep 11:29    INFO  valid result: 
hit@5 : 0.0699    hit@10 : 0.1131    hit@20 : 0.1875    hit@50 : 0.3364    ndcg@5 : 0.0472    ndcg@10 : 0.0611    ndcg@20 : 0.0797    ndcg@50 : 0.1091    recall@5 : 0.0699    recall@10 : 0.1131    recall@20 : 0.1875    recall@50 : 0.3364
27 Sep 11:30    INFO  epoch 37 training [time: 12.37s, train loss: 3139.2853]
27 Sep 11:30    INFO  epoch 37 evaluating [time: 0.40s, valid_score: 0.062400]
27 Sep 11:30    INFO  valid result: 
hit@5 : 0.0712    hit@10 : 0.116    hit@20 : 0.1874    hit@50 : 0.3348    ndcg@5 : 0.0481    ndcg@10 : 0.0624    ndcg@20 : 0.0803    ndcg@50 : 0.1094    recall@5 : 0.0712    recall@10 : 0.116    recall@20 : 0.1874    recall@50 : 0.3348
27 Sep 11:30    INFO  epoch 38 training [time: 12.37s, train loss: 3137.8178]
27 Sep 11:30    INFO  epoch 38 evaluating [time: 0.41s, valid_score: 0.061600]
27 Sep 11:30    INFO  valid result: 
hit@5 : 0.0705    hit@10 : 0.1141    hit@20 : 0.186    hit@50 : 0.3361    ndcg@5 : 0.0476    ndcg@10 : 0.0616    ndcg@20 : 0.0796    ndcg@50 : 0.1092    recall@5 : 0.0705    recall@10 : 0.1141    recall@20 : 0.186    recall@50 : 0.3361
27 Sep 11:30    INFO  epoch 39 training [time: 12.36s, train loss: 3137.1320]
27 Sep 11:30    INFO  epoch 39 evaluating [time: 0.42s, valid_score: 0.060900]
27 Sep 11:30    INFO  valid result: 
hit@5 : 0.0691    hit@10 : 0.1133    hit@20 : 0.1863    hit@50 : 0.3372    ndcg@5 : 0.0467    ndcg@10 : 0.0609    ndcg@20 : 0.0791    ndcg@50 : 0.1089    recall@5 : 0.0691    recall@10 : 0.1133    recall@20 : 0.1863    recall@50 : 0.3372
27 Sep 11:30    INFO  epoch 40 training [time: 12.37s, train loss: 3136.1946]
27 Sep 11:30    INFO  epoch 40 evaluating [time: 0.41s, valid_score: 0.062000]
27 Sep 11:30    INFO  valid result: 
hit@5 : 0.0698    hit@10 : 0.1151    hit@20 : 0.1874    hit@50 : 0.3352    ndcg@5 : 0.0475    ndcg@10 : 0.062    ndcg@20 : 0.0802    ndcg@50 : 0.1094    recall@5 : 0.0698    recall@10 : 0.1151    recall@20 : 0.1874    recall@50 : 0.3352
27 Sep 11:30    INFO  epoch 41 training [time: 12.37s, train loss: 3135.7320]
27 Sep 11:30    INFO  epoch 41 evaluating [time: 0.43s, valid_score: 0.061800]
27 Sep 11:30    INFO  valid result: 
hit@5 : 0.0697    hit@10 : 0.1147    hit@20 : 0.1874    hit@50 : 0.3351    ndcg@5 : 0.0474    ndcg@10 : 0.0618    ndcg@20 : 0.08    ndcg@50 : 0.1091    recall@5 : 0.0697    recall@10 : 0.1147    recall@20 : 0.1874    recall@50 : 0.3351
27 Sep 11:31    INFO  epoch 42 training [time: 12.37s, train loss: 3134.2217]
27 Sep 11:31    INFO  epoch 42 evaluating [time: 0.42s, valid_score: 0.062300]
27 Sep 11:31    INFO  valid result: 
hit@5 : 0.071    hit@10 : 0.115    hit@20 : 0.1858    hit@50 : 0.3348    ndcg@5 : 0.0483    ndcg@10 : 0.0623    ndcg@20 : 0.0801    ndcg@50 : 0.1095    recall@5 : 0.071    recall@10 : 0.115    recall@20 : 0.1858    recall@50 : 0.3348
27 Sep 11:31    INFO  epoch 43 training [time: 12.37s, train loss: 3133.6975]
27 Sep 11:31    INFO  epoch 43 evaluating [time: 0.41s, valid_score: 0.061500]
27 Sep 11:31    INFO  valid result: 
hit@5 : 0.068    hit@10 : 0.1138    hit@20 : 0.1863    hit@50 : 0.3354    ndcg@5 : 0.0469    ndcg@10 : 0.0615    ndcg@20 : 0.0797    ndcg@50 : 0.1091    recall@5 : 0.068    recall@10 : 0.1138    recall@20 : 0.1863    recall@50 : 0.3354
27 Sep 11:31    INFO  epoch 44 training [time: 12.38s, train loss: 3132.6047]
27 Sep 11:31    INFO  epoch 44 evaluating [time: 0.41s, valid_score: 0.061900]
27 Sep 11:31    INFO  valid result: 
hit@5 : 0.0688    hit@10 : 0.1149    hit@20 : 0.188    hit@50 : 0.3351    ndcg@5 : 0.0471    ndcg@10 : 0.0619    ndcg@20 : 0.0802    ndcg@50 : 0.1093    recall@5 : 0.0688    recall@10 : 0.1149    recall@20 : 0.188    recall@50 : 0.3351
27 Sep 11:31    INFO  epoch 45 training [time: 12.38s, train loss: 3131.5241]
27 Sep 11:31    INFO  epoch 45 evaluating [time: 0.41s, valid_score: 0.061700]
27 Sep 11:31    INFO  valid result: 
hit@5 : 0.0699    hit@10 : 0.1144    hit@20 : 0.1888    hit@50 : 0.3366    ndcg@5 : 0.0475    ndcg@10 : 0.0617    ndcg@20 : 0.0804    ndcg@50 : 0.1095    recall@5 : 0.0699    recall@10 : 0.1144    recall@20 : 0.1888    recall@50 : 0.3366
27 Sep 11:31    INFO  epoch 46 training [time: 12.39s, train loss: 3130.9321]
27 Sep 11:31    INFO  epoch 46 evaluating [time: 0.42s, valid_score: 0.061600]
27 Sep 11:31    INFO  valid result: 
hit@5 : 0.0697    hit@10 : 0.115    hit@20 : 0.1863    hit@50 : 0.3347    ndcg@5 : 0.0472    ndcg@10 : 0.0616    ndcg@20 : 0.0795    ndcg@50 : 0.1088    recall@5 : 0.0697    recall@10 : 0.115    recall@20 : 0.1863    recall@50 : 0.3347
27 Sep 11:32    INFO  epoch 47 training [time: 12.37s, train loss: 3130.2845]
27 Sep 11:32    INFO  epoch 47 evaluating [time: 0.41s, valid_score: 0.062700]
27 Sep 11:32    INFO  valid result: 
hit@5 : 0.0705    hit@10 : 0.1162    hit@20 : 0.1878    hit@50 : 0.3345    ndcg@5 : 0.0481    ndcg@10 : 0.0627    ndcg@20 : 0.0807    ndcg@50 : 0.1097    recall@5 : 0.0705    recall@10 : 0.1162    recall@20 : 0.1878    recall@50 : 0.3345
27 Sep 11:32    INFO  epoch 48 training [time: 12.38s, train loss: 3128.9978]
27 Sep 11:32    INFO  epoch 48 evaluating [time: 0.42s, valid_score: 0.061700]
27 Sep 11:32    INFO  valid result: 
hit@5 : 0.0689    hit@10 : 0.1135    hit@20 : 0.1871    hit@50 : 0.3346    ndcg@5 : 0.0475    ndcg@10 : 0.0617    ndcg@20 : 0.0802    ndcg@50 : 0.1093    recall@5 : 0.0689    recall@10 : 0.1135    recall@20 : 0.1871    recall@50 : 0.3346
27 Sep 11:32    INFO  epoch 49 training [time: 12.38s, train loss: 3128.2079]
27 Sep 11:32    INFO  epoch 49 evaluating [time: 0.42s, valid_score: 0.062500]
27 Sep 11:32    INFO  valid result: 
hit@5 : 0.0711    hit@10 : 0.1151    hit@20 : 0.1885    hit@50 : 0.3368    ndcg@5 : 0.0484    ndcg@10 : 0.0625    ndcg@20 : 0.0808    ndcg@50 : 0.1101    recall@5 : 0.0711    recall@10 : 0.1151    recall@20 : 0.1885    recall@50 : 0.3368
27 Sep 11:32    INFO  epoch 50 training [time: 12.38s, train loss: 3127.9043]
27 Sep 11:32    INFO  epoch 50 evaluating [time: 0.42s, valid_score: 0.062000]
27 Sep 11:32    INFO  valid result: 
hit@5 : 0.0705    hit@10 : 0.1142    hit@20 : 0.1881    hit@50 : 0.3361    ndcg@5 : 0.0479    ndcg@10 : 0.062    ndcg@20 : 0.0805    ndcg@50 : 0.1097    recall@5 : 0.0705    recall@10 : 0.1142    recall@20 : 0.1881    recall@50 : 0.3361
27 Sep 11:33    INFO  epoch 51 training [time: 12.37s, train loss: 3126.6748]
27 Sep 11:33    INFO  epoch 51 evaluating [time: 0.41s, valid_score: 0.061700]
27 Sep 11:33    INFO  valid result: 
hit@5 : 0.0699    hit@10 : 0.1148    hit@20 : 0.1882    hit@50 : 0.3375    ndcg@5 : 0.0473    ndcg@10 : 0.0617    ndcg@20 : 0.0801    ndcg@50 : 0.1096    recall@5 : 0.0699    recall@10 : 0.1148    recall@20 : 0.1882    recall@50 : 0.3375
27 Sep 11:33    INFO  epoch 52 training [time: 12.37s, train loss: 3126.5161]
27 Sep 11:33    INFO  epoch 52 evaluating [time: 0.42s, valid_score: 0.062800]
27 Sep 11:33    INFO  valid result: 
hit@5 : 0.0705    hit@10 : 0.1167    hit@20 : 0.1891    hit@50 : 0.3356    ndcg@5 : 0.048    ndcg@10 : 0.0628    ndcg@20 : 0.0809    ndcg@50 : 0.1098    recall@5 : 0.0705    recall@10 : 0.1167    recall@20 : 0.1891    recall@50 : 0.3356
27 Sep 11:33    INFO  epoch 53 training [time: 12.37s, train loss: 3124.9345]
27 Sep 11:33    INFO  epoch 53 evaluating [time: 0.41s, valid_score: 0.063200]
27 Sep 11:33    INFO  valid result: 
hit@5 : 0.0732    hit@10 : 0.1167    hit@20 : 0.1897    hit@50 : 0.3362    ndcg@5 : 0.0492    ndcg@10 : 0.0632    ndcg@20 : 0.0815    ndcg@50 : 0.1104    recall@5 : 0.0732    recall@10 : 0.1167    recall@20 : 0.1897    recall@50 : 0.3362
27 Sep 11:33    INFO  epoch 54 training [time: 12.37s, train loss: 3125.2345]
27 Sep 11:33    INFO  epoch 54 evaluating [time: 0.43s, valid_score: 0.062500]
27 Sep 11:33    INFO  valid result: 
hit@5 : 0.0702    hit@10 : 0.1153    hit@20 : 0.1884    hit@50 : 0.3384    ndcg@5 : 0.048    ndcg@10 : 0.0625    ndcg@20 : 0.0808    ndcg@50 : 0.1104    recall@5 : 0.0702    recall@10 : 0.1153    recall@20 : 0.1884    recall@50 : 0.3384
27 Sep 11:33    INFO  epoch 55 training [time: 12.37s, train loss: 3124.3635]
27 Sep 11:33    INFO  epoch 55 evaluating [time: 0.41s, valid_score: 0.061600]
27 Sep 11:33    INFO  valid result: 
hit@5 : 0.0687    hit@10 : 0.1144    hit@20 : 0.1893    hit@50 : 0.3373    ndcg@5 : 0.0469    ndcg@10 : 0.0616    ndcg@20 : 0.0804    ndcg@50 : 0.1095    recall@5 : 0.0687    recall@10 : 0.1144    recall@20 : 0.1893    recall@50 : 0.3373
27 Sep 11:34    INFO  epoch 56 training [time: 12.37s, train loss: 3123.9175]
27 Sep 11:34    INFO  epoch 56 evaluating [time: 0.42s, valid_score: 0.062300]
27 Sep 11:34    INFO  valid result: 
hit@5 : 0.0691    hit@10 : 0.1156    hit@20 : 0.1867    hit@50 : 0.3351    ndcg@5 : 0.0474    ndcg@10 : 0.0623    ndcg@20 : 0.0801    ndcg@50 : 0.1094    recall@5 : 0.0691    recall@10 : 0.1156    recall@20 : 0.1867    recall@50 : 0.3351
27 Sep 11:34    INFO  epoch 57 training [time: 12.37s, train loss: 3122.8250]
27 Sep 11:34    INFO  epoch 57 evaluating [time: 0.41s, valid_score: 0.062000]
27 Sep 11:34    INFO  valid result: 
hit@5 : 0.0709    hit@10 : 0.1156    hit@20 : 0.1902    hit@50 : 0.3379    ndcg@5 : 0.0477    ndcg@10 : 0.062    ndcg@20 : 0.0807    ndcg@50 : 0.1098    recall@5 : 0.0709    recall@10 : 0.1156    recall@20 : 0.1902    recall@50 : 0.3379
27 Sep 11:34    INFO  epoch 58 training [time: 12.37s, train loss: 3122.3590]
27 Sep 11:34    INFO  epoch 58 evaluating [time: 0.42s, valid_score: 0.061600]
27 Sep 11:34    INFO  valid result: 
hit@5 : 0.0705    hit@10 : 0.1142    hit@20 : 0.1866    hit@50 : 0.3343    ndcg@5 : 0.0476    ndcg@10 : 0.0616    ndcg@20 : 0.0798    ndcg@50 : 0.1089    recall@5 : 0.0705    recall@10 : 0.1142    recall@20 : 0.1866    recall@50 : 0.3343
27 Sep 11:34    INFO  epoch 59 training [time: 12.37s, train loss: 3121.2162]
27 Sep 11:34    INFO  epoch 59 evaluating [time: 0.44s, valid_score: 0.061800]
27 Sep 11:34    INFO  valid result: 
hit@5 : 0.0691    hit@10 : 0.1158    hit@20 : 0.1891    hit@50 : 0.3391    ndcg@5 : 0.0469    ndcg@10 : 0.0618    ndcg@20 : 0.0802    ndcg@50 : 0.1098    recall@5 : 0.0691    recall@10 : 0.1158    recall@20 : 0.1891    recall@50 : 0.3391
27 Sep 11:34    INFO  epoch 60 training [time: 12.37s, train loss: 3121.3158]
27 Sep 11:34    INFO  epoch 60 evaluating [time: 0.43s, valid_score: 0.061600]
27 Sep 11:34    INFO  valid result: 
hit@5 : 0.0696    hit@10 : 0.1144    hit@20 : 0.1878    hit@50 : 0.3373    ndcg@5 : 0.0473    ndcg@10 : 0.0616    ndcg@20 : 0.08    ndcg@50 : 0.1095    recall@5 : 0.0696    recall@10 : 0.1144    recall@20 : 0.1878    recall@50 : 0.3373
27 Sep 11:35    INFO  epoch 61 training [time: 12.38s, train loss: 3120.7647]
27 Sep 11:35    INFO  epoch 61 evaluating [time: 0.43s, valid_score: 0.061900]
27 Sep 11:35    INFO  valid result: 
hit@5 : 0.0693    hit@10 : 0.1143    hit@20 : 0.1878    hit@50 : 0.3393    ndcg@5 : 0.0474    ndcg@10 : 0.0619    ndcg@20 : 0.0804    ndcg@50 : 0.1103    recall@5 : 0.0693    recall@10 : 0.1143    recall@20 : 0.1878    recall@50 : 0.3393
27 Sep 11:35    INFO  epoch 62 training [time: 12.37s, train loss: 3120.6212]
27 Sep 11:35    INFO  epoch 62 evaluating [time: 0.43s, valid_score: 0.061800]
27 Sep 11:35    INFO  valid result: 
hit@5 : 0.0693    hit@10 : 0.1167    hit@20 : 0.1893    hit@50 : 0.336    ndcg@5 : 0.0467    ndcg@10 : 0.0618    ndcg@20 : 0.08    ndcg@50 : 0.109    recall@5 : 0.0693    recall@10 : 0.1167    recall@20 : 0.1893    recall@50 : 0.336
27 Sep 11:35    INFO  epoch 63 training [time: 12.37s, train loss: 3119.6955]
27 Sep 11:35    INFO  epoch 63 evaluating [time: 0.42s, valid_score: 0.061800]
27 Sep 11:35    INFO  valid result: 
hit@5 : 0.0695    hit@10 : 0.1155    hit@20 : 0.1871    hit@50 : 0.3359    ndcg@5 : 0.047    ndcg@10 : 0.0618    ndcg@20 : 0.0798    ndcg@50 : 0.1091    recall@5 : 0.0695    recall@10 : 0.1155    recall@20 : 0.1871    recall@50 : 0.3359
27 Sep 11:35    INFO  epoch 64 training [time: 12.37s, train loss: 3119.0405]
27 Sep 11:35    INFO  epoch 64 evaluating [time: 0.41s, valid_score: 0.062300]
27 Sep 11:35    INFO  valid result: 
hit@5 : 0.0695    hit@10 : 0.1159    hit@20 : 0.1892    hit@50 : 0.3386    ndcg@5 : 0.0475    ndcg@10 : 0.0623    ndcg@20 : 0.0807    ndcg@50 : 0.1102    recall@5 : 0.0695    recall@10 : 0.1159    recall@20 : 0.1892    recall@50 : 0.3386
27 Sep 11:35    INFO  Finished training, best eval result in epoch 53
