Thu 01 Oct 2026 21:07:56 INFO  epoch 0 training [time: 30.48s, train loss: 3901.5265]
Thu 01 Oct 2026 21:07:57 INFO  epoch 0 evaluating [time: 1.05s, valid_score: 0.043200]
Thu 01 Oct 2026 21:07:57 INFO  valid result: 
hit@5 : 0.0481    hit@10 : 0.0772    hit@20 : 0.121    hit@50 : 0.2209    ndcg@5 : 0.0338    ndcg@10 : 0.0432    ndcg@20 : 0.0542    ndcg@50 : 0.0738    recall@5 : 0.0481    recall@10 : 0.0772    recall@20 : 0.121    recall@50 : 0.2209
Thu 01 Oct 2026 21:08:18 INFO  epoch 1 training [time: 21.04s, train loss: 3497.1373]
Thu 01 Oct 2026 21:08:18 INFO  epoch 1 evaluating [time: 0.45s, valid_score: 0.049900]
Thu 01 Oct 2026 21:08:18 INFO  valid result: 
hit@5 : 0.0559    hit@10 : 0.0899    hit@20 : 0.1433    hit@50 : 0.2563    ndcg@5 : 0.039    ndcg@10 : 0.0499    ndcg@20 : 0.0633    ndcg@50 : 0.0856    recall@5 : 0.0559    recall@10 : 0.0899    recall@20 : 0.1433    recall@50 : 0.2563
Thu 01 Oct 2026 21:08:39 INFO  epoch 2 training [time: 21.02s, train loss: 3391.3474]
Thu 01 Oct 2026 21:08:40 INFO  epoch 2 evaluating [time: 0.65s, valid_score: 0.054400]
Thu 01 Oct 2026 21:08:40 INFO  valid result: 
hit@5 : 0.0615    hit@10 : 0.0987    hit@20 : 0.1593    hit@50 : 0.2783    ndcg@5 : 0.0425    ndcg@10 : 0.0544    ndcg@20 : 0.0696    ndcg@50 : 0.093    recall@5 : 0.0615    recall@10 : 0.0987    recall@20 : 0.1593    recall@50 : 0.2783
Thu 01 Oct 2026 21:09:01 INFO  epoch 3 training [time: 21.01s, train loss: 3337.9891]
Thu 01 Oct 2026 21:09:01 INFO  epoch 3 evaluating [time: 0.45s, valid_score: 0.056900]
Thu 01 Oct 2026 21:09:01 INFO  valid result: 
hit@5 : 0.0655    hit@10 : 0.1024    hit@20 : 0.1655    hit@50 : 0.2883    ndcg@5 : 0.0451    ndcg@10 : 0.0569    ndcg@20 : 0.0728    ndcg@50 : 0.0969    recall@5 : 0.0655    recall@10 : 0.1024    recall@20 : 0.1655    recall@50 : 0.2883
Thu 01 Oct 2026 21:09:22 INFO  epoch 4 training [time: 21.03s, train loss: 3302.5211]
Thu 01 Oct 2026 21:09:23 INFO  epoch 4 evaluating [time: 0.45s, valid_score: 0.057400]
Thu 01 Oct 2026 21:09:23 INFO  valid result: 
hit@5 : 0.0653    hit@10 : 0.1051    hit@20 : 0.1697    hit@50 : 0.3019    ndcg@5 : 0.0446    ndcg@10 : 0.0574    ndcg@20 : 0.0736    ndcg@50 : 0.0997    recall@5 : 0.0653    recall@10 : 0.1051    recall@20 : 0.1697    recall@50 : 0.3019
Thu 01 Oct 2026 21:09:44 INFO  epoch 5 training [time: 21.00s, train loss: 3276.3896]
Thu 01 Oct 2026 21:09:44 INFO  epoch 5 evaluating [time: 0.45s, valid_score: 0.057500]
Thu 01 Oct 2026 21:09:44 INFO  valid result: 
hit@5 : 0.0653    hit@10 : 0.105    hit@20 : 0.169    hit@50 : 0.305    ndcg@5 : 0.0448    ndcg@10 : 0.0575    ndcg@20 : 0.0736    ndcg@50 : 0.1004    recall@5 : 0.0653    recall@10 : 0.105    recall@20 : 0.169    recall@50 : 0.305
Thu 01 Oct 2026 21:10:06 INFO  epoch 6 training [time: 21.00s, train loss: 3257.4609]
Thu 01 Oct 2026 21:10:06 INFO  epoch 6 evaluating [time: 0.45s, valid_score: 0.059200]
Thu 01 Oct 2026 21:10:06 INFO  valid result: 
hit@5 : 0.0658    hit@10 : 0.1067    hit@20 : 0.1726    hit@50 : 0.3095    ndcg@5 : 0.0461    ndcg@10 : 0.0592    ndcg@20 : 0.0757    ndcg@50 : 0.1028    recall@5 : 0.0658    recall@10 : 0.1067    recall@20 : 0.1726    recall@50 : 0.3095
Thu 01 Oct 2026 21:10:27 INFO  epoch 7 training [time: 21.01s, train loss: 3242.7671]
Thu 01 Oct 2026 21:10:28 INFO  epoch 7 evaluating [time: 0.49s, valid_score: 0.058000]
Thu 01 Oct 2026 21:10:28 INFO  valid result: 
hit@5 : 0.0643    hit@10 : 0.1059    hit@20 : 0.1725    hit@50 : 0.3116    ndcg@5 : 0.0446    ndcg@10 : 0.058    ndcg@20 : 0.0747    ndcg@50 : 0.1021    recall@5 : 0.0643    recall@10 : 0.1059    recall@20 : 0.1725    recall@50 : 0.3116
Thu 01 Oct 2026 21:10:49 INFO  epoch 8 training [time: 21.01s, train loss: 3231.2381]
Thu 01 Oct 2026 21:10:49 INFO  epoch 8 evaluating [time: 0.47s, valid_score: 0.060200]
Thu 01 Oct 2026 21:10:49 INFO  valid result: 
hit@5 : 0.0672    hit@10 : 0.1103    hit@20 : 0.1761    hit@50 : 0.3158    ndcg@5 : 0.0465    ndcg@10 : 0.0602    ndcg@20 : 0.0768    ndcg@50 : 0.1044    recall@5 : 0.0672    recall@10 : 0.1103    recall@20 : 0.1761    recall@50 : 0.3158
Thu 01 Oct 2026 21:11:10 INFO  epoch 9 training [time: 21.01s, train loss: 3221.3853]
Thu 01 Oct 2026 21:11:11 INFO  epoch 9 evaluating [time: 0.46s, valid_score: 0.060000]
Thu 01 Oct 2026 21:11:11 INFO  valid result: 
hit@5 : 0.0674    hit@10 : 0.11    hit@20 : 0.1806    hit@50 : 0.3164    ndcg@5 : 0.0464    ndcg@10 : 0.06    ndcg@20 : 0.0778    ndcg@50 : 0.1046    recall@5 : 0.0674    recall@10 : 0.11    recall@20 : 0.1806    recall@50 : 0.3164
Thu 01 Oct 2026 21:11:32 INFO  epoch 10 training [time: 21.02s, train loss: 3213.8269]
Thu 01 Oct 2026 21:11:32 INFO  epoch 10 evaluating [time: 0.46s, valid_score: 0.059900]
Thu 01 Oct 2026 21:11:32 INFO  valid result: 
hit@5 : 0.0674    hit@10 : 0.1094    hit@20 : 0.178    hit@50 : 0.3183    ndcg@5 : 0.0465    ndcg@10 : 0.0599    ndcg@20 : 0.0771    ndcg@50 : 0.1047    recall@5 : 0.0674    recall@10 : 0.1094    recall@20 : 0.178    recall@50 : 0.3183
Thu 01 Oct 2026 21:11:53 INFO  epoch 11 training [time: 21.01s, train loss: 3205.9964]
Thu 01 Oct 2026 21:11:53 INFO  epoch 11 evaluating [time: 0.45s, valid_score: 0.059900]
Thu 01 Oct 2026 21:11:53 INFO  valid result: 
hit@5 : 0.0673    hit@10 : 0.11    hit@20 : 0.1777    hit@50 : 0.3205    ndcg@5 : 0.0463    ndcg@10 : 0.0599    ndcg@20 : 0.077    ndcg@50 : 0.1052    recall@5 : 0.0673    recall@10 : 0.11    recall@20 : 0.1777    recall@50 : 0.3205
Thu 01 Oct 2026 21:12:15 INFO  epoch 12 training [time: 21.01s, train loss: 3199.7622]
Thu 01 Oct 2026 21:12:15 INFO  epoch 12 evaluating [time: 0.46s, valid_score: 0.060500]
Thu 01 Oct 2026 21:12:15 INFO  valid result: 
hit@5 : 0.0688    hit@10 : 0.1121    hit@20 : 0.18    hit@50 : 0.3231    ndcg@5 : 0.0466    ndcg@10 : 0.0605    ndcg@20 : 0.0776    ndcg@50 : 0.1058    recall@5 : 0.0688    recall@10 : 0.1121    recall@20 : 0.18    recall@50 : 0.3231
Thu 01 Oct 2026 21:12:36 INFO  epoch 13 training [time: 21.01s, train loss: 3194.7697]
Thu 01 Oct 2026 21:12:37 INFO  epoch 13 evaluating [time: 0.48s, valid_score: 0.059500]
Thu 01 Oct 2026 21:12:37 INFO  valid result: 
hit@5 : 0.0671    hit@10 : 0.1098    hit@20 : 0.1794    hit@50 : 0.3228    ndcg@5 : 0.0459    ndcg@10 : 0.0595    ndcg@20 : 0.0769    ndcg@50 : 0.1052    recall@5 : 0.0671    recall@10 : 0.1098    recall@20 : 0.1794    recall@50 : 0.3228
Thu 01 Oct 2026 21:12:58 INFO  epoch 14 training [time: 21.02s, train loss: 3189.2610]
Thu 01 Oct 2026 21:12:58 INFO  epoch 14 evaluating [time: 0.47s, valid_score: 0.060400]
Thu 01 Oct 2026 21:12:58 INFO  valid result: 
hit@5 : 0.0681    hit@10 : 0.1112    hit@20 : 0.1802    hit@50 : 0.325    ndcg@5 : 0.0466    ndcg@10 : 0.0604    ndcg@20 : 0.0777    ndcg@50 : 0.1062    recall@5 : 0.0681    recall@10 : 0.1112    recall@20 : 0.1802    recall@50 : 0.325
Thu 01 Oct 2026 21:13:19 INFO  epoch 15 training [time: 21.02s, train loss: 3184.5655]
Thu 01 Oct 2026 21:13:19 INFO  epoch 15 evaluating [time: 0.46s, valid_score: 0.060800]
Thu 01 Oct 2026 21:13:19 INFO  valid result: 
hit@5 : 0.0674    hit@10 : 0.1119    hit@20 : 0.1835    hit@50 : 0.3255    ndcg@5 : 0.0465    ndcg@10 : 0.0608    ndcg@20 : 0.0787    ndcg@50 : 0.1067    recall@5 : 0.0674    recall@10 : 0.1119    recall@20 : 0.1835    recall@50 : 0.3255
Thu 01 Oct 2026 21:13:41 INFO  epoch 16 training [time: 21.03s, train loss: 3180.1698]
Thu 01 Oct 2026 21:13:41 INFO  epoch 16 evaluating [time: 0.47s, valid_score: 0.061000]
Thu 01 Oct 2026 21:13:41 INFO  valid result: 
hit@5 : 0.0676    hit@10 : 0.1135    hit@20 : 0.1837    hit@50 : 0.3307    ndcg@5 : 0.0463    ndcg@10 : 0.061    ndcg@20 : 0.0786    ndcg@50 : 0.1076    recall@5 : 0.0676    recall@10 : 0.1135    recall@20 : 0.1837    recall@50 : 0.3307
Thu 01 Oct 2026 21:14:02 INFO  epoch 17 training [time: 21.03s, train loss: 3176.6117]
Thu 01 Oct 2026 21:14:03 INFO  epoch 17 evaluating [time: 0.47s, valid_score: 0.060000]
Thu 01 Oct 2026 21:14:03 INFO  valid result: 
hit@5 : 0.0661    hit@10 : 0.1108    hit@20 : 0.1843    hit@50 : 0.327    ndcg@5 : 0.0456    ndcg@10 : 0.06    ndcg@20 : 0.0784    ndcg@50 : 0.1065    recall@5 : 0.0661    recall@10 : 0.1108    recall@20 : 0.1843    recall@50 : 0.327
Thu 01 Oct 2026 21:14:24 INFO  epoch 18 training [time: 21.01s, train loss: 3172.7628]
Thu 01 Oct 2026 21:14:24 INFO  epoch 18 evaluating [time: 0.47s, valid_score: 0.060300]
Thu 01 Oct 2026 21:14:24 INFO  valid result: 
hit@5 : 0.0674    hit@10 : 0.1126    hit@20 : 0.1858    hit@50 : 0.3283    ndcg@5 : 0.0459    ndcg@10 : 0.0603    ndcg@20 : 0.0786    ndcg@50 : 0.1068    recall@5 : 0.0674    recall@10 : 0.1126    recall@20 : 0.1858    recall@50 : 0.3283
Thu 01 Oct 2026 21:14:45 INFO  epoch 19 training [time: 21.01s, train loss: 3169.6745]
Thu 01 Oct 2026 21:14:46 INFO  epoch 19 evaluating [time: 0.47s, valid_score: 0.060500]
Thu 01 Oct 2026 21:14:46 INFO  valid result: 
hit@5 : 0.0681    hit@10 : 0.1113    hit@20 : 0.1832    hit@50 : 0.3304    ndcg@5 : 0.0467    ndcg@10 : 0.0605    ndcg@20 : 0.0785    ndcg@50 : 0.1076    recall@5 : 0.0681    recall@10 : 0.1113    recall@20 : 0.1832    recall@50 : 0.3304
Thu 01 Oct 2026 21:15:07 INFO  epoch 20 training [time: 21.01s, train loss: 3166.7591]
Thu 01 Oct 2026 21:15:07 INFO  epoch 20 evaluating [time: 0.61s, valid_score: 0.061600]
Thu 01 Oct 2026 21:15:07 INFO  valid result: 
hit@5 : 0.0693    hit@10 : 0.1137    hit@20 : 0.1877    hit@50 : 0.3316    ndcg@5 : 0.0474    ndcg@10 : 0.0616    ndcg@20 : 0.0802    ndcg@50 : 0.1085    recall@5 : 0.0693    recall@10 : 0.1137    recall@20 : 0.1877    recall@50 : 0.3316
Thu 01 Oct 2026 21:15:29 INFO  epoch 21 training [time: 21.01s, train loss: 3163.7502]
Thu 01 Oct 2026 21:15:29 INFO  epoch 21 evaluating [time: 0.48s, valid_score: 0.060600]
Thu 01 Oct 2026 21:15:29 INFO  valid result: 
hit@5 : 0.0691    hit@10 : 0.1111    hit@20 : 0.1823    hit@50 : 0.3299    ndcg@5 : 0.0472    ndcg@10 : 0.0606    ndcg@20 : 0.0785    ndcg@50 : 0.1076    recall@5 : 0.0691    recall@10 : 0.1111    recall@20 : 0.1823    recall@50 : 0.3299
Thu 01 Oct 2026 21:15:50 INFO  epoch 22 training [time: 21.01s, train loss: 3161.0920]
Thu 01 Oct 2026 21:15:51 INFO  epoch 22 evaluating [time: 0.47s, valid_score: 0.061100]
Thu 01 Oct 2026 21:15:51 INFO  valid result: 
hit@5 : 0.069    hit@10 : 0.1133    hit@20 : 0.186    hit@50 : 0.3297    ndcg@5 : 0.0469    ndcg@10 : 0.0611    ndcg@20 : 0.0793    ndcg@50 : 0.1076    recall@5 : 0.069    recall@10 : 0.1133    recall@20 : 0.186    recall@50 : 0.3297
Thu 01 Oct 2026 21:16:12 INFO  epoch 23 training [time: 21.01s, train loss: 3159.0638]
Thu 01 Oct 2026 21:16:12 INFO  epoch 23 evaluating [time: 0.47s, valid_score: 0.061300]
Thu 01 Oct 2026 21:16:12 INFO  valid result: 
hit@5 : 0.069    hit@10 : 0.113    hit@20 : 0.1863    hit@50 : 0.3347    ndcg@5 : 0.0472    ndcg@10 : 0.0613    ndcg@20 : 0.0796    ndcg@50 : 0.1089    recall@5 : 0.069    recall@10 : 0.113    recall@20 : 0.1863    recall@50 : 0.3347
Thu 01 Oct 2026 21:16:33 INFO  epoch 24 training [time: 21.02s, train loss: 3155.8817]
Thu 01 Oct 2026 21:16:33 INFO  epoch 24 evaluating [time: 0.47s, valid_score: 0.062200]
Thu 01 Oct 2026 21:16:33 INFO  valid result: 
hit@5 : 0.0675    hit@10 : 0.1159    hit@20 : 0.1869    hit@50 : 0.3338    ndcg@5 : 0.0467    ndcg@10 : 0.0622    ndcg@20 : 0.0799    ndcg@50 : 0.1089    recall@5 : 0.0675    recall@10 : 0.1159    recall@20 : 0.1869    recall@50 : 0.3338
Thu 01 Oct 2026 21:16:56 INFO  epoch 25 training [time: 21.01s, train loss: 3154.3452]
Thu 01 Oct 2026 21:16:56 INFO  epoch 25 evaluating [time: 0.47s, valid_score: 0.060800]
Thu 01 Oct 2026 21:16:56 INFO  valid result: 
hit@5 : 0.0677    hit@10 : 0.1129    hit@20 : 0.184    hit@50 : 0.3297    ndcg@5 : 0.0464    ndcg@10 : 0.0608    ndcg@20 : 0.0787    ndcg@50 : 0.1075    recall@5 : 0.0677    recall@10 : 0.1129    recall@20 : 0.184    recall@50 : 0.3297
Thu 01 Oct 2026 21:17:17 INFO  epoch 26 training [time: 21.01s, train loss: 3152.2461]
Thu 01 Oct 2026 21:17:18 INFO  epoch 26 evaluating [time: 1.38s, valid_score: 0.061800]
Thu 01 Oct 2026 21:17:18 INFO  valid result: 
hit@5 : 0.068    hit@10 : 0.1154    hit@20 : 0.1843    hit@50 : 0.3306    ndcg@5 : 0.0467    ndcg@10 : 0.0618    ndcg@20 : 0.0791    ndcg@50 : 0.108    recall@5 : 0.068    recall@10 : 0.1154    recall@20 : 0.1843    recall@50 : 0.3306
Thu 01 Oct 2026 21:17:39 INFO  epoch 27 training [time: 21.01s, train loss: 3150.7429]
Thu 01 Oct 2026 21:17:40 INFO  epoch 27 evaluating [time: 0.47s, valid_score: 0.061400]
Thu 01 Oct 2026 21:17:40 INFO  valid result: 
hit@5 : 0.0693    hit@10 : 0.1146    hit@20 : 0.1854    hit@50 : 0.333    ndcg@5 : 0.0469    ndcg@10 : 0.0614    ndcg@20 : 0.0792    ndcg@50 : 0.1084    recall@5 : 0.0693    recall@10 : 0.1146    recall@20 : 0.1854    recall@50 : 0.333
Thu 01 Oct 2026 21:18:01 INFO  epoch 28 training [time: 21.02s, train loss: 3148.9011]
Thu 01 Oct 2026 21:18:01 INFO  epoch 28 evaluating [time: 0.48s, valid_score: 0.060800]
Thu 01 Oct 2026 21:18:01 INFO  valid result: 
hit@5 : 0.0689    hit@10 : 0.1116    hit@20 : 0.1867    hit@50 : 0.3323    ndcg@5 : 0.0471    ndcg@10 : 0.0608    ndcg@20 : 0.0796    ndcg@50 : 0.1083    recall@5 : 0.0689    recall@10 : 0.1116    recall@20 : 0.1867    recall@50 : 0.3323
Thu 01 Oct 2026 21:18:22 INFO  epoch 29 training [time: 21.02s, train loss: 3147.1578]
Thu 01 Oct 2026 21:18:23 INFO  epoch 29 evaluating [time: 0.49s, valid_score: 0.062900]
Thu 01 Oct 2026 21:18:23 INFO  valid result: 
hit@5 : 0.0695    hit@10 : 0.1167    hit@20 : 0.1901    hit@50 : 0.3347    ndcg@5 : 0.0478    ndcg@10 : 0.0629    ndcg@20 : 0.0813    ndcg@50 : 0.1099    recall@5 : 0.0695    recall@10 : 0.1167    recall@20 : 0.1901    recall@50 : 0.3347
Thu 01 Oct 2026 21:18:44 INFO  epoch 30 training [time: 21.05s, train loss: 3145.4660]
Thu 01 Oct 2026 21:18:44 INFO  epoch 30 evaluating [time: 0.49s, valid_score: 0.061500]
Thu 01 Oct 2026 21:18:44 INFO  valid result: 
hit@5 : 0.0698    hit@10 : 0.1136    hit@20 : 0.1886    hit@50 : 0.335    ndcg@5 : 0.0475    ndcg@10 : 0.0615    ndcg@20 : 0.0803    ndcg@50 : 0.1092    recall@5 : 0.0698    recall@10 : 0.1136    recall@20 : 0.1886    recall@50 : 0.335
Thu 01 Oct 2026 21:19:06 INFO  epoch 31 training [time: 21.02s, train loss: 3143.8815]
Thu 01 Oct 2026 21:19:06 INFO  epoch 31 evaluating [time: 0.48s, valid_score: 0.061300]
Thu 01 Oct 2026 21:19:06 INFO  valid result: 
hit@5 : 0.0686    hit@10 : 0.1145    hit@20 : 0.1864    hit@50 : 0.3327    ndcg@5 : 0.0466    ndcg@10 : 0.0613    ndcg@20 : 0.0793    ndcg@50 : 0.1082    recall@5 : 0.0686    recall@10 : 0.1145    recall@20 : 0.1864    recall@50 : 0.3327
Thu 01 Oct 2026 21:19:27 INFO  epoch 32 training [time: 21.02s, train loss: 3142.3453]
Thu 01 Oct 2026 21:19:28 INFO  epoch 32 evaluating [time: 0.51s, valid_score: 0.061000]
Thu 01 Oct 2026 21:19:28 INFO  valid result: 
hit@5 : 0.0667    hit@10 : 0.1136    hit@20 : 0.1862    hit@50 : 0.3352    ndcg@5 : 0.0459    ndcg@10 : 0.061    ndcg@20 : 0.0792    ndcg@50 : 0.1086    recall@5 : 0.0667    recall@10 : 0.1136    recall@20 : 0.1862    recall@50 : 0.3352
Thu 01 Oct 2026 21:19:49 INFO  epoch 33 training [time: 21.01s, train loss: 3140.4043]
Thu 01 Oct 2026 21:19:49 INFO  epoch 33 evaluating [time: 0.48s, valid_score: 0.061500]
Thu 01 Oct 2026 21:19:49 INFO  valid result: 
hit@5 : 0.07    hit@10 : 0.1131    hit@20 : 0.1894    hit@50 : 0.3362    ndcg@5 : 0.0477    ndcg@10 : 0.0615    ndcg@20 : 0.0807    ndcg@50 : 0.1096    recall@5 : 0.07    recall@10 : 0.1131    recall@20 : 0.1894    recall@50 : 0.3362
Thu 01 Oct 2026 21:20:10 INFO  epoch 34 training [time: 21.01s, train loss: 3139.4798]
Thu 01 Oct 2026 21:20:11 INFO  epoch 34 evaluating [time: 0.49s, valid_score: 0.061500]
Thu 01 Oct 2026 21:20:11 INFO  valid result: 
hit@5 : 0.0698    hit@10 : 0.1135    hit@20 : 0.1869    hit@50 : 0.3364    ndcg@5 : 0.0475    ndcg@10 : 0.0615    ndcg@20 : 0.0799    ndcg@50 : 0.1095    recall@5 : 0.0698    recall@10 : 0.1135    recall@20 : 0.1869    recall@50 : 0.3364
Thu 01 Oct 2026 21:20:32 INFO  epoch 35 training [time: 21.01s, train loss: 3138.5517]
Thu 01 Oct 2026 21:20:32 INFO  epoch 35 evaluating [time: 0.48s, valid_score: 0.062000]
Thu 01 Oct 2026 21:20:32 INFO  valid result: 
hit@5 : 0.0694    hit@10 : 0.1149    hit@20 : 0.19    hit@50 : 0.3337    ndcg@5 : 0.0475    ndcg@10 : 0.062    ndcg@20 : 0.0809    ndcg@50 : 0.1092    recall@5 : 0.0694    recall@10 : 0.1149    recall@20 : 0.19    recall@50 : 0.3337
Thu 01 Oct 2026 21:20:53 INFO  epoch 36 training [time: 21.03s, train loss: 3137.5091]
Thu 01 Oct 2026 21:20:54 INFO  epoch 36 evaluating [time: 0.48s, valid_score: 0.062100]
Thu 01 Oct 2026 21:20:54 INFO  valid result: 
hit@5 : 0.0707    hit@10 : 0.1148    hit@20 : 0.1912    hit@50 : 0.3364    ndcg@5 : 0.0479    ndcg@10 : 0.0621    ndcg@20 : 0.0812    ndcg@50 : 0.1099    recall@5 : 0.0707    recall@10 : 0.1148    recall@20 : 0.1912    recall@50 : 0.3364
Thu 01 Oct 2026 21:21:15 INFO  epoch 37 training [time: 21.02s, train loss: 3136.0072]
Thu 01 Oct 2026 21:21:15 INFO  epoch 37 evaluating [time: 0.49s, valid_score: 0.062300]
Thu 01 Oct 2026 21:21:15 INFO  valid result: 
hit@5 : 0.0698    hit@10 : 0.1157    hit@20 : 0.1907    hit@50 : 0.3369    ndcg@5 : 0.0476    ndcg@10 : 0.0623    ndcg@20 : 0.0811    ndcg@50 : 0.1099    recall@5 : 0.0698    recall@10 : 0.1157    recall@20 : 0.1907    recall@50 : 0.3369
Thu 01 Oct 2026 21:21:36 INFO  epoch 38 training [time: 21.01s, train loss: 3135.0244]
Thu 01 Oct 2026 21:21:37 INFO  epoch 38 evaluating [time: 0.48s, valid_score: 0.062400]
Thu 01 Oct 2026 21:21:37 INFO  valid result: 
hit@5 : 0.0717    hit@10 : 0.1149    hit@20 : 0.1892    hit@50 : 0.3359    ndcg@5 : 0.0486    ndcg@10 : 0.0624    ndcg@20 : 0.081    ndcg@50 : 0.11    recall@5 : 0.0717    recall@10 : 0.1149    recall@20 : 0.1892    recall@50 : 0.3359
Thu 01 Oct 2026 21:21:58 INFO  epoch 39 training [time: 21.01s, train loss: 3133.7227]
Thu 01 Oct 2026 21:21:58 INFO  epoch 39 evaluating [time: 0.48s, valid_score: 0.061400]
Thu 01 Oct 2026 21:21:58 INFO  valid result: 
hit@5 : 0.071    hit@10 : 0.1125    hit@20 : 0.1882    hit@50 : 0.3349    ndcg@5 : 0.0481    ndcg@10 : 0.0614    ndcg@20 : 0.0804    ndcg@50 : 0.1093    recall@5 : 0.071    recall@10 : 0.1125    recall@20 : 0.1882    recall@50 : 0.3349
Thu 01 Oct 2026 21:22:19 INFO  epoch 40 training [time: 21.01s, train loss: 3132.5964]
Thu 01 Oct 2026 21:22:20 INFO  epoch 40 evaluating [time: 0.48s, valid_score: 0.062700]
Thu 01 Oct 2026 21:22:20 INFO  valid result: 
hit@5 : 0.0704    hit@10 : 0.1168    hit@20 : 0.1899    hit@50 : 0.3358    ndcg@5 : 0.0479    ndcg@10 : 0.0627    ndcg@20 : 0.0811    ndcg@50 : 0.1099    recall@5 : 0.0704    recall@10 : 0.1168    recall@20 : 0.1899    recall@50 : 0.3358
Thu 01 Oct 2026 21:22:20 INFO  Finished training, best eval result in epoch 29
