command line args [--variant head_tau --seed 2027 --attempt 001] will not be used in RecBole
command line args [--variant head_tau --seed 2027 --attempt 001] will not be used in RecBole
/home/daryumin/iberdov/diplom/envs/mamba3/lib/python3.10/site-packages/recbole/data/dataset/dataset.py:648: FutureWarning: A value is trying to be set on a copy of a DataFrame or Series through chained assignment using an inplace method.
The behavior will change in pandas 3.0. This inplace method will never work because the intermediate object on which we are setting values always behaves as a copy.

For example, when doing 'df[col].method(value, inplace=True)', try using 'df.method({col: value}, inplace=True)' or df[col] = df[col].method(value) instead, to perform the operation inplace on the original object.


  feat[field].fillna(value=0, inplace=True)
/home/daryumin/iberdov/diplom/envs/mamba3/lib/python3.10/site-packages/recbole/data/dataset/dataset.py:650: FutureWarning: A value is trying to be set on a copy of a DataFrame or Series through chained assignment using an inplace method.
The behavior will change in pandas 3.0. This inplace method will never work because the intermediate object on which we are setting values always behaves as a copy.

For example, when doing 'df[col].method(value, inplace=True)', try using 'df.method({col: value}, inplace=True)' or df[col] = df[col].method(value) instead, to perform the operation inplace on the original object.


  feat[field].fillna(value=feat[field].mean(), inplace=True)
/home/daryumin/iberdov/diplom/envs/mamba3/lib/python3.10/site-packages/recbole/trainer/trainer.py:235: FutureWarning: `torch.cuda.amp.GradScaler(args...)` is deprecated. Please use `torch.amp.GradScaler('cuda', args...)` instead.
  scaler = amp.GradScaler(enabled=self.enable_scaler)
01 Oct 20:30    INFO  epoch 0 training [time: 31.15s, train loss: 3903.5490]
01 Oct 20:30    INFO  epoch 0 evaluating [time: 0.87s, valid_score: 0.043000]
01 Oct 20:30    INFO  valid result: 
hit@5 : 0.0478    hit@10 : 0.0764    hit@20 : 0.1231    hit@50 : 0.2217    ndcg@5 : 0.0338    ndcg@10 : 0.043    ndcg@20 : 0.0546    ndcg@50 : 0.074    recall@5 : 0.0478    recall@10 : 0.0764    recall@20 : 0.1231    recall@50 : 0.2217
/home/daryumin/iberdov/diplom/envs/mamba3/lib/python3.10/site-packages/recbole/trainer/trainer.py:235: FutureWarning: `torch.cuda.amp.GradScaler(args...)` is deprecated. Please use `torch.amp.GradScaler('cuda', args...)` instead.
  scaler = amp.GradScaler(enabled=self.enable_scaler)
01 Oct 20:30    INFO  epoch 1 training [time: 21.45s, train loss: 3493.7447]
01 Oct 20:30    INFO  epoch 1 evaluating [time: 0.46s, valid_score: 0.051200]
01 Oct 20:30    INFO  valid result: 
hit@5 : 0.0585    hit@10 : 0.0931    hit@20 : 0.1458    hit@50 : 0.2636    ndcg@5 : 0.0401    ndcg@10 : 0.0512    ndcg@20 : 0.0644    ndcg@50 : 0.0876    recall@5 : 0.0585    recall@10 : 0.0931    recall@20 : 0.1458    recall@50 : 0.2636
01 Oct 20:31    INFO  epoch 2 training [time: 21.43s, train loss: 3389.4339]
01 Oct 20:31    INFO  epoch 2 evaluating [time: 0.45s, valid_score: 0.055300]
01 Oct 20:31    INFO  valid result: 
hit@5 : 0.0627    hit@10 : 0.0995    hit@20 : 0.1589    hit@50 : 0.284    ndcg@5 : 0.0435    ndcg@10 : 0.0553    ndcg@20 : 0.0701    ndcg@50 : 0.0948    recall@5 : 0.0627    recall@10 : 0.0995    recall@20 : 0.1589    recall@50 : 0.284
01 Oct 20:31    INFO  epoch 3 training [time: 21.44s, train loss: 3336.5084]
01 Oct 20:31    INFO  epoch 3 evaluating [time: 0.49s, valid_score: 0.057100]
01 Oct 20:31    INFO  valid result: 
hit@5 : 0.0633    hit@10 : 0.1028    hit@20 : 0.1636    hit@50 : 0.2921    ndcg@5 : 0.0445    ndcg@10 : 0.0571    ndcg@20 : 0.0724    ndcg@50 : 0.0978    recall@5 : 0.0633    recall@10 : 0.1028    recall@20 : 0.1636    recall@50 : 0.2921
01 Oct 20:32    INFO  epoch 4 training [time: 21.43s, train loss: 3300.4119]
01 Oct 20:32    INFO  epoch 4 evaluating [time: 0.45s, valid_score: 0.057500]
01 Oct 20:32    INFO  valid result: 
hit@5 : 0.0649    hit@10 : 0.1041    hit@20 : 0.168    hit@50 : 0.3023    ndcg@5 : 0.045    ndcg@10 : 0.0575    ndcg@20 : 0.0735    ndcg@50 : 0.1    recall@5 : 0.0649    recall@10 : 0.1041    recall@20 : 0.168    recall@50 : 0.3023
01 Oct 20:32    INFO  epoch 5 training [time: 21.43s, train loss: 3275.7121]
01 Oct 20:32    INFO  epoch 5 evaluating [time: 0.74s, valid_score: 0.059000]
01 Oct 20:32    INFO  valid result: 
hit@5 : 0.0654    hit@10 : 0.1075    hit@20 : 0.1698    hit@50 : 0.305    ndcg@5 : 0.0455    ndcg@10 : 0.059    ndcg@20 : 0.0746    ndcg@50 : 0.1012    recall@5 : 0.0654    recall@10 : 0.1075    recall@20 : 0.1698    recall@50 : 0.305
01 Oct 20:32    INFO  epoch 6 training [time: 21.46s, train loss: 3256.7447]
01 Oct 20:32    INFO  epoch 6 evaluating [time: 0.46s, valid_score: 0.060800]
01 Oct 20:32    INFO  valid result: 
hit@5 : 0.0668    hit@10 : 0.1102    hit@20 : 0.1771    hit@50 : 0.3123    ndcg@5 : 0.0468    ndcg@10 : 0.0608    ndcg@20 : 0.0776    ndcg@50 : 0.1042    recall@5 : 0.0668    recall@10 : 0.1102    recall@20 : 0.1771    recall@50 : 0.3123
01 Oct 20:33    INFO  epoch 7 training [time: 21.43s, train loss: 3242.4816]
01 Oct 20:33    INFO  epoch 7 evaluating [time: 0.46s, valid_score: 0.059600]
01 Oct 20:33    INFO  valid result: 
hit@5 : 0.0663    hit@10 : 0.1086    hit@20 : 0.1752    hit@50 : 0.3126    ndcg@5 : 0.0461    ndcg@10 : 0.0596    ndcg@20 : 0.0764    ndcg@50 : 0.1035    recall@5 : 0.0663    recall@10 : 0.1086    recall@20 : 0.1752    recall@50 : 0.3126
01 Oct 20:33    INFO  epoch 8 training [time: 21.42s, train loss: 3231.2216]
01 Oct 20:33    INFO  epoch 8 evaluating [time: 0.46s, valid_score: 0.061600]
01 Oct 20:33    INFO  valid result: 
hit@5 : 0.0678    hit@10 : 0.1128    hit@20 : 0.1802    hit@50 : 0.3187    ndcg@5 : 0.0472    ndcg@10 : 0.0616    ndcg@20 : 0.0785    ndcg@50 : 0.1058    recall@5 : 0.0678    recall@10 : 0.1128    recall@20 : 0.1802    recall@50 : 0.3187
01 Oct 20:33    INFO  epoch 9 training [time: 21.43s, train loss: 3221.7619]
01 Oct 20:33    INFO  epoch 9 evaluating [time: 0.46s, valid_score: 0.060800]
01 Oct 20:33    INFO  valid result: 
hit@5 : 0.0687    hit@10 : 0.1118    hit@20 : 0.1798    hit@50 : 0.3184    ndcg@5 : 0.047    ndcg@10 : 0.0608    ndcg@20 : 0.0779    ndcg@50 : 0.1053    recall@5 : 0.0687    recall@10 : 0.1118    recall@20 : 0.1798    recall@50 : 0.3184
01 Oct 20:34    INFO  epoch 10 training [time: 21.44s, train loss: 3213.6332]
01 Oct 20:34    INFO  epoch 10 evaluating [time: 0.47s, valid_score: 0.061100]
01 Oct 20:34    INFO  valid result: 
hit@5 : 0.0703    hit@10 : 0.1111    hit@20 : 0.1796    hit@50 : 0.3187    ndcg@5 : 0.048    ndcg@10 : 0.0611    ndcg@20 : 0.0783    ndcg@50 : 0.1058    recall@5 : 0.0703    recall@10 : 0.1111    recall@20 : 0.1796    recall@50 : 0.3187
01 Oct 20:34    INFO  epoch 11 training [time: 21.44s, train loss: 3207.1137]
01 Oct 20:34    INFO  epoch 11 evaluating [time: 0.46s, valid_score: 0.062000]
01 Oct 20:34    INFO  valid result: 
hit@5 : 0.0704    hit@10 : 0.114    hit@20 : 0.1809    hit@50 : 0.3238    ndcg@5 : 0.0481    ndcg@10 : 0.062    ndcg@20 : 0.0788    ndcg@50 : 0.107    recall@5 : 0.0704    recall@10 : 0.114    recall@20 : 0.1809    recall@50 : 0.3238
01 Oct 20:35    INFO  epoch 12 training [time: 21.44s, train loss: 3200.6831]
01 Oct 20:35    INFO  epoch 12 evaluating [time: 1.04s, valid_score: 0.061600]
01 Oct 20:35    INFO  valid result: 
hit@5 : 0.0694    hit@10 : 0.1131    hit@20 : 0.1804    hit@50 : 0.3204    ndcg@5 : 0.0475    ndcg@10 : 0.0616    ndcg@20 : 0.0785    ndcg@50 : 0.1061    recall@5 : 0.0694    recall@10 : 0.1131    recall@20 : 0.1804    recall@50 : 0.3204
01 Oct 20:35    INFO  epoch 13 training [time: 21.42s, train loss: 3194.9297]
01 Oct 20:35    INFO  epoch 13 evaluating [time: 0.47s, valid_score: 0.061500]
01 Oct 20:35    INFO  valid result: 
hit@5 : 0.0695    hit@10 : 0.1134    hit@20 : 0.1805    hit@50 : 0.3247    ndcg@5 : 0.0475    ndcg@10 : 0.0615    ndcg@20 : 0.0783    ndcg@50 : 0.1068    recall@5 : 0.0695    recall@10 : 0.1134    recall@20 : 0.1805    recall@50 : 0.3247
01 Oct 20:35    INFO  epoch 14 training [time: 21.48s, train loss: 3190.7401]
01 Oct 20:35    INFO  epoch 14 evaluating [time: 0.50s, valid_score: 0.062200]
01 Oct 20:35    INFO  valid result: 
hit@5 : 0.0699    hit@10 : 0.1142    hit@20 : 0.1825    hit@50 : 0.3247    ndcg@5 : 0.0481    ndcg@10 : 0.0622    ndcg@20 : 0.0794    ndcg@50 : 0.1074    recall@5 : 0.0699    recall@10 : 0.1142    recall@20 : 0.1825    recall@50 : 0.3247
01 Oct 20:36    INFO  epoch 15 training [time: 21.54s, train loss: 3186.1481]
01 Oct 20:36    INFO  epoch 15 evaluating [time: 0.49s, valid_score: 0.062200]
01 Oct 20:36    INFO  valid result: 
hit@5 : 0.0692    hit@10 : 0.1141    hit@20 : 0.1817    hit@50 : 0.3232    ndcg@5 : 0.0478    ndcg@10 : 0.0622    ndcg@20 : 0.0792    ndcg@50 : 0.1072    recall@5 : 0.0692    recall@10 : 0.1141    recall@20 : 0.1817    recall@50 : 0.3232
01 Oct 20:36    INFO  epoch 16 training [time: 21.47s, train loss: 3182.1290]
01 Oct 20:36    INFO  epoch 16 evaluating [time: 0.54s, valid_score: 0.062300]
01 Oct 20:36    INFO  valid result: 
hit@5 : 0.0698    hit@10 : 0.1144    hit@20 : 0.186    hit@50 : 0.327    ndcg@5 : 0.048    ndcg@10 : 0.0623    ndcg@20 : 0.0803    ndcg@50 : 0.1082    recall@5 : 0.0698    recall@10 : 0.1144    recall@20 : 0.186    recall@50 : 0.327
01 Oct 20:36    INFO  epoch 17 training [time: 21.44s, train loss: 3178.2631]
01 Oct 20:36    INFO  epoch 17 evaluating [time: 0.47s, valid_score: 0.062200]
01 Oct 20:36    INFO  valid result: 
hit@5 : 0.0712    hit@10 : 0.1148    hit@20 : 0.183    hit@50 : 0.328    ndcg@5 : 0.0482    ndcg@10 : 0.0622    ndcg@20 : 0.0793    ndcg@50 : 0.1079    recall@5 : 0.0712    recall@10 : 0.1148    recall@20 : 0.183    recall@50 : 0.328
01 Oct 20:37    INFO  epoch 18 training [time: 21.45s, train loss: 3174.7610]
01 Oct 20:37    INFO  epoch 18 evaluating [time: 0.51s, valid_score: 0.062100]
01 Oct 20:37    INFO  valid result: 
hit@5 : 0.0698    hit@10 : 0.1156    hit@20 : 0.1859    hit@50 : 0.3283    ndcg@5 : 0.0474    ndcg@10 : 0.0621    ndcg@20 : 0.0797    ndcg@50 : 0.1077    recall@5 : 0.0698    recall@10 : 0.1156    recall@20 : 0.1859    recall@50 : 0.3283
01 Oct 20:37    INFO  epoch 19 training [time: 21.43s, train loss: 3171.5948]
01 Oct 20:37    INFO  epoch 19 evaluating [time: 0.48s, valid_score: 0.062300]
01 Oct 20:37    INFO  valid result: 
hit@5 : 0.0705    hit@10 : 0.1154    hit@20 : 0.1857    hit@50 : 0.3282    ndcg@5 : 0.0479    ndcg@10 : 0.0623    ndcg@20 : 0.0799    ndcg@50 : 0.1081    recall@5 : 0.0705    recall@10 : 0.1154    recall@20 : 0.1857    recall@50 : 0.3282
01 Oct 20:37    INFO  epoch 20 training [time: 21.43s, train loss: 3168.7898]
01 Oct 20:37    INFO  epoch 20 evaluating [time: 0.47s, valid_score: 0.062600]
01 Oct 20:37    INFO  valid result: 
hit@5 : 0.0719    hit@10 : 0.1157    hit@20 : 0.184    hit@50 : 0.3319    ndcg@5 : 0.0486    ndcg@10 : 0.0626    ndcg@20 : 0.0798    ndcg@50 : 0.109    recall@5 : 0.0719    recall@10 : 0.1157    recall@20 : 0.184    recall@50 : 0.3319
01 Oct 20:38    INFO  epoch 21 training [time: 21.43s, train loss: 3165.8217]
01 Oct 20:38    INFO  epoch 21 evaluating [time: 0.47s, valid_score: 0.062300]
01 Oct 20:38    INFO  valid result: 
hit@5 : 0.071    hit@10 : 0.1154    hit@20 : 0.188    hit@50 : 0.3326    ndcg@5 : 0.0481    ndcg@10 : 0.0623    ndcg@20 : 0.0806    ndcg@50 : 0.1091    recall@5 : 0.071    recall@10 : 0.1154    recall@20 : 0.188    recall@50 : 0.3326
01 Oct 20:38    INFO  epoch 22 training [time: 21.44s, train loss: 3162.5823]
01 Oct 20:38    INFO  epoch 22 evaluating [time: 0.49s, valid_score: 0.063000]
01 Oct 20:38    INFO  valid result: 
hit@5 : 0.0714    hit@10 : 0.1155    hit@20 : 0.1878    hit@50 : 0.3324    ndcg@5 : 0.0489    ndcg@10 : 0.063    ndcg@20 : 0.0812    ndcg@50 : 0.1096    recall@5 : 0.0714    recall@10 : 0.1155    recall@20 : 0.1878    recall@50 : 0.3324
01 Oct 20:39    INFO  epoch 23 training [time: 21.43s, train loss: 3160.5397]
01 Oct 20:39    INFO  epoch 23 evaluating [time: 0.47s, valid_score: 0.062000]
01 Oct 20:39    INFO  valid result: 
hit@5 : 0.0712    hit@10 : 0.1138    hit@20 : 0.1854    hit@50 : 0.3321    ndcg@5 : 0.0483    ndcg@10 : 0.062    ndcg@20 : 0.08    ndcg@50 : 0.1089    recall@5 : 0.0712    recall@10 : 0.1138    recall@20 : 0.1854    recall@50 : 0.3321
01 Oct 20:39    INFO  epoch 24 training [time: 21.43s, train loss: 3158.3465]
01 Oct 20:39    INFO  epoch 24 evaluating [time: 0.47s, valid_score: 0.060800]
01 Oct 20:39    INFO  valid result: 
hit@5 : 0.0693    hit@10 : 0.1134    hit@20 : 0.1849    hit@50 : 0.333    ndcg@5 : 0.0467    ndcg@10 : 0.0608    ndcg@20 : 0.0788    ndcg@50 : 0.108    recall@5 : 0.0693    recall@10 : 0.1134    recall@20 : 0.1849    recall@50 : 0.333
01 Oct 20:39    INFO  epoch 25 training [time: 21.44s, train loss: 3155.8015]
01 Oct 20:39    INFO  epoch 25 evaluating [time: 0.48s, valid_score: 0.062000]
01 Oct 20:39    INFO  valid result: 
hit@5 : 0.0704    hit@10 : 0.1157    hit@20 : 0.1873    hit@50 : 0.3337    ndcg@5 : 0.0474    ndcg@10 : 0.062    ndcg@20 : 0.0799    ndcg@50 : 0.1089    recall@5 : 0.0704    recall@10 : 0.1157    recall@20 : 0.1873    recall@50 : 0.3337
01 Oct 20:40    INFO  epoch 26 training [time: 21.43s, train loss: 3154.1454]
01 Oct 20:40    INFO  epoch 26 evaluating [time: 0.48s, valid_score: 0.062500]
01 Oct 20:40    INFO  valid result: 
hit@5 : 0.0704    hit@10 : 0.1157    hit@20 : 0.1886    hit@50 : 0.3341    ndcg@5 : 0.0479    ndcg@10 : 0.0625    ndcg@20 : 0.0807    ndcg@50 : 0.1094    recall@5 : 0.0704    recall@10 : 0.1157    recall@20 : 0.1886    recall@50 : 0.3341
01 Oct 20:40    INFO  epoch 27 training [time: 21.43s, train loss: 3151.8604]
01 Oct 20:40    INFO  epoch 27 evaluating [time: 0.48s, valid_score: 0.062000]
01 Oct 20:40    INFO  valid result: 
hit@5 : 0.0695    hit@10 : 0.114    hit@20 : 0.1861    hit@50 : 0.3338    ndcg@5 : 0.0477    ndcg@10 : 0.062    ndcg@20 : 0.0801    ndcg@50 : 0.1092    recall@5 : 0.0695    recall@10 : 0.114    recall@20 : 0.1861    recall@50 : 0.3338
01 Oct 20:40    INFO  epoch 28 training [time: 21.44s, train loss: 3150.7434]
01 Oct 20:40    INFO  epoch 28 evaluating [time: 0.48s, valid_score: 0.063500]
01 Oct 20:40    INFO  valid result: 
hit@5 : 0.0708    hit@10 : 0.1179    hit@20 : 0.1861    hit@50 : 0.3334    ndcg@5 : 0.0484    ndcg@10 : 0.0635    ndcg@20 : 0.0805    ndcg@50 : 0.1096    recall@5 : 0.0708    recall@10 : 0.1179    recall@20 : 0.1861    recall@50 : 0.3334
01 Oct 20:41    INFO  epoch 29 training [time: 21.43s, train loss: 3148.2031]
01 Oct 20:41    INFO  epoch 29 evaluating [time: 0.74s, valid_score: 0.062300]
01 Oct 20:41    INFO  valid result: 
hit@5 : 0.0709    hit@10 : 0.1147    hit@20 : 0.1874    hit@50 : 0.3329    ndcg@5 : 0.0482    ndcg@10 : 0.0623    ndcg@20 : 0.0805    ndcg@50 : 0.1092    recall@5 : 0.0709    recall@10 : 0.1147    recall@20 : 0.1874    recall@50 : 0.3329
01 Oct 20:41    INFO  epoch 30 training [time: 21.44s, train loss: 3147.2175]
01 Oct 20:41    INFO  epoch 30 evaluating [time: 0.48s, valid_score: 0.061600]
01 Oct 20:41    INFO  valid result: 
hit@5 : 0.0687    hit@10 : 0.1148    hit@20 : 0.1847    hit@50 : 0.3343    ndcg@5 : 0.0469    ndcg@10 : 0.0616    ndcg@20 : 0.0792    ndcg@50 : 0.1087    recall@5 : 0.0687    recall@10 : 0.1148    recall@20 : 0.1847    recall@50 : 0.3343
01 Oct 20:41    INFO  epoch 31 training [time: 21.46s, train loss: 3145.2033]
01 Oct 20:42    INFO  epoch 31 evaluating [time: 0.50s, valid_score: 0.062000]
01 Oct 20:42    INFO  valid result: 
hit@5 : 0.0702    hit@10 : 0.1134    hit@20 : 0.1852    hit@50 : 0.3317    ndcg@5 : 0.0481    ndcg@10 : 0.062    ndcg@20 : 0.08    ndcg@50 : 0.109    recall@5 : 0.0702    recall@10 : 0.1134    recall@20 : 0.1852    recall@50 : 0.3317
01 Oct 20:42    INFO  epoch 32 training [time: 21.44s, train loss: 3143.1824]
01 Oct 20:42    INFO  epoch 32 evaluating [time: 0.48s, valid_score: 0.062600]
01 Oct 20:42    INFO  valid result: 
hit@5 : 0.0704    hit@10 : 0.1157    hit@20 : 0.188    hit@50 : 0.3335    ndcg@5 : 0.0481    ndcg@10 : 0.0626    ndcg@20 : 0.0808    ndcg@50 : 0.1095    recall@5 : 0.0704    recall@10 : 0.1157    recall@20 : 0.188    recall@50 : 0.3335
01 Oct 20:42    INFO  epoch 33 training [time: 21.43s, train loss: 3142.1574]
01 Oct 20:42    INFO  epoch 33 evaluating [time: 0.49s, valid_score: 0.062500]
01 Oct 20:42    INFO  valid result: 
hit@5 : 0.0709    hit@10 : 0.116    hit@20 : 0.1886    hit@50 : 0.3343    ndcg@5 : 0.048    ndcg@10 : 0.0625    ndcg@20 : 0.0808    ndcg@50 : 0.1095    recall@5 : 0.0709    recall@10 : 0.116    recall@20 : 0.1886    recall@50 : 0.3343
01 Oct 20:43    INFO  epoch 34 training [time: 21.44s, train loss: 3141.3196]
01 Oct 20:43    INFO  epoch 34 evaluating [time: 0.49s, valid_score: 0.062000]
01 Oct 20:43    INFO  valid result: 
hit@5 : 0.0695    hit@10 : 0.1144    hit@20 : 0.1878    hit@50 : 0.3334    ndcg@5 : 0.0476    ndcg@10 : 0.062    ndcg@20 : 0.0804    ndcg@50 : 0.1092    recall@5 : 0.0695    recall@10 : 0.1144    recall@20 : 0.1878    recall@50 : 0.3334
01 Oct 20:43    INFO  epoch 35 training [time: 21.43s, train loss: 3140.0832]
01 Oct 20:43    INFO  epoch 35 evaluating [time: 0.49s, valid_score: 0.062900]
01 Oct 20:43    INFO  valid result: 
hit@5 : 0.0721    hit@10 : 0.1158    hit@20 : 0.1868    hit@50 : 0.3348    ndcg@5 : 0.049    ndcg@10 : 0.0629    ndcg@20 : 0.0808    ndcg@50 : 0.11    recall@5 : 0.0721    recall@10 : 0.1158    recall@20 : 0.1868    recall@50 : 0.3348
01 Oct 20:43    INFO  epoch 36 training [time: 21.43s, train loss: 3138.5788]
01 Oct 20:43    INFO  epoch 36 evaluating [time: 0.49s, valid_score: 0.062500]
01 Oct 20:43    INFO  valid result: 
hit@5 : 0.07    hit@10 : 0.1155    hit@20 : 0.1901    hit@50 : 0.3374    ndcg@5 : 0.0478    ndcg@10 : 0.0625    ndcg@20 : 0.0811    ndcg@50 : 0.1102    recall@5 : 0.07    recall@10 : 0.1155    recall@20 : 0.1901    recall@50 : 0.3374
01 Oct 20:44    INFO  epoch 37 training [time: 21.44s, train loss: 3136.7481]
01 Oct 20:44    INFO  epoch 37 evaluating [time: 1.21s, valid_score: 0.063400]
01 Oct 20:44    INFO  valid result: 
hit@5 : 0.0704    hit@10 : 0.1182    hit@20 : 0.1908    hit@50 : 0.3371    ndcg@5 : 0.0482    ndcg@10 : 0.0634    ndcg@20 : 0.0816    ndcg@50 : 0.1105    recall@5 : 0.0704    recall@10 : 0.1182    recall@20 : 0.1908    recall@50 : 0.3371
01 Oct 20:44    INFO  epoch 38 training [time: 21.43s, train loss: 3135.7780]
01 Oct 20:44    INFO  epoch 38 evaluating [time: 0.68s, valid_score: 0.062600]
01 Oct 20:44    INFO  valid result: 
hit@5 : 0.0703    hit@10 : 0.117    hit@20 : 0.1881    hit@50 : 0.3386    ndcg@5 : 0.0476    ndcg@10 : 0.0626    ndcg@20 : 0.0804    ndcg@50 : 0.1101    recall@5 : 0.0703    recall@10 : 0.117    recall@20 : 0.1881    recall@50 : 0.3386
01 Oct 20:44    INFO  epoch 39 training [time: 21.43s, train loss: 3134.9337]
01 Oct 20:44    INFO  epoch 39 evaluating [time: 0.49s, valid_score: 0.062500]
01 Oct 20:44    INFO  valid result: 
hit@5 : 0.0701    hit@10 : 0.1167    hit@20 : 0.1905    hit@50 : 0.3376    ndcg@5 : 0.0476    ndcg@10 : 0.0625    ndcg@20 : 0.081    ndcg@50 : 0.1101    recall@5 : 0.0701    recall@10 : 0.1167    recall@20 : 0.1905    recall@50 : 0.3376
01 Oct 20:44    INFO  Finished training, best eval result in epoch 28
