command line args [--resume --mode triple --seed 2027] will not be used in RecBole
/home/daryumin/iberdov/diplom/envs/mamba3/lib/python3.10/site-packages/recbole/data/dataset/dataset.py:648: FutureWarning: A value is trying to be set on a copy of a DataFrame or Series through chained assignment using an inplace method.
The behavior will change in pandas 3.0. This inplace method will never work because the intermediate object on which we are setting values always behaves as a copy.

For example, when doing 'df[col].method(value, inplace=True)', try using 'df.method({col: value}, inplace=True)' or df[col] = df[col].method(value) instead, to perform the operation inplace on the original object.


  feat[field].fillna(value=0, inplace=True)
/home/daryumin/iberdov/diplom/envs/mamba3/lib/python3.10/site-packages/recbole/data/dataset/dataset.py:650: FutureWarning: A value is trying to be set on a copy of a DataFrame or Series through chained assignment using an inplace method.
The behavior will change in pandas 3.0. This inplace method will never work because the intermediate object on which we are setting values always behaves as a copy.

For example, when doing 'df[col].method(value, inplace=True)', try using 'df.method({col: value}, inplace=True)' or df[col] = df[col].method(value) instead, to perform the operation inplace on the original object.


  feat[field].fillna(value=feat[field].mean(), inplace=True)
/home/daryumin/iberdov/diplom/envs/mamba3/lib/python3.10/site-packages/recbole/trainer/trainer.py:235: FutureWarning: `torch.cuda.amp.GradScaler(args...)` is deprecated. Please use `torch.amp.GradScaler('cuda', args...)` instead.
  scaler = amp.GradScaler(enabled=self.enable_scaler)
27 Sep 14:38    INFO  epoch 0 training [time: 329.94s, train loss: 3899.4372]
27 Sep 14:38    INFO  epoch 0 evaluating [time: 2.63s, valid_score: 0.043100]
27 Sep 14:38    INFO  valid result: 
hit@5 : 0.0477    hit@10 : 0.0765    hit@20 : 0.1224    hit@50 : 0.2219    ndcg@5 : 0.0339    ndcg@10 : 0.0431    ndcg@20 : 0.0547    ndcg@50 : 0.0742    recall@5 : 0.0477    recall@10 : 0.0765    recall@20 : 0.1224    recall@50 : 0.2219
/home/daryumin/iberdov/diplom/envs/mamba3/lib/python3.10/site-packages/recbole/trainer/trainer.py:235: FutureWarning: `torch.cuda.amp.GradScaler(args...)` is deprecated. Please use `torch.amp.GradScaler('cuda', args...)` instead.
  scaler = amp.GradScaler(enabled=self.enable_scaler)
27 Sep 14:38    INFO  epoch 1 training [time: 12.77s, train loss: 3497.9655]
27 Sep 14:38    INFO  epoch 1 evaluating [time: 0.44s, valid_score: 0.050400]
27 Sep 14:38    INFO  valid result: 
hit@5 : 0.0577    hit@10 : 0.0909    hit@20 : 0.1458    hit@50 : 0.2599    ndcg@5 : 0.0397    ndcg@10 : 0.0504    ndcg@20 : 0.0642    ndcg@50 : 0.0866    recall@5 : 0.0577    recall@10 : 0.0909    recall@20 : 0.1458    recall@50 : 0.2599
27 Sep 14:39    INFO  epoch 2 training [time: 12.71s, train loss: 3401.3747]
27 Sep 14:39    INFO  epoch 2 evaluating [time: 0.44s, valid_score: 0.054300]
27 Sep 14:39    INFO  valid result: 
hit@5 : 0.063    hit@10 : 0.0983    hit@20 : 0.1577    hit@50 : 0.2775    ndcg@5 : 0.043    ndcg@10 : 0.0543    ndcg@20 : 0.0692    ndcg@50 : 0.0928    recall@5 : 0.063    recall@10 : 0.0983    recall@20 : 0.1577    recall@50 : 0.2775
27 Sep 14:39    INFO  epoch 3 training [time: 12.70s, train loss: 3346.3056]
27 Sep 14:39    INFO  epoch 3 evaluating [time: 0.43s, valid_score: 0.056700]
27 Sep 14:39    INFO  valid result: 
hit@5 : 0.0643    hit@10 : 0.102    hit@20 : 0.1627    hit@50 : 0.2912    ndcg@5 : 0.0447    ndcg@10 : 0.0567    ndcg@20 : 0.072    ndcg@50 : 0.0973    recall@5 : 0.0643    recall@10 : 0.102    recall@20 : 0.1627    recall@50 : 0.2912
27 Sep 14:39    INFO  epoch 4 training [time: 12.71s, train loss: 3308.8676]
27 Sep 14:39    INFO  epoch 4 evaluating [time: 0.45s, valid_score: 0.057700]
27 Sep 14:39    INFO  valid result: 
hit@5 : 0.0648    hit@10 : 0.1041    hit@20 : 0.169    hit@50 : 0.2992    ndcg@5 : 0.0451    ndcg@10 : 0.0577    ndcg@20 : 0.0739    ndcg@50 : 0.0996    recall@5 : 0.0648    recall@10 : 0.1041    recall@20 : 0.169    recall@50 : 0.2992
27 Sep 14:39    INFO  epoch 5 training [time: 12.75s, train loss: 3281.5422]
27 Sep 14:39    INFO  epoch 5 evaluating [time: 0.44s, valid_score: 0.057800]
27 Sep 14:39    INFO  valid result: 
hit@5 : 0.0653    hit@10 : 0.105    hit@20 : 0.1711    hit@50 : 0.3012    ndcg@5 : 0.045    ndcg@10 : 0.0578    ndcg@20 : 0.0743    ndcg@50 : 0.1    recall@5 : 0.0653    recall@10 : 0.105    recall@20 : 0.1711    recall@50 : 0.3012
27 Sep 14:39    INFO  epoch 6 training [time: 12.73s, train loss: 3261.2853]
27 Sep 14:40    INFO  epoch 6 evaluating [time: 0.44s, valid_score: 0.059300]
27 Sep 14:40    INFO  valid result: 
hit@5 : 0.0661    hit@10 : 0.1082    hit@20 : 0.1736    hit@50 : 0.3125    ndcg@5 : 0.0459    ndcg@10 : 0.0593    ndcg@20 : 0.0757    ndcg@50 : 0.1032    recall@5 : 0.0661    recall@10 : 0.1082    recall@20 : 0.1736    recall@50 : 0.3125
27 Sep 14:40    INFO  epoch 7 training [time: 12.71s, train loss: 3244.8001]
27 Sep 14:40    INFO  epoch 7 evaluating [time: 0.46s, valid_score: 0.059300]
27 Sep 14:40    INFO  valid result: 
hit@5 : 0.0673    hit@10 : 0.1087    hit@20 : 0.1752    hit@50 : 0.313    ndcg@5 : 0.0461    ndcg@10 : 0.0593    ndcg@20 : 0.0761    ndcg@50 : 0.1033    recall@5 : 0.0673    recall@10 : 0.1087    recall@20 : 0.1752    recall@50 : 0.313
27 Sep 14:40    INFO  epoch 8 training [time: 12.73s, train loss: 3231.5763]
27 Sep 14:40    INFO  epoch 8 evaluating [time: 0.44s, valid_score: 0.060400]
27 Sep 14:40    INFO  valid result: 
hit@5 : 0.0671    hit@10 : 0.11    hit@20 : 0.1768    hit@50 : 0.3159    ndcg@5 : 0.0467    ndcg@10 : 0.0604    ndcg@20 : 0.0772    ndcg@50 : 0.1046    recall@5 : 0.0671    recall@10 : 0.11    recall@20 : 0.1768    recall@50 : 0.3159
27 Sep 14:40    INFO  epoch 9 training [time: 12.74s, train loss: 3221.2656]
27 Sep 14:40    INFO  epoch 9 evaluating [time: 0.45s, valid_score: 0.061100]
27 Sep 14:40    INFO  valid result: 
hit@5 : 0.0687    hit@10 : 0.1124    hit@20 : 0.1809    hit@50 : 0.3194    ndcg@5 : 0.0471    ndcg@10 : 0.0611    ndcg@20 : 0.0783    ndcg@50 : 0.1056    recall@5 : 0.0687    recall@10 : 0.1124    recall@20 : 0.1809    recall@50 : 0.3194
27 Sep 14:40    INFO  epoch 10 training [time: 12.73s, train loss: 3212.8609]
27 Sep 14:40    INFO  epoch 10 evaluating [time: 0.45s, valid_score: 0.061400]
27 Sep 14:40    INFO  valid result: 
hit@5 : 0.0692    hit@10 : 0.1127    hit@20 : 0.1825    hit@50 : 0.3189    ndcg@5 : 0.0475    ndcg@10 : 0.0614    ndcg@20 : 0.0789    ndcg@50 : 0.1058    recall@5 : 0.0692    recall@10 : 0.1127    recall@20 : 0.1825    recall@50 : 0.3189
27 Sep 14:41    INFO  epoch 11 training [time: 12.72s, train loss: 3205.7288]
27 Sep 14:41    INFO  epoch 11 evaluating [time: 0.47s, valid_score: 0.061500]
27 Sep 14:41    INFO  valid result: 
hit@5 : 0.0681    hit@10 : 0.1124    hit@20 : 0.1822    hit@50 : 0.3237    ndcg@5 : 0.0473    ndcg@10 : 0.0615    ndcg@20 : 0.0791    ndcg@50 : 0.107    recall@5 : 0.0681    recall@10 : 0.1124    recall@20 : 0.1822    recall@50 : 0.3237
27 Sep 14:41    INFO  epoch 12 training [time: 12.71s, train loss: 3199.5719]
27 Sep 14:41    INFO  epoch 12 evaluating [time: 0.44s, valid_score: 0.061400]
27 Sep 14:41    INFO  valid result: 
hit@5 : 0.0699    hit@10 : 0.1136    hit@20 : 0.1819    hit@50 : 0.3239    ndcg@5 : 0.0475    ndcg@10 : 0.0614    ndcg@20 : 0.0786    ndcg@50 : 0.1066    recall@5 : 0.0699    recall@10 : 0.1136    recall@20 : 0.1819    recall@50 : 0.3239
27 Sep 14:41    INFO  epoch 13 training [time: 12.76s, train loss: 3194.2435]
27 Sep 14:41    INFO  epoch 13 evaluating [time: 0.44s, valid_score: 0.061400]
27 Sep 14:41    INFO  valid result: 
hit@5 : 0.0686    hit@10 : 0.1122    hit@20 : 0.1837    hit@50 : 0.3258    ndcg@5 : 0.0474    ndcg@10 : 0.0614    ndcg@20 : 0.0793    ndcg@50 : 0.1073    recall@5 : 0.0686    recall@10 : 0.1122    recall@20 : 0.1837    recall@50 : 0.3258
27 Sep 14:41    INFO  epoch 14 training [time: 12.71s, train loss: 3188.9179]
27 Sep 14:41    INFO  epoch 14 evaluating [time: 0.45s, valid_score: 0.061500]
27 Sep 14:41    INFO  valid result: 
hit@5 : 0.0709    hit@10 : 0.1127    hit@20 : 0.1842    hit@50 : 0.323    ndcg@5 : 0.0482    ndcg@10 : 0.0615    ndcg@20 : 0.0795    ndcg@50 : 0.1068    recall@5 : 0.0709    recall@10 : 0.1127    recall@20 : 0.1842    recall@50 : 0.323
27 Sep 14:41    INFO  epoch 15 training [time: 12.71s, train loss: 3184.4992]
27 Sep 14:41    INFO  epoch 15 evaluating [time: 0.45s, valid_score: 0.060700]
27 Sep 14:41    INFO  valid result: 
hit@5 : 0.0688    hit@10 : 0.1114    hit@20 : 0.1847    hit@50 : 0.325    ndcg@5 : 0.0471    ndcg@10 : 0.0607    ndcg@20 : 0.0791    ndcg@50 : 0.1068    recall@5 : 0.0688    recall@10 : 0.1114    recall@20 : 0.1847    recall@50 : 0.325
27 Sep 14:42    INFO  epoch 16 training [time: 12.71s, train loss: 3181.0722]
27 Sep 14:42    INFO  epoch 16 evaluating [time: 0.46s, valid_score: 0.061700]
27 Sep 14:42    INFO  valid result: 
hit@5 : 0.0682    hit@10 : 0.1151    hit@20 : 0.1868    hit@50 : 0.3311    ndcg@5 : 0.0467    ndcg@10 : 0.0617    ndcg@20 : 0.0797    ndcg@50 : 0.1081    recall@5 : 0.0682    recall@10 : 0.1151    recall@20 : 0.1868    recall@50 : 0.3311
27 Sep 14:42    INFO  epoch 17 training [time: 12.70s, train loss: 3176.9155]
27 Sep 14:42    INFO  epoch 17 evaluating [time: 0.44s, valid_score: 0.061900]
27 Sep 14:42    INFO  valid result: 
hit@5 : 0.0702    hit@10 : 0.1139    hit@20 : 0.1868    hit@50 : 0.3306    ndcg@5 : 0.0479    ndcg@10 : 0.0619    ndcg@20 : 0.0802    ndcg@50 : 0.1085    recall@5 : 0.0702    recall@10 : 0.1139    recall@20 : 0.1868    recall@50 : 0.3306
27 Sep 14:42    INFO  epoch 18 training [time: 12.68s, train loss: 3174.0580]
27 Sep 14:42    INFO  epoch 18 evaluating [time: 0.44s, valid_score: 0.060700]
27 Sep 14:42    INFO  valid result: 
hit@5 : 0.0678    hit@10 : 0.1121    hit@20 : 0.1862    hit@50 : 0.33    ndcg@5 : 0.0465    ndcg@10 : 0.0607    ndcg@20 : 0.0793    ndcg@50 : 0.1076    recall@5 : 0.0678    recall@10 : 0.1121    recall@20 : 0.1862    recall@50 : 0.33
27 Sep 14:42    INFO  epoch 19 training [time: 12.72s, train loss: 3171.0043]
27 Sep 14:42    INFO  epoch 19 evaluating [time: 0.45s, valid_score: 0.061300]
27 Sep 14:42    INFO  valid result: 
hit@5 : 0.0688    hit@10 : 0.1141    hit@20 : 0.187    hit@50 : 0.3293    ndcg@5 : 0.0468    ndcg@10 : 0.0613    ndcg@20 : 0.0795    ndcg@50 : 0.1076    recall@5 : 0.0688    recall@10 : 0.1141    recall@20 : 0.187    recall@50 : 0.3293
27 Sep 14:43    INFO  epoch 20 training [time: 12.71s, train loss: 3168.0280]
27 Sep 14:43    INFO  epoch 20 evaluating [time: 0.46s, valid_score: 0.061000]
27 Sep 14:43    INFO  valid result: 
hit@5 : 0.0689    hit@10 : 0.113    hit@20 : 0.1857    hit@50 : 0.3302    ndcg@5 : 0.0469    ndcg@10 : 0.061    ndcg@20 : 0.0793    ndcg@50 : 0.1078    recall@5 : 0.0689    recall@10 : 0.113    recall@20 : 0.1857    recall@50 : 0.3302
27 Sep 14:43    INFO  epoch 21 training [time: 12.72s, train loss: 3165.2225]
27 Sep 14:43    INFO  epoch 21 evaluating [time: 0.53s, valid_score: 0.061700]
27 Sep 14:43    INFO  valid result: 
hit@5 : 0.0701    hit@10 : 0.1151    hit@20 : 0.188    hit@50 : 0.3351    ndcg@5 : 0.0474    ndcg@10 : 0.0617    ndcg@20 : 0.08    ndcg@50 : 0.109    recall@5 : 0.0701    recall@10 : 0.1151    recall@20 : 0.188    recall@50 : 0.3351
27 Sep 14:43    INFO  epoch 22 training [time: 12.69s, train loss: 3162.2687]
27 Sep 14:43    INFO  epoch 22 evaluating [time: 0.47s, valid_score: 0.061800]
27 Sep 14:43    INFO  valid result: 
hit@5 : 0.0707    hit@10 : 0.1147    hit@20 : 0.1866    hit@50 : 0.3346    ndcg@5 : 0.0478    ndcg@10 : 0.0618    ndcg@20 : 0.0799    ndcg@50 : 0.1091    recall@5 : 0.0707    recall@10 : 0.1147    recall@20 : 0.1866    recall@50 : 0.3346
27 Sep 14:43    INFO  epoch 23 training [time: 12.68s, train loss: 3160.6388]
27 Sep 14:43    INFO  epoch 23 evaluating [time: 0.46s, valid_score: 0.062300]
27 Sep 14:43    INFO  valid result: 
hit@5 : 0.069    hit@10 : 0.1162    hit@20 : 0.1882    hit@50 : 0.3308    ndcg@5 : 0.0472    ndcg@10 : 0.0623    ndcg@20 : 0.0803    ndcg@50 : 0.1084    recall@5 : 0.069    recall@10 : 0.1162    recall@20 : 0.1882    recall@50 : 0.3308
27 Sep 14:43    INFO  epoch 24 training [time: 12.71s, train loss: 3158.3135]
27 Sep 14:43    INFO  epoch 24 evaluating [time: 0.46s, valid_score: 0.060800]
27 Sep 14:43    INFO  valid result: 
hit@5 : 0.0665    hit@10 : 0.1134    hit@20 : 0.1881    hit@50 : 0.3354    ndcg@5 : 0.0458    ndcg@10 : 0.0608    ndcg@20 : 0.0795    ndcg@50 : 0.1085    recall@5 : 0.0665    recall@10 : 0.1134    recall@20 : 0.1881    recall@50 : 0.3354
27 Sep 14:44    INFO  epoch 25 training [time: 12.71s, train loss: 3156.6071]
27 Sep 14:44    INFO  epoch 25 evaluating [time: 0.44s, valid_score: 0.061700]
27 Sep 14:44    INFO  valid result: 
hit@5 : 0.0697    hit@10 : 0.1147    hit@20 : 0.1876    hit@50 : 0.3331    ndcg@5 : 0.0473    ndcg@10 : 0.0617    ndcg@20 : 0.08    ndcg@50 : 0.1088    recall@5 : 0.0697    recall@10 : 0.1147    recall@20 : 0.1876    recall@50 : 0.3331
27 Sep 14:44    INFO  epoch 26 training [time: 12.72s, train loss: 3154.5514]
27 Sep 14:44    INFO  epoch 26 evaluating [time: 0.46s, valid_score: 0.061200]
27 Sep 14:44    INFO  valid result: 
hit@5 : 0.069    hit@10 : 0.1136    hit@20 : 0.1844    hit@50 : 0.3326    ndcg@5 : 0.0469    ndcg@10 : 0.0612    ndcg@20 : 0.079    ndcg@50 : 0.1082    recall@5 : 0.069    recall@10 : 0.1136    recall@20 : 0.1844    recall@50 : 0.3326
27 Sep 14:44    INFO  epoch 27 training [time: 12.72s, train loss: 3152.5312]
27 Sep 14:44    INFO  epoch 27 evaluating [time: 0.46s, valid_score: 0.061900]
27 Sep 14:44    INFO  valid result: 
hit@5 : 0.0695    hit@10 : 0.1152    hit@20 : 0.1874    hit@50 : 0.3327    ndcg@5 : 0.0474    ndcg@10 : 0.0619    ndcg@20 : 0.08    ndcg@50 : 0.1087    recall@5 : 0.0695    recall@10 : 0.1152    recall@20 : 0.1874    recall@50 : 0.3327
27 Sep 14:44    INFO  epoch 28 training [time: 12.72s, train loss: 3151.4837]
27 Sep 14:44    INFO  epoch 28 evaluating [time: 0.46s, valid_score: 0.061600]
27 Sep 14:44    INFO  valid result: 
hit@5 : 0.0705    hit@10 : 0.1141    hit@20 : 0.1878    hit@50 : 0.3352    ndcg@5 : 0.0476    ndcg@10 : 0.0616    ndcg@20 : 0.08    ndcg@50 : 0.1091    recall@5 : 0.0705    recall@10 : 0.1141    recall@20 : 0.1878    recall@50 : 0.3352
27 Sep 14:45    INFO  epoch 29 training [time: 12.72s, train loss: 3149.8727]
27 Sep 14:45    INFO  epoch 29 evaluating [time: 0.44s, valid_score: 0.061400]
27 Sep 14:45    INFO  valid result: 
hit@5 : 0.0699    hit@10 : 0.1149    hit@20 : 0.1863    hit@50 : 0.335    ndcg@5 : 0.0471    ndcg@10 : 0.0614    ndcg@20 : 0.0793    ndcg@50 : 0.1087    recall@5 : 0.0699    recall@10 : 0.1149    recall@20 : 0.1863    recall@50 : 0.335
27 Sep 14:45    INFO  epoch 30 training [time: 12.73s, train loss: 3148.4215]
27 Sep 14:45    INFO  epoch 30 evaluating [time: 0.47s, valid_score: 0.061500]
27 Sep 14:45    INFO  valid result: 
hit@5 : 0.0695    hit@10 : 0.114    hit@20 : 0.1885    hit@50 : 0.3345    ndcg@5 : 0.0473    ndcg@10 : 0.0615    ndcg@20 : 0.0802    ndcg@50 : 0.109    recall@5 : 0.0695    recall@10 : 0.114    recall@20 : 0.1885    recall@50 : 0.3345
27 Sep 14:45    INFO  epoch 31 training [time: 12.72s, train loss: 3146.9690]
27 Sep 14:45    INFO  epoch 31 evaluating [time: 0.44s, valid_score: 0.061800]
27 Sep 14:45    INFO  valid result: 
hit@5 : 0.0699    hit@10 : 0.1147    hit@20 : 0.1883    hit@50 : 0.3343    ndcg@5 : 0.0475    ndcg@10 : 0.0618    ndcg@20 : 0.0802    ndcg@50 : 0.109    recall@5 : 0.0699    recall@10 : 0.1147    recall@20 : 0.1883    recall@50 : 0.3343
27 Sep 14:45    INFO  epoch 32 training [time: 12.73s, train loss: 3145.4009]
27 Sep 14:45    INFO  epoch 32 evaluating [time: 0.48s, valid_score: 0.062500]
27 Sep 14:45    INFO  valid result: 
hit@5 : 0.0724    hit@10 : 0.1152    hit@20 : 0.189    hit@50 : 0.3327    ndcg@5 : 0.0488    ndcg@10 : 0.0625    ndcg@20 : 0.081    ndcg@50 : 0.1093    recall@5 : 0.0724    recall@10 : 0.1152    recall@20 : 0.189    recall@50 : 0.3327
27 Sep 14:45    INFO  epoch 33 training [time: 12.65s, train loss: 3143.8231]
27 Sep 14:45    INFO  epoch 33 evaluating [time: 0.44s, valid_score: 0.062200]
27 Sep 14:45    INFO  valid result: 
hit@5 : 0.0707    hit@10 : 0.1163    hit@20 : 0.1901    hit@50 : 0.3361    ndcg@5 : 0.0476    ndcg@10 : 0.0622    ndcg@20 : 0.0806    ndcg@50 : 0.1096    recall@5 : 0.0707    recall@10 : 0.1163    recall@20 : 0.1901    recall@50 : 0.3361
27 Sep 14:46    INFO  epoch 34 training [time: 12.64s, train loss: 3142.7198]
27 Sep 14:46    INFO  epoch 34 evaluating [time: 0.45s, valid_score: 0.062300]
27 Sep 14:46    INFO  valid result: 
hit@5 : 0.0698    hit@10 : 0.1159    hit@20 : 0.1886    hit@50 : 0.3359    ndcg@5 : 0.0475    ndcg@10 : 0.0623    ndcg@20 : 0.0805    ndcg@50 : 0.1096    recall@5 : 0.0698    recall@10 : 0.1159    recall@20 : 0.1886    recall@50 : 0.3359
27 Sep 14:46    INFO  epoch 35 training [time: 12.66s, train loss: 3141.9962]
27 Sep 14:46    INFO  epoch 35 evaluating [time: 0.47s, valid_score: 0.062400]
27 Sep 14:46    INFO  valid result: 
hit@5 : 0.0701    hit@10 : 0.116    hit@20 : 0.1905    hit@50 : 0.3355    ndcg@5 : 0.0478    ndcg@10 : 0.0624    ndcg@20 : 0.081    ndcg@50 : 0.1097    recall@5 : 0.0701    recall@10 : 0.116    recall@20 : 0.1905    recall@50 : 0.3355
27 Sep 14:46    INFO  epoch 36 training [time: 12.64s, train loss: 3140.4756]
27 Sep 14:46    INFO  epoch 36 evaluating [time: 0.47s, valid_score: 0.061100]
27 Sep 14:46    INFO  valid result: 
hit@5 : 0.0688    hit@10 : 0.114    hit@20 : 0.1896    hit@50 : 0.339    ndcg@5 : 0.0467    ndcg@10 : 0.0611    ndcg@20 : 0.0801    ndcg@50 : 0.1095    recall@5 : 0.0688    recall@10 : 0.114    recall@20 : 0.1896    recall@50 : 0.339
27 Sep 14:46    INFO  epoch 37 training [time: 12.66s, train loss: 3139.5680]
27 Sep 14:46    INFO  epoch 37 evaluating [time: 0.45s, valid_score: 0.062800]
27 Sep 14:46    INFO  valid result: 
hit@5 : 0.0716    hit@10 : 0.1172    hit@20 : 0.1899    hit@50 : 0.3375    ndcg@5 : 0.0482    ndcg@10 : 0.0628    ndcg@20 : 0.081    ndcg@50 : 0.1102    recall@5 : 0.0716    recall@10 : 0.1172    recall@20 : 0.1899    recall@50 : 0.3375
27 Sep 14:47    INFO  epoch 38 training [time: 12.64s, train loss: 3137.5218]
27 Sep 14:47    INFO  epoch 38 evaluating [time: 0.45s, valid_score: 0.061800]
27 Sep 14:47    INFO  valid result: 
hit@5 : 0.0688    hit@10 : 0.1151    hit@20 : 0.1907    hit@50 : 0.3369    ndcg@5 : 0.047    ndcg@10 : 0.0618    ndcg@20 : 0.0808    ndcg@50 : 0.1097    recall@5 : 0.0688    recall@10 : 0.1151    recall@20 : 0.1907    recall@50 : 0.3369
27 Sep 14:47    INFO  epoch 39 training [time: 12.65s, train loss: 3137.2858]
27 Sep 14:47    INFO  epoch 39 evaluating [time: 0.45s, valid_score: 0.061600]
27 Sep 14:47    INFO  valid result: 
hit@5 : 0.0689    hit@10 : 0.1144    hit@20 : 0.1884    hit@50 : 0.3391    ndcg@5 : 0.047    ndcg@10 : 0.0616    ndcg@20 : 0.0802    ndcg@50 : 0.11    recall@5 : 0.0689    recall@10 : 0.1144    recall@20 : 0.1884    recall@50 : 0.3391
27 Sep 14:47    INFO  epoch 40 training [time: 12.64s, train loss: 3136.5540]
27 Sep 14:47    INFO  epoch 40 evaluating [time: 0.46s, valid_score: 0.061800]
27 Sep 14:47    INFO  valid result: 
hit@5 : 0.0691    hit@10 : 0.1162    hit@20 : 0.1898    hit@50 : 0.3381    ndcg@5 : 0.0467    ndcg@10 : 0.0618    ndcg@20 : 0.0802    ndcg@50 : 0.1094    recall@5 : 0.0691    recall@10 : 0.1162    recall@20 : 0.1898    recall@50 : 0.3381
27 Sep 14:47    INFO  epoch 41 training [time: 12.74s, train loss: 3135.2749]
27 Sep 14:47    INFO  epoch 41 evaluating [time: 0.46s, valid_score: 0.061100]
27 Sep 14:47    INFO  valid result: 
hit@5 : 0.0693    hit@10 : 0.1137    hit@20 : 0.1907    hit@50 : 0.3359    ndcg@5 : 0.0468    ndcg@10 : 0.0611    ndcg@20 : 0.0804    ndcg@50 : 0.109    recall@5 : 0.0693    recall@10 : 0.1137    recall@20 : 0.1907    recall@50 : 0.3359
27 Sep 14:47    INFO  epoch 42 training [time: 12.73s, train loss: 3134.2219]
27 Sep 14:47    INFO  epoch 42 evaluating [time: 0.44s, valid_score: 0.061500]
27 Sep 14:47    INFO  valid result: 
hit@5 : 0.0704    hit@10 : 0.1142    hit@20 : 0.1916    hit@50 : 0.3354    ndcg@5 : 0.0474    ndcg@10 : 0.0615    ndcg@20 : 0.081    ndcg@50 : 0.1093    recall@5 : 0.0704    recall@10 : 0.1142    recall@20 : 0.1916    recall@50 : 0.3354
27 Sep 14:48    INFO  epoch 43 training [time: 12.76s, train loss: 3133.7130]
27 Sep 14:48    INFO  epoch 43 evaluating [time: 0.46s, valid_score: 0.061600]
27 Sep 14:48    INFO  valid result: 
hit@5 : 0.0698    hit@10 : 0.1153    hit@20 : 0.1893    hit@50 : 0.3366    ndcg@5 : 0.0471    ndcg@10 : 0.0616    ndcg@20 : 0.0801    ndcg@50 : 0.1092    recall@5 : 0.0698    recall@10 : 0.1153    recall@20 : 0.1893    recall@50 : 0.3366
27 Sep 14:48    INFO  epoch 44 training [time: 12.68s, train loss: 3132.4985]
27 Sep 14:48    INFO  epoch 44 evaluating [time: 0.45s, valid_score: 0.062000]
27 Sep 14:48    INFO  valid result: 
hit@5 : 0.0694    hit@10 : 0.1156    hit@20 : 0.1908    hit@50 : 0.337    ndcg@5 : 0.0472    ndcg@10 : 0.062    ndcg@20 : 0.0808    ndcg@50 : 0.1097    recall@5 : 0.0694    recall@10 : 0.1156    recall@20 : 0.1908    recall@50 : 0.337
27 Sep 14:48    INFO  epoch 45 training [time: 12.67s, train loss: 3131.6906]
27 Sep 14:48    INFO  epoch 45 evaluating [time: 0.46s, valid_score: 0.062100]
27 Sep 14:48    INFO  valid result: 
hit@5 : 0.07    hit@10 : 0.1162    hit@20 : 0.1912    hit@50 : 0.3372    ndcg@5 : 0.0473    ndcg@10 : 0.0621    ndcg@20 : 0.0809    ndcg@50 : 0.1098    recall@5 : 0.07    recall@10 : 0.1162    recall@20 : 0.1912    recall@50 : 0.3372
27 Sep 14:48    INFO  epoch 46 training [time: 12.65s, train loss: 3131.1195]
27 Sep 14:48    INFO  epoch 46 evaluating [time: 0.46s, valid_score: 0.062000]
27 Sep 14:48    INFO  valid result: 
hit@5 : 0.0699    hit@10 : 0.1159    hit@20 : 0.188    hit@50 : 0.3382    ndcg@5 : 0.0473    ndcg@10 : 0.062    ndcg@20 : 0.0801    ndcg@50 : 0.1098    recall@5 : 0.0699    recall@10 : 0.1159    recall@20 : 0.188    recall@50 : 0.3382
27 Sep 14:49    INFO  epoch 47 training [time: 12.65s, train loss: 3130.0726]
27 Sep 14:49    INFO  epoch 47 evaluating [time: 0.45s, valid_score: 0.062300]
27 Sep 14:49    INFO  valid result: 
hit@5 : 0.0704    hit@10 : 0.1159    hit@20 : 0.1893    hit@50 : 0.3385    ndcg@5 : 0.0477    ndcg@10 : 0.0623    ndcg@20 : 0.0807    ndcg@50 : 0.1102    recall@5 : 0.0704    recall@10 : 0.1159    recall@20 : 0.1893    recall@50 : 0.3385
27 Sep 14:49    INFO  epoch 48 training [time: 12.65s, train loss: 3129.4645]
27 Sep 14:49    INFO  epoch 48 evaluating [time: 0.45s, valid_score: 0.061500]
27 Sep 14:49    INFO  valid result: 
hit@5 : 0.0681    hit@10 : 0.1148    hit@20 : 0.1893    hit@50 : 0.3389    ndcg@5 : 0.0466    ndcg@10 : 0.0615    ndcg@20 : 0.0803    ndcg@50 : 0.1097    recall@5 : 0.0681    recall@10 : 0.1148    recall@20 : 0.1893    recall@50 : 0.3389
27 Sep 14:49    INFO  Finished training, best eval result in epoch 37
