Traceback (most recent call last):
  File "/home/daryumin/iberdov/diplom/experiments/mamba3_three_time/gpu_checks_002.py", line 151, in run
    native = native_gate(arch,result,save)
  File "/home/daryumin/iberdov/diplom/experiments/mamba3_three_time/gpu_checks_002.py", line 48, in native_gate
    loss.backward()
  File "/home/daryumin/iberdov/diplom/envs/mamba3/lib/python3.10/site-packages/torch/_tensor.py", line 625, in backward
    torch.autograd.backward(
  File "/home/daryumin/iberdov/diplom/envs/mamba3/lib/python3.10/site-packages/torch/autograd/__init__.py", line 354, in backward
    _engine_run_backward(
  File "/home/daryumin/iberdov/diplom/envs/mamba3/lib/python3.10/site-packages/torch/autograd/graph.py", line 841, in _engine_run_backward
    return Variable._execution_engine.run_backward(  # Calls into the C++ engine to run the backward pass
  File "/home/daryumin/iberdov/diplom/envs/mamba3/lib/python3.10/site-packages/torch/autograd/function.py", line 315, in apply
    return user_fn(self, *args)
  File "/home/daryumin/iberdov/diplom/envs/mamba3/lib/python3.10/site-packages/mamba_ssm/ops/tilelang/mamba3/mamba3_mimo.py", line 184, in backward
    dD, dZ, dOut_Norm_Weight) = mamba_mimo_bwd_combined(
  File "/home/daryumin/iberdov/diplom/envs/mamba3/lib/python3.10/site-packages/mamba_ssm/ops/tilelang/mamba3/mamba3_mimo_bwd.py", line 1563, in mamba_mimo_bwd_combined
    ddA += bwd_dadt_fused_triton(
  File "/home/daryumin/iberdov/diplom/envs/mamba3/lib/python3.10/site-packages/mamba_ssm/ops/triton/mamba3/mamba3_mimo_utils.py", line 544, in bwd_dadt_fused_triton
    assert S % chunk_size == 0, f"Sequence length {S} must be divisible by chunk_size {chunk_size}"
AssertionError: Sequence length 17 must be divisible by chunk_size 8
