{"architecture": "SISO", "group": "cases", "case": "I_native_official", "passed": true}
{"architecture": "SISO", "group": "diagnostics", "case": "localize_model_base_L17_P7_x1", "passed": true}
{"architecture": "SISO", "group": "diagnostics", "case": "localize_model_base_L17_P7_x16", "passed": true}
{"architecture": "SISO", "group": "diagnostics", "case": "localize_model_dual_L17_P7_x1", "passed": true}
{"architecture": "SISO", "group": "diagnostics", "case": "localize_model_dual_L17_P7_x16", "passed": true}
{"architecture": "SISO", "group": "diagnostics", "case": "localize_model_triple_L17_P7_x1", "passed": true}
{"architecture": "SISO", "group": "diagnostics", "case": "localize_model_triple_L17_P7_x16", "passed": true}
{"architecture": "SISO", "group": "diagnostics", "case": "localize_model_base_L65_P31_x1", "passed": true}
{"architecture": "SISO", "group": "diagnostics", "case": "localize_model_base_L65_P31_x16", "passed": true}
{"architecture": "SISO", "group": "diagnostics", "case": "localize_model_dual_L65_P31_x1", "passed": true}
{"architecture": "SISO", "group": "diagnostics", "case": "localize_model_dual_L65_P31_x16", "passed": true}
{"architecture": "SISO", "group": "diagnostics", "case": "localize_model_triple_L65_P31_x1", "passed": true}
{"architecture": "SISO", "group": "diagnostics", "case": "localize_model_triple_L65_P31_x16", "passed": true}
{"architecture": "SISO", "group": "diagnostics", "case": "localize_model_base_L97_P65_x1", "passed": true}
{"architecture": "SISO", "group": "diagnostics", "case": "localize_model_base_L97_P65_x16", "passed": true}
{"architecture": "SISO", "group": "diagnostics", "case": "localize_model_dual_L97_P65_x1", "passed": true}
{"architecture": "SISO", "group": "diagnostics", "case": "localize_model_dual_L97_P65_x16", "passed": true}
{"architecture": "SISO", "group": "diagnostics", "case": "localize_model_triple_L97_P65_x1", "passed": true}
{"architecture": "SISO", "group": "diagnostics", "case": "localize_model_triple_L97_P65_x16", "passed": true}
{"architecture": "SISO", "group": "diagnostics", "case": "localize_kernel_tied_L17_P7_x1", "passed": true}
{"architecture": "SISO", "group": "diagnostics", "case": "localize_kernel_tied_L17_P7_x16", "passed": true}
{"architecture": "SISO", "group": "diagnostics", "case": "localize_kernel_split_L17_P7_x1", "passed": true}
{"architecture": "SISO", "group": "diagnostics", "case": "localize_kernel_split_L17_P7_x16", "passed": true}
{"architecture": "SISO", "group": "diagnostics", "case": "localize_kernel_tied_L65_P31_x1", "passed": true}
{"architecture": "SISO", "group": "diagnostics", "case": "localize_kernel_tied_L65_P31_x16", "passed": true}
{"architecture": "SISO", "group": "diagnostics", "case": "localize_kernel_split_L65_P31_x1", "passed": true}
{"architecture": "SISO", "group": "diagnostics", "case": "localize_kernel_split_L65_P31_x16", "passed": true}
{"architecture": "SISO", "group": "diagnostics", "case": "localize_kernel_tied_L97_P65_x1", "passed": true}
{"architecture": "SISO", "group": "diagnostics", "case": "localize_kernel_tied_L97_P65_x16", "passed": true}
{"architecture": "SISO", "group": "diagnostics", "case": "localize_kernel_split_L97_P65_x1", "passed": true}
{"architecture": "SISO", "group": "diagnostics", "case": "localize_kernel_split_L97_P65_x16", "passed": true}
{"architecture": "SISO", "group": "diagnostics", "case": "stable_scan", "passed": true}
{"architecture": "SISO", "group": "diagnostics", "case": "stable_scan", "passed": true}
{"architecture": "SISO", "group": "diagnostics", "case": "stable_scan", "passed": true}
{"architecture": "SISO", "group": "diagnostics", "case": "stable_scan", "passed": true}
{"architecture": "SISO", "group": "diagnostics", "case": "stable_scan", "passed": true}
{"architecture": "SISO", "group": "diagnostics", "case": "stable_scan", "passed": true}
{"architecture": "SISO", "group": "cases", "case": "scan_regression_base_eval_L50", "passed": false}
{"architecture": "SISO", "group": "cases", "case": "scan_regression_base_eval_L64", "passed": false}
{"architecture": "SISO", "group": "cases", "case": "scan_regression_base_train_L50", "passed": false}
{"architecture": "SISO", "group": "cases", "case": "scan_regression_base_train_L64", "passed": false}
{"architecture": "SISO", "group": "cases", "case": "scan_regression_dual_eval_L50", "passed": false}
{"architecture": "SISO", "group": "cases", "case": "scan_regression_dual_eval_L64", "passed": false}
{"architecture": "SISO", "group": "cases", "case": "scan_regression_dual_train_L50", "passed": false}
{"architecture": "SISO", "group": "cases", "case": "scan_regression_dual_train_L64", "passed": false}
{"architecture": "SISO", "group": "cases", "case": "scan_regression_triple_eval_L50", "passed": false}
{"architecture": "SISO", "group": "cases", "case": "scan_regression_triple_eval_L64", "passed": false}
{"architecture": "SISO", "group": "cases", "case": "scan_regression_triple_train_L50", "passed": false}
{"architecture": "SISO", "group": "cases", "case": "scan_regression_triple_train_L64", "passed": false}
{"architecture": "SISO", "group": "cases", "case": "A_eval_L50", "passed": false}
{"architecture": "SISO", "group": "cases", "case": "A_eval_L64", "passed": false}
{"architecture": "SISO", "group": "cases", "case": "A_train_L50", "passed": false}
{"architecture": "SISO", "group": "cases", "case": "A_train_L64", "passed": false}
{"architecture": "SISO", "group": "cases", "case": "B_eval_L50", "passed": false}
{"architecture": "SISO", "group": "cases", "case": "B_eval_L64", "passed": false}
{"architecture": "SISO", "group": "cases", "case": "B_train_L50", "passed": false}
{"architecture": "SISO", "group": "cases", "case": "B_train_L64", "passed": false}
{"architecture": "SISO", "group": "cases", "case": "C_leaf_gradient_sum", "passed": true}
{"architecture": "SISO", "group": "cases", "case": "C_tied_calibrator_recovery", "passed": true}
{"architecture": "SISO", "group": "cases", "case": "reference_calibration_official_tied_L7", "passed": true}
{"architecture": "SISO", "group": "cases", "case": "D_three_path_L7", "passed": true}
{"architecture": "SISO", "group": "cases", "case": "E_causality_padding", "passed": true}
{"architecture": "SISO", "group": "cases", "case": "F_official_full_sequence_L1", "passed": true}
{"architecture": "SISO", "group": "cases", "case": "F_reference_calibration_official_tied_L1", "passed": true}
{"architecture": "SISO", "group": "cases", "case": "F_D_three_path_L1", "passed": true}
{"architecture": "SISO", "group": "cases", "case": "F_official_full_sequence_L50", "passed": true}
{"architecture": "SISO", "group": "cases", "case": "F_reference_calibration_official_tied_L50", "passed": true}
{"architecture": "SISO", "group": "cases", "case": "F_D_three_path_L50", "passed": true}
{"architecture": "SISO", "group": "cases", "case": "F_official_full_sequence_L63", "passed": true}
{"architecture": "SISO", "group": "cases", "case": "F_reference_calibration_official_tied_L63", "passed": true}
{"architecture": "SISO", "group": "cases", "case": "F_D_three_path_L63", "passed": true}
{"architecture": "SISO", "group": "cases", "case": "F_official_full_sequence_L64", "passed": true}
{"architecture": "SISO", "group": "cases", "case": "F_reference_calibration_official_tied_L64", "passed": true}
{"architecture": "SISO", "group": "cases", "case": "F_D_three_path_L64", "passed": true}
{"architecture": "SISO", "group": "cases", "case": "F_official_full_sequence_L65", "passed": true}
{"architecture": "SISO", "group": "cases", "case": "F_reference_calibration_official_tied_L65", "passed": true}
{"architecture": "SISO", "group": "cases", "case": "F_D_three_path_L65", "passed": true}
{"architecture": "SISO", "group": "cases", "case": "F_official_full_sequence_L97", "passed": true}
{"architecture": "SISO", "group": "cases", "case": "F_reference_calibration_official_tied_L97", "passed": true}
{"architecture": "SISO", "group": "cases", "case": "F_D_three_path_L97", "passed": true}
{"architecture": "SISO", "group": "cases", "case": "G_synthetic_optimizer_dual", "passed": true}
{"architecture": "SISO", "group": "cases", "case": "G_synthetic_optimizer_triple", "passed": true}
{"architecture": "SISO", "group": "cases", "case": "H_state_dict_roundtrip", "passed": true}
