command line args [--mode dual --seed 2030] will not be used in RecBole
command line args [--mode dual --seed 2030] will not be used in RecBole
/home/daryumin/iberdov/diplom/envs/mamba3/lib/python3.10/site-packages/recbole/data/dataset/dataset.py:648: FutureWarning: A value is trying to be set on a copy of a DataFrame or Series through chained assignment using an inplace method.
The behavior will change in pandas 3.0. This inplace method will never work because the intermediate object on which we are setting values always behaves as a copy.

For example, when doing 'df[col].method(value, inplace=True)', try using 'df.method({col: value}, inplace=True)' or df[col] = df[col].method(value) instead, to perform the operation inplace on the original object.


  feat[field].fillna(value=0, inplace=True)
/home/daryumin/iberdov/diplom/envs/mamba3/lib/python3.10/site-packages/recbole/data/dataset/dataset.py:650: FutureWarning: A value is trying to be set on a copy of a DataFrame or Series through chained assignment using an inplace method.
The behavior will change in pandas 3.0. This inplace method will never work because the intermediate object on which we are setting values always behaves as a copy.

For example, when doing 'df[col].method(value, inplace=True)', try using 'df.method({col: value}, inplace=True)' or df[col] = df[col].method(value) instead, to perform the operation inplace on the original object.


  feat[field].fillna(value=feat[field].mean(), inplace=True)
/home/daryumin/iberdov/diplom/envs/mamba3/lib/python3.10/site-packages/recbole/trainer/trainer.py:235: FutureWarning: `torch.cuda.amp.GradScaler(args...)` is deprecated. Please use `torch.amp.GradScaler('cuda', args...)` instead.
  scaler = amp.GradScaler(enabled=self.enable_scaler)
28 Sep 20:34    INFO  epoch 0 training [time: 30.55s, train loss: 3921.6071]
28 Sep 20:34    INFO  epoch 0 evaluating [time: 0.89s, valid_score: 0.042600]
28 Sep 20:34    INFO  valid result: 
hit@5 : 0.0478    hit@10 : 0.0759    hit@20 : 0.1198    hit@50 : 0.2147    ndcg@5 : 0.0336    ndcg@10 : 0.0426    ndcg@20 : 0.0536    ndcg@50 : 0.0722    recall@5 : 0.0478    recall@10 : 0.0759    recall@20 : 0.1198    recall@50 : 0.2147
/home/daryumin/iberdov/diplom/envs/mamba3/lib/python3.10/site-packages/recbole/trainer/trainer.py:235: FutureWarning: `torch.cuda.amp.GradScaler(args...)` is deprecated. Please use `torch.amp.GradScaler('cuda', args...)` instead.
  scaler = amp.GradScaler(enabled=self.enable_scaler)
28 Sep 20:34    INFO  epoch 1 training [time: 20.92s, train loss: 3509.1512]
28 Sep 20:34    INFO  epoch 1 evaluating [time: 0.47s, valid_score: 0.051100]
28 Sep 20:34    INFO  valid result: 
hit@5 : 0.0598    hit@10 : 0.0921    hit@20 : 0.144    hit@50 : 0.2578    ndcg@5 : 0.0408    ndcg@10 : 0.0511    ndcg@20 : 0.0642    ndcg@50 : 0.0866    recall@5 : 0.0598    recall@10 : 0.0921    recall@20 : 0.144    recall@50 : 0.2578
28 Sep 20:34    INFO  epoch 2 training [time: 20.89s, train loss: 3399.7562]
28 Sep 20:34    INFO  epoch 2 evaluating [time: 0.51s, valid_score: 0.053600]
28 Sep 20:34    INFO  valid result: 
hit@5 : 0.0609    hit@10 : 0.0974    hit@20 : 0.1574    hit@50 : 0.2804    ndcg@5 : 0.0419    ndcg@10 : 0.0536    ndcg@20 : 0.0687    ndcg@50 : 0.0929    recall@5 : 0.0609    recall@10 : 0.0974    recall@20 : 0.1574    recall@50 : 0.2804
28 Sep 20:35    INFO  epoch 3 training [time: 20.91s, train loss: 3345.0287]
28 Sep 20:35    INFO  epoch 3 evaluating [time: 0.47s, valid_score: 0.055900]
28 Sep 20:35    INFO  valid result: 
hit@5 : 0.0634    hit@10 : 0.1001    hit@20 : 0.1612    hit@50 : 0.2883    ndcg@5 : 0.0442    ndcg@10 : 0.0559    ndcg@20 : 0.0713    ndcg@50 : 0.0963    recall@5 : 0.0634    recall@10 : 0.1001    recall@20 : 0.1612    recall@50 : 0.2883
28 Sep 20:35    INFO  epoch 4 training [time: 20.90s, train loss: 3308.0936]
28 Sep 20:35    INFO  epoch 4 evaluating [time: 0.47s, valid_score: 0.056800]
28 Sep 20:35    INFO  valid result: 
hit@5 : 0.0643    hit@10 : 0.1021    hit@20 : 0.1636    hit@50 : 0.2949    ndcg@5 : 0.0446    ndcg@10 : 0.0568    ndcg@20 : 0.0722    ndcg@50 : 0.0981    recall@5 : 0.0643    recall@10 : 0.1021    recall@20 : 0.1636    recall@50 : 0.2949
28 Sep 20:35    INFO  epoch 5 training [time: 20.92s, train loss: 3280.9134]
28 Sep 20:35    INFO  epoch 5 evaluating [time: 0.49s, valid_score: 0.058600]
28 Sep 20:35    INFO  valid result: 
hit@5 : 0.0666    hit@10 : 0.1063    hit@20 : 0.1699    hit@50 : 0.3027    ndcg@5 : 0.0459    ndcg@10 : 0.0586    ndcg@20 : 0.0746    ndcg@50 : 0.1007    recall@5 : 0.0666    recall@10 : 0.1063    recall@20 : 0.1699    recall@50 : 0.3027
28 Sep 20:36    INFO  epoch 6 training [time: 20.92s, train loss: 3261.5247]
28 Sep 20:36    INFO  epoch 6 evaluating [time: 0.48s, valid_score: 0.059700]
28 Sep 20:36    INFO  valid result: 
hit@5 : 0.0676    hit@10 : 0.1086    hit@20 : 0.1738    hit@50 : 0.3083    ndcg@5 : 0.0466    ndcg@10 : 0.0597    ndcg@20 : 0.0761    ndcg@50 : 0.1026    recall@5 : 0.0676    recall@10 : 0.1086    recall@20 : 0.1738    recall@50 : 0.3083
28 Sep 20:36    INFO  epoch 7 training [time: 20.94s, train loss: 3246.3341]
28 Sep 20:36    INFO  epoch 7 evaluating [time: 0.49s, valid_score: 0.060600]
28 Sep 20:36    INFO  valid result: 
hit@5 : 0.0683    hit@10 : 0.1091    hit@20 : 0.1745    hit@50 : 0.3125    ndcg@5 : 0.0475    ndcg@10 : 0.0606    ndcg@20 : 0.077    ndcg@50 : 0.1041    recall@5 : 0.0683    recall@10 : 0.1091    recall@20 : 0.1745    recall@50 : 0.3125
28 Sep 20:37    INFO  epoch 8 training [time: 20.92s, train loss: 3233.5477]
28 Sep 20:37    INFO  epoch 8 evaluating [time: 0.47s, valid_score: 0.059900]
28 Sep 20:37    INFO  valid result: 
hit@5 : 0.0674    hit@10 : 0.1086    hit@20 : 0.1788    hit@50 : 0.3153    ndcg@5 : 0.0467    ndcg@10 : 0.0599    ndcg@20 : 0.0774    ndcg@50 : 0.1043    recall@5 : 0.0674    recall@10 : 0.1086    recall@20 : 0.1788    recall@50 : 0.3153
28 Sep 20:37    INFO  epoch 9 training [time: 20.94s, train loss: 3223.0061]
28 Sep 20:37    INFO  epoch 9 evaluating [time: 0.47s, valid_score: 0.060200]
28 Sep 20:37    INFO  valid result: 
hit@5 : 0.0679    hit@10 : 0.1101    hit@20 : 0.1799    hit@50 : 0.3174    ndcg@5 : 0.0467    ndcg@10 : 0.0602    ndcg@20 : 0.0777    ndcg@50 : 0.1049    recall@5 : 0.0679    recall@10 : 0.1101    recall@20 : 0.1799    recall@50 : 0.3174
28 Sep 20:37    INFO  epoch 10 training [time: 20.93s, train loss: 3213.9053]
28 Sep 20:37    INFO  epoch 10 evaluating [time: 0.47s, valid_score: 0.060200]
28 Sep 20:37    INFO  valid result: 
hit@5 : 0.0681    hit@10 : 0.1111    hit@20 : 0.1782    hit@50 : 0.3207    ndcg@5 : 0.0464    ndcg@10 : 0.0602    ndcg@20 : 0.077    ndcg@50 : 0.1051    recall@5 : 0.0681    recall@10 : 0.1111    recall@20 : 0.1782    recall@50 : 0.3207
28 Sep 20:38    INFO  epoch 11 training [time: 20.93s, train loss: 3206.7791]
28 Sep 20:38    INFO  epoch 11 evaluating [time: 0.50s, valid_score: 0.061500]
28 Sep 20:38    INFO  valid result: 
hit@5 : 0.0695    hit@10 : 0.1121    hit@20 : 0.1817    hit@50 : 0.3197    ndcg@5 : 0.0478    ndcg@10 : 0.0615    ndcg@20 : 0.079    ndcg@50 : 0.1062    recall@5 : 0.0695    recall@10 : 0.1121    recall@20 : 0.1817    recall@50 : 0.3197
28 Sep 20:38    INFO  epoch 12 training [time: 20.92s, train loss: 3199.8589]
28 Sep 20:38    INFO  epoch 12 evaluating [time: 0.46s, valid_score: 0.060800]
28 Sep 20:38    INFO  valid result: 
hit@5 : 0.0688    hit@10 : 0.1114    hit@20 : 0.1789    hit@50 : 0.3243    ndcg@5 : 0.0471    ndcg@10 : 0.0608    ndcg@20 : 0.0778    ndcg@50 : 0.1064    recall@5 : 0.0688    recall@10 : 0.1114    recall@20 : 0.1789    recall@50 : 0.3243
28 Sep 20:38    INFO  epoch 13 training [time: 20.92s, train loss: 3194.0540]
28 Sep 20:38    INFO  epoch 13 evaluating [time: 0.47s, valid_score: 0.061300]
28 Sep 20:38    INFO  valid result: 
hit@5 : 0.0693    hit@10 : 0.1125    hit@20 : 0.1818    hit@50 : 0.3235    ndcg@5 : 0.0474    ndcg@10 : 0.0613    ndcg@20 : 0.0787    ndcg@50 : 0.1066    recall@5 : 0.0693    recall@10 : 0.1125    recall@20 : 0.1818    recall@50 : 0.3235
28 Sep 20:39    INFO  epoch 14 training [time: 20.92s, train loss: 3189.1282]
28 Sep 20:39    INFO  epoch 14 evaluating [time: 0.47s, valid_score: 0.061300]
28 Sep 20:39    INFO  valid result: 
hit@5 : 0.0693    hit@10 : 0.1137    hit@20 : 0.1808    hit@50 : 0.3248    ndcg@5 : 0.0471    ndcg@10 : 0.0613    ndcg@20 : 0.0781    ndcg@50 : 0.1064    recall@5 : 0.0693    recall@10 : 0.1137    recall@20 : 0.1808    recall@50 : 0.3248
28 Sep 20:39    INFO  epoch 15 training [time: 20.90s, train loss: 3184.7709]
28 Sep 20:39    INFO  epoch 15 evaluating [time: 0.51s, valid_score: 0.060700]
28 Sep 20:39    INFO  valid result: 
hit@5 : 0.0696    hit@10 : 0.1127    hit@20 : 0.1843    hit@50 : 0.3258    ndcg@5 : 0.0469    ndcg@10 : 0.0607    ndcg@20 : 0.0786    ndcg@50 : 0.1065    recall@5 : 0.0696    recall@10 : 0.1127    recall@20 : 0.1843    recall@50 : 0.3258
28 Sep 20:39    INFO  epoch 16 training [time: 20.91s, train loss: 3180.2924]
28 Sep 20:39    INFO  epoch 16 evaluating [time: 0.50s, valid_score: 0.061200]
28 Sep 20:39    INFO  valid result: 
hit@5 : 0.0688    hit@10 : 0.113    hit@20 : 0.184    hit@50 : 0.3281    ndcg@5 : 0.047    ndcg@10 : 0.0612    ndcg@20 : 0.079    ndcg@50 : 0.1074    recall@5 : 0.0688    recall@10 : 0.113    recall@20 : 0.184    recall@50 : 0.3281
28 Sep 20:40    INFO  epoch 17 training [time: 20.89s, train loss: 3176.7408]
28 Sep 20:40    INFO  epoch 17 evaluating [time: 0.49s, valid_score: 0.061500]
28 Sep 20:40    INFO  valid result: 
hit@5 : 0.0685    hit@10 : 0.113    hit@20 : 0.1815    hit@50 : 0.3282    ndcg@5 : 0.0472    ndcg@10 : 0.0615    ndcg@20 : 0.0787    ndcg@50 : 0.1076    recall@5 : 0.0685    recall@10 : 0.113    recall@20 : 0.1815    recall@50 : 0.3282
28 Sep 20:40    INFO  epoch 18 training [time: 20.91s, train loss: 3173.1021]
28 Sep 20:40    INFO  epoch 18 evaluating [time: 0.49s, valid_score: 0.061000]
28 Sep 20:40    INFO  valid result: 
hit@5 : 0.0684    hit@10 : 0.112    hit@20 : 0.1825    hit@50 : 0.3301    ndcg@5 : 0.047    ndcg@10 : 0.061    ndcg@20 : 0.0787    ndcg@50 : 0.1078    recall@5 : 0.0684    recall@10 : 0.112    recall@20 : 0.1825    recall@50 : 0.3301
28 Sep 20:40    INFO  epoch 19 training [time: 20.93s, train loss: 3170.3806]
28 Sep 20:40    INFO  epoch 19 evaluating [time: 0.47s, valid_score: 0.061400]
28 Sep 20:40    INFO  valid result: 
hit@5 : 0.0681    hit@10 : 0.1136    hit@20 : 0.1822    hit@50 : 0.3295    ndcg@5 : 0.0469    ndcg@10 : 0.0614    ndcg@20 : 0.0786    ndcg@50 : 0.1076    recall@5 : 0.0681    recall@10 : 0.1136    recall@20 : 0.1822    recall@50 : 0.3295
28 Sep 20:41    INFO  epoch 20 training [time: 20.89s, train loss: 3166.5597]
28 Sep 20:41    INFO  epoch 20 evaluating [time: 0.48s, valid_score: 0.060900]
28 Sep 20:41    INFO  valid result: 
hit@5 : 0.0682    hit@10 : 0.1132    hit@20 : 0.1847    hit@50 : 0.3298    ndcg@5 : 0.0464    ndcg@10 : 0.0609    ndcg@20 : 0.0788    ndcg@50 : 0.1074    recall@5 : 0.0682    recall@10 : 0.1132    recall@20 : 0.1847    recall@50 : 0.3298
28 Sep 20:41    INFO  epoch 21 training [time: 20.88s, train loss: 3164.1454]
28 Sep 20:41    INFO  epoch 21 evaluating [time: 0.47s, valid_score: 0.061500]
28 Sep 20:41    INFO  valid result: 
hit@5 : 0.0687    hit@10 : 0.1127    hit@20 : 0.1822    hit@50 : 0.3291    ndcg@5 : 0.0474    ndcg@10 : 0.0615    ndcg@20 : 0.079    ndcg@50 : 0.1079    recall@5 : 0.0687    recall@10 : 0.1127    recall@20 : 0.1822    recall@50 : 0.3291
28 Sep 20:42    INFO  epoch 22 training [time: 20.89s, train loss: 3161.2552]
28 Sep 20:42    INFO  epoch 22 evaluating [time: 0.48s, valid_score: 0.062200]
28 Sep 20:42    INFO  valid result: 
hit@5 : 0.0695    hit@10 : 0.1154    hit@20 : 0.1844    hit@50 : 0.3313    ndcg@5 : 0.0476    ndcg@10 : 0.0622    ndcg@20 : 0.0796    ndcg@50 : 0.1085    recall@5 : 0.0695    recall@10 : 0.1154    recall@20 : 0.1844    recall@50 : 0.3313
28 Sep 20:42    INFO  epoch 23 training [time: 20.89s, train loss: 3158.8345]
28 Sep 20:42    INFO  epoch 23 evaluating [time: 0.50s, valid_score: 0.061900]
28 Sep 20:42    INFO  valid result: 
hit@5 : 0.0692    hit@10 : 0.1134    hit@20 : 0.1863    hit@50 : 0.3295    ndcg@5 : 0.0477    ndcg@10 : 0.0619    ndcg@20 : 0.0801    ndcg@50 : 0.1083    recall@5 : 0.0692    recall@10 : 0.1134    recall@20 : 0.1863    recall@50 : 0.3295
28 Sep 20:42    INFO  epoch 24 training [time: 20.90s, train loss: 3156.5357]
28 Sep 20:42    INFO  epoch 24 evaluating [time: 0.49s, valid_score: 0.062200]
28 Sep 20:42    INFO  valid result: 
hit@5 : 0.0702    hit@10 : 0.1146    hit@20 : 0.1839    hit@50 : 0.3296    ndcg@5 : 0.048    ndcg@10 : 0.0622    ndcg@20 : 0.0796    ndcg@50 : 0.1083    recall@5 : 0.0702    recall@10 : 0.1146    recall@20 : 0.1839    recall@50 : 0.3296
28 Sep 20:43    INFO  epoch 25 training [time: 20.88s, train loss: 3154.2792]
28 Sep 20:43    INFO  epoch 25 evaluating [time: 0.47s, valid_score: 0.061000]
28 Sep 20:43    INFO  valid result: 
hit@5 : 0.0677    hit@10 : 0.1141    hit@20 : 0.1826    hit@50 : 0.332    ndcg@5 : 0.0462    ndcg@10 : 0.061    ndcg@20 : 0.0782    ndcg@50 : 0.1077    recall@5 : 0.0677    recall@10 : 0.1141    recall@20 : 0.1826    recall@50 : 0.332
28 Sep 20:43    INFO  epoch 26 training [time: 20.91s, train loss: 3152.8883]
28 Sep 20:43    INFO  epoch 26 evaluating [time: 0.48s, valid_score: 0.061100]
28 Sep 20:43    INFO  valid result: 
hit@5 : 0.0693    hit@10 : 0.1131    hit@20 : 0.1848    hit@50 : 0.3312    ndcg@5 : 0.0471    ndcg@10 : 0.0611    ndcg@20 : 0.0791    ndcg@50 : 0.108    recall@5 : 0.0693    recall@10 : 0.1131    recall@20 : 0.1848    recall@50 : 0.3312
28 Sep 20:43    INFO  epoch 27 training [time: 20.91s, train loss: 3150.3736]
28 Sep 20:43    INFO  epoch 27 evaluating [time: 0.49s, valid_score: 0.061600]
28 Sep 20:43    INFO  valid result: 
hit@5 : 0.0685    hit@10 : 0.1152    hit@20 : 0.1844    hit@50 : 0.3321    ndcg@5 : 0.0467    ndcg@10 : 0.0616    ndcg@20 : 0.0789    ndcg@50 : 0.1081    recall@5 : 0.0685    recall@10 : 0.1152    recall@20 : 0.1844    recall@50 : 0.3321
28 Sep 20:44    INFO  epoch 28 training [time: 20.93s, train loss: 3148.1147]
28 Sep 20:44    INFO  epoch 28 evaluating [time: 0.47s, valid_score: 0.062400]
28 Sep 20:44    INFO  valid result: 
hit@5 : 0.0699    hit@10 : 0.115    hit@20 : 0.1846    hit@50 : 0.3304    ndcg@5 : 0.048    ndcg@10 : 0.0624    ndcg@20 : 0.0798    ndcg@50 : 0.1086    recall@5 : 0.0699    recall@10 : 0.115    recall@20 : 0.1846    recall@50 : 0.3304
28 Sep 20:44    INFO  epoch 29 training [time: 20.93s, train loss: 3147.0459]
28 Sep 20:44    INFO  epoch 29 evaluating [time: 0.47s, valid_score: 0.060900]
28 Sep 20:44    INFO  valid result: 
hit@5 : 0.069    hit@10 : 0.1129    hit@20 : 0.185    hit@50 : 0.3316    ndcg@5 : 0.0468    ndcg@10 : 0.0609    ndcg@20 : 0.0789    ndcg@50 : 0.1078    recall@5 : 0.069    recall@10 : 0.1129    recall@20 : 0.185    recall@50 : 0.3316
28 Sep 20:44    INFO  epoch 30 training [time: 20.93s, train loss: 3144.9534]
28 Sep 20:44    INFO  epoch 30 evaluating [time: 0.48s, valid_score: 0.062000]
28 Sep 20:44    INFO  valid result: 
hit@5 : 0.0686    hit@10 : 0.1144    hit@20 : 0.1862    hit@50 : 0.33    ndcg@5 : 0.0474    ndcg@10 : 0.062    ndcg@20 : 0.08    ndcg@50 : 0.1084    recall@5 : 0.0686    recall@10 : 0.1144    recall@20 : 0.1862    recall@50 : 0.33
28 Sep 20:45    INFO  epoch 31 training [time: 20.95s, train loss: 3143.2709]
28 Sep 20:45    INFO  epoch 31 evaluating [time: 0.49s, valid_score: 0.061700]
28 Sep 20:45    INFO  valid result: 
hit@5 : 0.07    hit@10 : 0.1136    hit@20 : 0.1888    hit@50 : 0.3329    ndcg@5 : 0.0478    ndcg@10 : 0.0617    ndcg@20 : 0.0805    ndcg@50 : 0.109    recall@5 : 0.07    recall@10 : 0.1136    recall@20 : 0.1888    recall@50 : 0.3329
28 Sep 20:45    INFO  epoch 32 training [time: 20.94s, train loss: 3141.7180]
28 Sep 20:45    INFO  epoch 32 evaluating [time: 0.49s, valid_score: 0.060400]
28 Sep 20:45    INFO  valid result: 
hit@5 : 0.0675    hit@10 : 0.1131    hit@20 : 0.185    hit@50 : 0.3334    ndcg@5 : 0.0459    ndcg@10 : 0.0604    ndcg@20 : 0.0784    ndcg@50 : 0.1077    recall@5 : 0.0675    recall@10 : 0.1131    recall@20 : 0.185    recall@50 : 0.3334
28 Sep 20:45    INFO  epoch 33 training [time: 20.92s, train loss: 3140.4619]
28 Sep 20:45    INFO  epoch 33 evaluating [time: 0.58s, valid_score: 0.061900]
28 Sep 20:45    INFO  valid result: 
hit@5 : 0.0687    hit@10 : 0.1142    hit@20 : 0.186    hit@50 : 0.3337    ndcg@5 : 0.0474    ndcg@10 : 0.0619    ndcg@20 : 0.08    ndcg@50 : 0.1091    recall@5 : 0.0687    recall@10 : 0.1142    recall@20 : 0.186    recall@50 : 0.3337
28 Sep 20:46    INFO  epoch 34 training [time: 20.91s, train loss: 3139.0814]
28 Sep 20:46    INFO  epoch 34 evaluating [time: 0.50s, valid_score: 0.061800]
28 Sep 20:46    INFO  valid result: 
hit@5 : 0.0696    hit@10 : 0.1143    hit@20 : 0.1873    hit@50 : 0.3339    ndcg@5 : 0.0475    ndcg@10 : 0.0618    ndcg@20 : 0.0801    ndcg@50 : 0.109    recall@5 : 0.0696    recall@10 : 0.1143    recall@20 : 0.1873    recall@50 : 0.3339
28 Sep 20:46    INFO  epoch 35 training [time: 20.94s, train loss: 3137.6328]
28 Sep 20:46    INFO  epoch 35 evaluating [time: 0.50s, valid_score: 0.061300]
28 Sep 20:46    INFO  valid result: 
hit@5 : 0.0687    hit@10 : 0.1139    hit@20 : 0.1851    hit@50 : 0.3333    ndcg@5 : 0.0468    ndcg@10 : 0.0613    ndcg@20 : 0.0792    ndcg@50 : 0.1084    recall@5 : 0.0687    recall@10 : 0.1139    recall@20 : 0.1851    recall@50 : 0.3333
28 Sep 20:47    INFO  epoch 36 training [time: 20.91s, train loss: 3136.0235]
28 Sep 20:47    INFO  epoch 36 evaluating [time: 0.48s, valid_score: 0.062000]
28 Sep 20:47    INFO  valid result: 
hit@5 : 0.0695    hit@10 : 0.1147    hit@20 : 0.1871    hit@50 : 0.334    ndcg@5 : 0.0475    ndcg@10 : 0.062    ndcg@20 : 0.0802    ndcg@50 : 0.1092    recall@5 : 0.0695    recall@10 : 0.1147    recall@20 : 0.1871    recall@50 : 0.334
28 Sep 20:47    INFO  epoch 37 training [time: 20.94s, train loss: 3134.8662]
28 Sep 20:47    INFO  epoch 37 evaluating [time: 0.49s, valid_score: 0.062000]
28 Sep 20:47    INFO  valid result: 
hit@5 : 0.0689    hit@10 : 0.1146    hit@20 : 0.1878    hit@50 : 0.3347    ndcg@5 : 0.0473    ndcg@10 : 0.062    ndcg@20 : 0.0803    ndcg@50 : 0.1093    recall@5 : 0.0689    recall@10 : 0.1146    recall@20 : 0.1878    recall@50 : 0.3347
28 Sep 20:47    INFO  epoch 38 training [time: 20.92s, train loss: 3133.7612]
28 Sep 20:47    INFO  epoch 38 evaluating [time: 0.50s, valid_score: 0.061400]
28 Sep 20:47    INFO  valid result: 
hit@5 : 0.0683    hit@10 : 0.1125    hit@20 : 0.1858    hit@50 : 0.3337    ndcg@5 : 0.0472    ndcg@10 : 0.0614    ndcg@20 : 0.0798    ndcg@50 : 0.1089    recall@5 : 0.0683    recall@10 : 0.1125    recall@20 : 0.1858    recall@50 : 0.3337
28 Sep 20:48    INFO  epoch 39 training [time: 20.89s, train loss: 3132.3495]
28 Sep 20:48    INFO  epoch 39 evaluating [time: 0.50s, valid_score: 0.062300]
28 Sep 20:48    INFO  valid result: 
hit@5 : 0.0693    hit@10 : 0.1157    hit@20 : 0.1869    hit@50 : 0.3373    ndcg@5 : 0.0475    ndcg@10 : 0.0623    ndcg@20 : 0.0802    ndcg@50 : 0.1098    recall@5 : 0.0693    recall@10 : 0.1157    recall@20 : 0.1869    recall@50 : 0.3373
28 Sep 20:48    INFO  Finished training, best eval result in epoch 28
