command line args [--resume --mode dual --seed 2030] will not be used in RecBole
/home/daryumin/iberdov/diplom/envs/mamba3/lib/python3.10/site-packages/recbole/data/dataset/dataset.py:648: FutureWarning: A value is trying to be set on a copy of a DataFrame or Series through chained assignment using an inplace method.
The behavior will change in pandas 3.0. This inplace method will never work because the intermediate object on which we are setting values always behaves as a copy.

For example, when doing 'df[col].method(value, inplace=True)', try using 'df.method({col: value}, inplace=True)' or df[col] = df[col].method(value) instead, to perform the operation inplace on the original object.


  feat[field].fillna(value=0, inplace=True)
/home/daryumin/iberdov/diplom/envs/mamba3/lib/python3.10/site-packages/recbole/data/dataset/dataset.py:650: FutureWarning: A value is trying to be set on a copy of a DataFrame or Series through chained assignment using an inplace method.
The behavior will change in pandas 3.0. This inplace method will never work because the intermediate object on which we are setting values always behaves as a copy.

For example, when doing 'df[col].method(value, inplace=True)', try using 'df.method({col: value}, inplace=True)' or df[col] = df[col].method(value) instead, to perform the operation inplace on the original object.


  feat[field].fillna(value=feat[field].mean(), inplace=True)
/home/daryumin/iberdov/diplom/envs/mamba3/lib/python3.10/site-packages/recbole/trainer/trainer.py:235: FutureWarning: `torch.cuda.amp.GradScaler(args...)` is deprecated. Please use `torch.amp.GradScaler('cuda', args...)` instead.
  scaler = amp.GradScaler(enabled=self.enable_scaler)
27 Sep 16:04    INFO  epoch 0 training [time: 309.79s, train loss: 3932.3398]
27 Sep 16:04    INFO  epoch 0 evaluating [time: 0.47s, valid_score: 0.040800]
27 Sep 16:04    INFO  valid result: 
hit@5 : 0.0461    hit@10 : 0.0729    hit@20 : 0.1164    hit@50 : 0.2071    ndcg@5 : 0.0322    ndcg@10 : 0.0408    ndcg@20 : 0.0517    ndcg@50 : 0.0696    recall@5 : 0.0461    recall@10 : 0.0729    recall@20 : 0.1164    recall@50 : 0.2071
/home/daryumin/iberdov/diplom/envs/mamba3/lib/python3.10/site-packages/recbole/trainer/trainer.py:235: FutureWarning: `torch.cuda.amp.GradScaler(args...)` is deprecated. Please use `torch.amp.GradScaler('cuda', args...)` instead.
  scaler = amp.GradScaler(enabled=self.enable_scaler)
27 Sep 16:04    INFO  epoch 1 training [time: 12.35s, train loss: 3519.4985]
27 Sep 16:04    INFO  epoch 1 evaluating [time: 0.43s, valid_score: 0.048800]
27 Sep 16:04    INFO  valid result: 
hit@5 : 0.0555    hit@10 : 0.0881    hit@20 : 0.1409    hit@50 : 0.2528    ndcg@5 : 0.0384    ndcg@10 : 0.0488    ndcg@20 : 0.062    ndcg@50 : 0.0841    recall@5 : 0.0555    recall@10 : 0.0881    recall@20 : 0.1409    recall@50 : 0.2528
27 Sep 16:05    INFO  epoch 2 training [time: 12.34s, train loss: 3410.7298]
27 Sep 16:05    INFO  epoch 2 evaluating [time: 0.43s, valid_score: 0.052900]
27 Sep 16:05    INFO  valid result: 
hit@5 : 0.0579    hit@10 : 0.0954    hit@20 : 0.1528    hit@50 : 0.2726    ndcg@5 : 0.0408    ndcg@10 : 0.0529    ndcg@20 : 0.0673    ndcg@50 : 0.0909    recall@5 : 0.0579    recall@10 : 0.0954    recall@20 : 0.1528    recall@50 : 0.2726
27 Sep 16:05    INFO  epoch 3 training [time: 12.36s, train loss: 3354.6214]
27 Sep 16:05    INFO  epoch 3 evaluating [time: 0.43s, valid_score: 0.056300]
27 Sep 16:05    INFO  valid result: 
hit@5 : 0.0628    hit@10 : 0.1012    hit@20 : 0.1613    hit@50 : 0.2862    ndcg@5 : 0.0441    ndcg@10 : 0.0563    ndcg@20 : 0.0714    ndcg@50 : 0.0961    recall@5 : 0.0628    recall@10 : 0.1012    recall@20 : 0.1613    recall@50 : 0.2862
27 Sep 16:05    INFO  epoch 4 training [time: 12.35s, train loss: 3312.8259]
27 Sep 16:05    INFO  epoch 4 evaluating [time: 0.44s, valid_score: 0.057700]
27 Sep 16:05    INFO  valid result: 
hit@5 : 0.0645    hit@10 : 0.1034    hit@20 : 0.1647    hit@50 : 0.2962    ndcg@5 : 0.0452    ndcg@10 : 0.0577    ndcg@20 : 0.073    ndcg@50 : 0.099    recall@5 : 0.0645    recall@10 : 0.1034    recall@20 : 0.1647    recall@50 : 0.2962
27 Sep 16:05    INFO  epoch 5 training [time: 12.35s, train loss: 3283.8743]
27 Sep 16:05    INFO  epoch 5 evaluating [time: 0.44s, valid_score: 0.058200]
27 Sep 16:05    INFO  valid result: 
hit@5 : 0.0651    hit@10 : 0.1055    hit@20 : 0.1673    hit@50 : 0.3006    ndcg@5 : 0.0452    ndcg@10 : 0.0582    ndcg@20 : 0.0736    ndcg@50 : 0.0999    recall@5 : 0.0651    recall@10 : 0.1055    recall@20 : 0.1673    recall@50 : 0.3006
27 Sep 16:05    INFO  epoch 6 training [time: 12.36s, train loss: 3264.5067]
27 Sep 16:05    INFO  epoch 6 evaluating [time: 0.44s, valid_score: 0.059100]
27 Sep 16:05    INFO  valid result: 
hit@5 : 0.0666    hit@10 : 0.1078    hit@20 : 0.1701    hit@50 : 0.3069    ndcg@5 : 0.0459    ndcg@10 : 0.0591    ndcg@20 : 0.0748    ndcg@50 : 0.1017    recall@5 : 0.0666    recall@10 : 0.1078    recall@20 : 0.1701    recall@50 : 0.3069
27 Sep 16:06    INFO  epoch 7 training [time: 12.34s, train loss: 3248.9169]
27 Sep 16:06    INFO  epoch 7 evaluating [time: 0.44s, valid_score: 0.059700]
27 Sep 16:06    INFO  valid result: 
hit@5 : 0.0683    hit@10 : 0.1083    hit@20 : 0.1751    hit@50 : 0.3088    ndcg@5 : 0.047    ndcg@10 : 0.0597    ndcg@20 : 0.0765    ndcg@50 : 0.1029    recall@5 : 0.0683    recall@10 : 0.1083    recall@20 : 0.1751    recall@50 : 0.3088
27 Sep 16:06    INFO  epoch 8 training [time: 12.34s, train loss: 3236.4384]
27 Sep 16:06    INFO  epoch 8 evaluating [time: 0.49s, valid_score: 0.059400]
27 Sep 16:06    INFO  valid result: 
hit@5 : 0.0676    hit@10 : 0.1079    hit@20 : 0.1733    hit@50 : 0.3158    ndcg@5 : 0.0465    ndcg@10 : 0.0594    ndcg@20 : 0.0758    ndcg@50 : 0.104    recall@5 : 0.0676    recall@10 : 0.1079    recall@20 : 0.1733    recall@50 : 0.3158
27 Sep 16:06    INFO  epoch 9 training [time: 12.34s, train loss: 3225.7187]
27 Sep 16:06    INFO  epoch 9 evaluating [time: 0.44s, valid_score: 0.060500]
27 Sep 16:06    INFO  valid result: 
hit@5 : 0.0669    hit@10 : 0.1111    hit@20 : 0.1794    hit@50 : 0.3166    ndcg@5 : 0.0463    ndcg@10 : 0.0605    ndcg@20 : 0.0777    ndcg@50 : 0.1047    recall@5 : 0.0669    recall@10 : 0.1111    recall@20 : 0.1794    recall@50 : 0.3166
27 Sep 16:06    INFO  epoch 10 training [time: 12.35s, train loss: 3216.4033]
27 Sep 16:06    INFO  epoch 10 evaluating [time: 0.44s, valid_score: 0.060700]
27 Sep 16:06    INFO  valid result: 
hit@5 : 0.0687    hit@10 : 0.111    hit@20 : 0.1797    hit@50 : 0.3197    ndcg@5 : 0.0471    ndcg@10 : 0.0607    ndcg@20 : 0.0779    ndcg@50 : 0.1055    recall@5 : 0.0687    recall@10 : 0.111    recall@20 : 0.1797    recall@50 : 0.3197
27 Sep 16:07    INFO  epoch 11 training [time: 12.37s, train loss: 3209.1818]
27 Sep 16:07    INFO  epoch 11 evaluating [time: 0.44s, valid_score: 0.061600]
27 Sep 16:07    INFO  valid result: 
hit@5 : 0.0697    hit@10 : 0.1141    hit@20 : 0.1817    hit@50 : 0.3222    ndcg@5 : 0.0474    ndcg@10 : 0.0616    ndcg@20 : 0.0786    ndcg@50 : 0.1063    recall@5 : 0.0697    recall@10 : 0.1141    recall@20 : 0.1817    recall@50 : 0.3222
27 Sep 16:07    INFO  epoch 12 training [time: 12.34s, train loss: 3202.4097]
27 Sep 16:07    INFO  epoch 12 evaluating [time: 0.43s, valid_score: 0.060500]
27 Sep 16:07    INFO  valid result: 
hit@5 : 0.0679    hit@10 : 0.1103    hit@20 : 0.1802    hit@50 : 0.3217    ndcg@5 : 0.0469    ndcg@10 : 0.0605    ndcg@20 : 0.078    ndcg@50 : 0.1059    recall@5 : 0.0679    recall@10 : 0.1103    recall@20 : 0.1802    recall@50 : 0.3217
27 Sep 16:07    INFO  epoch 13 training [time: 12.35s, train loss: 3196.0909]
27 Sep 16:07    INFO  epoch 13 evaluating [time: 0.46s, valid_score: 0.061200]
27 Sep 16:07    INFO  valid result: 
hit@5 : 0.0685    hit@10 : 0.1114    hit@20 : 0.1836    hit@50 : 0.323    ndcg@5 : 0.0474    ndcg@10 : 0.0612    ndcg@20 : 0.0793    ndcg@50 : 0.1068    recall@5 : 0.0685    recall@10 : 0.1114    recall@20 : 0.1836    recall@50 : 0.323
27 Sep 16:07    INFO  epoch 14 training [time: 12.34s, train loss: 3191.1103]
27 Sep 16:07    INFO  epoch 14 evaluating [time: 0.45s, valid_score: 0.061100]
27 Sep 16:07    INFO  valid result: 
hit@5 : 0.0692    hit@10 : 0.1122    hit@20 : 0.1817    hit@50 : 0.324    ndcg@5 : 0.0473    ndcg@10 : 0.0611    ndcg@20 : 0.0786    ndcg@50 : 0.1066    recall@5 : 0.0692    recall@10 : 0.1122    recall@20 : 0.1817    recall@50 : 0.324
27 Sep 16:07    INFO  epoch 15 training [time: 12.33s, train loss: 3186.6303]
27 Sep 16:07    INFO  epoch 15 evaluating [time: 0.44s, valid_score: 0.060600]
27 Sep 16:07    INFO  valid result: 
hit@5 : 0.0683    hit@10 : 0.1129    hit@20 : 0.1815    hit@50 : 0.3254    ndcg@5 : 0.0463    ndcg@10 : 0.0606    ndcg@20 : 0.0778    ndcg@50 : 0.1062    recall@5 : 0.0683    recall@10 : 0.1129    recall@20 : 0.1815    recall@50 : 0.3254
27 Sep 16:08    INFO  epoch 16 training [time: 12.33s, train loss: 3181.9867]
27 Sep 16:08    INFO  epoch 16 evaluating [time: 0.45s, valid_score: 0.061500]
27 Sep 16:08    INFO  valid result: 
hit@5 : 0.0706    hit@10 : 0.1143    hit@20 : 0.1866    hit@50 : 0.3294    ndcg@5 : 0.0475    ndcg@10 : 0.0615    ndcg@20 : 0.0796    ndcg@50 : 0.1077    recall@5 : 0.0706    recall@10 : 0.1143    recall@20 : 0.1866    recall@50 : 0.3294
27 Sep 16:08    INFO  epoch 17 training [time: 12.34s, train loss: 3178.3382]
27 Sep 16:08    INFO  epoch 17 evaluating [time: 0.45s, valid_score: 0.060800]
27 Sep 16:08    INFO  valid result: 
hit@5 : 0.069    hit@10 : 0.1122    hit@20 : 0.1832    hit@50 : 0.3279    ndcg@5 : 0.0469    ndcg@10 : 0.0608    ndcg@20 : 0.0786    ndcg@50 : 0.1072    recall@5 : 0.069    recall@10 : 0.1122    recall@20 : 0.1832    recall@50 : 0.3279
27 Sep 16:08    INFO  epoch 18 training [time: 12.33s, train loss: 3175.3773]
27 Sep 16:08    INFO  epoch 18 evaluating [time: 0.46s, valid_score: 0.061400]
27 Sep 16:08    INFO  valid result: 
hit@5 : 0.07    hit@10 : 0.113    hit@20 : 0.1855    hit@50 : 0.3283    ndcg@5 : 0.0477    ndcg@10 : 0.0614    ndcg@20 : 0.0796    ndcg@50 : 0.1077    recall@5 : 0.07    recall@10 : 0.113    recall@20 : 0.1855    recall@50 : 0.3283
27 Sep 16:08    INFO  epoch 19 training [time: 12.33s, train loss: 3171.9625]
27 Sep 16:08    INFO  epoch 19 evaluating [time: 0.44s, valid_score: 0.061800]
27 Sep 16:08    INFO  valid result: 
hit@5 : 0.0691    hit@10 : 0.1139    hit@20 : 0.184    hit@50 : 0.3298    ndcg@5 : 0.0474    ndcg@10 : 0.0618    ndcg@20 : 0.0793    ndcg@50 : 0.1081    recall@5 : 0.0691    recall@10 : 0.1139    recall@20 : 0.184    recall@50 : 0.3298
27 Sep 16:08    INFO  epoch 20 training [time: 12.34s, train loss: 3169.2976]
27 Sep 16:08    INFO  epoch 20 evaluating [time: 0.44s, valid_score: 0.061700]
27 Sep 16:08    INFO  valid result: 
hit@5 : 0.0694    hit@10 : 0.1145    hit@20 : 0.1865    hit@50 : 0.3295    ndcg@5 : 0.0473    ndcg@10 : 0.0617    ndcg@20 : 0.0797    ndcg@50 : 0.1079    recall@5 : 0.0694    recall@10 : 0.1145    recall@20 : 0.1865    recall@50 : 0.3295
27 Sep 16:09    INFO  epoch 21 training [time: 12.33s, train loss: 3167.0075]
27 Sep 16:09    INFO  epoch 21 evaluating [time: 0.44s, valid_score: 0.061200]
27 Sep 16:09    INFO  valid result: 
hit@5 : 0.0683    hit@10 : 0.1129    hit@20 : 0.1844    hit@50 : 0.3296    ndcg@5 : 0.0469    ndcg@10 : 0.0612    ndcg@20 : 0.0791    ndcg@50 : 0.1077    recall@5 : 0.0683    recall@10 : 0.1129    recall@20 : 0.1844    recall@50 : 0.3296
27 Sep 16:09    INFO  epoch 22 training [time: 12.34s, train loss: 3164.3808]
27 Sep 16:09    INFO  epoch 22 evaluating [time: 0.45s, valid_score: 0.062000]
27 Sep 16:09    INFO  valid result: 
hit@5 : 0.0699    hit@10 : 0.1149    hit@20 : 0.1849    hit@50 : 0.3307    ndcg@5 : 0.0475    ndcg@10 : 0.062    ndcg@20 : 0.0795    ndcg@50 : 0.1083    recall@5 : 0.0699    recall@10 : 0.1149    recall@20 : 0.1849    recall@50 : 0.3307
27 Sep 16:09    INFO  epoch 23 training [time: 12.31s, train loss: 3162.3540]
27 Sep 16:09    INFO  epoch 23 evaluating [time: 0.44s, valid_score: 0.062700]
27 Sep 16:09    INFO  valid result: 
hit@5 : 0.0718    hit@10 : 0.1159    hit@20 : 0.1842    hit@50 : 0.3295    ndcg@5 : 0.0486    ndcg@10 : 0.0627    ndcg@20 : 0.0798    ndcg@50 : 0.1086    recall@5 : 0.0718    recall@10 : 0.1159    recall@20 : 0.1842    recall@50 : 0.3295
27 Sep 16:09    INFO  epoch 24 training [time: 12.35s, train loss: 3159.7441]
27 Sep 16:09    INFO  epoch 24 evaluating [time: 0.46s, valid_score: 0.062400]
27 Sep 16:09    INFO  valid result: 
hit@5 : 0.0713    hit@10 : 0.1149    hit@20 : 0.1854    hit@50 : 0.3318    ndcg@5 : 0.0484    ndcg@10 : 0.0624    ndcg@20 : 0.08    ndcg@50 : 0.1089    recall@5 : 0.0713    recall@10 : 0.1149    recall@20 : 0.1854    recall@50 : 0.3318
27 Sep 16:10    INFO  epoch 25 training [time: 12.33s, train loss: 3157.7468]
27 Sep 16:10    INFO  epoch 25 evaluating [time: 1.18s, valid_score: 0.061200]
27 Sep 16:10    INFO  valid result: 
hit@5 : 0.0704    hit@10 : 0.1138    hit@20 : 0.1863    hit@50 : 0.3338    ndcg@5 : 0.0473    ndcg@10 : 0.0612    ndcg@20 : 0.0794    ndcg@50 : 0.1085    recall@5 : 0.0704    recall@10 : 0.1138    recall@20 : 0.1863    recall@50 : 0.3338
27 Sep 16:10    INFO  epoch 26 training [time: 12.34s, train loss: 3156.2272]
27 Sep 16:10    INFO  epoch 26 evaluating [time: 0.44s, valid_score: 0.061400]
27 Sep 16:10    INFO  valid result: 
hit@5 : 0.0696    hit@10 : 0.1135    hit@20 : 0.1857    hit@50 : 0.3337    ndcg@5 : 0.0473    ndcg@10 : 0.0614    ndcg@20 : 0.0795    ndcg@50 : 0.1087    recall@5 : 0.0696    recall@10 : 0.1135    recall@20 : 0.1857    recall@50 : 0.3337
27 Sep 16:10    INFO  epoch 27 training [time: 12.34s, train loss: 3154.5551]
27 Sep 16:10    INFO  epoch 27 evaluating [time: 0.44s, valid_score: 0.062000]
27 Sep 16:10    INFO  valid result: 
hit@5 : 0.0699    hit@10 : 0.1157    hit@20 : 0.187    hit@50 : 0.3347    ndcg@5 : 0.0473    ndcg@10 : 0.062    ndcg@20 : 0.0799    ndcg@50 : 0.109    recall@5 : 0.0699    recall@10 : 0.1157    recall@20 : 0.187    recall@50 : 0.3347
27 Sep 16:10    INFO  epoch 28 training [time: 12.33s, train loss: 3152.6442]
27 Sep 16:10    INFO  epoch 28 evaluating [time: 0.43s, valid_score: 0.062200]
27 Sep 16:10    INFO  valid result: 
hit@5 : 0.0709    hit@10 : 0.1149    hit@20 : 0.1871    hit@50 : 0.3341    ndcg@5 : 0.0482    ndcg@10 : 0.0622    ndcg@20 : 0.0803    ndcg@50 : 0.1093    recall@5 : 0.0709    recall@10 : 0.1149    recall@20 : 0.1871    recall@50 : 0.3341
27 Sep 16:10    INFO  epoch 29 training [time: 12.34s, train loss: 3151.0539]
27 Sep 16:10    INFO  epoch 29 evaluating [time: 0.45s, valid_score: 0.061000]
27 Sep 16:10    INFO  valid result: 
hit@5 : 0.0697    hit@10 : 0.1137    hit@20 : 0.1867    hit@50 : 0.332    ndcg@5 : 0.047    ndcg@10 : 0.061    ndcg@20 : 0.0794    ndcg@50 : 0.1081    recall@5 : 0.0697    recall@10 : 0.1137    recall@20 : 0.1867    recall@50 : 0.332
27 Sep 16:11    INFO  epoch 30 training [time: 12.33s, train loss: 3149.3631]
27 Sep 16:11    INFO  epoch 30 evaluating [time: 0.47s, valid_score: 0.062200]
27 Sep 16:11    INFO  valid result: 
hit@5 : 0.0716    hit@10 : 0.1157    hit@20 : 0.1876    hit@50 : 0.335    ndcg@5 : 0.048    ndcg@10 : 0.0622    ndcg@20 : 0.0802    ndcg@50 : 0.1093    recall@5 : 0.0716    recall@10 : 0.1157    recall@20 : 0.1876    recall@50 : 0.335
27 Sep 16:11    INFO  epoch 31 training [time: 12.33s, train loss: 3147.8591]
27 Sep 16:11    INFO  epoch 31 evaluating [time: 0.73s, valid_score: 0.062500]
27 Sep 16:11    INFO  valid result: 
hit@5 : 0.0704    hit@10 : 0.1174    hit@20 : 0.1866    hit@50 : 0.3357    ndcg@5 : 0.0474    ndcg@10 : 0.0625    ndcg@20 : 0.0799    ndcg@50 : 0.1093    recall@5 : 0.0704    recall@10 : 0.1174    recall@20 : 0.1866    recall@50 : 0.3357
27 Sep 16:11    INFO  epoch 32 training [time: 12.32s, train loss: 3146.9009]
27 Sep 16:11    INFO  epoch 32 evaluating [time: 0.45s, valid_score: 0.062000]
27 Sep 16:11    INFO  valid result: 
hit@5 : 0.0697    hit@10 : 0.1152    hit@20 : 0.1876    hit@50 : 0.3356    ndcg@5 : 0.0474    ndcg@10 : 0.062    ndcg@20 : 0.0801    ndcg@50 : 0.1093    recall@5 : 0.0697    recall@10 : 0.1152    recall@20 : 0.1876    recall@50 : 0.3356
27 Sep 16:11    INFO  epoch 33 training [time: 12.34s, train loss: 3145.8033]
27 Sep 16:11    INFO  epoch 33 evaluating [time: 0.45s, valid_score: 0.062200]
27 Sep 16:11    INFO  valid result: 
hit@5 : 0.0702    hit@10 : 0.1156    hit@20 : 0.1864    hit@50 : 0.3355    ndcg@5 : 0.0476    ndcg@10 : 0.0622    ndcg@20 : 0.08    ndcg@50 : 0.1094    recall@5 : 0.0702    recall@10 : 0.1156    recall@20 : 0.1864    recall@50 : 0.3355
27 Sep 16:11    INFO  epoch 34 training [time: 12.36s, train loss: 3144.1613]
27 Sep 16:11    INFO  epoch 34 evaluating [time: 0.45s, valid_score: 0.061500]
27 Sep 16:11    INFO  valid result: 
hit@5 : 0.0691    hit@10 : 0.1145    hit@20 : 0.1864    hit@50 : 0.334    ndcg@5 : 0.0469    ndcg@10 : 0.0615    ndcg@20 : 0.0795    ndcg@50 : 0.1086    recall@5 : 0.0691    recall@10 : 0.1145    recall@20 : 0.1864    recall@50 : 0.334
27 Sep 16:11    INFO  Finished training, best eval result in epoch 23
