Traceback (most recent call last):
  File "/home/daryumin/iberdov/diplom/experiments/mamba3_three_time/gpu_checks.py", line 43, in run
    native = suites.native(arch)
  File "/home/daryumin/iberdov/diplom/experiments/mamba3_three_time/suites.py", line 51, in native
    measured = kernel_measure(values, arch, official=True)
  File "/home/daryumin/iberdov/diplom/experiments/mamba3_three_time/fixtures.py", line 96, in kernel_measure
    loss.backward()
  File "/home/daryumin/iberdov/diplom/envs/mamba3/lib/python3.10/site-packages/torch/_tensor.py", line 625, in backward
    torch.autograd.backward(
  File "/home/daryumin/iberdov/diplom/envs/mamba3/lib/python3.10/site-packages/torch/autograd/__init__.py", line 354, in backward
    _engine_run_backward(
  File "/home/daryumin/iberdov/diplom/envs/mamba3/lib/python3.10/site-packages/torch/autograd/graph.py", line 841, in _engine_run_backward
    return Variable._execution_engine.run_backward(  # Calls into the C++ engine to run the backward pass
  File "/home/daryumin/iberdov/diplom/envs/mamba3/lib/python3.10/site-packages/torch/autograd/function.py", line 315, in apply
    return user_fn(self, *args)
  File "/home/daryumin/iberdov/diplom/envs/mamba3/lib/python3.10/site-packages/mamba_ssm/ops/tilelang/mamba3/mamba3_mimo.py", line 184, in backward
    dD, dZ, dOut_Norm_Weight) = mamba_mimo_bwd_combined(
  File "/home/daryumin/iberdov/diplom/envs/mamba3/lib/python3.10/site-packages/mamba_ssm/ops/tilelang/mamba3/mamba3_mimo_bwd.py", line 1513, in mamba_mimo_bwd_combined
    bwd_bwd_kernel(
  File "/home/daryumin/iberdov/diplom/envs/mamba3/lib/python3.10/site-packages/tilelang/jit/kernel.py", line 207, in __call__
    return self.torch_function(*args, **kwds)
  File "/home/daryumin/iberdov/diplom/envs/mamba3/lib/python3.10/site-packages/tilelang/jit/adapter/tvm_ffi.py", line 244, in func
    executable(*tensor_list)
  File "/home/daryumin/iberdov/diplom/envs/mamba3/lib/python3.10/site-packages/tilelang/3rdparty/tvm/python/tvm/runtime/executable.py", line 42, in __call__
    return self.jit().main(*args, **kwargs)
  File "python/tvm_ffi/cython/function.pxi", line 929, in tvm_ffi.core.Function.__call__
  File "<unknown>", line 0, in tvm::runtime::detail::LogFatal::Entry::Finalize()
tvm.error.InternalError: Failed to set the allowed dynamic shared memory size to 223904
