{"architecture": "SISO", "case": "I_native_official", "passed": true}
{"architecture": "SISO", "case": "A_eval_L50", "passed": true}
{"architecture": "SISO", "case": "A_eval_L64", "passed": true}
{"architecture": "SISO", "case": "A_train_L50", "passed": true}
{"architecture": "SISO", "case": "A_train_L64", "passed": true}
{"architecture": "SISO", "case": "B_eval_L50", "passed": true}
{"architecture": "SISO", "case": "B_eval_L64", "passed": true}
{"architecture": "SISO", "case": "B_train_L50", "passed": true}
{"architecture": "SISO", "case": "B_train_L64", "passed": true}
{"architecture": "SISO", "case": "C_leaf_gradient_sum", "passed": true}
{"architecture": "SISO", "case": "C_tied_calibrator_recovery", "passed": true}
{"architecture": "SISO", "case": "reference_calibration_official_tied_L7", "passed": true}
{"architecture": "SISO", "case": "D_three_path_L7", "passed": true}
{"architecture": "SISO", "case": "E_causality_padding", "passed": false}
{"architecture": "SISO", "case": "F_official_full_sequence_L1", "passed": true}
{"architecture": "SISO", "case": "F_reference_calibration_official_tied_L1", "passed": true}
{"architecture": "SISO", "case": "F_D_three_path_L1", "passed": true}
{"architecture": "SISO", "case": "F_official_full_sequence_L50", "passed": true}
{"architecture": "SISO", "case": "F_reference_calibration_official_tied_L50", "passed": true}
{"architecture": "SISO", "case": "F_D_three_path_L50", "passed": true}
{"architecture": "SISO", "case": "F_official_full_sequence_L63", "passed": true}
{"architecture": "SISO", "case": "F_reference_calibration_official_tied_L63", "passed": true}
{"architecture": "SISO", "case": "F_D_three_path_L63", "passed": true}
{"architecture": "SISO", "case": "F_official_full_sequence_L64", "passed": true}
{"architecture": "SISO", "case": "F_reference_calibration_official_tied_L64", "passed": true}
{"architecture": "SISO", "case": "F_D_three_path_L64", "passed": true}
{"architecture": "SISO", "case": "F_official_full_sequence_L65", "passed": true}
{"architecture": "SISO", "case": "F_reference_calibration_official_tied_L65", "passed": true}
{"architecture": "SISO", "case": "F_D_three_path_L65", "passed": true}
{"architecture": "SISO", "case": "F_official_full_sequence_L97", "passed": true}
{"architecture": "SISO", "case": "F_reference_calibration_official_tied_L97", "passed": true}
{"architecture": "SISO", "case": "F_D_three_path_L97", "passed": true}
{"architecture": "SISO", "case": "G_synthetic_optimizer_dual", "passed": true}
{"architecture": "SISO", "case": "G_synthetic_optimizer_triple", "passed": true}
{"architecture": "SISO", "case": "H_state_dict_roundtrip", "passed": true}
