command line args [--variant absolute_phase --seed 2026] will not be used in RecBole
command line args [--variant absolute_phase --seed 2026] will not be used in RecBole
/home/daryumin/iberdov/diplom/envs/mamba3/lib/python3.10/site-packages/recbole/data/dataset/dataset.py:648: FutureWarning: A value is trying to be set on a copy of a DataFrame or Series through chained assignment using an inplace method.
The behavior will change in pandas 3.0. This inplace method will never work because the intermediate object on which we are setting values always behaves as a copy.

For example, when doing 'df[col].method(value, inplace=True)', try using 'df.method({col: value}, inplace=True)' or df[col] = df[col].method(value) instead, to perform the operation inplace on the original object.


  feat[field].fillna(value=0, inplace=True)
/home/daryumin/iberdov/diplom/envs/mamba3/lib/python3.10/site-packages/recbole/data/dataset/dataset.py:650: FutureWarning: A value is trying to be set on a copy of a DataFrame or Series through chained assignment using an inplace method.
The behavior will change in pandas 3.0. This inplace method will never work because the intermediate object on which we are setting values always behaves as a copy.

For example, when doing 'df[col].method(value, inplace=True)', try using 'df.method({col: value}, inplace=True)' or df[col] = df[col].method(value) instead, to perform the operation inplace on the original object.


  feat[field].fillna(value=feat[field].mean(), inplace=True)
/home/daryumin/iberdov/diplom/envs/mamba3/lib/python3.10/site-packages/recbole/trainer/trainer.py:235: FutureWarning: `torch.cuda.amp.GradScaler(args...)` is deprecated. Please use `torch.amp.GradScaler('cuda', args...)` instead.
  scaler = amp.GradScaler(enabled=self.enable_scaler)
04 Oct 11:45    INFO  epoch 0 training [time: 33.51s, train loss: 3926.8544]
04 Oct 11:45    INFO  epoch 0 evaluating [time: 1.09s, valid_score: 0.043400]
04 Oct 11:45    INFO  valid result: 
hit@5 : 0.049    hit@10 : 0.0785    hit@20 : 0.1207    hit@50 : 0.2119    ndcg@5 : 0.0339    ndcg@10 : 0.0434    ndcg@20 : 0.054    ndcg@50 : 0.0719    recall@5 : 0.049    recall@10 : 0.0785    recall@20 : 0.1207    recall@50 : 0.2119
/home/daryumin/iberdov/diplom/envs/mamba3/lib/python3.10/site-packages/recbole/trainer/trainer.py:235: FutureWarning: `torch.cuda.amp.GradScaler(args...)` is deprecated. Please use `torch.amp.GradScaler('cuda', args...)` instead.
  scaler = amp.GradScaler(enabled=self.enable_scaler)
04 Oct 11:45    INFO  epoch 1 training [time: 24.00s, train loss: 3509.8820]
04 Oct 11:45    INFO  epoch 1 evaluating [time: 0.67s, valid_score: 0.049500]
04 Oct 11:45    INFO  valid result: 
hit@5 : 0.0549    hit@10 : 0.0901    hit@20 : 0.144    hit@50 : 0.2559    ndcg@5 : 0.0382    ndcg@10 : 0.0495    ndcg@20 : 0.063    ndcg@50 : 0.085    recall@5 : 0.0549    recall@10 : 0.0901    recall@20 : 0.144    recall@50 : 0.2559
04 Oct 11:46    INFO  epoch 2 training [time: 23.98s, train loss: 3400.2320]
04 Oct 11:46    INFO  epoch 2 evaluating [time: 0.74s, valid_score: 0.053700]
04 Oct 11:46    INFO  valid result: 
hit@5 : 0.0608    hit@10 : 0.0965    hit@20 : 0.1541    hit@50 : 0.2741    ndcg@5 : 0.0423    ndcg@10 : 0.0537    ndcg@20 : 0.0682    ndcg@50 : 0.0918    recall@5 : 0.0608    recall@10 : 0.0965    recall@20 : 0.1541    recall@50 : 0.2741
04 Oct 11:46    INFO  epoch 3 training [time: 23.99s, train loss: 3344.2300]
04 Oct 11:46    INFO  epoch 3 evaluating [time: 0.74s, valid_score: 0.057200]
04 Oct 11:46    INFO  valid result: 
hit@5 : 0.0654    hit@10 : 0.1032    hit@20 : 0.1635    hit@50 : 0.2871    ndcg@5 : 0.0451    ndcg@10 : 0.0572    ndcg@20 : 0.0723    ndcg@50 : 0.0967    recall@5 : 0.0654    recall@10 : 0.1032    recall@20 : 0.1635    recall@50 : 0.2871
04 Oct 11:47    INFO  epoch 4 training [time: 23.96s, train loss: 3304.9689]
04 Oct 11:47    INFO  epoch 4 evaluating [time: 1.00s, valid_score: 0.059000]
04 Oct 11:47    INFO  valid result: 
hit@5 : 0.0661    hit@10 : 0.1061    hit@20 : 0.1689    hit@50 : 0.2962    ndcg@5 : 0.0462    ndcg@10 : 0.059    ndcg@20 : 0.0748    ndcg@50 : 0.0999    recall@5 : 0.0661    recall@10 : 0.1061    recall@20 : 0.1689    recall@50 : 0.2962
04 Oct 11:47    INFO  epoch 5 training [time: 23.97s, train loss: 3278.6623]
04 Oct 11:47    INFO  epoch 5 evaluating [time: 0.80s, valid_score: 0.059200]
04 Oct 11:47    INFO  valid result: 
hit@5 : 0.0661    hit@10 : 0.1072    hit@20 : 0.1722    hit@50 : 0.305    ndcg@5 : 0.046    ndcg@10 : 0.0592    ndcg@20 : 0.0755    ndcg@50 : 0.1017    recall@5 : 0.0661    recall@10 : 0.1072    recall@20 : 0.1722    recall@50 : 0.305
04 Oct 11:48    INFO  epoch 6 training [time: 23.96s, train loss: 3258.7666]
04 Oct 11:48    INFO  epoch 6 evaluating [time: 0.85s, valid_score: 0.059700]
04 Oct 11:48    INFO  valid result: 
hit@5 : 0.0664    hit@10 : 0.1089    hit@20 : 0.1757    hit@50 : 0.3108    ndcg@5 : 0.0461    ndcg@10 : 0.0597    ndcg@20 : 0.0765    ndcg@50 : 0.1032    recall@5 : 0.0664    recall@10 : 0.1089    recall@20 : 0.1757    recall@50 : 0.3108
04 Oct 11:48    INFO  epoch 7 training [time: 23.96s, train loss: 3243.6454]
04 Oct 11:48    INFO  epoch 7 evaluating [time: 0.86s, valid_score: 0.060400]
04 Oct 11:48    INFO  valid result: 
hit@5 : 0.0692    hit@10 : 0.1101    hit@20 : 0.1772    hit@50 : 0.3133    ndcg@5 : 0.0473    ndcg@10 : 0.0604    ndcg@20 : 0.0772    ndcg@50 : 0.1041    recall@5 : 0.0692    recall@10 : 0.1101    recall@20 : 0.1772    recall@50 : 0.3133
04 Oct 11:48    INFO  epoch 8 training [time: 23.97s, train loss: 3230.6955]
04 Oct 11:48    INFO  epoch 8 evaluating [time: 0.96s, valid_score: 0.059300]
04 Oct 11:48    INFO  valid result: 
hit@5 : 0.067    hit@10 : 0.108    hit@20 : 0.1775    hit@50 : 0.3199    ndcg@5 : 0.0462    ndcg@10 : 0.0593    ndcg@20 : 0.0768    ndcg@50 : 0.1048    recall@5 : 0.067    recall@10 : 0.108    recall@20 : 0.1775    recall@50 : 0.3199
04 Oct 11:49    INFO  epoch 9 training [time: 23.97s, train loss: 3220.3178]
04 Oct 11:49    INFO  epoch 9 evaluating [time: 0.95s, valid_score: 0.060000]
04 Oct 11:49    INFO  valid result: 
hit@5 : 0.0668    hit@10 : 0.1101    hit@20 : 0.1792    hit@50 : 0.319    ndcg@5 : 0.0461    ndcg@10 : 0.06    ndcg@20 : 0.0773    ndcg@50 : 0.1049    recall@5 : 0.0668    recall@10 : 0.1101    recall@20 : 0.1792    recall@50 : 0.319
04 Oct 11:49    INFO  epoch 10 training [time: 23.96s, train loss: 3211.2549]
04 Oct 11:49    INFO  epoch 10 evaluating [time: 0.97s, valid_score: 0.059200]
04 Oct 11:49    INFO  valid result: 
hit@5 : 0.0653    hit@10 : 0.1082    hit@20 : 0.1785    hit@50 : 0.3187    ndcg@5 : 0.0455    ndcg@10 : 0.0592    ndcg@20 : 0.0769    ndcg@50 : 0.1046    recall@5 : 0.0653    recall@10 : 0.1082    recall@20 : 0.1785    recall@50 : 0.3187
04 Oct 11:50    INFO  epoch 11 training [time: 23.95s, train loss: 3203.9059]
04 Oct 11:50    INFO  epoch 11 evaluating [time: 1.01s, valid_score: 0.061200]
04 Oct 11:50    INFO  valid result: 
hit@5 : 0.0688    hit@10 : 0.1126    hit@20 : 0.1812    hit@50 : 0.3215    ndcg@5 : 0.0471    ndcg@10 : 0.0612    ndcg@20 : 0.0784    ndcg@50 : 0.106    recall@5 : 0.0688    recall@10 : 0.1126    recall@20 : 0.1812    recall@50 : 0.3215
04 Oct 11:50    INFO  epoch 12 training [time: 23.96s, train loss: 3196.8690]
04 Oct 11:50    INFO  epoch 12 evaluating [time: 1.06s, valid_score: 0.060900]
04 Oct 11:50    INFO  valid result: 
hit@5 : 0.068    hit@10 : 0.1114    hit@20 : 0.1815    hit@50 : 0.3223    ndcg@5 : 0.047    ndcg@10 : 0.0609    ndcg@20 : 0.0785    ndcg@50 : 0.1062    recall@5 : 0.068    recall@10 : 0.1114    recall@20 : 0.1815    recall@50 : 0.3223
04 Oct 11:50    INFO  epoch 13 training [time: 23.96s, train loss: 3191.1433]
04 Oct 11:50    INFO  epoch 13 evaluating [time: 1.12s, valid_score: 0.061200]
04 Oct 11:50    INFO  valid result: 
hit@5 : 0.069    hit@10 : 0.1123    hit@20 : 0.1835    hit@50 : 0.3269    ndcg@5 : 0.0473    ndcg@10 : 0.0612    ndcg@20 : 0.0791    ndcg@50 : 0.1073    recall@5 : 0.069    recall@10 : 0.1123    recall@20 : 0.1835    recall@50 : 0.3269
04 Oct 11:51    INFO  epoch 14 training [time: 23.96s, train loss: 3185.5959]
04 Oct 11:51    INFO  epoch 14 evaluating [time: 1.13s, valid_score: 0.061200]
04 Oct 11:51    INFO  valid result: 
hit@5 : 0.068    hit@10 : 0.1135    hit@20 : 0.1813    hit@50 : 0.3242    ndcg@5 : 0.0467    ndcg@10 : 0.0612    ndcg@20 : 0.0783    ndcg@50 : 0.1064    recall@5 : 0.068    recall@10 : 0.1135    recall@20 : 0.1813    recall@50 : 0.3242
04 Oct 11:51    INFO  epoch 15 training [time: 23.96s, train loss: 3180.7986]
04 Oct 11:51    INFO  epoch 15 evaluating [time: 1.17s, valid_score: 0.061600]
04 Oct 11:51    INFO  valid result: 
hit@5 : 0.07    hit@10 : 0.1133    hit@20 : 0.1832    hit@50 : 0.3249    ndcg@5 : 0.0477    ndcg@10 : 0.0616    ndcg@20 : 0.0791    ndcg@50 : 0.1071    recall@5 : 0.07    recall@10 : 0.1133    recall@20 : 0.1832    recall@50 : 0.3249
04 Oct 11:52    INFO  epoch 16 training [time: 23.96s, train loss: 3176.3065]
04 Oct 11:52    INFO  epoch 16 evaluating [time: 1.45s, valid_score: 0.061700]
04 Oct 11:52    INFO  valid result: 
hit@5 : 0.0683    hit@10 : 0.1141    hit@20 : 0.1842    hit@50 : 0.3251    ndcg@5 : 0.047    ndcg@10 : 0.0617    ndcg@20 : 0.0792    ndcg@50 : 0.1071    recall@5 : 0.0683    recall@10 : 0.1141    recall@20 : 0.1842    recall@50 : 0.3251
04 Oct 11:52    INFO  epoch 17 training [time: 23.95s, train loss: 3171.4599]
04 Oct 11:52    INFO  epoch 17 evaluating [time: 1.32s, valid_score: 0.061600]
04 Oct 11:52    INFO  valid result: 
hit@5 : 0.0694    hit@10 : 0.1147    hit@20 : 0.1855    hit@50 : 0.3265    ndcg@5 : 0.0472    ndcg@10 : 0.0616    ndcg@20 : 0.0794    ndcg@50 : 0.1072    recall@5 : 0.0694    recall@10 : 0.1147    recall@20 : 0.1855    recall@50 : 0.3265
04 Oct 11:53    INFO  epoch 18 training [time: 23.95s, train loss: 3168.2898]
04 Oct 11:53    INFO  epoch 18 evaluating [time: 1.33s, valid_score: 0.061500]
04 Oct 11:53    INFO  valid result: 
hit@5 : 0.0691    hit@10 : 0.1139    hit@20 : 0.1833    hit@50 : 0.327    ndcg@5 : 0.0472    ndcg@10 : 0.0615    ndcg@20 : 0.0789    ndcg@50 : 0.1073    recall@5 : 0.0691    recall@10 : 0.1139    recall@20 : 0.1833    recall@50 : 0.327
04 Oct 11:53    INFO  epoch 19 training [time: 23.95s, train loss: 3164.1144]
04 Oct 11:53    INFO  epoch 19 evaluating [time: 1.33s, valid_score: 0.061900]
04 Oct 11:53    INFO  valid result: 
hit@5 : 0.0697    hit@10 : 0.1146    hit@20 : 0.1862    hit@50 : 0.3304    ndcg@5 : 0.0475    ndcg@10 : 0.0619    ndcg@20 : 0.0799    ndcg@50 : 0.1083    recall@5 : 0.0697    recall@10 : 0.1146    recall@20 : 0.1862    recall@50 : 0.3304
04 Oct 11:53    INFO  epoch 20 training [time: 23.93s, train loss: 3161.3588]
04 Oct 11:53    INFO  epoch 20 evaluating [time: 1.39s, valid_score: 0.061700]
04 Oct 11:53    INFO  valid result: 
hit@5 : 0.0686    hit@10 : 0.1141    hit@20 : 0.1862    hit@50 : 0.3304    ndcg@5 : 0.0471    ndcg@10 : 0.0617    ndcg@20 : 0.0797    ndcg@50 : 0.1082    recall@5 : 0.0686    recall@10 : 0.1141    recall@20 : 0.1862    recall@50 : 0.3304
04 Oct 11:54    INFO  epoch 21 training [time: 23.95s, train loss: 3158.5148]
04 Oct 11:54    INFO  epoch 21 evaluating [time: 1.42s, valid_score: 0.061200]
04 Oct 11:54    INFO  valid result: 
hit@5 : 0.0684    hit@10 : 0.1141    hit@20 : 0.1869    hit@50 : 0.3297    ndcg@5 : 0.0466    ndcg@10 : 0.0612    ndcg@20 : 0.0795    ndcg@50 : 0.1077    recall@5 : 0.0684    recall@10 : 0.1141    recall@20 : 0.1869    recall@50 : 0.3297
04 Oct 11:54    INFO  epoch 22 training [time: 23.92s, train loss: 3155.6553]
04 Oct 11:54    INFO  epoch 22 evaluating [time: 1.44s, valid_score: 0.062000]
04 Oct 11:54    INFO  valid result: 
hit@5 : 0.0696    hit@10 : 0.1157    hit@20 : 0.1878    hit@50 : 0.3322    ndcg@5 : 0.0472    ndcg@10 : 0.062    ndcg@20 : 0.08    ndcg@50 : 0.1086    recall@5 : 0.0696    recall@10 : 0.1157    recall@20 : 0.1878    recall@50 : 0.3322
04 Oct 11:55    INFO  epoch 23 training [time: 23.93s, train loss: 3152.2832]
04 Oct 11:55    INFO  epoch 23 evaluating [time: 1.47s, valid_score: 0.061800]
04 Oct 11:55    INFO  valid result: 
hit@5 : 0.0689    hit@10 : 0.1148    hit@20 : 0.1873    hit@50 : 0.3289    ndcg@5 : 0.0471    ndcg@10 : 0.0618    ndcg@20 : 0.08    ndcg@50 : 0.1079    recall@5 : 0.0689    recall@10 : 0.1148    recall@20 : 0.1873    recall@50 : 0.3289
04 Oct 11:55    INFO  epoch 24 training [time: 23.93s, train loss: 3150.0898]
04 Oct 11:55    INFO  epoch 24 evaluating [time: 1.52s, valid_score: 0.060900]
04 Oct 11:55    INFO  valid result: 
hit@5 : 0.0676    hit@10 : 0.1128    hit@20 : 0.1858    hit@50 : 0.3289    ndcg@5 : 0.0464    ndcg@10 : 0.0609    ndcg@20 : 0.0793    ndcg@50 : 0.1074    recall@5 : 0.0676    recall@10 : 0.1128    recall@20 : 0.1858    recall@50 : 0.3289
04 Oct 11:56    INFO  epoch 25 training [time: 23.92s, train loss: 3147.8057]
04 Oct 11:56    INFO  epoch 25 evaluating [time: 1.54s, valid_score: 0.061300]
04 Oct 11:56    INFO  valid result: 
hit@5 : 0.0678    hit@10 : 0.115    hit@20 : 0.1852    hit@50 : 0.3295    ndcg@5 : 0.0462    ndcg@10 : 0.0613    ndcg@20 : 0.0789    ndcg@50 : 0.1074    recall@5 : 0.0678    recall@10 : 0.115    recall@20 : 0.1852    recall@50 : 0.3295
04 Oct 11:56    INFO  epoch 26 training [time: 23.93s, train loss: 3145.3951]
04 Oct 11:56    INFO  epoch 26 evaluating [time: 1.60s, valid_score: 0.061400]
04 Oct 11:56    INFO  valid result: 
hit@5 : 0.0686    hit@10 : 0.1133    hit@20 : 0.1862    hit@50 : 0.332    ndcg@5 : 0.0471    ndcg@10 : 0.0614    ndcg@20 : 0.0797    ndcg@50 : 0.1084    recall@5 : 0.0686    recall@10 : 0.1133    recall@20 : 0.1862    recall@50 : 0.332
04 Oct 11:56    INFO  epoch 27 training [time: 23.92s, train loss: 3143.2720]
04 Oct 11:56    INFO  epoch 27 evaluating [time: 1.63s, valid_score: 0.062400]
04 Oct 11:56    INFO  valid result: 
hit@5 : 0.0702    hit@10 : 0.115    hit@20 : 0.1914    hit@50 : 0.3356    ndcg@5 : 0.0481    ndcg@10 : 0.0624    ndcg@20 : 0.0815    ndcg@50 : 0.11    recall@5 : 0.0702    recall@10 : 0.115    recall@20 : 0.1914    recall@50 : 0.3356
04 Oct 11:57    INFO  epoch 28 training [time: 23.96s, train loss: 3141.5882]
04 Oct 11:57    INFO  epoch 28 evaluating [time: 1.69s, valid_score: 0.062700]
04 Oct 11:57    INFO  valid result: 
hit@5 : 0.0698    hit@10 : 0.1166    hit@20 : 0.1893    hit@50 : 0.333    ndcg@5 : 0.0477    ndcg@10 : 0.0627    ndcg@20 : 0.0809    ndcg@50 : 0.1093    recall@5 : 0.0698    recall@10 : 0.1166    recall@20 : 0.1893    recall@50 : 0.333
04 Oct 11:57    INFO  epoch 29 training [time: 23.96s, train loss: 3139.1844]
04 Oct 11:57    INFO  epoch 29 evaluating [time: 1.70s, valid_score: 0.062300]
04 Oct 11:57    INFO  valid result: 
hit@5 : 0.0698    hit@10 : 0.1161    hit@20 : 0.1882    hit@50 : 0.3338    ndcg@5 : 0.0475    ndcg@10 : 0.0623    ndcg@20 : 0.0804    ndcg@50 : 0.1092    recall@5 : 0.0698    recall@10 : 0.1161    recall@20 : 0.1882    recall@50 : 0.3338
04 Oct 11:58    INFO  epoch 30 training [time: 23.93s, train loss: 3138.0879]
04 Oct 11:58    INFO  epoch 30 evaluating [time: 1.77s, valid_score: 0.062800]
04 Oct 11:58    INFO  valid result: 
hit@5 : 0.072    hit@10 : 0.1158    hit@20 : 0.1884    hit@50 : 0.3333    ndcg@5 : 0.0488    ndcg@10 : 0.0628    ndcg@20 : 0.081    ndcg@50 : 0.1096    recall@5 : 0.072    recall@10 : 0.1158    recall@20 : 0.1884    recall@50 : 0.3333
04 Oct 11:58    INFO  epoch 31 training [time: 24.00s, train loss: 3136.7828]
04 Oct 11:58    INFO  epoch 31 evaluating [time: 1.87s, valid_score: 0.061300]
04 Oct 11:58    INFO  valid result: 
hit@5 : 0.0693    hit@10 : 0.1138    hit@20 : 0.1868    hit@50 : 0.3333    ndcg@5 : 0.0471    ndcg@10 : 0.0613    ndcg@20 : 0.0796    ndcg@50 : 0.1085    recall@5 : 0.0693    recall@10 : 0.1138    recall@20 : 0.1868    recall@50 : 0.3333
04 Oct 11:59    INFO  epoch 32 training [time: 23.95s, train loss: 3134.5013]
04 Oct 11:59    INFO  epoch 32 evaluating [time: 1.82s, valid_score: 0.061500]
04 Oct 11:59    INFO  valid result: 
hit@5 : 0.0704    hit@10 : 0.1134    hit@20 : 0.1889    hit@50 : 0.3327    ndcg@5 : 0.0476    ndcg@10 : 0.0615    ndcg@20 : 0.0804    ndcg@50 : 0.1088    recall@5 : 0.0704    recall@10 : 0.1134    recall@20 : 0.1889    recall@50 : 0.3327
04 Oct 11:59    INFO  epoch 33 training [time: 23.97s, train loss: 3133.3108]
04 Oct 11:59    INFO  epoch 33 evaluating [time: 1.89s, valid_score: 0.062500]
04 Oct 11:59    INFO  valid result: 
hit@5 : 0.0699    hit@10 : 0.1169    hit@20 : 0.1921    hit@50 : 0.3327    ndcg@5 : 0.0475    ndcg@10 : 0.0625    ndcg@20 : 0.0813    ndcg@50 : 0.1091    recall@5 : 0.0699    recall@10 : 0.1169    recall@20 : 0.1921    recall@50 : 0.3327
04 Oct 11:59    INFO  epoch 34 training [time: 23.97s, train loss: 3131.9244]
04 Oct 11:59    INFO  epoch 34 evaluating [time: 1.91s, valid_score: 0.061400]
04 Oct 11:59    INFO  valid result: 
hit@5 : 0.0704    hit@10 : 0.1132    hit@20 : 0.1878    hit@50 : 0.3333    ndcg@5 : 0.0477    ndcg@10 : 0.0614    ndcg@20 : 0.0801    ndcg@50 : 0.1088    recall@5 : 0.0704    recall@10 : 0.1132    recall@20 : 0.1878    recall@50 : 0.3333
04 Oct 12:00    INFO  epoch 35 training [time: 23.98s, train loss: 3129.8756]
04 Oct 12:00    INFO  epoch 35 evaluating [time: 2.33s, valid_score: 0.062500]
04 Oct 12:00    INFO  valid result: 
hit@5 : 0.0708    hit@10 : 0.1164    hit@20 : 0.1906    hit@50 : 0.3367    ndcg@5 : 0.0479    ndcg@10 : 0.0625    ndcg@20 : 0.0811    ndcg@50 : 0.1099    recall@5 : 0.0708    recall@10 : 0.1164    recall@20 : 0.1906    recall@50 : 0.3367
04 Oct 12:00    INFO  epoch 36 training [time: 23.99s, train loss: 3129.0178]
04 Oct 12:00    INFO  epoch 36 evaluating [time: 1.98s, valid_score: 0.062200]
04 Oct 12:00    INFO  valid result: 
hit@5 : 0.0688    hit@10 : 0.1154    hit@20 : 0.189    hit@50 : 0.3341    ndcg@5 : 0.0472    ndcg@10 : 0.0622    ndcg@20 : 0.0806    ndcg@50 : 0.1092    recall@5 : 0.0688    recall@10 : 0.1154    recall@20 : 0.189    recall@50 : 0.3341
04 Oct 12:01    INFO  epoch 37 training [time: 24.00s, train loss: 3127.3467]
04 Oct 12:01    INFO  epoch 37 evaluating [time: 2.03s, valid_score: 0.061300]
04 Oct 12:01    INFO  valid result: 
hit@5 : 0.0679    hit@10 : 0.1145    hit@20 : 0.1879    hit@50 : 0.3329    ndcg@5 : 0.0464    ndcg@10 : 0.0613    ndcg@20 : 0.0797    ndcg@50 : 0.1084    recall@5 : 0.0679    recall@10 : 0.1145    recall@20 : 0.1879    recall@50 : 0.3329
04 Oct 12:01    INFO  epoch 38 training [time: 23.97s, train loss: 3126.6114]
04 Oct 12:01    INFO  epoch 38 evaluating [time: 2.09s, valid_score: 0.061800]
04 Oct 12:01    INFO  valid result: 
hit@5 : 0.0699    hit@10 : 0.115    hit@20 : 0.1895    hit@50 : 0.3385    ndcg@5 : 0.0474    ndcg@10 : 0.0618    ndcg@20 : 0.0804    ndcg@50 : 0.1099    recall@5 : 0.0699    recall@10 : 0.115    recall@20 : 0.1895    recall@50 : 0.3385
04 Oct 12:02    INFO  epoch 39 training [time: 23.99s, train loss: 3125.1318]
04 Oct 12:02    INFO  epoch 39 evaluating [time: 2.25s, valid_score: 0.062200]
04 Oct 12:02    INFO  valid result: 
hit@5 : 0.0704    hit@10 : 0.1157    hit@20 : 0.1897    hit@50 : 0.3378    ndcg@5 : 0.0476    ndcg@10 : 0.0622    ndcg@20 : 0.0808    ndcg@50 : 0.1101    recall@5 : 0.0704    recall@10 : 0.1157    recall@20 : 0.1897    recall@50 : 0.3378
04 Oct 12:02    INFO  epoch 40 training [time: 23.99s, train loss: 3123.7836]
04 Oct 12:02    INFO  epoch 40 evaluating [time: 2.15s, valid_score: 0.061500]
04 Oct 12:02    INFO  valid result: 
hit@5 : 0.0703    hit@10 : 0.1146    hit@20 : 0.1901    hit@50 : 0.3346    ndcg@5 : 0.0474    ndcg@10 : 0.0615    ndcg@20 : 0.0804    ndcg@50 : 0.1089    recall@5 : 0.0703    recall@10 : 0.1146    recall@20 : 0.1901    recall@50 : 0.3346
04 Oct 12:02    INFO  epoch 41 training [time: 23.98s, train loss: 3123.1748]
04 Oct 12:03    INFO  epoch 41 evaluating [time: 2.17s, valid_score: 0.063200]
04 Oct 12:03    INFO  valid result: 
hit@5 : 0.0713    hit@10 : 0.1172    hit@20 : 0.1899    hit@50 : 0.3372    ndcg@5 : 0.0486    ndcg@10 : 0.0632    ndcg@20 : 0.0814    ndcg@50 : 0.1105    recall@5 : 0.0713    recall@10 : 0.1172    recall@20 : 0.1899    recall@50 : 0.3372
04 Oct 12:03    INFO  epoch 42 training [time: 23.98s, train loss: 3121.9551]
04 Oct 12:03    INFO  epoch 42 evaluating [time: 2.19s, valid_score: 0.062800]
04 Oct 12:03    INFO  valid result: 
hit@5 : 0.0706    hit@10 : 0.1166    hit@20 : 0.1898    hit@50 : 0.3371    ndcg@5 : 0.048    ndcg@10 : 0.0628    ndcg@20 : 0.0811    ndcg@50 : 0.1102    recall@5 : 0.0706    recall@10 : 0.1166    recall@20 : 0.1898    recall@50 : 0.3371
04 Oct 12:03    INFO  epoch 43 training [time: 23.97s, train loss: 3120.4601]
04 Oct 12:03    INFO  epoch 43 evaluating [time: 2.27s, valid_score: 0.062300]
04 Oct 12:03    INFO  valid result: 
hit@5 : 0.0704    hit@10 : 0.1154    hit@20 : 0.1878    hit@50 : 0.3378    ndcg@5 : 0.0479    ndcg@10 : 0.0623    ndcg@20 : 0.0804    ndcg@50 : 0.11    recall@5 : 0.0704    recall@10 : 0.1154    recall@20 : 0.1878    recall@50 : 0.3378
04 Oct 12:04    INFO  epoch 44 training [time: 23.99s, train loss: 3119.9233]
04 Oct 12:04    INFO  epoch 44 evaluating [time: 2.28s, valid_score: 0.062200]
04 Oct 12:04    INFO  valid result: 
hit@5 : 0.0737    hit@10 : 0.1147    hit@20 : 0.1905    hit@50 : 0.3387    ndcg@5 : 0.0491    ndcg@10 : 0.0622    ndcg@20 : 0.0812    ndcg@50 : 0.1105    recall@5 : 0.0737    recall@10 : 0.1147    recall@20 : 0.1905    recall@50 : 0.3387
04 Oct 12:04    INFO  epoch 45 training [time: 23.99s, train loss: 3119.1441]
04 Oct 12:04    INFO  epoch 45 evaluating [time: 2.34s, valid_score: 0.063100]
04 Oct 12:04    INFO  valid result: 
hit@5 : 0.0711    hit@10 : 0.1171    hit@20 : 0.1905    hit@50 : 0.3372    ndcg@5 : 0.0484    ndcg@10 : 0.0631    ndcg@20 : 0.0815    ndcg@50 : 0.1105    recall@5 : 0.0711    recall@10 : 0.1171    recall@20 : 0.1905    recall@50 : 0.3372
04 Oct 12:05    INFO  epoch 46 training [time: 23.96s, train loss: 3117.5566]
04 Oct 12:05    INFO  epoch 46 evaluating [time: 2.34s, valid_score: 0.062400]
04 Oct 12:05    INFO  valid result: 
hit@5 : 0.0714    hit@10 : 0.1168    hit@20 : 0.1899    hit@50 : 0.3389    ndcg@5 : 0.0479    ndcg@10 : 0.0624    ndcg@20 : 0.0807    ndcg@50 : 0.1101    recall@5 : 0.0714    recall@10 : 0.1168    recall@20 : 0.1899    recall@50 : 0.3389
04 Oct 12:05    INFO  epoch 47 training [time: 23.97s, train loss: 3116.8935]
04 Oct 12:05    INFO  epoch 47 evaluating [time: 2.48s, valid_score: 0.062100]
04 Oct 12:05    INFO  valid result: 
hit@5 : 0.0705    hit@10 : 0.1152    hit@20 : 0.1883    hit@50 : 0.3387    ndcg@5 : 0.0478    ndcg@10 : 0.0621    ndcg@20 : 0.0804    ndcg@50 : 0.1101    recall@5 : 0.0705    recall@10 : 0.1152    recall@20 : 0.1883    recall@50 : 0.3387
04 Oct 12:06    INFO  epoch 48 training [time: 23.99s, train loss: 3115.8907]
04 Oct 12:06    INFO  epoch 48 evaluating [time: 2.42s, valid_score: 0.062400]
04 Oct 12:06    INFO  valid result: 
hit@5 : 0.072    hit@10 : 0.1154    hit@20 : 0.1915    hit@50 : 0.34    ndcg@5 : 0.0485    ndcg@10 : 0.0624    ndcg@20 : 0.0814    ndcg@50 : 0.1108    recall@5 : 0.072    recall@10 : 0.1154    recall@20 : 0.1915    recall@50 : 0.34
04 Oct 12:06    INFO  epoch 49 training [time: 24.01s, train loss: 3114.8076]
04 Oct 12:06    INFO  epoch 49 evaluating [time: 2.49s, valid_score: 0.062100]
04 Oct 12:06    INFO  valid result: 
hit@5 : 0.0702    hit@10 : 0.1152    hit@20 : 0.1897    hit@50 : 0.3361    ndcg@5 : 0.0477    ndcg@10 : 0.0621    ndcg@20 : 0.0807    ndcg@50 : 0.1097    recall@5 : 0.0702    recall@10 : 0.1152    recall@20 : 0.1897    recall@50 : 0.3361
04 Oct 12:06    INFO  epoch 50 training [time: 24.00s, train loss: 3113.7432]
04 Oct 12:06    INFO  epoch 50 evaluating [time: 2.55s, valid_score: 0.062700]
04 Oct 12:06    INFO  valid result: 
hit@5 : 0.0715    hit@10 : 0.1159    hit@20 : 0.1908    hit@50 : 0.34    ndcg@5 : 0.0485    ndcg@10 : 0.0627    ndcg@20 : 0.0815    ndcg@50 : 0.1109    recall@5 : 0.0715    recall@10 : 0.1159    recall@20 : 0.1908    recall@50 : 0.34
04 Oct 12:07    INFO  epoch 51 training [time: 24.00s, train loss: 3113.4260]
04 Oct 12:07    INFO  epoch 51 evaluating [time: 2.54s, valid_score: 0.063200]
04 Oct 12:07    INFO  valid result: 
hit@5 : 0.0716    hit@10 : 0.1169    hit@20 : 0.1927    hit@50 : 0.3379    ndcg@5 : 0.0487    ndcg@10 : 0.0632    ndcg@20 : 0.0822    ndcg@50 : 0.1109    recall@5 : 0.0716    recall@10 : 0.1169    recall@20 : 0.1927    recall@50 : 0.3379
04 Oct 12:07    INFO  epoch 52 training [time: 24.00s, train loss: 3112.7727]
04 Oct 12:07    INFO  epoch 52 evaluating [time: 2.58s, valid_score: 0.061900]
04 Oct 12:07    INFO  valid result: 
hit@5 : 0.0696    hit@10 : 0.1141    hit@20 : 0.1869    hit@50 : 0.3373    ndcg@5 : 0.0476    ndcg@10 : 0.0619    ndcg@20 : 0.0802    ndcg@50 : 0.1099    recall@5 : 0.0696    recall@10 : 0.1141    recall@20 : 0.1869    recall@50 : 0.3373
04 Oct 12:08    INFO  epoch 53 training [time: 23.99s, train loss: 3111.4879]
04 Oct 12:08    INFO  epoch 53 evaluating [time: 2.62s, valid_score: 0.062400]
04 Oct 12:08    INFO  valid result: 
hit@5 : 0.0707    hit@10 : 0.1151    hit@20 : 0.1874    hit@50 : 0.3368    ndcg@5 : 0.0481    ndcg@10 : 0.0624    ndcg@20 : 0.0806    ndcg@50 : 0.1101    recall@5 : 0.0707    recall@10 : 0.1151    recall@20 : 0.1874    recall@50 : 0.3368
04 Oct 12:08    INFO  epoch 54 training [time: 23.97s, train loss: 3111.2864]
04 Oct 12:08    INFO  epoch 54 evaluating [time: 2.65s, valid_score: 0.063500]
04 Oct 12:08    INFO  valid result: 
hit@5 : 0.0715    hit@10 : 0.1174    hit@20 : 0.1886    hit@50 : 0.3375    ndcg@5 : 0.0489    ndcg@10 : 0.0635    ndcg@20 : 0.0814    ndcg@50 : 0.1108    recall@5 : 0.0715    recall@10 : 0.1174    recall@20 : 0.1886    recall@50 : 0.3375
04 Oct 12:09    INFO  epoch 55 training [time: 23.97s, train loss: 3110.0564]
04 Oct 12:09    INFO  epoch 55 evaluating [time: 2.70s, valid_score: 0.062800]
04 Oct 12:09    INFO  valid result: 
hit@5 : 0.0713    hit@10 : 0.1166    hit@20 : 0.1889    hit@50 : 0.3394    ndcg@5 : 0.0483    ndcg@10 : 0.0628    ndcg@20 : 0.0809    ndcg@50 : 0.1106    recall@5 : 0.0713    recall@10 : 0.1166    recall@20 : 0.1889    recall@50 : 0.3394
04 Oct 12:09    INFO  epoch 56 training [time: 23.97s, train loss: 3108.9651]
04 Oct 12:09    INFO  epoch 56 evaluating [time: 2.77s, valid_score: 0.061800]
04 Oct 12:09    INFO  valid result: 
hit@5 : 0.0706    hit@10 : 0.1147    hit@20 : 0.1898    hit@50 : 0.3381    ndcg@5 : 0.0477    ndcg@10 : 0.0618    ndcg@20 : 0.0807    ndcg@50 : 0.1099    recall@5 : 0.0706    recall@10 : 0.1147    recall@20 : 0.1898    recall@50 : 0.3381
04 Oct 12:10    INFO  epoch 57 training [time: 23.99s, train loss: 3108.1941]
04 Oct 12:10    INFO  epoch 57 evaluating [time: 2.77s, valid_score: 0.062200]
04 Oct 12:10    INFO  valid result: 
hit@5 : 0.0705    hit@10 : 0.1145    hit@20 : 0.1873    hit@50 : 0.3394    ndcg@5 : 0.0481    ndcg@10 : 0.0622    ndcg@20 : 0.0805    ndcg@50 : 0.1105    recall@5 : 0.0705    recall@10 : 0.1145    recall@20 : 0.1873    recall@50 : 0.3394
04 Oct 12:10    INFO  epoch 58 training [time: 23.96s, train loss: 3107.7249]
04 Oct 12:10    INFO  epoch 58 evaluating [time: 2.80s, valid_score: 0.062500]
04 Oct 12:10    INFO  valid result: 
hit@5 : 0.0709    hit@10 : 0.1157    hit@20 : 0.1886    hit@50 : 0.3379    ndcg@5 : 0.0481    ndcg@10 : 0.0625    ndcg@20 : 0.0808    ndcg@50 : 0.1102    recall@5 : 0.0709    recall@10 : 0.1157    recall@20 : 0.1886    recall@50 : 0.3379
04 Oct 12:10    INFO  epoch 59 training [time: 23.95s, train loss: 3106.9292]
04 Oct 12:11    INFO  epoch 59 evaluating [time: 2.83s, valid_score: 0.062800]
04 Oct 12:11    INFO  valid result: 
hit@5 : 0.0711    hit@10 : 0.1161    hit@20 : 0.1889    hit@50 : 0.3386    ndcg@5 : 0.0484    ndcg@10 : 0.0628    ndcg@20 : 0.0811    ndcg@50 : 0.1106    recall@5 : 0.0711    recall@10 : 0.1161    recall@20 : 0.1889    recall@50 : 0.3386
04 Oct 12:11    INFO  epoch 60 training [time: 23.97s, train loss: 3105.5914]
04 Oct 12:11    INFO  epoch 60 evaluating [time: 2.84s, valid_score: 0.062200]
04 Oct 12:11    INFO  valid result: 
hit@5 : 0.0715    hit@10 : 0.1145    hit@20 : 0.1905    hit@50 : 0.3364    ndcg@5 : 0.0484    ndcg@10 : 0.0622    ndcg@20 : 0.0812    ndcg@50 : 0.11    recall@5 : 0.0715    recall@10 : 0.1145    recall@20 : 0.1905    recall@50 : 0.3364
04 Oct 12:11    INFO  epoch 61 training [time: 23.97s, train loss: 3105.5314]
04 Oct 12:11    INFO  epoch 61 evaluating [time: 2.95s, valid_score: 0.062900]
04 Oct 12:11    INFO  valid result: 
hit@5 : 0.0707    hit@10 : 0.1159    hit@20 : 0.1906    hit@50 : 0.3374    ndcg@5 : 0.0485    ndcg@10 : 0.0629    ndcg@20 : 0.0816    ndcg@50 : 0.1106    recall@5 : 0.0707    recall@10 : 0.1159    recall@20 : 0.1906    recall@50 : 0.3374
04 Oct 12:12    INFO  epoch 62 training [time: 23.96s, train loss: 3105.4349]
04 Oct 12:12    INFO  epoch 62 evaluating [time: 3.03s, valid_score: 0.063000]
04 Oct 12:12    INFO  valid result: 
hit@5 : 0.071    hit@10 : 0.1164    hit@20 : 0.1885    hit@50 : 0.3393    ndcg@5 : 0.0485    ndcg@10 : 0.063    ndcg@20 : 0.0811    ndcg@50 : 0.1109    recall@5 : 0.071    recall@10 : 0.1164    recall@20 : 0.1885    recall@50 : 0.3393
04 Oct 12:12    INFO  epoch 63 training [time: 23.97s, train loss: 3104.7268]
04 Oct 12:12    INFO  epoch 63 evaluating [time: 3.02s, valid_score: 0.062700]
04 Oct 12:12    INFO  valid result: 
hit@5 : 0.0713    hit@10 : 0.1159    hit@20 : 0.1918    hit@50 : 0.341    ndcg@5 : 0.0484    ndcg@10 : 0.0627    ndcg@20 : 0.0817    ndcg@50 : 0.1111    recall@5 : 0.0713    recall@10 : 0.1159    recall@20 : 0.1918    recall@50 : 0.341
04 Oct 12:13    INFO  epoch 64 training [time: 23.97s, train loss: 3104.1406]
04 Oct 12:13    INFO  epoch 64 evaluating [time: 3.03s, valid_score: 0.062900]
04 Oct 12:13    INFO  valid result: 
hit@5 : 0.071    hit@10 : 0.116    hit@20 : 0.1911    hit@50 : 0.3398    ndcg@5 : 0.0484    ndcg@10 : 0.0629    ndcg@20 : 0.0817    ndcg@50 : 0.111    recall@5 : 0.071    recall@10 : 0.116    recall@20 : 0.1911    recall@50 : 0.3398
04 Oct 12:13    INFO  epoch 65 training [time: 23.97s, train loss: 3102.9539]
04 Oct 12:13    INFO  epoch 65 evaluating [time: 3.07s, valid_score: 0.063100]
04 Oct 12:13    INFO  valid result: 
hit@5 : 0.071    hit@10 : 0.1168    hit@20 : 0.1898    hit@50 : 0.3402    ndcg@5 : 0.0485    ndcg@10 : 0.0631    ndcg@20 : 0.0815    ndcg@50 : 0.1111    recall@5 : 0.071    recall@10 : 0.1168    recall@20 : 0.1898    recall@50 : 0.3402
04 Oct 12:13    INFO  Finished training, best eval result in epoch 54
