{"case_id": "native/SISO/official/L65/Pnone/x1", "status": "PASS"}
{"case_id": "initialization/SISO/candidate/Lall/Pnone/x1", "status": "PASS"}
{"case_id": "drift_base_eval/SISO/stable_adt/L50/Pnone/x1", "status": "FAIL"}
{"case_id": "drift_base_eval/SISO/stable_adt/L64/Pnone/x1", "status": "FAIL"}
{"case_id": "drift_base_train/SISO/stable_adt/L50/Pnone/x1", "status": "FAIL"}
{"case_id": "drift_base_train/SISO/stable_adt/L64/Pnone/x1", "status": "FAIL"}
{"case_id": "drift_dual_eval/SISO/stable_adt/L50/Pnone/x1", "status": "FAIL"}
{"case_id": "drift_dual_eval/SISO/stable_adt/L64/Pnone/x1", "status": "FAIL"}
{"case_id": "drift_dual_train/SISO/stable_adt/L50/Pnone/x1", "status": "FAIL"}
{"case_id": "drift_dual_train/SISO/stable_adt/L64/Pnone/x1", "status": "FAIL"}
{"case_id": "drift_triple_eval/SISO/stable_adt/L50/Pnone/x1", "status": "FAIL"}
{"case_id": "drift_triple_eval/SISO/stable_adt/L64/Pnone/x1", "status": "FAIL"}
{"case_id": "drift_triple_train/SISO/stable_adt/L50/Pnone/x1", "status": "FAIL"}
{"case_id": "drift_triple_train/SISO/stable_adt/L64/Pnone/x1", "status": "FAIL"}
{"case_id": "prefix_base/SISO/stable_adt/L17/P7/x1", "status": "PASS"}
{"case_id": "prefix_base/SISO/stable_adt/L17/P7/x16", "status": "PASS"}
{"case_id": "prefix_base/SISO/stable_adt/L65/P31/x1", "status": "PASS"}
{"case_id": "prefix_base/SISO/stable_adt/L65/P31/x16", "status": "PASS"}
{"case_id": "prefix_base/SISO/stable_adt/L97/P65/x1", "status": "PASS"}
{"case_id": "prefix_base/SISO/stable_adt/L97/P65/x16", "status": "PASS"}
{"case_id": "prefix_dual/SISO/stable_adt/L17/P7/x1", "status": "PASS"}
{"case_id": "prefix_dual/SISO/stable_adt/L17/P7/x16", "status": "PASS"}
{"case_id": "prefix_dual/SISO/stable_adt/L65/P31/x1", "status": "PASS"}
{"case_id": "prefix_dual/SISO/stable_adt/L65/P31/x16", "status": "PASS"}
{"case_id": "prefix_dual/SISO/stable_adt/L97/P65/x1", "status": "PASS"}
{"case_id": "prefix_dual/SISO/stable_adt/L97/P65/x16", "status": "PASS"}
{"case_id": "prefix_triple/SISO/stable_adt/L17/P7/x1", "status": "PASS"}
{"case_id": "prefix_triple/SISO/stable_adt/L17/P7/x16", "status": "PASS"}
{"case_id": "prefix_triple/SISO/stable_adt/L65/P31/x1", "status": "PASS"}
{"case_id": "prefix_triple/SISO/stable_adt/L65/P31/x16", "status": "PASS"}
{"case_id": "prefix_triple/SISO/stable_adt/L97/P65/x1", "status": "PASS"}
{"case_id": "prefix_triple/SISO/stable_adt/L97/P65/x16", "status": "PASS"}
{"case_id": "isolated_angle/SISO/upstream_vs_stable_angle/L17/P7/x1", "status": "PASS"}
{"case_id": "isolated_angle/SISO/upstream_vs_stable_angle/L17/P7/x16", "status": "PASS"}
{"case_id": "isolated_angle/SISO/upstream_vs_stable_angle/L65/P31/x1", "status": "PASS"}
{"case_id": "isolated_angle/SISO/upstream_vs_stable_angle/L65/P31/x16", "status": "PASS"}
{"case_id": "isolated_angle/SISO/upstream_vs_stable_angle/L97/P65/x1", "status": "PASS"}
{"case_id": "isolated_angle/SISO/upstream_vs_stable_angle/L97/P65/x16", "status": "PASS"}
{"case_id": "paired_reference_tied/SISO/stable_adt/L1/Pnone/x1", "status": "PASS"}
{"case_id": "paired_reference_triple/SISO/stable_adt/L1/Pnone/x1", "status": "PASS"}
{"case_id": "paired_reference_tied/SISO/stable_adt/L7/Pnone/x1", "status": "PASS"}
{"case_id": "paired_reference_triple/SISO/stable_adt/L7/Pnone/x1", "status": "PASS"}
{"case_id": "paired_reference_tied/SISO/stable_adt/L50/Pnone/x1", "status": "PASS"}
{"case_id": "paired_reference_triple/SISO/stable_adt/L50/Pnone/x1", "status": "PASS"}
{"case_id": "paired_reference_tied/SISO/stable_adt/L63/Pnone/x1", "status": "PASS"}
{"case_id": "paired_reference_triple/SISO/stable_adt/L63/Pnone/x1", "status": "PASS"}
{"case_id": "paired_reference_tied/SISO/stable_adt/L64/Pnone/x1", "status": "PASS"}
{"case_id": "paired_reference_triple/SISO/stable_adt/L64/Pnone/x1", "status": "PASS"}
{"case_id": "paired_reference_tied/SISO/stable_adt/L65/Pnone/x1", "status": "PASS"}
{"case_id": "paired_reference_triple/SISO/stable_adt/L65/Pnone/x1", "status": "PASS"}
{"case_id": "paired_reference_tied/SISO/stable_adt/L97/Pnone/x1", "status": "PASS"}
{"case_id": "paired_reference_triple/SISO/stable_adt/L97/Pnone/x1", "status": "PASS"}
{"case_id": "A_eval_L50/SISO/stable_adt/L50/Pnone/x1", "status": "FAIL"}
{"case_id": "A_eval_L64/SISO/stable_adt/L64/Pnone/x1", "status": "FAIL"}
{"case_id": "A_train_L50/SISO/stable_adt/L50/Pnone/x1", "status": "FAIL"}
{"case_id": "A_train_L64/SISO/stable_adt/L64/Pnone/x1", "status": "FAIL"}
{"case_id": "B_eval_L50/SISO/stable_adt/L50/Pnone/x1", "status": "FAIL"}
{"case_id": "B_eval_L64/SISO/stable_adt/L64/Pnone/x1", "status": "FAIL"}
{"case_id": "B_train_L50/SISO/stable_adt/L50/Pnone/x1", "status": "FAIL"}
{"case_id": "B_train_L64/SISO/stable_adt/L64/Pnone/x1", "status": "FAIL"}
{"case_id": "C_leaf_gradient_sum/SISO/stable_adt/Lmixed/Pnone/x1", "status": "PASS"}
{"case_id": "C_tied_calibrator_recovery/SISO/stable_adt/Lmixed/Pnone/x1", "status": "PASS"}
{"case_id": "reference_calibration_official_tied_L7/SISO/stable_adt/L7/Pnone/x1", "status": "PASS"}
{"case_id": "D_three_path_L7/SISO/stable_adt/L7/Pnone/x1", "status": "PASS"}
{"case_id": "E_causality_padding/SISO/stable_adt/Lmixed/Pnone/x1", "status": "PASS"}
{"case_id": "F_official_full_sequence_L1/SISO/stable_adt/L1/Pnone/x1", "status": "PASS"}
{"case_id": "F_reference_calibration_official_tied_L1/SISO/stable_adt/L1/Pnone/x1", "status": "PASS"}
{"case_id": "F_D_three_path_L1/SISO/stable_adt/L1/Pnone/x1", "status": "PASS"}
{"case_id": "F_official_full_sequence_L50/SISO/stable_adt/L50/Pnone/x1", "status": "PASS"}
{"case_id": "F_reference_calibration_official_tied_L50/SISO/stable_adt/L50/Pnone/x1", "status": "PASS"}
{"case_id": "F_D_three_path_L50/SISO/stable_adt/L50/Pnone/x1", "status": "PASS"}
{"case_id": "F_official_full_sequence_L63/SISO/stable_adt/L63/Pnone/x1", "status": "PASS"}
{"case_id": "F_reference_calibration_official_tied_L63/SISO/stable_adt/L63/Pnone/x1", "status": "PASS"}
{"case_id": "F_D_three_path_L63/SISO/stable_adt/L63/Pnone/x1", "status": "PASS"}
{"case_id": "F_official_full_sequence_L64/SISO/stable_adt/L64/Pnone/x1", "status": "PASS"}
{"case_id": "F_reference_calibration_official_tied_L64/SISO/stable_adt/L64/Pnone/x1", "status": "PASS"}
{"case_id": "F_D_three_path_L64/SISO/stable_adt/L64/Pnone/x1", "status": "PASS"}
{"case_id": "F_official_full_sequence_L65/SISO/stable_adt/L65/Pnone/x1", "status": "PASS"}
{"case_id": "F_reference_calibration_official_tied_L65/SISO/stable_adt/L65/Pnone/x1", "status": "PASS"}
{"case_id": "F_D_three_path_L65/SISO/stable_adt/L65/Pnone/x1", "status": "PASS"}
{"case_id": "F_official_full_sequence_L97/SISO/stable_adt/L97/Pnone/x1", "status": "PASS"}
{"case_id": "F_reference_calibration_official_tied_L97/SISO/stable_adt/L97/Pnone/x1", "status": "PASS"}
{"case_id": "F_D_three_path_L97/SISO/stable_adt/L97/Pnone/x1", "status": "PASS"}
{"case_id": "G_synthetic_optimizer_dual/SISO/stable_adt/Lmixed/Pnone/x1", "status": "PASS"}
{"case_id": "G_synthetic_optimizer_triple/SISO/stable_adt/Lmixed/Pnone/x1", "status": "PASS"}
{"case_id": "H_state_dict_roundtrip/SISO/stable_adt/Lmixed/Pnone/x1", "status": "PASS"}
