command line args [--variant head_tau --seed 2029 --attempt 001] will not be used in RecBole
command line args [--variant head_tau --seed 2029 --attempt 001] will not be used in RecBole
/home/daryumin/iberdov/diplom/envs/mamba3/lib/python3.10/site-packages/recbole/data/dataset/dataset.py:648: FutureWarning: A value is trying to be set on a copy of a DataFrame or Series through chained assignment using an inplace method.
The behavior will change in pandas 3.0. This inplace method will never work because the intermediate object on which we are setting values always behaves as a copy.

For example, when doing 'df[col].method(value, inplace=True)', try using 'df.method({col: value}, inplace=True)' or df[col] = df[col].method(value) instead, to perform the operation inplace on the original object.


  feat[field].fillna(value=0, inplace=True)
/home/daryumin/iberdov/diplom/envs/mamba3/lib/python3.10/site-packages/recbole/data/dataset/dataset.py:650: FutureWarning: A value is trying to be set on a copy of a DataFrame or Series through chained assignment using an inplace method.
The behavior will change in pandas 3.0. This inplace method will never work because the intermediate object on which we are setting values always behaves as a copy.

For example, when doing 'df[col].method(value, inplace=True)', try using 'df.method({col: value}, inplace=True)' or df[col] = df[col].method(value) instead, to perform the operation inplace on the original object.


  feat[field].fillna(value=feat[field].mean(), inplace=True)
/home/daryumin/iberdov/diplom/envs/mamba3/lib/python3.10/site-packages/recbole/trainer/trainer.py:235: FutureWarning: `torch.cuda.amp.GradScaler(args...)` is deprecated. Please use `torch.amp.GradScaler('cuda', args...)` instead.
  scaler = amp.GradScaler(enabled=self.enable_scaler)
01 Oct 22:36    INFO  epoch 0 training [time: 31.76s, train loss: 3888.9636]
01 Oct 22:36    INFO  epoch 0 evaluating [time: 2.14s, valid_score: 0.043900]
01 Oct 22:36    INFO  valid result: 
hit@5 : 0.0496    hit@10 : 0.0785    hit@20 : 0.1247    hit@50 : 0.2207    ndcg@5 : 0.0346    ndcg@10 : 0.0439    ndcg@20 : 0.0555    ndcg@50 : 0.0743    recall@5 : 0.0496    recall@10 : 0.0785    recall@20 : 0.1247    recall@50 : 0.2207
/home/daryumin/iberdov/diplom/envs/mamba3/lib/python3.10/site-packages/recbole/trainer/trainer.py:235: FutureWarning: `torch.cuda.amp.GradScaler(args...)` is deprecated. Please use `torch.amp.GradScaler('cuda', args...)` instead.
  scaler = amp.GradScaler(enabled=self.enable_scaler)
01 Oct 22:36    INFO  epoch 1 training [time: 21.45s, train loss: 3496.3832]
01 Oct 22:36    INFO  epoch 1 evaluating [time: 0.46s, valid_score: 0.050000]
01 Oct 22:36    INFO  valid result: 
hit@5 : 0.0568    hit@10 : 0.0899    hit@20 : 0.1428    hit@50 : 0.2569    ndcg@5 : 0.0394    ndcg@10 : 0.05    ndcg@20 : 0.0633    ndcg@50 : 0.0857    recall@5 : 0.0568    recall@10 : 0.0899    recall@20 : 0.1428    recall@50 : 0.2569
01 Oct 22:36    INFO  epoch 2 training [time: 21.41s, train loss: 3398.1784]
01 Oct 22:36    INFO  epoch 2 evaluating [time: 0.46s, valid_score: 0.053900]
01 Oct 22:36    INFO  valid result: 
hit@5 : 0.0599    hit@10 : 0.0985    hit@20 : 0.1566    hit@50 : 0.276    ndcg@5 : 0.0415    ndcg@10 : 0.0539    ndcg@20 : 0.0684    ndcg@50 : 0.0919    recall@5 : 0.0599    recall@10 : 0.0985    recall@20 : 0.1566    recall@50 : 0.276
01 Oct 22:37    INFO  epoch 3 training [time: 21.41s, train loss: 3342.7395]
01 Oct 22:37    INFO  epoch 3 evaluating [time: 0.56s, valid_score: 0.056500]
01 Oct 22:37    INFO  valid result: 
hit@5 : 0.0633    hit@10 : 0.1006    hit@20 : 0.1611    hit@50 : 0.29    ndcg@5 : 0.0444    ndcg@10 : 0.0565    ndcg@20 : 0.0716    ndcg@50 : 0.097    recall@5 : 0.0633    recall@10 : 0.1006    recall@20 : 0.1611    recall@50 : 0.29
01 Oct 22:37    INFO  epoch 4 training [time: 21.44s, train loss: 3306.6394]
01 Oct 22:37    INFO  epoch 4 evaluating [time: 0.45s, valid_score: 0.057600]
01 Oct 22:37    INFO  valid result: 
hit@5 : 0.064    hit@10 : 0.1039    hit@20 : 0.1673    hit@50 : 0.2983    ndcg@5 : 0.0448    ndcg@10 : 0.0576    ndcg@20 : 0.0735    ndcg@50 : 0.0993    recall@5 : 0.064    recall@10 : 0.1039    recall@20 : 0.1673    recall@50 : 0.2983
01 Oct 22:37    INFO  epoch 5 training [time: 21.44s, train loss: 3281.3316]
01 Oct 22:37    INFO  epoch 5 evaluating [time: 0.46s, valid_score: 0.058500]
01 Oct 22:37    INFO  valid result: 
hit@5 : 0.0671    hit@10 : 0.1066    hit@20 : 0.1698    hit@50 : 0.3028    ndcg@5 : 0.0458    ndcg@10 : 0.0585    ndcg@20 : 0.0744    ndcg@50 : 0.1006    recall@5 : 0.0671    recall@10 : 0.1066    recall@20 : 0.1698    recall@50 : 0.3028
01 Oct 22:38    INFO  epoch 6 training [time: 21.42s, train loss: 3262.2924]
01 Oct 22:38    INFO  epoch 6 evaluating [time: 0.46s, valid_score: 0.059400]
01 Oct 22:38    INFO  valid result: 
hit@5 : 0.0671    hit@10 : 0.1069    hit@20 : 0.1731    hit@50 : 0.3069    ndcg@5 : 0.0468    ndcg@10 : 0.0594    ndcg@20 : 0.076    ndcg@50 : 0.1024    recall@5 : 0.0671    recall@10 : 0.1069    recall@20 : 0.1731    recall@50 : 0.3069
01 Oct 22:38    INFO  epoch 7 training [time: 21.41s, train loss: 3246.5753]
01 Oct 22:38    INFO  epoch 7 evaluating [time: 0.46s, valid_score: 0.059300]
01 Oct 22:38    INFO  valid result: 
hit@5 : 0.068    hit@10 : 0.1083    hit@20 : 0.1746    hit@50 : 0.3158    ndcg@5 : 0.0464    ndcg@10 : 0.0593    ndcg@20 : 0.0759    ndcg@50 : 0.1037    recall@5 : 0.068    recall@10 : 0.1083    recall@20 : 0.1746    recall@50 : 0.3158
01 Oct 22:38    INFO  epoch 8 training [time: 21.43s, train loss: 3233.5031]
01 Oct 22:38    INFO  epoch 8 evaluating [time: 0.45s, valid_score: 0.060000]
01 Oct 22:38    INFO  valid result: 
hit@5 : 0.0672    hit@10 : 0.1104    hit@20 : 0.1759    hit@50 : 0.3137    ndcg@5 : 0.0461    ndcg@10 : 0.06    ndcg@20 : 0.0764    ndcg@50 : 0.1035    recall@5 : 0.0672    recall@10 : 0.1104    recall@20 : 0.1759    recall@50 : 0.3137
01 Oct 22:39    INFO  epoch 9 training [time: 21.42s, train loss: 3222.6821]
01 Oct 22:39    INFO  epoch 9 evaluating [time: 0.49s, valid_score: 0.060300]
01 Oct 22:39    INFO  valid result: 
hit@5 : 0.0659    hit@10 : 0.1109    hit@20 : 0.1764    hit@50 : 0.3142    ndcg@5 : 0.0459    ndcg@10 : 0.0603    ndcg@20 : 0.0767    ndcg@50 : 0.1038    recall@5 : 0.0659    recall@10 : 0.1109    recall@20 : 0.1764    recall@50 : 0.3142
01 Oct 22:39    INFO  epoch 10 training [time: 21.43s, train loss: 3214.5520]
01 Oct 22:39    INFO  epoch 10 evaluating [time: 0.46s, valid_score: 0.060600]
01 Oct 22:39    INFO  valid result: 
hit@5 : 0.0691    hit@10 : 0.1111    hit@20 : 0.1788    hit@50 : 0.3168    ndcg@5 : 0.0471    ndcg@10 : 0.0606    ndcg@20 : 0.0776    ndcg@50 : 0.1048    recall@5 : 0.0691    recall@10 : 0.1111    recall@20 : 0.1788    recall@50 : 0.3168
01 Oct 22:40    INFO  epoch 11 training [time: 21.42s, train loss: 3207.0788]
01 Oct 22:40    INFO  epoch 11 evaluating [time: 0.47s, valid_score: 0.060600]
01 Oct 22:40    INFO  valid result: 
hit@5 : 0.0677    hit@10 : 0.1123    hit@20 : 0.1792    hit@50 : 0.3219    ndcg@5 : 0.0464    ndcg@10 : 0.0606    ndcg@20 : 0.0775    ndcg@50 : 0.1056    recall@5 : 0.0677    recall@10 : 0.1123    recall@20 : 0.1792    recall@50 : 0.3219
01 Oct 22:40    INFO  epoch 12 training [time: 21.42s, train loss: 3200.6765]
01 Oct 22:40    INFO  epoch 12 evaluating [time: 0.46s, valid_score: 0.061100]
01 Oct 22:40    INFO  valid result: 
hit@5 : 0.068    hit@10 : 0.1126    hit@20 : 0.181    hit@50 : 0.3228    ndcg@5 : 0.0467    ndcg@10 : 0.0611    ndcg@20 : 0.0782    ndcg@50 : 0.1061    recall@5 : 0.068    recall@10 : 0.1126    recall@20 : 0.181    recall@50 : 0.3228
01 Oct 22:40    INFO  epoch 13 training [time: 21.43s, train loss: 3195.0406]
01 Oct 22:40    INFO  epoch 13 evaluating [time: 0.46s, valid_score: 0.060200]
01 Oct 22:40    INFO  valid result: 
hit@5 : 0.0687    hit@10 : 0.1096    hit@20 : 0.1818    hit@50 : 0.3212    ndcg@5 : 0.0471    ndcg@10 : 0.0602    ndcg@20 : 0.0783    ndcg@50 : 0.1058    recall@5 : 0.0687    recall@10 : 0.1096    recall@20 : 0.1818    recall@50 : 0.3212
01 Oct 22:41    INFO  epoch 14 training [time: 21.43s, train loss: 3189.4477]
01 Oct 22:41    INFO  epoch 14 evaluating [time: 0.46s, valid_score: 0.061600]
01 Oct 22:41    INFO  valid result: 
hit@5 : 0.0696    hit@10 : 0.113    hit@20 : 0.1848    hit@50 : 0.3245    ndcg@5 : 0.0476    ndcg@10 : 0.0616    ndcg@20 : 0.0795    ndcg@50 : 0.1071    recall@5 : 0.0696    recall@10 : 0.113    recall@20 : 0.1848    recall@50 : 0.3245
01 Oct 22:41    INFO  epoch 15 training [time: 21.42s, train loss: 3185.2621]
01 Oct 22:41    INFO  epoch 15 evaluating [time: 0.46s, valid_score: 0.061300]
01 Oct 22:41    INFO  valid result: 
hit@5 : 0.0689    hit@10 : 0.1114    hit@20 : 0.1827    hit@50 : 0.3256    ndcg@5 : 0.0476    ndcg@10 : 0.0613    ndcg@20 : 0.0792    ndcg@50 : 0.1074    recall@5 : 0.0689    recall@10 : 0.1114    recall@20 : 0.1827    recall@50 : 0.3256
01 Oct 22:41    INFO  epoch 16 training [time: 21.42s, train loss: 3180.8762]
01 Oct 22:41    INFO  epoch 16 evaluating [time: 0.55s, valid_score: 0.061600]
01 Oct 22:41    INFO  valid result: 
hit@5 : 0.0688    hit@10 : 0.1141    hit@20 : 0.1842    hit@50 : 0.3256    ndcg@5 : 0.0471    ndcg@10 : 0.0616    ndcg@20 : 0.0791    ndcg@50 : 0.1071    recall@5 : 0.0688    recall@10 : 0.1141    recall@20 : 0.1842    recall@50 : 0.3256
01 Oct 22:42    INFO  epoch 17 training [time: 21.42s, train loss: 3177.6717]
01 Oct 22:42    INFO  epoch 17 evaluating [time: 0.47s, valid_score: 0.061100]
01 Oct 22:42    INFO  valid result: 
hit@5 : 0.0683    hit@10 : 0.1124    hit@20 : 0.1848    hit@50 : 0.3277    ndcg@5 : 0.0471    ndcg@10 : 0.0611    ndcg@20 : 0.0793    ndcg@50 : 0.1075    recall@5 : 0.0683    recall@10 : 0.1124    recall@20 : 0.1848    recall@50 : 0.3277
01 Oct 22:42    INFO  epoch 18 training [time: 21.44s, train loss: 3174.0966]
01 Oct 22:42    INFO  epoch 18 evaluating [time: 0.47s, valid_score: 0.060800]
01 Oct 22:42    INFO  valid result: 
hit@5 : 0.0696    hit@10 : 0.1107    hit@20 : 0.1843    hit@50 : 0.3301    ndcg@5 : 0.0477    ndcg@10 : 0.0608    ndcg@20 : 0.0793    ndcg@50 : 0.108    recall@5 : 0.0696    recall@10 : 0.1107    recall@20 : 0.1843    recall@50 : 0.3301
01 Oct 22:43    INFO  epoch 19 training [time: 21.44s, train loss: 3170.9362]
01 Oct 22:43    INFO  epoch 19 evaluating [time: 0.50s, valid_score: 0.060800]
01 Oct 22:43    INFO  valid result: 
hit@5 : 0.0671    hit@10 : 0.1117    hit@20 : 0.1835    hit@50 : 0.3273    ndcg@5 : 0.0465    ndcg@10 : 0.0608    ndcg@20 : 0.0788    ndcg@50 : 0.1072    recall@5 : 0.0671    recall@10 : 0.1117    recall@20 : 0.1835    recall@50 : 0.3273
01 Oct 22:43    INFO  epoch 20 training [time: 21.43s, train loss: 3167.5962]
01 Oct 22:43    INFO  epoch 20 evaluating [time: 0.48s, valid_score: 0.060800]
01 Oct 22:43    INFO  valid result: 
hit@5 : 0.0664    hit@10 : 0.1131    hit@20 : 0.1829    hit@50 : 0.3295    ndcg@5 : 0.0459    ndcg@10 : 0.0608    ndcg@20 : 0.0783    ndcg@50 : 0.1073    recall@5 : 0.0664    recall@10 : 0.1131    recall@20 : 0.1829    recall@50 : 0.3295
01 Oct 22:43    INFO  epoch 21 training [time: 21.42s, train loss: 3165.1728]
01 Oct 22:43    INFO  epoch 21 evaluating [time: 0.47s, valid_score: 0.060300]
01 Oct 22:43    INFO  valid result: 
hit@5 : 0.0674    hit@10 : 0.1108    hit@20 : 0.1864    hit@50 : 0.3304    ndcg@5 : 0.0464    ndcg@10 : 0.0603    ndcg@20 : 0.0793    ndcg@50 : 0.1077    recall@5 : 0.0674    recall@10 : 0.1108    recall@20 : 0.1864    recall@50 : 0.3304
01 Oct 22:44    INFO  epoch 22 training [time: 21.43s, train loss: 3162.8969]
01 Oct 22:44    INFO  epoch 22 evaluating [time: 0.49s, valid_score: 0.061600]
01 Oct 22:44    INFO  valid result: 
hit@5 : 0.0683    hit@10 : 0.1135    hit@20 : 0.1873    hit@50 : 0.3302    ndcg@5 : 0.0471    ndcg@10 : 0.0616    ndcg@20 : 0.0801    ndcg@50 : 0.1083    recall@5 : 0.0683    recall@10 : 0.1135    recall@20 : 0.1873    recall@50 : 0.3302
01 Oct 22:44    INFO  epoch 23 training [time: 21.42s, train loss: 3159.9197]
01 Oct 22:44    INFO  epoch 23 evaluating [time: 0.47s, valid_score: 0.061600]
01 Oct 22:44    INFO  valid result: 
hit@5 : 0.0688    hit@10 : 0.1136    hit@20 : 0.1864    hit@50 : 0.3293    ndcg@5 : 0.0473    ndcg@10 : 0.0616    ndcg@20 : 0.0798    ndcg@50 : 0.108    recall@5 : 0.0688    recall@10 : 0.1136    recall@20 : 0.1864    recall@50 : 0.3293
01 Oct 22:44    INFO  epoch 24 training [time: 21.42s, train loss: 3157.8648]
01 Oct 22:44    INFO  epoch 24 evaluating [time: 0.47s, valid_score: 0.061300]
01 Oct 22:44    INFO  valid result: 
hit@5 : 0.0682    hit@10 : 0.1134    hit@20 : 0.1853    hit@50 : 0.3314    ndcg@5 : 0.0468    ndcg@10 : 0.0613    ndcg@20 : 0.0793    ndcg@50 : 0.1082    recall@5 : 0.0682    recall@10 : 0.1134    recall@20 : 0.1853    recall@50 : 0.3314
01 Oct 22:45    INFO  epoch 25 training [time: 21.42s, train loss: 3155.9715]
01 Oct 22:45    INFO  epoch 25 evaluating [time: 0.48s, valid_score: 0.061300]
01 Oct 22:45    INFO  valid result: 
hit@5 : 0.0699    hit@10 : 0.1134    hit@20 : 0.1867    hit@50 : 0.3341    ndcg@5 : 0.0474    ndcg@10 : 0.0613    ndcg@20 : 0.0797    ndcg@50 : 0.1088    recall@5 : 0.0699    recall@10 : 0.1134    recall@20 : 0.1867    recall@50 : 0.3341
01 Oct 22:45    INFO  epoch 26 training [time: 21.42s, train loss: 3153.7977]
01 Oct 22:45    INFO  epoch 26 evaluating [time: 0.47s, valid_score: 0.061800]
01 Oct 22:45    INFO  valid result: 
hit@5 : 0.0704    hit@10 : 0.1142    hit@20 : 0.1868    hit@50 : 0.3324    ndcg@5 : 0.0478    ndcg@10 : 0.0618    ndcg@20 : 0.08    ndcg@50 : 0.1087    recall@5 : 0.0704    recall@10 : 0.1142    recall@20 : 0.1868    recall@50 : 0.3324
01 Oct 22:45    INFO  epoch 27 training [time: 21.43s, train loss: 3152.1344]
01 Oct 22:45    INFO  epoch 27 evaluating [time: 0.58s, valid_score: 0.061900]
01 Oct 22:45    INFO  valid result: 
hit@5 : 0.0683    hit@10 : 0.1149    hit@20 : 0.1888    hit@50 : 0.3321    ndcg@5 : 0.0471    ndcg@10 : 0.0619    ndcg@20 : 0.0804    ndcg@50 : 0.1087    recall@5 : 0.0683    recall@10 : 0.1149    recall@20 : 0.1888    recall@50 : 0.3321
01 Oct 22:46    INFO  epoch 28 training [time: 21.43s, train loss: 3149.8454]
01 Oct 22:46    INFO  epoch 28 evaluating [time: 0.54s, valid_score: 0.062200]
01 Oct 22:46    INFO  valid result: 
hit@5 : 0.0692    hit@10 : 0.1147    hit@20 : 0.1872    hit@50 : 0.332    ndcg@5 : 0.0476    ndcg@10 : 0.0622    ndcg@20 : 0.0804    ndcg@50 : 0.1089    recall@5 : 0.0692    recall@10 : 0.1147    recall@20 : 0.1872    recall@50 : 0.332
01 Oct 22:46    INFO  epoch 29 training [time: 21.43s, train loss: 3148.7235]
01 Oct 22:46    INFO  epoch 29 evaluating [time: 0.48s, valid_score: 0.060300]
01 Oct 22:46    INFO  valid result: 
hit@5 : 0.0675    hit@10 : 0.1112    hit@20 : 0.1865    hit@50 : 0.3345    ndcg@5 : 0.0463    ndcg@10 : 0.0603    ndcg@20 : 0.0792    ndcg@50 : 0.1084    recall@5 : 0.0675    recall@10 : 0.1112    recall@20 : 0.1865    recall@50 : 0.3345
01 Oct 22:47    INFO  epoch 30 training [time: 21.42s, train loss: 3147.0546]
01 Oct 22:47    INFO  epoch 30 evaluating [time: 0.48s, valid_score: 0.060500]
01 Oct 22:47    INFO  valid result: 
hit@5 : 0.0679    hit@10 : 0.1123    hit@20 : 0.185    hit@50 : 0.3305    ndcg@5 : 0.0463    ndcg@10 : 0.0605    ndcg@20 : 0.0788    ndcg@50 : 0.1076    recall@5 : 0.0679    recall@10 : 0.1123    recall@20 : 0.185    recall@50 : 0.3305
01 Oct 22:47    INFO  epoch 31 training [time: 21.41s, train loss: 3145.7745]
01 Oct 22:47    INFO  epoch 31 evaluating [time: 0.48s, valid_score: 0.060600]
01 Oct 22:47    INFO  valid result: 
hit@5 : 0.0679    hit@10 : 0.1116    hit@20 : 0.1864    hit@50 : 0.3323    ndcg@5 : 0.0466    ndcg@10 : 0.0606    ndcg@20 : 0.0794    ndcg@50 : 0.1082    recall@5 : 0.0679    recall@10 : 0.1116    recall@20 : 0.1864    recall@50 : 0.3323
01 Oct 22:47    INFO  epoch 32 training [time: 21.42s, train loss: 3144.1170]
01 Oct 22:47    INFO  epoch 32 evaluating [time: 0.48s, valid_score: 0.062100]
01 Oct 22:47    INFO  valid result: 
hit@5 : 0.0696    hit@10 : 0.1151    hit@20 : 0.1843    hit@50 : 0.3318    ndcg@5 : 0.0476    ndcg@10 : 0.0621    ndcg@20 : 0.0795    ndcg@50 : 0.1086    recall@5 : 0.0696    recall@10 : 0.1151    recall@20 : 0.1843    recall@50 : 0.3318
01 Oct 22:48    INFO  epoch 33 training [time: 21.43s, train loss: 3142.4624]
01 Oct 22:48    INFO  epoch 33 evaluating [time: 0.51s, valid_score: 0.062200]
01 Oct 22:48    INFO  valid result: 
hit@5 : 0.0696    hit@10 : 0.1159    hit@20 : 0.1847    hit@50 : 0.3322    ndcg@5 : 0.0474    ndcg@10 : 0.0622    ndcg@20 : 0.0795    ndcg@50 : 0.1087    recall@5 : 0.0696    recall@10 : 0.1159    recall@20 : 0.1847    recall@50 : 0.3322
01 Oct 22:48    INFO  epoch 34 training [time: 21.44s, train loss: 3140.9608]
01 Oct 22:48    INFO  epoch 34 evaluating [time: 0.50s, valid_score: 0.061500]
01 Oct 22:48    INFO  valid result: 
hit@5 : 0.0694    hit@10 : 0.1145    hit@20 : 0.1878    hit@50 : 0.3334    ndcg@5 : 0.0471    ndcg@10 : 0.0615    ndcg@20 : 0.0799    ndcg@50 : 0.1086    recall@5 : 0.0694    recall@10 : 0.1145    recall@20 : 0.1878    recall@50 : 0.3334
01 Oct 22:48    INFO  epoch 35 training [time: 21.44s, train loss: 3139.5246]
01 Oct 22:48    INFO  epoch 35 evaluating [time: 0.50s, valid_score: 0.061400]
01 Oct 22:48    INFO  valid result: 
hit@5 : 0.0697    hit@10 : 0.1132    hit@20 : 0.1873    hit@50 : 0.3344    ndcg@5 : 0.0475    ndcg@10 : 0.0614    ndcg@20 : 0.0799    ndcg@50 : 0.1089    recall@5 : 0.0697    recall@10 : 0.1132    recall@20 : 0.1873    recall@50 : 0.3344
01 Oct 22:49    INFO  epoch 36 training [time: 21.42s, train loss: 3138.0341]
01 Oct 22:49    INFO  epoch 36 evaluating [time: 0.54s, valid_score: 0.062100]
01 Oct 22:49    INFO  valid result: 
hit@5 : 0.0697    hit@10 : 0.115    hit@20 : 0.1881    hit@50 : 0.3341    ndcg@5 : 0.0476    ndcg@10 : 0.0621    ndcg@20 : 0.0804    ndcg@50 : 0.1092    recall@5 : 0.0697    recall@10 : 0.115    recall@20 : 0.1881    recall@50 : 0.3341
01 Oct 22:49    INFO  epoch 37 training [time: 21.42s, train loss: 3137.6996]
01 Oct 22:49    INFO  epoch 37 evaluating [time: 0.49s, valid_score: 0.061100]
01 Oct 22:49    INFO  valid result: 
hit@5 : 0.0699    hit@10 : 0.1131    hit@20 : 0.1875    hit@50 : 0.3344    ndcg@5 : 0.0473    ndcg@10 : 0.0611    ndcg@20 : 0.0798    ndcg@50 : 0.1089    recall@5 : 0.0699    recall@10 : 0.1131    recall@20 : 0.1875    recall@50 : 0.3344
01 Oct 22:49    INFO  epoch 38 training [time: 21.43s, train loss: 3136.3626]
01 Oct 22:49    INFO  epoch 38 evaluating [time: 0.52s, valid_score: 0.062200]
01 Oct 22:49    INFO  valid result: 
hit@5 : 0.0709    hit@10 : 0.1148    hit@20 : 0.1877    hit@50 : 0.3367    ndcg@5 : 0.0481    ndcg@10 : 0.0622    ndcg@20 : 0.0805    ndcg@50 : 0.1099    recall@5 : 0.0709    recall@10 : 0.1148    recall@20 : 0.1877    recall@50 : 0.3367
01 Oct 22:50    INFO  epoch 39 training [time: 21.42s, train loss: 3134.8886]
01 Oct 22:50    INFO  epoch 39 evaluating [time: 0.49s, valid_score: 0.061500]
01 Oct 22:50    INFO  valid result: 
hit@5 : 0.0688    hit@10 : 0.1134    hit@20 : 0.1854    hit@50 : 0.3329    ndcg@5 : 0.0473    ndcg@10 : 0.0615    ndcg@20 : 0.0796    ndcg@50 : 0.1088    recall@5 : 0.0688    recall@10 : 0.1134    recall@20 : 0.1854    recall@50 : 0.3329
01 Oct 22:50    INFO  epoch 40 training [time: 21.43s, train loss: 3133.8516]
01 Oct 22:50    INFO  epoch 40 evaluating [time: 1.95s, valid_score: 0.061600]
01 Oct 22:50    INFO  valid result: 
hit@5 : 0.0705    hit@10 : 0.1144    hit@20 : 0.1876    hit@50 : 0.3354    ndcg@5 : 0.0476    ndcg@10 : 0.0616    ndcg@20 : 0.08    ndcg@50 : 0.1092    recall@5 : 0.0705    recall@10 : 0.1144    recall@20 : 0.1876    recall@50 : 0.3354
01 Oct 22:51    INFO  epoch 41 training [time: 21.42s, train loss: 3132.9207]
01 Oct 22:51    INFO  epoch 41 evaluating [time: 0.49s, valid_score: 0.062200]
01 Oct 22:51    INFO  valid result: 
hit@5 : 0.0709    hit@10 : 0.1149    hit@20 : 0.1873    hit@50 : 0.3352    ndcg@5 : 0.0481    ndcg@10 : 0.0622    ndcg@20 : 0.0803    ndcg@50 : 0.1095    recall@5 : 0.0709    recall@10 : 0.1149    recall@20 : 0.1873    recall@50 : 0.3352
01 Oct 22:51    INFO  epoch 42 training [time: 21.43s, train loss: 3132.2849]
01 Oct 22:51    INFO  epoch 42 evaluating [time: 0.51s, valid_score: 0.061900]
01 Oct 22:51    INFO  valid result: 
hit@5 : 0.0702    hit@10 : 0.1157    hit@20 : 0.1857    hit@50 : 0.3352    ndcg@5 : 0.0473    ndcg@10 : 0.0619    ndcg@20 : 0.0795    ndcg@50 : 0.109    recall@5 : 0.0702    recall@10 : 0.1157    recall@20 : 0.1857    recall@50 : 0.3352
01 Oct 22:51    INFO  epoch 43 training [time: 21.42s, train loss: 3130.7423]
01 Oct 22:51    INFO  epoch 43 evaluating [time: 0.53s, valid_score: 0.061300]
01 Oct 22:51    INFO  valid result: 
hit@5 : 0.0691    hit@10 : 0.1139    hit@20 : 0.1859    hit@50 : 0.3342    ndcg@5 : 0.0469    ndcg@10 : 0.0613    ndcg@20 : 0.0793    ndcg@50 : 0.1086    recall@5 : 0.0691    recall@10 : 0.1139    recall@20 : 0.1859    recall@50 : 0.3342
01 Oct 22:52    INFO  epoch 44 training [time: 21.43s, train loss: 3129.7901]
01 Oct 22:52    INFO  epoch 44 evaluating [time: 0.49s, valid_score: 0.061600]
01 Oct 22:52    INFO  valid result: 
hit@5 : 0.0695    hit@10 : 0.1141    hit@20 : 0.1891    hit@50 : 0.3368    ndcg@5 : 0.0474    ndcg@10 : 0.0616    ndcg@20 : 0.0805    ndcg@50 : 0.1096    recall@5 : 0.0695    recall@10 : 0.1141    recall@20 : 0.1891    recall@50 : 0.3368
01 Oct 22:52    INFO  epoch 45 training [time: 21.42s, train loss: 3128.8570]
01 Oct 22:52    INFO  epoch 45 evaluating [time: 0.66s, valid_score: 0.062200]
01 Oct 22:52    INFO  valid result: 
hit@5 : 0.07    hit@10 : 0.1136    hit@20 : 0.1886    hit@50 : 0.3365    ndcg@5 : 0.0483    ndcg@10 : 0.0622    ndcg@20 : 0.081    ndcg@50 : 0.1103    recall@5 : 0.07    recall@10 : 0.1136    recall@20 : 0.1886    recall@50 : 0.3365
01 Oct 22:52    INFO  epoch 46 training [time: 21.42s, train loss: 3128.4797]
01 Oct 22:52    INFO  epoch 46 evaluating [time: 0.49s, valid_score: 0.061700]
01 Oct 22:52    INFO  valid result: 
hit@5 : 0.0693    hit@10 : 0.1147    hit@20 : 0.186    hit@50 : 0.3359    ndcg@5 : 0.0472    ndcg@10 : 0.0617    ndcg@20 : 0.0796    ndcg@50 : 0.1092    recall@5 : 0.0693    recall@10 : 0.1147    recall@20 : 0.186    recall@50 : 0.3359
01 Oct 22:53    INFO  epoch 47 training [time: 21.42s, train loss: 3127.4117]
01 Oct 22:53    INFO  epoch 47 evaluating [time: 0.50s, valid_score: 0.061600]
01 Oct 22:53    INFO  valid result: 
hit@5 : 0.0699    hit@10 : 0.1149    hit@20 : 0.1878    hit@50 : 0.3346    ndcg@5 : 0.0471    ndcg@10 : 0.0616    ndcg@20 : 0.0798    ndcg@50 : 0.1088    recall@5 : 0.0699    recall@10 : 0.1149    recall@20 : 0.1878    recall@50 : 0.3346
01 Oct 22:53    INFO  epoch 48 training [time: 21.46s, train loss: 3126.1546]
01 Oct 22:53    INFO  epoch 48 evaluating [time: 0.51s, valid_score: 0.061900]
01 Oct 22:53    INFO  valid result: 
hit@5 : 0.0694    hit@10 : 0.1151    hit@20 : 0.1892    hit@50 : 0.3383    ndcg@5 : 0.0472    ndcg@10 : 0.0619    ndcg@20 : 0.0804    ndcg@50 : 0.1099    recall@5 : 0.0694    recall@10 : 0.1151    recall@20 : 0.1892    recall@50 : 0.3383
01 Oct 22:54    INFO  epoch 49 training [time: 21.42s, train loss: 3125.0549]
01 Oct 22:54    INFO  epoch 49 evaluating [time: 0.49s, valid_score: 0.061900]
01 Oct 22:54    INFO  valid result: 
hit@5 : 0.0698    hit@10 : 0.1147    hit@20 : 0.1868    hit@50 : 0.338    ndcg@5 : 0.0475    ndcg@10 : 0.0619    ndcg@20 : 0.08    ndcg@50 : 0.1098    recall@5 : 0.0698    recall@10 : 0.1147    recall@20 : 0.1868    recall@50 : 0.338
01 Oct 22:54    INFO  epoch 50 training [time: 21.43s, train loss: 3124.8042]
01 Oct 22:54    INFO  epoch 50 evaluating [time: 0.50s, valid_score: 0.062100]
01 Oct 22:54    INFO  valid result: 
hit@5 : 0.0714    hit@10 : 0.1155    hit@20 : 0.1891    hit@50 : 0.3379    ndcg@5 : 0.048    ndcg@10 : 0.0621    ndcg@20 : 0.0805    ndcg@50 : 0.1099    recall@5 : 0.0714    recall@10 : 0.1155    recall@20 : 0.1891    recall@50 : 0.3379
01 Oct 22:54    INFO  epoch 51 training [time: 21.42s, train loss: 3124.3157]
01 Oct 22:54    INFO  epoch 51 evaluating [time: 0.51s, valid_score: 0.061100]
01 Oct 22:54    INFO  valid result: 
hit@5 : 0.0699    hit@10 : 0.1128    hit@20 : 0.1884    hit@50 : 0.3374    ndcg@5 : 0.0473    ndcg@10 : 0.0611    ndcg@20 : 0.0801    ndcg@50 : 0.1095    recall@5 : 0.0699    recall@10 : 0.1128    recall@20 : 0.1884    recall@50 : 0.3374
01 Oct 22:55    INFO  epoch 52 training [time: 21.42s, train loss: 3122.9454]
01 Oct 22:55    INFO  epoch 52 evaluating [time: 0.50s, valid_score: 0.061000]
01 Oct 22:55    INFO  valid result: 
hit@5 : 0.0688    hit@10 : 0.1135    hit@20 : 0.1868    hit@50 : 0.3364    ndcg@5 : 0.0467    ndcg@10 : 0.061    ndcg@20 : 0.0794    ndcg@50 : 0.1089    recall@5 : 0.0688    recall@10 : 0.1135    recall@20 : 0.1868    recall@50 : 0.3364
01 Oct 22:55    INFO  epoch 53 training [time: 21.44s, train loss: 3122.0497]
01 Oct 22:55    INFO  epoch 53 evaluating [time: 0.50s, valid_score: 0.062200]
01 Oct 22:55    INFO  valid result: 
hit@5 : 0.0692    hit@10 : 0.1159    hit@20 : 0.1883    hit@50 : 0.3379    ndcg@5 : 0.0473    ndcg@10 : 0.0622    ndcg@20 : 0.0804    ndcg@50 : 0.1099    recall@5 : 0.0692    recall@10 : 0.1159    recall@20 : 0.1883    recall@50 : 0.3379
01 Oct 22:55    INFO  epoch 54 training [time: 21.44s, train loss: 3121.1202]
01 Oct 22:55    INFO  epoch 54 evaluating [time: 0.51s, valid_score: 0.062300]
01 Oct 22:55    INFO  valid result: 
hit@5 : 0.0706    hit@10 : 0.1148    hit@20 : 0.1889    hit@50 : 0.3384    ndcg@5 : 0.0482    ndcg@10 : 0.0623    ndcg@20 : 0.0809    ndcg@50 : 0.1104    recall@5 : 0.0706    recall@10 : 0.1148    recall@20 : 0.1889    recall@50 : 0.3384
01 Oct 22:56    INFO  epoch 55 training [time: 21.43s, train loss: 3120.6370]
01 Oct 22:56    INFO  epoch 55 evaluating [time: 0.51s, valid_score: 0.062200]
01 Oct 22:56    INFO  valid result: 
hit@5 : 0.0705    hit@10 : 0.1145    hit@20 : 0.188    hit@50 : 0.3389    ndcg@5 : 0.0481    ndcg@10 : 0.0622    ndcg@20 : 0.0806    ndcg@50 : 0.1104    recall@5 : 0.0705    recall@10 : 0.1145    recall@20 : 0.188    recall@50 : 0.3389
01 Oct 22:56    INFO  epoch 56 training [time: 21.42s, train loss: 3120.2513]
01 Oct 22:56    INFO  epoch 56 evaluating [time: 0.51s, valid_score: 0.063300]
01 Oct 22:56    INFO  valid result: 
hit@5 : 0.0723    hit@10 : 0.1159    hit@20 : 0.1874    hit@50 : 0.3391    ndcg@5 : 0.0493    ndcg@10 : 0.0633    ndcg@20 : 0.0812    ndcg@50 : 0.1111    recall@5 : 0.0723    recall@10 : 0.1159    recall@20 : 0.1874    recall@50 : 0.3391
01 Oct 22:56    INFO  epoch 57 training [time: 21.42s, train loss: 3119.1098]
01 Oct 22:56    INFO  epoch 57 evaluating [time: 0.51s, valid_score: 0.062200]
01 Oct 22:56    INFO  valid result: 
hit@5 : 0.0709    hit@10 : 0.115    hit@20 : 0.189    hit@50 : 0.3374    ndcg@5 : 0.0481    ndcg@10 : 0.0622    ndcg@20 : 0.0808    ndcg@50 : 0.1101    recall@5 : 0.0709    recall@10 : 0.115    recall@20 : 0.189    recall@50 : 0.3374
01 Oct 22:57    INFO  epoch 58 training [time: 21.43s, train loss: 3118.8105]
01 Oct 22:57    INFO  epoch 58 evaluating [time: 0.62s, valid_score: 0.063100]
01 Oct 22:57    INFO  valid result: 
hit@5 : 0.0696    hit@10 : 0.1174    hit@20 : 0.1898    hit@50 : 0.3378    ndcg@5 : 0.0478    ndcg@10 : 0.0631    ndcg@20 : 0.0813    ndcg@50 : 0.1105    recall@5 : 0.0696    recall@10 : 0.1174    recall@20 : 0.1898    recall@50 : 0.3378
01 Oct 22:57    INFO  epoch 59 training [time: 21.45s, train loss: 3118.0601]
01 Oct 22:57    INFO  epoch 59 evaluating [time: 0.51s, valid_score: 0.062000]
01 Oct 22:57    INFO  valid result: 
hit@5 : 0.0706    hit@10 : 0.1149    hit@20 : 0.1868    hit@50 : 0.3374    ndcg@5 : 0.0477    ndcg@10 : 0.062    ndcg@20 : 0.08    ndcg@50 : 0.1097    recall@5 : 0.0706    recall@10 : 0.1149    recall@20 : 0.1868    recall@50 : 0.3374
01 Oct 22:58    INFO  epoch 60 training [time: 21.45s, train loss: 3117.5656]
01 Oct 22:58    INFO  epoch 60 evaluating [time: 0.52s, valid_score: 0.062500]
01 Oct 22:58    INFO  valid result: 
hit@5 : 0.0695    hit@10 : 0.1154    hit@20 : 0.1918    hit@50 : 0.3384    ndcg@5 : 0.0478    ndcg@10 : 0.0625    ndcg@20 : 0.0816    ndcg@50 : 0.1106    recall@5 : 0.0695    recall@10 : 0.1154    recall@20 : 0.1918    recall@50 : 0.3384
01 Oct 22:58    INFO  epoch 61 training [time: 21.46s, train loss: 3116.7601]
01 Oct 22:58    INFO  epoch 61 evaluating [time: 0.52s, valid_score: 0.063100]
01 Oct 22:58    INFO  valid result: 
hit@5 : 0.072    hit@10 : 0.1166    hit@20 : 0.191    hit@50 : 0.3385    ndcg@5 : 0.0489    ndcg@10 : 0.0631    ndcg@20 : 0.0818    ndcg@50 : 0.1109    recall@5 : 0.072    recall@10 : 0.1166    recall@20 : 0.191    recall@50 : 0.3385
01 Oct 22:58    INFO  epoch 62 training [time: 21.46s, train loss: 3115.8715]
01 Oct 22:58    INFO  epoch 62 evaluating [time: 0.52s, valid_score: 0.062700]
01 Oct 22:58    INFO  valid result: 
hit@5 : 0.0709    hit@10 : 0.1166    hit@20 : 0.19    hit@50 : 0.3387    ndcg@5 : 0.048    ndcg@10 : 0.0627    ndcg@20 : 0.081    ndcg@50 : 0.1104    recall@5 : 0.0709    recall@10 : 0.1166    recall@20 : 0.19    recall@50 : 0.3387
01 Oct 22:59    INFO  epoch 63 training [time: 21.42s, train loss: 3116.0959]
01 Oct 22:59    INFO  epoch 63 evaluating [time: 0.51s, valid_score: 0.062600]
01 Oct 22:59    INFO  valid result: 
hit@5 : 0.0718    hit@10 : 0.1163    hit@20 : 0.1886    hit@50 : 0.3389    ndcg@5 : 0.0484    ndcg@10 : 0.0626    ndcg@20 : 0.0808    ndcg@50 : 0.1105    recall@5 : 0.0718    recall@10 : 0.1163    recall@20 : 0.1886    recall@50 : 0.3389
01 Oct 22:59    INFO  epoch 64 training [time: 21.49s, train loss: 3114.6385]
01 Oct 22:59    INFO  epoch 64 evaluating [time: 0.53s, valid_score: 0.063000]
01 Oct 22:59    INFO  valid result: 
hit@5 : 0.0707    hit@10 : 0.1173    hit@20 : 0.1907    hit@50 : 0.3394    ndcg@5 : 0.0482    ndcg@10 : 0.063    ndcg@20 : 0.0814    ndcg@50 : 0.1108    recall@5 : 0.0707    recall@10 : 0.1173    recall@20 : 0.1907    recall@50 : 0.3394
01 Oct 22:59    INFO  epoch 65 training [time: 21.57s, train loss: 3113.7896]
01 Oct 22:59    INFO  epoch 65 evaluating [time: 0.53s, valid_score: 0.062400]
01 Oct 22:59    INFO  valid result: 
hit@5 : 0.0703    hit@10 : 0.1151    hit@20 : 0.1881    hit@50 : 0.3397    ndcg@5 : 0.0481    ndcg@10 : 0.0624    ndcg@20 : 0.0807    ndcg@50 : 0.1106    recall@5 : 0.0703    recall@10 : 0.1151    recall@20 : 0.1881    recall@50 : 0.3397
01 Oct 23:00    INFO  epoch 66 training [time: 21.48s, train loss: 3113.4743]
01 Oct 23:00    INFO  epoch 66 evaluating [time: 0.52s, valid_score: 0.062600]
01 Oct 23:00    INFO  valid result: 
hit@5 : 0.0706    hit@10 : 0.1157    hit@20 : 0.1901    hit@50 : 0.34    ndcg@5 : 0.0482    ndcg@10 : 0.0626    ndcg@20 : 0.0812    ndcg@50 : 0.1109    recall@5 : 0.0706    recall@10 : 0.1157    recall@20 : 0.1901    recall@50 : 0.34
01 Oct 23:00    INFO  epoch 67 training [time: 21.54s, train loss: 3112.8336]
01 Oct 23:00    INFO  epoch 67 evaluating [time: 0.53s, valid_score: 0.062100]
01 Oct 23:00    INFO  valid result: 
hit@5 : 0.0691    hit@10 : 0.1159    hit@20 : 0.1894    hit@50 : 0.3381    ndcg@5 : 0.0472    ndcg@10 : 0.0621    ndcg@20 : 0.0805    ndcg@50 : 0.1099    recall@5 : 0.0691    recall@10 : 0.1159    recall@20 : 0.1894    recall@50 : 0.3381
01 Oct 23:00    INFO  Finished training, best eval result in epoch 56
