2026-10-04 10:57:12  [TileLang:tilelang.jit.kernel:INFO]: TileLang begins to compile kernel `mamba_mimo_fwd_kernel` with `out_idx=[]`
2026-10-04 10:57:30  [TileLang:tilelang.jit.kernel:INFO]: TileLang completes to compile kernel `mamba_mimo_fwd_kernel`
2026-10-04 10:57:34  [TileLang:tilelang.jit.kernel:INFO]: TileLang begins to compile kernel `mamba_mimo_bwd_fwd_kernel` with `out_idx=[]`
2026-10-04 10:57:57  [TileLang:tilelang.jit.kernel:INFO]: TileLang completes to compile kernel `mamba_mimo_bwd_fwd_kernel`
2026-10-04 10:58:00  [TileLang:tilelang.jit.kernel:INFO]: TileLang begins to compile kernel `mamba_mimo_bwd_bwd_kernel` with `out_idx=[]`
2026-10-04 10:58:59  [TileLang:tilelang.jit.kernel:INFO]: TileLang completes to compile kernel `mamba_mimo_bwd_bwd_kernel`
2026-10-04 11:00:57  [TileLang:tilelang.jit.kernel:INFO]: TileLang begins to compile kernel `mamba_mimo_fwd_kernel` with `out_idx=[]`
2026-10-04 11:01:12  [TileLang:tilelang.jit.kernel:INFO]: TileLang completes to compile kernel `mamba_mimo_fwd_kernel`
2026-10-04 11:01:14  [TileLang:tilelang.jit.kernel:INFO]: TileLang begins to compile kernel `mamba_mimo_bwd_fwd_kernel` with `out_idx=[]`
2026-10-04 11:01:36  [TileLang:tilelang.jit.kernel:INFO]: TileLang completes to compile kernel `mamba_mimo_bwd_fwd_kernel`
2026-10-04 11:01:39  [TileLang:tilelang.jit.kernel:INFO]: TileLang begins to compile kernel `mamba_mimo_bwd_bwd_kernel` with `out_idx=[]`
2026-10-04 11:02:38  [TileLang:tilelang.jit.kernel:INFO]: TileLang completes to compile kernel `mamba_mimo_bwd_bwd_kernel`
2026-10-04 11:03:19  [TileLang:tilelang.jit.kernel:INFO]: TileLang begins to compile kernel `mamba_mimo_fwd_kernel` with `out_idx=[]`
2026-10-04 11:03:34  [TileLang:tilelang.jit.kernel:INFO]: TileLang completes to compile kernel `mamba_mimo_fwd_kernel`
2026-10-04 11:03:39  [TileLang:tilelang.jit.kernel:INFO]: TileLang begins to compile kernel `mamba_mimo_fwd_kernel` with `out_idx=[]`
2026-10-04 11:03:53  [TileLang:tilelang.jit.kernel:INFO]: TileLang completes to compile kernel `mamba_mimo_fwd_kernel`
2026-10-04 11:03:55  [TileLang:tilelang.jit.kernel:INFO]: TileLang begins to compile kernel `mamba_mimo_bwd_fwd_kernel` with `out_idx=[]`
2026-10-04 11:04:18  [TileLang:tilelang.jit.kernel:INFO]: TileLang completes to compile kernel `mamba_mimo_bwd_fwd_kernel`
2026-10-04 11:04:20  [TileLang:tilelang.jit.kernel:INFO]: TileLang begins to compile kernel `mamba_mimo_bwd_bwd_kernel` with `out_idx=[]`
2026-10-04 11:05:21  [TileLang:tilelang.jit.kernel:INFO]: TileLang completes to compile kernel `mamba_mimo_bwd_bwd_kernel`
2026-10-04 11:05:28  [TileLang:tilelang.jit.kernel:INFO]: TileLang begins to compile kernel `mamba_mimo_fwd_kernel` with `out_idx=[]`
2026-10-04 11:05:43  [TileLang:tilelang.jit.kernel:INFO]: TileLang completes to compile kernel `mamba_mimo_fwd_kernel`
2026-10-04 11:05:45  [TileLang:tilelang.jit.kernel:INFO]: TileLang begins to compile kernel `mamba_mimo_bwd_fwd_kernel` with `out_idx=[]`
2026-10-04 11:06:08  [TileLang:tilelang.jit.kernel:INFO]: TileLang completes to compile kernel `mamba_mimo_bwd_fwd_kernel`
2026-10-04 11:06:10  [TileLang:tilelang.jit.kernel:INFO]: TileLang begins to compile kernel `mamba_mimo_bwd_bwd_kernel` with `out_idx=[]`
2026-10-04 11:07:11  [TileLang:tilelang.jit.kernel:INFO]: TileLang completes to compile kernel `mamba_mimo_bwd_bwd_kernel`
2026-10-04 11:07:16  [TileLang:tilelang.jit.kernel:INFO]: TileLang begins to compile kernel `mamba_mimo_bwd_fwd_kernel` with `out_idx=[]`
2026-10-04 11:07:39  [TileLang:tilelang.jit.kernel:INFO]: TileLang completes to compile kernel `mamba_mimo_bwd_fwd_kernel`
2026-10-04 11:07:41  [TileLang:tilelang.jit.kernel:INFO]: TileLang begins to compile kernel `mamba_mimo_bwd_bwd_kernel` with `out_idx=[]`
2026-10-04 11:08:42  [TileLang:tilelang.jit.kernel:INFO]: TileLang completes to compile kernel `mamba_mimo_bwd_bwd_kernel`
2026-10-04 11:08:47  [TileLang:tilelang.jit.kernel:INFO]: TileLang begins to compile kernel `mamba_mimo_fwd_kernel` with `out_idx=[]`
2026-10-04 11:09:02  [TileLang:tilelang.jit.kernel:INFO]: TileLang completes to compile kernel `mamba_mimo_fwd_kernel`
2026-10-04 11:09:04  [TileLang:tilelang.jit.kernel:INFO]: TileLang begins to compile kernel `mamba_mimo_bwd_fwd_kernel` with `out_idx=[]`
2026-10-04 11:09:26  [TileLang:tilelang.jit.kernel:INFO]: TileLang completes to compile kernel `mamba_mimo_bwd_fwd_kernel`
2026-10-04 11:09:29  [TileLang:tilelang.jit.kernel:INFO]: TileLang begins to compile kernel `mamba_mimo_bwd_bwd_kernel` with `out_idx=[]`
2026-10-04 11:10:29  [TileLang:tilelang.jit.kernel:INFO]: TileLang completes to compile kernel `mamba_mimo_bwd_bwd_kernel`
2026-10-04 11:10:35  [TileLang:tilelang.jit.kernel:INFO]: TileLang begins to compile kernel `mamba_mimo_fwd_kernel` with `out_idx=[]`
2026-10-04 11:10:49  [TileLang:tilelang.jit.kernel:INFO]: TileLang completes to compile kernel `mamba_mimo_fwd_kernel`
2026-10-04 11:10:52  [TileLang:tilelang.jit.kernel:INFO]: TileLang begins to compile kernel `mamba_mimo_bwd_fwd_kernel` with `out_idx=[]`
2026-10-04 11:11:14  [TileLang:tilelang.jit.kernel:INFO]: TileLang completes to compile kernel `mamba_mimo_bwd_fwd_kernel`
2026-10-04 11:11:17  [TileLang:tilelang.jit.kernel:INFO]: TileLang begins to compile kernel `mamba_mimo_bwd_bwd_kernel` with `out_idx=[]`
2026-10-04 11:12:17  [TileLang:tilelang.jit.kernel:INFO]: TileLang completes to compile kernel `mamba_mimo_bwd_bwd_kernel`
