command line args [--execution-commit 0de6c380bb531b93a08e4915508b578af77fff3e --evidence experiments/mamba3_head_timescales/confirmation/slurm_logs/attempt_001/cpu_preflight_0de6c380bb531b93a08e4915508b578af77fff3e.json] will not be used in RecBole
command line args [--execution-commit 0de6c380bb531b93a08e4915508b578af77fff3e --evidence experiments/mamba3_head_timescales/confirmation/slurm_logs/attempt_001/cpu_preflight_0de6c380bb531b93a08e4915508b578af77fff3e.json] will not be used in RecBole
command line args [--execution-commit 0de6c380bb531b93a08e4915508b578af77fff3e --evidence experiments/mamba3_head_timescales/confirmation/slurm_logs/attempt_001/cpu_preflight_0de6c380bb531b93a08e4915508b578af77fff3e.json] will not be used in RecBole
command line args [--execution-commit 0de6c380bb531b93a08e4915508b578af77fff3e --evidence experiments/mamba3_head_timescales/confirmation/slurm_logs/attempt_001/cpu_preflight_0de6c380bb531b93a08e4915508b578af77fff3e.json] will not be used in RecBole
command line args [--execution-commit 0de6c380bb531b93a08e4915508b578af77fff3e --evidence experiments/mamba3_head_timescales/confirmation/slurm_logs/attempt_001/cpu_preflight_0de6c380bb531b93a08e4915508b578af77fff3e.json] will not be used in RecBole
command line args [--execution-commit 0de6c380bb531b93a08e4915508b578af77fff3e --evidence experiments/mamba3_head_timescales/confirmation/slurm_logs/attempt_001/cpu_preflight_0de6c380bb531b93a08e4915508b578af77fff3e.json] will not be used in RecBole
command line args [--execution-commit 0de6c380bb531b93a08e4915508b578af77fff3e --evidence experiments/mamba3_head_timescales/confirmation/slurm_logs/attempt_001/cpu_preflight_0de6c380bb531b93a08e4915508b578af77fff3e.json] will not be used in RecBole
command line args [--execution-commit 0de6c380bb531b93a08e4915508b578af77fff3e --evidence experiments/mamba3_head_timescales/confirmation/slurm_logs/attempt_001/cpu_preflight_0de6c380bb531b93a08e4915508b578af77fff3e.json] will not be used in RecBole
command line args [--execution-commit 0de6c380bb531b93a08e4915508b578af77fff3e --evidence experiments/mamba3_head_timescales/confirmation/slurm_logs/attempt_001/cpu_preflight_0de6c380bb531b93a08e4915508b578af77fff3e.json] will not be used in RecBole
command line args [--execution-commit 0de6c380bb531b93a08e4915508b578af77fff3e --evidence experiments/mamba3_head_timescales/confirmation/slurm_logs/attempt_001/cpu_preflight_0de6c380bb531b93a08e4915508b578af77fff3e.json] will not be used in RecBole
command line args [--execution-commit 0de6c380bb531b93a08e4915508b578af77fff3e --evidence experiments/mamba3_head_timescales/confirmation/slurm_logs/attempt_001/cpu_preflight_0de6c380bb531b93a08e4915508b578af77fff3e.json] will not be used in RecBole
command line args [--execution-commit 0de6c380bb531b93a08e4915508b578af77fff3e --evidence experiments/mamba3_head_timescales/confirmation/slurm_logs/attempt_001/cpu_preflight_0de6c380bb531b93a08e4915508b578af77fff3e.json] will not be used in RecBole
command line args [--execution-commit 0de6c380bb531b93a08e4915508b578af77fff3e --evidence experiments/mamba3_head_timescales/confirmation/slurm_logs/attempt_001/cpu_preflight_0de6c380bb531b93a08e4915508b578af77fff3e.json] will not be used in RecBole
command line args [--execution-commit 0de6c380bb531b93a08e4915508b578af77fff3e --evidence experiments/mamba3_head_timescales/confirmation/slurm_logs/attempt_001/cpu_preflight_0de6c380bb531b93a08e4915508b578af77fff3e.json] will not be used in RecBole
command line args [--execution-commit 0de6c380bb531b93a08e4915508b578af77fff3e --evidence experiments/mamba3_head_timescales/confirmation/slurm_logs/attempt_001/cpu_preflight_0de6c380bb531b93a08e4915508b578af77fff3e.json] will not be used in RecBole
command line args [--execution-commit 0de6c380bb531b93a08e4915508b578af77fff3e --evidence experiments/mamba3_head_timescales/confirmation/slurm_logs/attempt_001/cpu_preflight_0de6c380bb531b93a08e4915508b578af77fff3e.json] will not be used in RecBole
command line args [--execution-commit 0de6c380bb531b93a08e4915508b578af77fff3e --evidence experiments/mamba3_head_timescales/confirmation/slurm_logs/attempt_001/cpu_preflight_0de6c380bb531b93a08e4915508b578af77fff3e.json] will not be used in RecBole
command line args [--execution-commit 0de6c380bb531b93a08e4915508b578af77fff3e --evidence experiments/mamba3_head_timescales/confirmation/slurm_logs/attempt_001/cpu_preflight_0de6c380bb531b93a08e4915508b578af77fff3e.json] will not be used in RecBole
command line args [--execution-commit 0de6c380bb531b93a08e4915508b578af77fff3e --evidence experiments/mamba3_head_timescales/confirmation/slurm_logs/attempt_001/cpu_preflight_0de6c380bb531b93a08e4915508b578af77fff3e.json] will not be used in RecBole
command line args [--execution-commit 0de6c380bb531b93a08e4915508b578af77fff3e --evidence experiments/mamba3_head_timescales/confirmation/slurm_logs/attempt_001/cpu_preflight_0de6c380bb531b93a08e4915508b578af77fff3e.json] will not be used in RecBole
command line args [--execution-commit 0de6c380bb531b93a08e4915508b578af77fff3e --evidence experiments/mamba3_head_timescales/confirmation/slurm_logs/attempt_001/cpu_preflight_0de6c380bb531b93a08e4915508b578af77fff3e.json] will not be used in RecBole
command line args [--execution-commit 0de6c380bb531b93a08e4915508b578af77fff3e --evidence experiments/mamba3_head_timescales/confirmation/slurm_logs/attempt_001/cpu_preflight_0de6c380bb531b93a08e4915508b578af77fff3e.json] will not be used in RecBole
command line args [--execution-commit 0de6c380bb531b93a08e4915508b578af77fff3e --evidence experiments/mamba3_head_timescales/confirmation/slurm_logs/attempt_001/cpu_preflight_0de6c380bb531b93a08e4915508b578af77fff3e.json] will not be used in RecBole
command line args [--execution-commit 0de6c380bb531b93a08e4915508b578af77fff3e --evidence experiments/mamba3_head_timescales/confirmation/slurm_logs/attempt_001/cpu_preflight_0de6c380bb531b93a08e4915508b578af77fff3e.json] will not be used in RecBole
command line args [--execution-commit 0de6c380bb531b93a08e4915508b578af77fff3e --evidence experiments/mamba3_head_timescales/confirmation/slurm_logs/attempt_001/cpu_preflight_0de6c380bb531b93a08e4915508b578af77fff3e.json] will not be used in RecBole
command line args [--execution-commit 0de6c380bb531b93a08e4915508b578af77fff3e --evidence experiments/mamba3_head_timescales/confirmation/slurm_logs/attempt_001/cpu_preflight_0de6c380bb531b93a08e4915508b578af77fff3e.json] will not be used in RecBole
command line args [--execution-commit 0de6c380bb531b93a08e4915508b578af77fff3e --evidence experiments/mamba3_head_timescales/confirmation/slurm_logs/attempt_001/cpu_preflight_0de6c380bb531b93a08e4915508b578af77fff3e.json] will not be used in RecBole
command line args [--execution-commit 0de6c380bb531b93a08e4915508b578af77fff3e --evidence experiments/mamba3_head_timescales/confirmation/slurm_logs/attempt_001/cpu_preflight_0de6c380bb531b93a08e4915508b578af77fff3e.json] will not be used in RecBole
command line args [--execution-commit 0de6c380bb531b93a08e4915508b578af77fff3e --evidence experiments/mamba3_head_timescales/confirmation/slurm_logs/attempt_001/cpu_preflight_0de6c380bb531b93a08e4915508b578af77fff3e.json] will not be used in RecBole
command line args [--execution-commit 0de6c380bb531b93a08e4915508b578af77fff3e --evidence experiments/mamba3_head_timescales/confirmation/slurm_logs/attempt_001/cpu_preflight_0de6c380bb531b93a08e4915508b578af77fff3e.json] will not be used in RecBole
{
  "status": "PASS",
  "execution_commit": "0de6c380bb531b93a08e4915508b578af77fff3e",
  "execution_attempt": "001",
  "scientific_fits": 0,
  "TEST": "NOT_RUN",
  "test_evaluation_count": 0,
  "model_forward_calls": 0,
  "started_at": "2026-09-30T11:25:02.886150+00:00",
  "source_hash": "9288aa3386a652f15231ccdbc0116c963a0cb9ccb8d1d361b868999da51922d2",
  "cpu_tests": {
    "run": 27,
    "failures": 0,
    "errors": 0,
    "skipped": 0,
    "log": "test_already_failed_malformed_history_keeps_summary (test_records.RecordsTests) ... ok\ntest_ambiguous_submit_durable_no_retry (test_records.RecordsTests) ... ok\ntest_continuation_never_restarts_started_or_unknown (test_records.RecordsTests) ... ok\ntest_cpu_mask_and_gpu_mask_preserved (test_records.RecordsTests) ... ok\ntest_empty_or_missing_final_checks_cannot_pass (test_records.RecordsTests) ... ok\ntest_failed_metrics_not_aggregated (test_records.RecordsTests) ... ok\ntest_first27_pair_does_not_require_third (test_records.RecordsTests) ... ok\ntest_handoff_phase_does_not_regress_or_lose_job (test_records.RecordsTests) ... ok\ntest_history_gap_duplicate_and_malformed_partial (test_records.RecordsTests) ... ok\ntest_index_duplicate_and_current_preserved_rejected (test_records.RecordsTests) ... ok\ntest_last_tie_and_earlystop (test_records.RecordsTests) ... ok\ntest_missing_first_and_last_result (test_records.RecordsTests) ... ok\ntest_pair_mean_uses_same_seed_intersection (test_records.RecordsTests) ... ok\ntest_pairing_rejects_serialized_batch_or_common_drift (test_records.RecordsTests) ... ok\ntest_partial_json_scalar_keeps_summary (test_records.RecordsTests) ... ok\ntest_partial_write_bad_json_keeps_numeric_markdown (test_records.RecordsTests) ... ok\ntest_pipeline_failure_keeps_real_partial_summary (test_records.RecordsTests) ... ok\ntest_plan_order_and_seed2026_blocked (test_records.RecordsTests) ... ok\ntest_real_progress_registry_empty_not_pass_negative_preserved (test_records.RecordsTests) ... ok\ntest_retry_reason_not_blocking_reason_and_no_overwrite (test_records.RecordsTests) ... ok\ntest_sample_std_empty_single_and_negative_pairs (test_records.RecordsTests) ... ok\ntest_selection_and_metric_schema_fail_closed (test_records.RecordsTests) ... ok\ntest_serialized_ownership_limits (test_records.RecordsTests) ... ok\ntest_settings_only_seed_and_output (test_records.RecordsTests) ... ok\ntest_source_previous_variant_same_seed_and_order (test_records.RecordsTests) ... ok\ntest_submit_intent_precedes_sbatch_and_duplicate_blocked (test_records.RecordsTests) ... ok\ntest_window26_vs27 (test_records.RecordsTests) ... ok\n\n----------------------------------------------------------------------\nRan 27 tests in 1.999s\n\nOK\n"
  },
  "initialization": {
    "status": "PASS",
    "rows": [
      {
        "seed": 2026,
        "variant": "fixed",
        "parameter_count": 715020,
        "effective_config_check": {
          "status": "PASS",
          "allowed_differences": [
            "checkpoint_dir",
            "device",
            "gpu_id",
            "seed",
            "use_gpu"
          ],
          "cpu_reference_device": "cpu",
          "seed": 2026
        },
        "initial_backbone_sha256": "b9dd55afe56025f320f3d6c4b6d4360f451a5520ee820c3c9394bf3cedfe8988",
        "initial_common_calibrator_hashes": {
          "decay": "cf1b16c825918c80ae8bf27735fc913c6f93a7a10063815ad333139a0b832a08",
          "scan": "cf1b16c825918c80ae8bf27735fc913c6f93a7a10063815ad333139a0b832a08"
        },
        "initial_alpha": {},
        "rng_components": {
          "python": "a6501dd804b776a90cb540d1051540c8dd8009cee51906231f9dcbfba0af7590",
          "numpy": "0725760628b35e82add26f61369288dc3e0bb4ec06c92abbfd1c1c8f6b3b5d67",
          "cpu": "2ed04960bac5635e088d24ce02c27410a12f26607f10ad823874b30d7359b4d1",
          "cuda": [],
          "aggregate": "086ccb0d9f8426b127e7ac30ae5455adebe824887800ab09d94d927c46b6245d"
        },
        "optimizer_roundtrip": "PASS",
        "pilot_replay": {
          "backbone": "PASS",
          "common_mlp_and_buffers": "PASS",
          "alpha": "PASS",
          "python_numpy_cpu": "PASS",
          "cuda": "NOT_REPLAYED_CPU",
          "loader_generator": "NOT_REPLAYED_CPU",
          "first_batch": "NOT_REPLAYED_NO_FIT"
        }
      },
      {
        "seed": 2026,
        "variant": "shared_tau",
        "parameter_count": 715022,
        "effective_config_check": {
          "status": "PASS",
          "allowed_differences": [
            "checkpoint_dir",
            "device",
            "gpu_id",
            "seed",
            "use_gpu"
          ],
          "cpu_reference_device": "cpu",
          "seed": 2026
        },
        "initial_backbone_sha256": "b9dd55afe56025f320f3d6c4b6d4360f451a5520ee820c3c9394bf3cedfe8988",
        "initial_common_calibrator_hashes": {
          "decay": "cf1b16c825918c80ae8bf27735fc913c6f93a7a10063815ad333139a0b832a08",
          "scan": "cf1b16c825918c80ae8bf27735fc913c6f93a7a10063815ad333139a0b832a08"
        },
        "initial_alpha": {
          "decay": {
            "shape": [
              1
            ],
            "values": [
              0.0
            ]
          },
          "scan": {
            "shape": [
              1
            ],
            "values": [
              0.0
            ]
          }
        },
        "rng_components": {
          "python": "a6501dd804b776a90cb540d1051540c8dd8009cee51906231f9dcbfba0af7590",
          "numpy": "0725760628b35e82add26f61369288dc3e0bb4ec06c92abbfd1c1c8f6b3b5d67",
          "cpu": "2ed04960bac5635e088d24ce02c27410a12f26607f10ad823874b30d7359b4d1",
          "cuda": [],
          "aggregate": "086ccb0d9f8426b127e7ac30ae5455adebe824887800ab09d94d927c46b6245d"
        },
        "optimizer_roundtrip": "PASS",
        "pilot_replay": {
          "backbone": "PASS",
          "common_mlp_and_buffers": "PASS",
          "alpha": "PASS",
          "python_numpy_cpu": "PASS",
          "cuda": "NOT_REPLAYED_CPU",
          "loader_generator": "NOT_REPLAYED_CPU",
          "first_batch": "NOT_REPLAYED_NO_FIT"
        }
      },
      {
        "seed": 2026,
        "variant": "head_tau",
        "parameter_count": 715024,
        "effective_config_check": {
          "status": "PASS",
          "allowed_differences": [
            "checkpoint_dir",
            "device",
            "gpu_id",
            "seed",
            "use_gpu"
          ],
          "cpu_reference_device": "cpu",
          "seed": 2026
        },
        "initial_backbone_sha256": "b9dd55afe56025f320f3d6c4b6d4360f451a5520ee820c3c9394bf3cedfe8988",
        "initial_common_calibrator_hashes": {
          "decay": "cf1b16c825918c80ae8bf27735fc913c6f93a7a10063815ad333139a0b832a08",
          "scan": "cf1b16c825918c80ae8bf27735fc913c6f93a7a10063815ad333139a0b832a08"
        },
        "initial_alpha": {
          "decay": {
            "shape": [
              2
            ],
            "values": [
              0.0,
              0.0
            ]
          },
          "scan": {
            "shape": [
              2
            ],
            "values": [
              0.0,
              0.0
            ]
          }
        },
        "rng_components": {
          "python": "a6501dd804b776a90cb540d1051540c8dd8009cee51906231f9dcbfba0af7590",
          "numpy": "0725760628b35e82add26f61369288dc3e0bb4ec06c92abbfd1c1c8f6b3b5d67",
          "cpu": "2ed04960bac5635e088d24ce02c27410a12f26607f10ad823874b30d7359b4d1",
          "cuda": [],
          "aggregate": "086ccb0d9f8426b127e7ac30ae5455adebe824887800ab09d94d927c46b6245d"
        },
        "optimizer_roundtrip": "PASS",
        "pilot_replay": {
          "backbone": "PASS",
          "common_mlp_and_buffers": "PASS",
          "alpha": "PASS",
          "python_numpy_cpu": "PASS",
          "cuda": "NOT_REPLAYED_CPU",
          "loader_generator": "NOT_REPLAYED_CPU",
          "first_batch": "NOT_REPLAYED_NO_FIT"
        }
      },
      {
        "seed": 2027,
        "variant": "fixed",
        "parameter_count": 715020,
        "effective_config_check": {
          "status": "PASS",
          "allowed_differences": [
            "checkpoint_dir",
            "device",
            "gpu_id",
            "seed",
            "use_gpu"
          ],
          "cpu_reference_device": "cpu",
          "seed": 2027
        },
        "initial_backbone_sha256": "90c5894f3005b92e1b933923c01c1571d0dad2cfa59859ad1b7e1d117defefcd",
        "initial_common_calibrator_hashes": {
          "decay": "a75637a8945ef6864a98e6e6e14dae0aa7350f41703afe83a0359b8f8832d46f",
          "scan": "a75637a8945ef6864a98e6e6e14dae0aa7350f41703afe83a0359b8f8832d46f"
        },
        "initial_alpha": {},
        "rng_components": {
          "python": "5787394d9138e6948fd95c585f56fc4a977d71c2a79230793d063dbf401fe052",
          "numpy": "df212e165674bb3d15c185f43b7ca8a25e21ec90f701dd8ea648ac748572ed56",
          "cpu": "adf507f29db5fc08c77e3a3c53a626e1ef4b9396de717da688b847cf28da4712",
          "cuda": [],
          "aggregate": "370b22280969c5488a2730c1d4da526a865a19a2201b6649b8a2d76428844b16"
        },
        "optimizer_roundtrip": "PASS"
      },
      {
        "seed": 2027,
        "variant": "shared_tau",
        "parameter_count": 715022,
        "effective_config_check": {
          "status": "PASS",
          "allowed_differences": [
            "checkpoint_dir",
            "device",
            "gpu_id",
            "seed",
            "use_gpu"
          ],
          "cpu_reference_device": "cpu",
          "seed": 2027
        },
        "initial_backbone_sha256": "90c5894f3005b92e1b933923c01c1571d0dad2cfa59859ad1b7e1d117defefcd",
        "initial_common_calibrator_hashes": {
          "decay": "a75637a8945ef6864a98e6e6e14dae0aa7350f41703afe83a0359b8f8832d46f",
          "scan": "a75637a8945ef6864a98e6e6e14dae0aa7350f41703afe83a0359b8f8832d46f"
        },
        "initial_alpha": {
          "decay": {
            "shape": [
              1
            ],
            "values": [
              0.0
            ]
          },
          "scan": {
            "shape": [
              1
            ],
            "values": [
              0.0
            ]
          }
        },
        "rng_components": {
          "python": "5787394d9138e6948fd95c585f56fc4a977d71c2a79230793d063dbf401fe052",
          "numpy": "df212e165674bb3d15c185f43b7ca8a25e21ec90f701dd8ea648ac748572ed56",
          "cpu": "adf507f29db5fc08c77e3a3c53a626e1ef4b9396de717da688b847cf28da4712",
          "cuda": [],
          "aggregate": "370b22280969c5488a2730c1d4da526a865a19a2201b6649b8a2d76428844b16"
        },
        "optimizer_roundtrip": "PASS"
      },
      {
        "seed": 2027,
        "variant": "head_tau",
        "parameter_count": 715024,
        "effective_config_check": {
          "status": "PASS",
          "allowed_differences": [
            "checkpoint_dir",
            "device",
            "gpu_id",
            "seed",
            "use_gpu"
          ],
          "cpu_reference_device": "cpu",
          "seed": 2027
        },
        "initial_backbone_sha256": "90c5894f3005b92e1b933923c01c1571d0dad2cfa59859ad1b7e1d117defefcd",
        "initial_common_calibrator_hashes": {
          "decay": "a75637a8945ef6864a98e6e6e14dae0aa7350f41703afe83a0359b8f8832d46f",
          "scan": "a75637a8945ef6864a98e6e6e14dae0aa7350f41703afe83a0359b8f8832d46f"
        },
        "initial_alpha": {
          "decay": {
            "shape": [
              2
            ],
            "values": [
              0.0,
              0.0
            ]
          },
          "scan": {
            "shape": [
              2
            ],
            "values": [
              0.0,
              0.0
            ]
          }
        },
        "rng_components": {
          "python": "5787394d9138e6948fd95c585f56fc4a977d71c2a79230793d063dbf401fe052",
          "numpy": "df212e165674bb3d15c185f43b7ca8a25e21ec90f701dd8ea648ac748572ed56",
          "cpu": "adf507f29db5fc08c77e3a3c53a626e1ef4b9396de717da688b847cf28da4712",
          "cuda": [],
          "aggregate": "370b22280969c5488a2730c1d4da526a865a19a2201b6649b8a2d76428844b16"
        },
        "optimizer_roundtrip": "PASS"
      },
      {
        "seed": 2028,
        "variant": "fixed",
        "parameter_count": 715020,
        "effective_config_check": {
          "status": "PASS",
          "allowed_differences": [
            "checkpoint_dir",
            "device",
            "gpu_id",
            "seed",
            "use_gpu"
          ],
          "cpu_reference_device": "cpu",
          "seed": 2028
        },
        "initial_backbone_sha256": "efb33df0638ca5ddff21444372eca4e1e25ba0fdda91d1de0ca72f2475fa293a",
        "initial_common_calibrator_hashes": {
          "decay": "0f82cc3b545e36ce16a86f6ef2ad0f9658c19f16b2d2709eebd0e41d957dfbbe",
          "scan": "0f82cc3b545e36ce16a86f6ef2ad0f9658c19f16b2d2709eebd0e41d957dfbbe"
        },
        "initial_alpha": {},
        "rng_components": {
          "python": "666f9899a07ec97547637446848cc68954290ccb440d72d89b923bba4c3d9639",
          "numpy": "f29b2c24b7fbd0f968313a6ae9a5dfe0902a66c2362ccb15493f335b091db1db",
          "cpu": "ac066da1c8958431f2b9c2d51bd4a225a3134cad9596b7346c1dc843ebd58104",
          "cuda": [],
          "aggregate": "60778fe89794352735b23dc178fca3c22f8839a4eab2d5a1531726cfc3fdea50"
        },
        "optimizer_roundtrip": "PASS"
      },
      {
        "seed": 2028,
        "variant": "shared_tau",
        "parameter_count": 715022,
        "effective_config_check": {
          "status": "PASS",
          "allowed_differences": [
            "checkpoint_dir",
            "device",
            "gpu_id",
            "seed",
            "use_gpu"
          ],
          "cpu_reference_device": "cpu",
          "seed": 2028
        },
        "initial_backbone_sha256": "efb33df0638ca5ddff21444372eca4e1e25ba0fdda91d1de0ca72f2475fa293a",
        "initial_common_calibrator_hashes": {
          "decay": "0f82cc3b545e36ce16a86f6ef2ad0f9658c19f16b2d2709eebd0e41d957dfbbe",
          "scan": "0f82cc3b545e36ce16a86f6ef2ad0f9658c19f16b2d2709eebd0e41d957dfbbe"
        },
        "initial_alpha": {
          "decay": {
            "shape": [
              1
            ],
            "values": [
              0.0
            ]
          },
          "scan": {
            "shape": [
              1
            ],
            "values": [
              0.0
            ]
          }
        },
        "rng_components": {
          "python": "666f9899a07ec97547637446848cc68954290ccb440d72d89b923bba4c3d9639",
          "numpy": "f29b2c24b7fbd0f968313a6ae9a5dfe0902a66c2362ccb15493f335b091db1db",
          "cpu": "ac066da1c8958431f2b9c2d51bd4a225a3134cad9596b7346c1dc843ebd58104",
          "cuda": [],
          "aggregate": "60778fe89794352735b23dc178fca3c22f8839a4eab2d5a1531726cfc3fdea50"
        },
        "optimizer_roundtrip": "PASS"
      },
      {
        "seed": 2028,
        "variant": "head_tau",
        "parameter_count": 715024,
        "effective_config_check": {
          "status": "PASS",
          "allowed_differences": [
            "checkpoint_dir",
            "device",
            "gpu_id",
            "seed",
            "use_gpu"
          ],
          "cpu_reference_device": "cpu",
          "seed": 2028
        },
        "initial_backbone_sha256": "efb33df0638ca5ddff21444372eca4e1e25ba0fdda91d1de0ca72f2475fa293a",
        "initial_common_calibrator_hashes": {
          "decay": "0f82cc3b545e36ce16a86f6ef2ad0f9658c19f16b2d2709eebd0e41d957dfbbe",
          "scan": "0f82cc3b545e36ce16a86f6ef2ad0f9658c19f16b2d2709eebd0e41d957dfbbe"
        },
        "initial_alpha": {
          "decay": {
            "shape": [
              2
            ],
            "values": [
              0.0,
              0.0
            ]
          },
          "scan": {
            "shape": [
              2
            ],
            "values": [
              0.0,
              0.0
            ]
          }
        },
        "rng_components": {
          "python": "666f9899a07ec97547637446848cc68954290ccb440d72d89b923bba4c3d9639",
          "numpy": "f29b2c24b7fbd0f968313a6ae9a5dfe0902a66c2362ccb15493f335b091db1db",
          "cpu": "ac066da1c8958431f2b9c2d51bd4a225a3134cad9596b7346c1dc843ebd58104",
          "cuda": [],
          "aggregate": "60778fe89794352735b23dc178fca3c22f8839a4eab2d5a1531726cfc3fdea50"
        },
        "optimizer_roundtrip": "PASS"
      },
      {
        "seed": 2029,
        "variant": "fixed",
        "parameter_count": 715020,
        "effective_config_check": {
          "status": "PASS",
          "allowed_differences": [
            "checkpoint_dir",
            "device",
            "gpu_id",
            "seed",
            "use_gpu"
          ],
          "cpu_reference_device": "cpu",
          "seed": 2029
        },
        "initial_backbone_sha256": "27f3e6ddd7c9a3fade3826cb899549c047a5cf8c5207c69f5d782541890749fc",
        "initial_common_calibrator_hashes": {
          "decay": "d4130d42649844f843e5e4e2e40b6f1e2a2b0ecf9235adfd65f389e3ebffb4bf",
          "scan": "d4130d42649844f843e5e4e2e40b6f1e2a2b0ecf9235adfd65f389e3ebffb4bf"
        },
        "initial_alpha": {},
        "rng_components": {
          "python": "69b0ec366a8cb2b0780dadd29cd925d6bb994d2ab4237a29e6de6ce196f54b41",
          "numpy": "956a83ad82eea44c524f986cb8057dfd476d91bf1b89353b2682de7045948c85",
          "cpu": "14fd8154855d3bde88fac9675501a433d03d556c1f4e61ca49390dde359a0f8b",
          "cuda": [],
          "aggregate": "638a71705f7d0ad8e285cc1f9f4a369ca7506a3e0da87c05a23e1a5b7f2becf2"
        },
        "optimizer_roundtrip": "PASS"
      },
      {
        "seed": 2029,
        "variant": "shared_tau",
        "parameter_count": 715022,
        "effective_config_check": {
          "status": "PASS",
          "allowed_differences": [
            "checkpoint_dir",
            "device",
            "gpu_id",
            "seed",
            "use_gpu"
          ],
          "cpu_reference_device": "cpu",
          "seed": 2029
        },
        "initial_backbone_sha256": "27f3e6ddd7c9a3fade3826cb899549c047a5cf8c5207c69f5d782541890749fc",
        "initial_common_calibrator_hashes": {
          "decay": "d4130d42649844f843e5e4e2e40b6f1e2a2b0ecf9235adfd65f389e3ebffb4bf",
          "scan": "d4130d42649844f843e5e4e2e40b6f1e2a2b0ecf9235adfd65f389e3ebffb4bf"
        },
        "initial_alpha": {
          "decay": {
            "shape": [
              1
            ],
            "values": [
              0.0
            ]
          },
          "scan": {
            "shape": [
              1
            ],
            "values": [
              0.0
            ]
          }
        },
        "rng_components": {
          "python": "69b0ec366a8cb2b0780dadd29cd925d6bb994d2ab4237a29e6de6ce196f54b41",
          "numpy": "956a83ad82eea44c524f986cb8057dfd476d91bf1b89353b2682de7045948c85",
          "cpu": "14fd8154855d3bde88fac9675501a433d03d556c1f4e61ca49390dde359a0f8b",
          "cuda": [],
          "aggregate": "638a71705f7d0ad8e285cc1f9f4a369ca7506a3e0da87c05a23e1a5b7f2becf2"
        },
        "optimizer_roundtrip": "PASS"
      },
      {
        "seed": 2029,
        "variant": "head_tau",
        "parameter_count": 715024,
        "effective_config_check": {
          "status": "PASS",
          "allowed_differences": [
            "checkpoint_dir",
            "device",
            "gpu_id",
            "seed",
            "use_gpu"
          ],
          "cpu_reference_device": "cpu",
          "seed": 2029
        },
        "initial_backbone_sha256": "27f3e6ddd7c9a3fade3826cb899549c047a5cf8c5207c69f5d782541890749fc",
        "initial_common_calibrator_hashes": {
          "decay": "d4130d42649844f843e5e4e2e40b6f1e2a2b0ecf9235adfd65f389e3ebffb4bf",
          "scan": "d4130d42649844f843e5e4e2e40b6f1e2a2b0ecf9235adfd65f389e3ebffb4bf"
        },
        "initial_alpha": {
          "decay": {
            "shape": [
              2
            ],
            "values": [
              0.0,
              0.0
            ]
          },
          "scan": {
            "shape": [
              2
            ],
            "values": [
              0.0,
              0.0
            ]
          }
        },
        "rng_components": {
          "python": "69b0ec366a8cb2b0780dadd29cd925d6bb994d2ab4237a29e6de6ce196f54b41",
          "numpy": "956a83ad82eea44c524f986cb8057dfd476d91bf1b89353b2682de7045948c85",
          "cpu": "14fd8154855d3bde88fac9675501a433d03d556c1f4e61ca49390dde359a0f8b",
          "cuda": [],
          "aggregate": "638a71705f7d0ad8e285cc1f9f4a369ca7506a3e0da87c05a23e1a5b7f2becf2"
        },
        "optimizer_roundtrip": "PASS"
      },
      {
        "seed": 2030,
        "variant": "fixed",
        "parameter_count": 715020,
        "effective_config_check": {
          "status": "PASS",
          "allowed_differences": [
            "checkpoint_dir",
            "device",
            "gpu_id",
            "seed",
            "use_gpu"
          ],
          "cpu_reference_device": "cpu",
          "seed": 2030
        },
        "initial_backbone_sha256": "cb424bb5482f8787c085e200a711b38276e3b59f34c7f2aa0e796e77dc113331",
        "initial_common_calibrator_hashes": {
          "decay": "aecc265d9cacaffa90418fd1a03c88798a20bdca936399ed2819882461fd9d31",
          "scan": "aecc265d9cacaffa90418fd1a03c88798a20bdca936399ed2819882461fd9d31"
        },
        "initial_alpha": {},
        "rng_components": {
          "python": "addd46575377cd55f505843464e4293331d414532535876c6e9d9dca259e052a",
          "numpy": "dfc7cba639b2669a22976701631a88fd9a38912e81e561d147bb5246aa770263",
          "cpu": "fb113b8159ea395ae6ce2bbf4900e8e37f569ca36aaa7f3c725ce80cc89f38d0",
          "cuda": [],
          "aggregate": "5d587763556f14a346e9cbb6a842afda4369a9fc692c0adbfe4a9e345c8a75ab"
        },
        "optimizer_roundtrip": "PASS"
      },
      {
        "seed": 2030,
        "variant": "shared_tau",
        "parameter_count": 715022,
        "effective_config_check": {
          "status": "PASS",
          "allowed_differences": [
            "checkpoint_dir",
            "device",
            "gpu_id",
            "seed",
            "use_gpu"
          ],
          "cpu_reference_device": "cpu",
          "seed": 2030
        },
        "initial_backbone_sha256": "cb424bb5482f8787c085e200a711b38276e3b59f34c7f2aa0e796e77dc113331",
        "initial_common_calibrator_hashes": {
          "decay": "aecc265d9cacaffa90418fd1a03c88798a20bdca936399ed2819882461fd9d31",
          "scan": "aecc265d9cacaffa90418fd1a03c88798a20bdca936399ed2819882461fd9d31"
        },
        "initial_alpha": {
          "decay": {
            "shape": [
              1
            ],
            "values": [
              0.0
            ]
          },
          "scan": {
            "shape": [
              1
            ],
            "values": [
              0.0
            ]
          }
        },
        "rng_components": {
          "python": "addd46575377cd55f505843464e4293331d414532535876c6e9d9dca259e052a",
          "numpy": "dfc7cba639b2669a22976701631a88fd9a38912e81e561d147bb5246aa770263",
          "cpu": "fb113b8159ea395ae6ce2bbf4900e8e37f569ca36aaa7f3c725ce80cc89f38d0",
          "cuda": [],
          "aggregate": "5d587763556f14a346e9cbb6a842afda4369a9fc692c0adbfe4a9e345c8a75ab"
        },
        "optimizer_roundtrip": "PASS"
      },
      {
        "seed": 2030,
        "variant": "head_tau",
        "parameter_count": 715024,
        "effective_config_check": {
          "status": "PASS",
          "allowed_differences": [
            "checkpoint_dir",
            "device",
            "gpu_id",
            "seed",
            "use_gpu"
          ],
          "cpu_reference_device": "cpu",
          "seed": 2030
        },
        "initial_backbone_sha256": "cb424bb5482f8787c085e200a711b38276e3b59f34c7f2aa0e796e77dc113331",
        "initial_common_calibrator_hashes": {
          "decay": "aecc265d9cacaffa90418fd1a03c88798a20bdca936399ed2819882461fd9d31",
          "scan": "aecc265d9cacaffa90418fd1a03c88798a20bdca936399ed2819882461fd9d31"
        },
        "initial_alpha": {
          "decay": {
            "shape": [
              2
            ],
            "values": [
              0.0,
              0.0
            ]
          },
          "scan": {
            "shape": [
              2
            ],
            "values": [
              0.0,
              0.0
            ]
          }
        },
        "rng_components": {
          "python": "addd46575377cd55f505843464e4293331d414532535876c6e9d9dca259e052a",
          "numpy": "dfc7cba639b2669a22976701631a88fd9a38912e81e561d147bb5246aa770263",
          "cpu": "fb113b8159ea395ae6ce2bbf4900e8e37f569ca36aaa7f3c725ce80cc89f38d0",
          "cuda": [],
          "aggregate": "5d587763556f14a346e9cbb6a842afda4369a9fc692c0adbfe4a9e345c8a75ab"
        },
        "optimizer_roundtrip": "PASS"
      }
    ],
    "model_forward_calls": 0,
    "scientific_fits": 0
  },
  "runtime": {
    "torch": "2.9.1+cu128",
    "recbole": "1.2.0",
    "mamba_ssm": "2.3.2.post1",
    "triton": "3.5.1",
    "numpy": "1.26.4",
    "tilelang": "0.1.8",
    "apache_tvm_ffi": "0.1.9",
    "pinned_commit": "e9594ce1c732d97440f0332fdc43170a2294dbfa",
    "upstream_manifest_sha256": "5c9097700345808fcfc2846dd4ccc8adc6b087ea681f2c0d22366c090f21f844",
    "cuda": "12.8",
    "gpu": null,
    "imported_sources": {
      "experiments.mamba3_head_timescales": "experiments/mamba3_head_timescales/__init__.py",
      "experiments.mamba3_head_timescales.confirmation": "experiments/mamba3_head_timescales/confirmation/__init__.py",
      "experiments.mamba3_mimo_time": "experiments/mamba3_mimo_time/__init__.py",
      "experiments.mamba3_mimo_time.records": "experiments/mamba3_mimo_time/records.py",
      "experiments.mamba3_mimo_time.confirmation": "experiments/mamba3_mimo_time/confirmation/__init__.py",
      "experiments.mamba3_mimo_time.confirmation.records": "experiments/mamba3_mimo_time/confirmation/records.py",
      "experiments.mamba3_mimo_time.confirmation.config": "experiments/mamba3_mimo_time/confirmation/config.py",
      "experiments.mamba3_head_timescales.config": "experiments/mamba3_head_timescales/config.py",
      "experiments.mamba3_head_timescales.confirmation.config": "experiments/mamba3_head_timescales/confirmation/config.py",
      "experiments.mamba3_mimo_time.confirmation.provenance": "experiments/mamba3_mimo_time/confirmation/provenance.py",
      "experiments.mamba3_head_timescales.confirmation.provenance": "experiments/mamba3_head_timescales/confirmation/provenance.py",
      "experiments.mamba3_head_timescales.retry": "experiments/mamba3_head_timescales/retry.py",
      "experiments.mamba3_head_timescales.provenance": "experiments/mamba3_head_timescales/provenance.py",
      "experiments.mamba3_time_mechanisms.provenance": "experiments/mamba3_time_mechanisms/provenance.py",
      "experiments.mamba3_mimo_time.config": "experiments/mamba3_mimo_time/config.py",
      "experiments.mamba3_timeaware.config": "experiments/mamba3_timeaware/config.py",
      "experiments.mamba3_time_confirmation.config": "experiments/mamba3_time_confirmation/config.py",
      "experiments.mamba3_time_confirmation.provenance": "experiments/mamba3_time_confirmation/provenance.py",
      "experiments.mamba3_context_time.config": "experiments/mamba3_context_time/config.py",
      "experiments.mamba3_context_time.provenance": "experiments/mamba3_context_time/provenance.py",
      "experiments.mamba3_three_time": "experiments/mamba3_three_time/__init__.py",
      "experiments.mamba3_three_time.confirmation": "experiments/mamba3_three_time/confirmation/__init__.py",
      "experiments.mamba3_three_time.confirmation.state": "experiments/mamba3_three_time/confirmation/state.py",
      "experiments.mamba3_head_timescales.state": "experiments/mamba3_head_timescales/state.py",
      "experiments.mamba3_head_timescales.confirmation.state": "experiments/mamba3_head_timescales/confirmation/state.py",
      "experiments.mamba3_mimo_time.provenance": "experiments/mamba3_mimo_time/provenance.py",
      "experiments.mamba3_head_timescales.confirmation.runner": "experiments/mamba3_head_timescales/confirmation/runner.py",
      "experiments.mamba3_head_timescales.confirmation.handoff": "experiments/mamba3_head_timescales/confirmation/handoff.py",
      "experiments.mamba3_head_timescales.process_env": "experiments/mamba3_head_timescales/process_env.py",
      "experiments.mamba3_mimo_time.process_env": "experiments/mamba3_mimo_time/process_env.py",
      "experiments.mamba3_head_timescales.confirmation.pipeline": "experiments/mamba3_head_timescales/confirmation/pipeline.py",
      "experiments.mamba3_head_timescales.confirmation.report": "experiments/mamba3_head_timescales/confirmation/report.py",
      "experiments.mamba3_head_timescales.confirmation.submit": "experiments/mamba3_head_timescales/confirmation/submit.py",
      "experiments.mamba3_head_timescales.confirmation.continuation": "experiments/mamba3_head_timescales/confirmation/continuation.py",
      "experiments.mamba3_head_timescales.progress": "experiments/mamba3_head_timescales/progress.py",
      "experiments.mamba3_baseline.model": "experiments/mamba3_baseline/model.py",
      "experiments.mamba3_timeaware.time_inputs": "experiments/mamba3_timeaware/time_inputs.py",
      "experiments.mamba3_timeaware.time_mamba3": "experiments/mamba3_timeaware/time_mamba3.py",
      "experiments.mamba3_timeaware.model": "experiments/mamba3_timeaware/model.py",
      "experiments.mamba3_three_time.calibrators": "experiments/mamba3_three_time/calibrators.py",
      "experiments.mamba3_three_time.backends": "experiments/mamba3_three_time/backends.py",
      "experiments.mamba3_three_time.kernels": "experiments/mamba3_three_time/kernels.py",
      "experiments.mamba3_three_time.mixer": "experiments/mamba3_three_time/mixer.py",
      "experiments.mamba3_three_time.model": "experiments/mamba3_three_time/model.py",
      "experiments.mamba3_three_time.config": "experiments/mamba3_three_time/config.py",
      "experiments.mamba3_head_timescales.calibrator": "experiments/mamba3_head_timescales/calibrator.py",
      "experiments.mamba3_head_timescales.model": "experiments/mamba3_head_timescales/model.py",
      "experiments.mamba3_three_time.provenance": "experiments/mamba3_three_time/provenance.py"
    }
  },
  "imported_sources": {
    "experiments.mamba3_head_timescales": "experiments/mamba3_head_timescales/__init__.py",
    "experiments.mamba3_head_timescales.confirmation": "experiments/mamba3_head_timescales/confirmation/__init__.py",
    "experiments.mamba3_mimo_time": "experiments/mamba3_mimo_time/__init__.py",
    "experiments.mamba3_mimo_time.records": "experiments/mamba3_mimo_time/records.py",
    "experiments.mamba3_mimo_time.confirmation": "experiments/mamba3_mimo_time/confirmation/__init__.py",
    "experiments.mamba3_mimo_time.confirmation.records": "experiments/mamba3_mimo_time/confirmation/records.py",
    "experiments.mamba3_mimo_time.confirmation.config": "experiments/mamba3_mimo_time/confirmation/config.py",
    "experiments.mamba3_head_timescales.config": "experiments/mamba3_head_timescales/config.py",
    "experiments.mamba3_head_timescales.confirmation.config": "experiments/mamba3_head_timescales/confirmation/config.py",
    "experiments.mamba3_mimo_time.confirmation.provenance": "experiments/mamba3_mimo_time/confirmation/provenance.py",
    "experiments.mamba3_head_timescales.confirmation.provenance": "experiments/mamba3_head_timescales/confirmation/provenance.py",
    "experiments.mamba3_head_timescales.retry": "experiments/mamba3_head_timescales/retry.py",
    "experiments.mamba3_head_timescales.provenance": "experiments/mamba3_head_timescales/provenance.py",
    "experiments.mamba3_time_mechanisms.provenance": "experiments/mamba3_time_mechanisms/provenance.py",
    "experiments.mamba3_mimo_time.config": "experiments/mamba3_mimo_time/config.py",
    "experiments.mamba3_timeaware.config": "experiments/mamba3_timeaware/config.py",
    "experiments.mamba3_time_confirmation.config": "experiments/mamba3_time_confirmation/config.py",
    "experiments.mamba3_time_confirmation.provenance": "experiments/mamba3_time_confirmation/provenance.py",
    "experiments.mamba3_context_time.config": "experiments/mamba3_context_time/config.py",
    "experiments.mamba3_context_time.provenance": "experiments/mamba3_context_time/provenance.py",
    "experiments.mamba3_three_time": "experiments/mamba3_three_time/__init__.py",
    "experiments.mamba3_three_time.confirmation": "experiments/mamba3_three_time/confirmation/__init__.py",
    "experiments.mamba3_three_time.confirmation.state": "experiments/mamba3_three_time/confirmation/state.py",
    "experiments.mamba3_head_timescales.state": "experiments/mamba3_head_timescales/state.py",
    "experiments.mamba3_head_timescales.confirmation.state": "experiments/mamba3_head_timescales/confirmation/state.py",
    "experiments.mamba3_mimo_time.provenance": "experiments/mamba3_mimo_time/provenance.py",
    "experiments.mamba3_head_timescales.confirmation.runner": "experiments/mamba3_head_timescales/confirmation/runner.py",
    "experiments.mamba3_head_timescales.confirmation.handoff": "experiments/mamba3_head_timescales/confirmation/handoff.py",
    "experiments.mamba3_head_timescales.process_env": "experiments/mamba3_head_timescales/process_env.py",
    "experiments.mamba3_mimo_time.process_env": "experiments/mamba3_mimo_time/process_env.py",
    "experiments.mamba3_head_timescales.confirmation.pipeline": "experiments/mamba3_head_timescales/confirmation/pipeline.py",
    "experiments.mamba3_head_timescales.confirmation.report": "experiments/mamba3_head_timescales/confirmation/report.py",
    "experiments.mamba3_head_timescales.confirmation.submit": "experiments/mamba3_head_timescales/confirmation/submit.py",
    "experiments.mamba3_head_timescales.confirmation.continuation": "experiments/mamba3_head_timescales/confirmation/continuation.py",
    "experiments.mamba3_head_timescales.progress": "experiments/mamba3_head_timescales/progress.py",
    "experiments.mamba3_baseline.model": "experiments/mamba3_baseline/model.py",
    "experiments.mamba3_timeaware.time_inputs": "experiments/mamba3_timeaware/time_inputs.py",
    "experiments.mamba3_timeaware.time_mamba3": "experiments/mamba3_timeaware/time_mamba3.py",
    "experiments.mamba3_timeaware.model": "experiments/mamba3_timeaware/model.py",
    "experiments.mamba3_three_time.calibrators": "experiments/mamba3_three_time/calibrators.py",
    "experiments.mamba3_three_time.backends": "experiments/mamba3_three_time/backends.py",
    "experiments.mamba3_three_time.kernels": "experiments/mamba3_three_time/kernels.py",
    "experiments.mamba3_three_time.mixer": "experiments/mamba3_three_time/mixer.py",
    "experiments.mamba3_three_time.model": "experiments/mamba3_three_time/model.py",
    "experiments.mamba3_three_time.config": "experiments/mamba3_three_time/config.py",
    "experiments.mamba3_head_timescales.calibrator": "experiments/mamba3_head_timescales/calibrator.py",
    "experiments.mamba3_head_timescales.model": "experiments/mamba3_head_timescales/model.py",
    "experiments.mamba3_three_time.provenance": "experiments/mamba3_three_time/provenance.py"
  },
  "cuda_initialized": false,
  "cuda_mask": "",
  "finished_at": "2026-09-30T11:25:23.671726+00:00"
}
